__AUTOMETRIC__|0.1.2|17836|crew_log_351a43342375f2fe|0|1786318907.769|95.322|5.958|169721856|195072000|compiled_brms_models_217bc4bf516b072f|__AUTOMETRIC__
__AUTOMETRIC__|0.1.2|17836|crew_log_351a43342375f2fe|0|1786318908.781|91.134|5.696|176357376|201236480|compiled_brms_models_217bc4bf516b072f|__AUTOMETRIC__
__AUTOMETRIC__|0.1.2|17836|crew_log_351a43342375f2fe|0|1786318909.797|93.830|5.864|238342144|263290880|compiled_brms_models_217bc4bf516b072f|__AUTOMETRIC__
__AUTOMETRIC__|0.1.2|17836|crew_log_351a43342375f2fe|0|1786318910.803|97.797|6.112|255549440|280305664|compiled_brms_models_217bc4bf516b072f|__AUTOMETRIC__
__AUTOMETRIC__|0.1.2|17836|crew_log_351a43342375f2fe|0|1786318911.805|101.376|6.336|392421376|423993344|compiled_brms_models_217bc4bf516b072f|__AUTOMETRIC__
__AUTOMETRIC__|0.1.2|17836|crew_log_351a43342375f2fe|0|1786318912.812|94.668|5.917|418910208|449404928|compiled_brms_models_217bc4bf516b072f|__AUTOMETRIC__
__AUTOMETRIC__|0.1.2|17836|crew_log_351a43342375f2fe|0|1786318913.825|98.709|6.169|434155520|460353536|compiled_brms_models_217bc4bf516b072f|__AUTOMETRIC__
__AUTOMETRIC__|0.1.2|17836|crew_log_351a43342375f2fe|0|1786318914.829|130.773|8.173|483504128|502632448|compiled_brms_models_217bc4bf516b072f|__AUTOMETRIC__
__AUTOMETRIC__|0.1.2|17836|crew_log_351a43342375f2fe|0|1786318915.843|138.562|8.660|511684608|529944576|compiled_brms_models_217bc4bf516b072f|__AUTOMETRIC__
__AUTOMETRIC__|0.1.2|17836|crew_log_351a43342375f2fe|0|1786318916.854|98.932|6.183|541212672|559243264|compiled_brms_models_217bc4bf516b072f|__AUTOMETRIC__
__AUTOMETRIC__|0.1.2|17836|crew_log_351a43342375f2fe|0|1786319088.153|12.350|0.772|440340480|554213376|compiled_brms_models_217bc4bf516b072f|__AUTOMETRIC__
__AUTOMETRIC__|0.1.2|17836|crew_log_351a43342375f2fe|0|1786319089.168|81.529|5.096|481386496|584654848|compiled_brms_models_217bc4bf516b072f|__AUTOMETRIC__
__AUTOMETRIC__|0.1.2|17836|crew_log_351a43342375f2fe|0|1786319090.169|99.927|6.245|595050496|680681472|compiled_brms_models_217bc4bf516b072f|__AUTOMETRIC__
__AUTOMETRIC__|0.1.2|17836|crew_log_351a43342375f2fe|0|1786319091.171|88.867|5.554|613474304|659836928|compiled_brms_models_27567e208f5dea80|__AUTOMETRIC__
__AUTOMETRIC__|0.1.2|17836|crew_log_351a43342375f2fe|0|1786319092.187|93.880|5.867|647544832|693731328|compiled_brms_models_27567e208f5dea80|__AUTOMETRIC__
__AUTOMETRIC__|0.1.2|17836|crew_log_351a43342375f2fe|0|1786319093.200|121.821|7.614|640581632|686604288|compiled_brms_models_27567e208f5dea80|__AUTOMETRIC__
__AUTOMETRIC__|0.1.2|17836|crew_log_351a43342375f2fe|0|1786319191.010|13.865|0.867|624357376|689606656|compiled_brms_models_27567e208f5dea80|__AUTOMETRIC__
__AUTOMETRIC__|0.1.2|17836|crew_log_351a43342375f2fe|0|1786319192.023|97.203|6.075|628019200|692326400|compiled_brms_models_27567e208f5dea80|__AUTOMETRIC__
__AUTOMETRIC__|0.1.2|17836|crew_log_351a43342375f2fe|0|1786319193.031|92.967|5.810|658210816|722681856|compiled_brms_models_1d1beded7b4eb8f4|__AUTOMETRIC__
__AUTOMETRIC__|0.1.2|17836|crew_log_351a43342375f2fe|0|1786319194.046|100.106|6.257|643473408|707604480|compiled_brms_models_1d1beded7b4eb8f4|__AUTOMETRIC__
