__AUTOMETRIC__|0.1.2|2440447|crew_log_04fb2ea574f29a3f|0|1786907057.203|89.984|2.812|202354688|1857921024|sim_data_cd4d4259bd169f97|__AUTOMETRIC__
__AUTOMETRIC__|0.1.2|2440447|crew_log_04fb2ea574f29a3f|0|1786907058.205|23.960|0.749|214937600|1870368768|sim_data_cd4d4259bd169f97|__AUTOMETRIC__
__AUTOMETRIC__|0.1.2|2440447|crew_log_04fb2ea574f29a3f|0|1786907059.207|0.000|0.000|214937600|1870368768|sim_data_cd4d4259bd169f97|__AUTOMETRIC__
__AUTOMETRIC__|0.1.2|2440447|crew_log_04fb2ea574f29a3f|0|1786907060.208|0.998|0.031|214937600|1870368768|sim_data_cd4d4259bd169f97|__AUTOMETRIC__
__AUTOMETRIC__|0.1.2|2440447|crew_log_04fb2ea574f29a3f|0|1786907061.210|0.000|0.000|214937600|1870368768|sim_data_cd4d4259bd169f97|__AUTOMETRIC__
__AUTOMETRIC__|0.1.2|2440447|crew_log_04fb2ea574f29a3f|0|1786907062.211|0.000|0.000|214937600|1870368768|sim_data_cd4d4259bd169f97|__AUTOMETRIC__
__AUTOMETRIC__|0.1.2|2440447|crew_log_04fb2ea574f29a3f|0|1786907063.213|0.000|0.000|214937600|1870368768|sim_data_cd4d4259bd169f97|__AUTOMETRIC__
__AUTOMETRIC__|0.1.2|2440447|crew_log_04fb2ea574f29a3f|0|1786907064.214|0.998|0.031|214937600|1870368768|sim_data_cd4d4259bd169f97|__AUTOMETRIC__
__AUTOMETRIC__|0.1.2|2440447|crew_log_04fb2ea574f29a3f|0|1786907065.216|0.000|0.000|214937600|1870368768|sim_data_cd4d4259bd169f97|__AUTOMETRIC__
__AUTOMETRIC__|0.1.2|2440447|crew_log_04fb2ea574f29a3f|0|1786907066.217|0.998|0.031|214937600|1870368768|sim_data_cd4d4259bd169f97|__AUTOMETRIC__
__AUTOMETRIC__|0.1.2|2440447|crew_log_04fb2ea574f29a3f|0|1786907067.219|0.000|0.000|214937600|1870368768|sim_data_cd4d4259bd169f97|__AUTOMETRIC__
__AUTOMETRIC__|0.1.2|2440447|crew_log_04fb2ea574f29a3f|0|1786907068.221|68.897|2.153|254271488|1911300096|sim_data_cd4d4259bd169f97|__AUTOMETRIC__
__AUTOMETRIC__|0.1.2|2440447|crew_log_04fb2ea574f29a3f|0|1786907069.222|94.847|2.964|374333440|2038312960|sim_data_cd4d4259bd169f97|__AUTOMETRIC__
__AUTOMETRIC__|0.1.2|2440447|crew_log_04fb2ea574f29a3f|0|1786907070.224|99.853|3.120|480239616|2144874496|sim_data_cd4d4259bd169f97|__AUTOMETRIC__
__AUTOMETRIC__|0.1.2|2440447|crew_log_04fb2ea574f29a3f|0|1786907071.225|98.820|3.088|615768064|2280464384|sim_data_cd4d4259bd169f97|__AUTOMETRIC__
__AUTOMETRIC__|0.1.2|2440447|crew_log_04fb2ea574f29a3f|0|1786907072.228|99.780|3.118|803725312|2468364288|sim_data_cd4d4259bd169f97|__AUTOMETRIC__
__AUTOMETRIC__|0.1.2|2440447|crew_log_04fb2ea574f29a3f|0|1786907073.229|99.879|3.121|945807360|2610335744|sim_data_cd4d4259bd169f97|__AUTOMETRIC__
__AUTOMETRIC__|0.1.2|2440447|crew_log_04fb2ea574f29a3f|0|1786907074.230|96.881|3.028|1172561920|2837098496|sim_data_cd4d4259bd169f97|__AUTOMETRIC__
__AUTOMETRIC__|0.1.2|2440447|crew_log_04fb2ea574f29a3f|0|1786907075.231|99.888|3.122|1335615488|3000160256|sim_data_cd4d4259bd169f97|__AUTOMETRIC__
__AUTOMETRIC__|0.1.2|2440447|crew_log_04fb2ea574f29a3f|0|1786907076.232|98.871|3.090|1439162368|3103879168|sim_data_cd4d4259bd169f97|__AUTOMETRIC__
__AUTOMETRIC__|0.1.2|2440447|crew_log_04fb2ea574f29a3f|0|1786907077.235|100.786|3.150|1761599488|3426250752|sim_data_cd4d4259bd169f97|__AUTOMETRIC__
__AUTOMETRIC__|0.1.2|2440447|crew_log_04fb2ea574f29a3f|0|1786907078.236|99.876|3.121|1761599488|3426250752|sim_data_cd4d4259bd169f97|__AUTOMETRIC__
__AUTOMETRIC__|0.1.2|2440447|crew_log_04fb2ea574f29a3f|0|1786907079.237|98.847|3.089|2117328896|3781758976|sim_data_cd4d4259bd169f97|__AUTOMETRIC__
__AUTOMETRIC__|0.1.2|2440447|crew_log_04fb2ea574f29a3f|0|1786907080.239|99.862|3.121|2148524032|3813171200|sim_data_cd4d4259bd169f97|__AUTOMETRIC__
__AUTOMETRIC__|0.1.2|2440447|crew_log_04fb2ea574f29a3f|0|1786907081.240|99.847|3.120|2365841408|4030332928|sim_data_cd4d4259bd169f97|__AUTOMETRIC__
__AUTOMETRIC__|0.1.2|2440447|crew_log_04fb2ea574f29a3f|0|1786907082.242|98.852|3.089|2612781056|4277325824|sim_data_cd4d4259bd169f97|__AUTOMETRIC__
__AUTOMETRIC__|0.1.2|2440447|crew_log_04fb2ea574f29a3f|0|1786907083.243|99.840|3.120|2612781056|4277325824|sim_data_cd4d4259bd169f97|__AUTOMETRIC__
__AUTOMETRIC__|0.1.2|2440447|crew_log_04fb2ea574f29a3f|0|1786907084.245|99.850|3.120|2934431744|4599005184|sim_data_cd4d4259bd169f97|__AUTOMETRIC__
__AUTOMETRIC__|0.1.2|2440447|crew_log_04fb2ea574f29a3f|0|1786907085.246|99.867|3.121|3169837056|4834471936|sim_data_cd4d4259bd169f97|__AUTOMETRIC__
