__AUTOMETRIC__|0.1.2|2155241|crew_log_7f402066d4678825|0|1786749436.350|62.993|0.328|209211392|2960936960|sim_data_aaf7239b1c98d314|__AUTOMETRIC__
__AUTOMETRIC__|0.1.2|2155241|crew_log_7f402066d4678825|0|1786749437.352|0.000|0.000|209211392|2960936960|sim_data_aaf7239b1c98d314|__AUTOMETRIC__
__AUTOMETRIC__|0.1.2|2155241|crew_log_7f402066d4678825|0|1786749438.353|0.000|0.000|209211392|2960936960|sim_data_aaf7239b1c98d314|__AUTOMETRIC__
__AUTOMETRIC__|0.1.2|2155241|crew_log_7f402066d4678825|0|1786749439.355|0.000|0.000|209211392|2960936960|sim_data_aaf7239b1c98d314|__AUTOMETRIC__
__AUTOMETRIC__|0.1.2|2155241|crew_log_7f402066d4678825|0|1786749440.356|0.000|0.000|209211392|2960936960|sim_data_aaf7239b1c98d314|__AUTOMETRIC__
__AUTOMETRIC__|0.1.2|2155241|crew_log_7f402066d4678825|0|1786749441.357|0.000|0.000|209211392|2960936960|sim_data_aaf7239b1c98d314|__AUTOMETRIC__
__AUTOMETRIC__|0.1.2|2155241|crew_log_7f402066d4678825|0|1786749442.358|0.000|0.000|209211392|2960936960|sim_data_aaf7239b1c98d314|__AUTOMETRIC__
__AUTOMETRIC__|0.1.2|2155241|crew_log_7f402066d4678825|0|1786749443.360|0.998|0.005|209211392|2960936960|sim_data_aaf7239b1c98d314|__AUTOMETRIC__
__AUTOMETRIC__|0.1.2|2155241|crew_log_7f402066d4678825|0|1786749444.361|0.000|0.000|209211392|2960936960|sim_data_aaf7239b1c98d314|__AUTOMETRIC__
__AUTOMETRIC__|0.1.2|2155241|crew_log_7f402066d4678825|0|1786749445.362|24.972|0.130|250290176|3002945536|sim_data_aaf7239b1c98d314|__AUTOMETRIC__
__AUTOMETRIC__|0.1.2|2155241|crew_log_7f402066d4678825|0|1786749446.363|93.886|0.489|388927488|3148947456|sim_data_aaf7239b1c98d314|__AUTOMETRIC__
__AUTOMETRIC__|0.1.2|2155241|crew_log_7f402066d4678825|0|1786749447.364|98.881|0.515|598118400|3358683136|sim_data_aaf7239b1c98d314|__AUTOMETRIC__
__AUTOMETRIC__|0.1.2|2155241|crew_log_7f402066d4678825|0|1786749448.366|99.834|0.520|753831936|3514318848|sim_data_aaf7239b1c98d314|__AUTOMETRIC__
__AUTOMETRIC__|0.1.2|2155241|crew_log_7f402066d4678825|0|1786749449.369|98.766|0.514|963022848|3723526144|sim_data_aaf7239b1c98d314|__AUTOMETRIC__
__AUTOMETRIC__|0.1.2|2155241|crew_log_7f402066d4678825|0|1786749450.370|98.884|0.515|1167495168|3927695360|sim_data_aaf7239b1c98d314|__AUTOMETRIC__
__AUTOMETRIC__|0.1.2|2155241|crew_log_7f402066d4678825|0|1786749451.371|98.888|0.515|1434882048|4194459648|sim_data_aaf7239b1c98d314|__AUTOMETRIC__
__AUTOMETRIC__|0.1.2|2155241|crew_log_7f402066d4678825|0|1786749452.372|99.902|0.520|1757319168|4516986880|sim_data_aaf7239b1c98d314|__AUTOMETRIC__
__AUTOMETRIC__|0.1.2|2155241|crew_log_7f402066d4678825|0|1786749453.373|99.886|0.520|1791922176|4552089600|sim_data_aaf7239b1c98d314|__AUTOMETRIC__
__AUTOMETRIC__|0.1.2|2155241|crew_log_7f402066d4678825|0|1786749454.374|98.880|0.515|2142670848|4903772160|sim_data_aaf7239b1c98d314|__AUTOMETRIC__
__AUTOMETRIC__|0.1.2|2155241|crew_log_7f402066d4678825|0|1786749455.375|99.895|0.520|2325123072|5086220288|sim_data_aaf7239b1c98d314|__AUTOMETRIC__
__AUTOMETRIC__|0.1.2|2155241|crew_log_7f402066d4678825|0|1786749456.377|99.817|0.520|2608238592|5367926784|sim_data_aaf7239b1c98d314|__AUTOMETRIC__
__AUTOMETRIC__|0.1.2|2155241|crew_log_7f402066d4678825|0|1786749457.378|99.874|0.520|2690027520|5449932800|sim_data_aaf7239b1c98d314|__AUTOMETRIC__
__AUTOMETRIC__|0.1.2|2155241|crew_log_7f402066d4678825|0|1786749458.380|98.879|0.515|3165032448|5925130240|sim_data_aaf7239b1c98d314|__AUTOMETRIC__
__AUTOMETRIC__|0.1.2|2155241|crew_log_7f402066d4678825|0|1786749459.381|99.889|0.520|3165032448|5925130240|sim_data_aaf7239b1c98d314|__AUTOMETRIC__
__AUTOMETRIC__|0.1.2|2155241|crew_log_7f402066d4678825|0|1786749460.382|99.876|0.520|3539374080|6299295744|sim_data_aaf7239b1c98d314|__AUTOMETRIC__
__AUTOMETRIC__|0.1.2|2155241|crew_log_7f402066d4678825|0|1786749461.383|99.890|0.520|3833499648|6593785856|sim_data_aaf7239b1c98d314|__AUTOMETRIC__
__AUTOMETRIC__|0.1.2|2155241|crew_log_7f402066d4678825|0|1786749462.384|99.888|0.520|3833499648|6593785856|sim_data_aaf7239b1c98d314|__AUTOMETRIC__
__AUTOMETRIC__|0.1.2|2155241|crew_log_7f402066d4678825|0|1786749463.385|98.886|0.515|4138635264|6898384896|sim_data_aaf7239b1c98d314|__AUTOMETRIC__
__AUTOMETRIC__|0.1.2|2155241|crew_log_7f402066d4678825|0|1786749464.386|99.887|0.520|4635660288|7395995648|sim_data_aaf7239b1c98d314|__AUTOMETRIC__
__AUTOMETRIC__|0.1.2|2155241|crew_log_7f402066d4678825|0|1786749465.387|99.893|0.520|4635660288|7395995648|sim_data_aaf7239b1c98d314|__AUTOMETRIC__
__AUTOMETRIC__|0.1.2|2155241|crew_log_7f402066d4678825|0|1786749466.389|99.891|0.520|4635660288|7395995648|sim_data_aaf7239b1c98d314|__AUTOMETRIC__
__AUTOMETRIC__|0.1.2|2155241|crew_log_7f402066d4678825|0|1786749467.390|98.888|0.515|5132685312|7893401600|sim_data_aaf7239b1c98d314|__AUTOMETRIC__
__AUTOMETRIC__|0.1.2|2155241|crew_log_7f402066d4678825|0|1786749468.391|100.887|0.525|5598253056|8358584320|sim_data_aaf7239b1c98d314|__AUTOMETRIC__
__AUTOMETRIC__|0.1.2|2155241|crew_log_7f402066d4678825|0|1786749469.392|98.889|0.515|5598253056|8358584320|sim_data_aaf7239b1c98d314|__AUTOMETRIC__
__AUTOMETRIC__|0.1.2|2155241|crew_log_7f402066d4678825|0|1786749470.393|99.865|0.520|5598253056|8358584320|sim_data_aaf7239b1c98d314|__AUTOMETRIC__
__AUTOMETRIC__|0.1.2|2155241|crew_log_7f402066d4678825|0|1786749471.394|99.881|0.520|6011916288|8772587520|sim_data_aaf7239b1c98d314|__AUTOMETRIC__
__AUTOMETRIC__|0.1.2|2155241|crew_log_7f402066d4678825|0|1786749472.396|98.888|0.515|6694539264|9455157248|sim_data_aaf7239b1c98d314|__AUTOMETRIC__
__AUTOMETRIC__|0.1.2|2155241|crew_log_7f402066d4678825|0|1786749473.397|99.862|0.520|6752735232|9513795584|sim_data_aaf7239b1c98d314|__AUTOMETRIC__
__AUTOMETRIC__|0.1.2|2155241|crew_log_7f402066d4678825|0|1786749474.398|99.855|0.520|6752735232|9513795584|sim_data_aaf7239b1c98d314|__AUTOMETRIC__
__AUTOMETRIC__|0.1.2|2155241|crew_log_7f402066d4678825|0|1786749475.400|99.868|0.520|6752735232|9513795584|sim_data_aaf7239b1c98d314|__AUTOMETRIC__
__AUTOMETRIC__|0.1.2|2155241|crew_log_7f402066d4678825|0|1786749476.401|98.837|0.515|6932041728|9692520448|sim_data_aaf7239b1c98d314|__AUTOMETRIC__
__AUTOMETRIC__|0.1.2|2155241|crew_log_7f402066d4678825|0|1786749477.403|99.886|0.520|7627247616|10387525632|sim_data_aaf7239b1c98d314|__AUTOMETRIC__
__AUTOMETRIC__|0.1.2|2155241|crew_log_7f402066d4678825|0|1786749478.404|99.875|0.520|8140001280|10899988480|sim_data_aaf7239b1c98d314|__AUTOMETRIC__
__AUTOMETRIC__|0.1.2|2155241|crew_log_7f402066d4678825|0|1786749479.405|98.895|0.515|8140001280|10900123648|sim_data_aaf7239b1c98d314|__AUTOMETRIC__
__AUTOMETRIC__|0.1.2|2155241|crew_log_7f402066d4678825|0|1786749480.406|99.896|0.520|8140001280|10900123648|sim_data_aaf7239b1c98d314|__AUTOMETRIC__
__AUTOMETRIC__|0.1.2|2155241|crew_log_7f402066d4678825|0|1786749481.407|99.890|0.520|8140001280|10900123648|sim_data_aaf7239b1c98d314|__AUTOMETRIC__
__AUTOMETRIC__|0.1.2|2155241|crew_log_7f402066d4678825|0|1786749482.408|99.897|0.520|8140001280|10900123648|sim_data_aaf7239b1c98d314|__AUTOMETRIC__
__AUTOMETRIC__|0.1.2|2155241|crew_log_7f402066d4678825|0|1786749483.410|99.825|0.520|8734543872|11494842368|sim_data_aaf7239b1c98d314|__AUTOMETRIC__
__AUTOMETRIC__|0.1.2|2155241|crew_log_7f402066d4678825|0|1786749484.411|99.894|0.520|9418739712|12179103744|sim_data_aaf7239b1c98d314|__AUTOMETRIC__
__AUTOMETRIC__|0.1.2|2155241|crew_log_7f402066d4678825|0|1786749485.412|98.894|0.515|9804091392|12563791872|sim_data_aaf7239b1c98d314|__AUTOMETRIC__
__AUTOMETRIC__|0.1.2|2155241|crew_log_7f402066d4678825|0|1786749486.413|99.901|0.520|9804091392|12563791872|sim_data_aaf7239b1c98d314|__AUTOMETRIC__
__AUTOMETRIC__|0.1.2|2155241|crew_log_7f402066d4678825|0|1786749487.414|99.900|0.520|9804091392|12563791872|sim_data_aaf7239b1c98d314|__AUTOMETRIC__
__AUTOMETRIC__|0.1.2|2155241|crew_log_7f402066d4678825|0|1786749488.415|98.902|0.515|9804091392|12563791872|sim_data_aaf7239b1c98d314|__AUTOMETRIC__
__AUTOMETRIC__|0.1.2|2155241|crew_log_7f402066d4678825|0|1786749489.416|99.895|0.520|9804091392|12563791872|sim_data_aaf7239b1c98d314|__AUTOMETRIC__
__AUTOMETRIC__|0.1.2|2155241|crew_log_7f402066d4678825|0|1786749490.417|99.869|0.520|9923629056|12683210752|sim_data_aaf7239b1c98d314|__AUTOMETRIC__
__AUTOMETRIC__|0.1.2|2155241|crew_log_7f402066d4678825|0|1786749491.418|98.888|0.515|10618834944|13379063808|sim_data_aaf7239b1c98d314|__AUTOMETRIC__
__AUTOMETRIC__|0.1.2|2155241|crew_log_7f402066d4678825|0|1786749492.420|99.888|0.520|11304603648|14064955392|sim_data_aaf7239b1c98d314|__AUTOMETRIC__
__AUTOMETRIC__|0.1.2|2155241|crew_log_7f402066d4678825|0|1786749493.421|99.812|0.520|11800055808|14560055296|sim_data_aaf7239b1c98d314|__AUTOMETRIC__
__AUTOMETRIC__|0.1.2|2155241|crew_log_7f402066d4678825|0|1786749494.423|99.873|0.520|11800055808|14560190464|sim_data_aaf7239b1c98d314|__AUTOMETRIC__
__AUTOMETRIC__|0.1.2|2155241|crew_log_7f402066d4678825|0|1786749495.424|98.888|0.515|11800055808|14560190464|sim_data_aaf7239b1c98d314|__AUTOMETRIC__
__AUTOMETRIC__|0.1.2|2155241|crew_log_7f402066d4678825|0|1786749496.425|99.884|0.520|11800055808|14560190464|sim_data_aaf7239b1c98d314|__AUTOMETRIC__
__AUTOMETRIC__|0.1.2|2155241|crew_log_7f402066d4678825|0|1786749497.426|99.881|0.520|11800055808|14560190464|sim_data_aaf7239b1c98d314|__AUTOMETRIC__
__AUTOMETRIC__|0.1.2|2155241|crew_log_7f402066d4678825|0|1786749498.427|99.890|0.520|11800055808|14560190464|sim_data_aaf7239b1c98d314|__AUTOMETRIC__
__AUTOMETRIC__|0.1.2|2155241|crew_log_7f402066d4678825|0|1786749499.429|98.850|0.515|11831513088|14591897600|sim_data_aaf7239b1c98d314|__AUTOMETRIC__
__AUTOMETRIC__|0.1.2|2155241|crew_log_7f402066d4678825|0|1786749500.430|99.870|0.520|12514136064|15273861120|sim_data_aaf7239b1c98d314|__AUTOMETRIC__
__AUTOMETRIC__|0.1.2|2155241|crew_log_7f402066d4678825|0|1786749501.431|99.881|0.520|13209341952|15969959936|sim_data_aaf7239b1c98d314|__AUTOMETRIC__
__AUTOMETRIC__|0.1.2|2155241|crew_log_7f402066d4678825|0|1786749502.432|98.895|0.515|13902974976|16662630400|sim_data_aaf7239b1c98d314|__AUTOMETRIC__
__AUTOMETRIC__|0.1.2|2155241|crew_log_7f402066d4678825|0|1786749503.433|99.886|0.520|14195527680|16955904000|sim_data_aaf7239b1c98d314|__AUTOMETRIC__
__AUTOMETRIC__|0.1.2|2155241|crew_log_7f402066d4678825|0|1786749504.435|99.856|0.520|14195527680|16955904000|sim_data_aaf7239b1c98d314|__AUTOMETRIC__
__AUTOMETRIC__|0.1.2|2155241|crew_log_7f402066d4678825|0|1786749505.436|99.865|0.520|14195527680|16955904000|sim_data_aaf7239b1c98d314|__AUTOMETRIC__
__AUTOMETRIC__|0.1.2|2155241|crew_log_7f402066d4678825|0|1786749506.437|99.892|0.520|14195527680|16955904000|sim_data_aaf7239b1c98d314|__AUTOMETRIC__
__AUTOMETRIC__|0.1.2|2155241|crew_log_7f402066d4678825|0|1786749507.439|98.832|0.515|14195527680|16955904000|sim_data_aaf7239b1c98d314|__AUTOMETRIC__
__AUTOMETRIC__|0.1.2|2155241|crew_log_7f402066d4678825|0|1786749508.440|99.888|0.520|14195527680|16955904000|sim_data_aaf7239b1c98d314|__AUTOMETRIC__
__AUTOMETRIC__|0.1.2|2155241|crew_log_7f402066d4678825|0|1786749509.442|99.861|0.520|14195527680|16955904000|sim_data_aaf7239b1c98d314|__AUTOMETRIC__
__AUTOMETRIC__|0.1.2|2155241|crew_log_7f402066d4678825|0|1786749510.443|99.897|0.520|14220693504|16981073920|sim_data_aaf7239b1c98d314|__AUTOMETRIC__
__AUTOMETRIC__|0.1.2|2155241|crew_log_7f402066d4678825|0|1786749511.444|98.888|0.515|14908035072|17667862528|sim_data_aaf7239b1c98d314|__AUTOMETRIC__
__AUTOMETRIC__|0.1.2|2155241|crew_log_7f402066d4678825|0|1786749512.445|100.877|0.525|15607959552|18367856640|sim_data_aaf7239b1c98d314|__AUTOMETRIC__
__AUTOMETRIC__|0.1.2|2155241|crew_log_7f402066d4678825|0|1786749513.446|98.883|0.515|16298446848|19058393088|sim_data_aaf7239b1c98d314|__AUTOMETRIC__
__AUTOMETRIC__|0.1.2|2155241|crew_log_7f402066d4678825|0|1786749514.447|99.888|0.520|16974778368|19735105536|sim_data_aaf7239b1c98d314|__AUTOMETRIC__
__AUTOMETRIC__|0.1.2|2155241|crew_log_7f402066d4678825|0|1786749515.448|98.897|0.515|17070723072|19830755328|sim_data_aaf7239b1c98d314|__AUTOMETRIC__
__AUTOMETRIC__|0.1.2|2155241|crew_log_7f402066d4678825|0|1786749516.450|99.870|0.520|17070723072|19830755328|sim_data_aaf7239b1c98d314|__AUTOMETRIC__
__AUTOMETRIC__|0.1.2|2155241|crew_log_7f402066d4678825|0|1786749517.451|99.895|0.520|17070723072|19830755328|sim_data_aaf7239b1c98d314|__AUTOMETRIC__
__AUTOMETRIC__|0.1.2|2155241|crew_log_7f402066d4678825|0|1786749518.452|99.877|0.520|17070723072|19830755328|sim_data_aaf7239b1c98d314|__AUTOMETRIC__
__AUTOMETRIC__|0.1.2|2155241|crew_log_7f402066d4678825|0|1786749519.453|99.880|0.520|17070723072|19830755328|sim_data_aaf7239b1c98d314|__AUTOMETRIC__
__AUTOMETRIC__|0.1.2|2155241|crew_log_7f402066d4678825|0|1786749520.454|98.896|0.515|17070723072|19830755328|sim_data_aaf7239b1c98d314|__AUTOMETRIC__
__AUTOMETRIC__|0.1.2|2155241|crew_log_7f402066d4678825|0|1786749521.455|99.890|0.520|17070723072|19830755328|sim_data_aaf7239b1c98d314|__AUTOMETRIC__
__AUTOMETRIC__|0.1.2|2155241|crew_log_7f402066d4678825|0|1786749522.456|99.890|0.520|17070723072|19830755328|sim_data_aaf7239b1c98d314|__AUTOMETRIC__
__AUTOMETRIC__|0.1.2|2155241|crew_log_7f402066d4678825|0|1786749523.458|99.863|0.520|17465511936|20225380352|sim_data_aaf7239b1c98d314|__AUTOMETRIC__
__AUTOMETRIC__|0.1.2|2155241|crew_log_7f402066d4678825|0|1786749524.459|99.883|0.520|18138697728|20898869248|sim_data_aaf7239b1c98d314|__AUTOMETRIC__
__AUTOMETRIC__|0.1.2|2155241|crew_log_7f402066d4678825|0|1786749525.460|99.881|0.520|18815029248|21575725056|sim_data_aaf7239b1c98d314|__AUTOMETRIC__
__AUTOMETRIC__|0.1.2|2155241|crew_log_7f402066d4678825|0|1786749526.461|98.873|0.515|19497652224|22257766400|sim_data_aaf7239b1c98d314|__AUTOMETRIC__
__AUTOMETRIC__|0.1.2|2155241|crew_log_7f402066d4678825|0|1786749527.463|98.887|0.515|20173983744|22933622784|sim_data_aaf7239b1c98d314|__AUTOMETRIC__
__AUTOMETRIC__|0.1.2|2155241|crew_log_7f402066d4678825|0|1786749528.464|100.884|0.525|20520013824|23280181248|sim_data_aaf7239b1c98d314|__AUTOMETRIC__
__AUTOMETRIC__|0.1.2|2155241|crew_log_7f402066d4678825|0|1786749529.465|99.892|0.520|20520013824|23280590848|sim_data_aaf7239b1c98d314|__AUTOMETRIC__
__AUTOMETRIC__|0.1.2|2155241|crew_log_7f402066d4678825|0|1786749530.466|98.879|0.515|20520013824|23280590848|sim_data_aaf7239b1c98d314|__AUTOMETRIC__
__AUTOMETRIC__|0.1.2|2155241|crew_log_7f402066d4678825|0|1786749531.467|99.878|0.520|20520013824|23280590848|sim_data_aaf7239b1c98d314|__AUTOMETRIC__
__AUTOMETRIC__|0.1.2|2155241|crew_log_7f402066d4678825|0|1786749532.468|99.894|0.520|20520013824|23280590848|sim_data_aaf7239b1c98d314|__AUTOMETRIC__
