__AUTOMETRIC__|0.1.2|2440425|crew_log_c15b5b89c0389387|0|1786907052.043|88.984|2.781|196009984|1852297216|sim_data_b4c2cdecb4e051ac|__AUTOMETRIC__
__AUTOMETRIC__|0.1.2|2440425|crew_log_c15b5b89c0389387|0|1786907053.045|26.957|0.842|213835776|1870368768|sim_data_b4c2cdecb4e051ac|__AUTOMETRIC__
__AUTOMETRIC__|0.1.2|2440425|crew_log_c15b5b89c0389387|0|1786907054.046|0.000|0.000|213835776|1870368768|sim_data_b4c2cdecb4e051ac|__AUTOMETRIC__
__AUTOMETRIC__|0.1.2|2440425|crew_log_c15b5b89c0389387|0|1786907055.048|0.000|0.000|213835776|1870368768|sim_data_b4c2cdecb4e051ac|__AUTOMETRIC__
__AUTOMETRIC__|0.1.2|2440425|crew_log_c15b5b89c0389387|0|1786907056.049|0.000|0.000|213835776|1870368768|sim_data_b4c2cdecb4e051ac|__AUTOMETRIC__
__AUTOMETRIC__|0.1.2|2440425|crew_log_c15b5b89c0389387|0|1786907057.051|0.000|0.000|213835776|1870368768|sim_data_b4c2cdecb4e051ac|__AUTOMETRIC__
__AUTOMETRIC__|0.1.2|2440425|crew_log_c15b5b89c0389387|0|1786907058.052|0.999|0.031|213835776|1870368768|sim_data_b4c2cdecb4e051ac|__AUTOMETRIC__
__AUTOMETRIC__|0.1.2|2440425|crew_log_c15b5b89c0389387|0|1786907059.054|0.000|0.000|213835776|1870368768|sim_data_b4c2cdecb4e051ac|__AUTOMETRIC__
__AUTOMETRIC__|0.1.2|2440425|crew_log_c15b5b89c0389387|0|1786907060.055|0.000|0.000|213835776|1870368768|sim_data_b4c2cdecb4e051ac|__AUTOMETRIC__
__AUTOMETRIC__|0.1.2|2440425|crew_log_c15b5b89c0389387|0|1786907061.057|0.000|0.000|213835776|1870368768|sim_data_b4c2cdecb4e051ac|__AUTOMETRIC__
__AUTOMETRIC__|0.1.2|2440425|crew_log_c15b5b89c0389387|0|1786907062.058|0.000|0.000|213835776|1870368768|sim_data_b4c2cdecb4e051ac|__AUTOMETRIC__
__AUTOMETRIC__|0.1.2|2440425|crew_log_c15b5b89c0389387|0|1786907063.060|66.902|2.091|253218816|1911275520|sim_data_b4c2cdecb4e051ac|__AUTOMETRIC__
__AUTOMETRIC__|0.1.2|2440425|crew_log_c15b5b89c0389387|0|1786907064.062|93.822|2.932|371183616|2036006912|sim_data_b4c2cdecb4e051ac|__AUTOMETRIC__
__AUTOMETRIC__|0.1.2|2440425|crew_log_c15b5b89c0389387|0|1786907065.063|96.875|3.027|479186944|2144870400|sim_data_b4c2cdecb4e051ac|__AUTOMETRIC__
__AUTOMETRIC__|0.1.2|2440425|crew_log_c15b5b89c0389387|0|1786907066.064|98.858|3.089|602394624|2268168192|sim_data_b4c2cdecb4e051ac|__AUTOMETRIC__
__AUTOMETRIC__|0.1.2|2440425|crew_log_c15b5b89c0389387|0|1786907067.066|99.854|3.120|766758912|2432425984|sim_data_b4c2cdecb4e051ac|__AUTOMETRIC__
__AUTOMETRIC__|0.1.2|2440425|crew_log_c15b5b89c0389387|0|1786907068.067|99.856|3.121|944754688|2610343936|sim_data_b4c2cdecb4e051ac|__AUTOMETRIC__
__AUTOMETRIC__|0.1.2|2440425|crew_log_c15b5b89c0389387|0|1786907069.069|97.853|3.058|1171509248|2837086208|sim_data_b4c2cdecb4e051ac|__AUTOMETRIC__
__AUTOMETRIC__|0.1.2|2440425|crew_log_c15b5b89c0389387|0|1786907070.070|98.863|3.089|1291571200|2957103104|sim_data_b4c2cdecb4e051ac|__AUTOMETRIC__
__AUTOMETRIC__|0.1.2|2440425|crew_log_c15b5b89c0389387|0|1786907071.072|100.807|3.150|1438109696|3103875072|sim_data_b4c2cdecb4e051ac|__AUTOMETRIC__
__AUTOMETRIC__|0.1.2|2440425|crew_log_c15b5b89c0389387|0|1786907072.074|98.851|3.089|1719128064|3384827904|sim_data_b4c2cdecb4e051ac|__AUTOMETRIC__
__AUTOMETRIC__|0.1.2|2440425|crew_log_c15b5b89c0389387|0|1786907073.075|99.851|3.120|1760546816|3426238464|sim_data_b4c2cdecb4e051ac|__AUTOMETRIC__
__AUTOMETRIC__|0.1.2|2440425|crew_log_c15b5b89c0389387|0|1786907074.077|98.839|3.089|2062274560|3727884288|sim_data_b4c2cdecb4e051ac|__AUTOMETRIC__
__AUTOMETRIC__|0.1.2|2440425|crew_log_c15b5b89c0389387|0|1786907075.078|100.845|3.151|2147471360|3813154816|sim_data_b4c2cdecb4e051ac|__AUTOMETRIC__
__AUTOMETRIC__|0.1.2|2440425|crew_log_c15b5b89c0389387|0|1786907076.080|98.847|3.089|2319962112|3985625088|sim_data_b4c2cdecb4e051ac|__AUTOMETRIC__
__AUTOMETRIC__|0.1.2|2440425|crew_log_c15b5b89c0389387|0|1786907077.081|99.866|3.121|2611728384|4277198848|sim_data_b4c2cdecb4e051ac|__AUTOMETRIC__
__AUTOMETRIC__|0.1.2|2440425|crew_log_c15b5b89c0389387|0|1786907078.083|99.836|3.120|2611728384|4277198848|sim_data_b4c2cdecb4e051ac|__AUTOMETRIC__
__AUTOMETRIC__|0.1.2|2440425|crew_log_c15b5b89c0389387|0|1786907079.088|99.485|3.109|2882260992|4547928064|sim_data_b4c2cdecb4e051ac|__AUTOMETRIC__
__AUTOMETRIC__|0.1.2|2440425|crew_log_c15b5b89c0389387|0|1786907080.089|99.849|3.120|3168784384|4834344960|sim_data_b4c2cdecb4e051ac|__AUTOMETRIC__
__AUTOMETRIC__|0.1.2|2440425|crew_log_c15b5b89c0389387|0|1786907081.091|99.846|3.120|3168784384|4834344960|sim_data_b4c2cdecb4e051ac|__AUTOMETRIC__
__AUTOMETRIC__|0.1.2|2440425|crew_log_c15b5b89c0389387|0|1786907082.093|99.843|3.120|3297234944|4962807808|sim_data_b4c2cdecb4e051ac|__AUTOMETRIC__
__AUTOMETRIC__|0.1.2|2440425|crew_log_c15b5b89c0389387|0|1786907083.094|99.833|3.120|3709063168|5374623744|sim_data_b4c2cdecb4e051ac|__AUTOMETRIC__
__AUTOMETRIC__|0.1.2|2440425|crew_log_c15b5b89c0389387|0|1786907084.096|98.866|3.090|3837251584|5502935040|sim_data_b4c2cdecb4e051ac|__AUTOMETRIC__
__AUTOMETRIC__|0.1.2|2440425|crew_log_c15b5b89c0389387|0|1786907085.097|99.864|3.121|3837251584|5502935040|sim_data_b4c2cdecb4e051ac|__AUTOMETRIC__
