__AUTOMETRIC__|0.1.2|15152|crew_log_697c63f4dcd27add|0|1786318827.504|101.796|6.362|157716480|182984704|gen_data_c1c0841eb5d178ed|__AUTOMETRIC__
__AUTOMETRIC__|0.1.2|15152|crew_log_697c63f4dcd27add|0|1786318828.504|101.545|6.347|262615040|287453184|gen_data_c1c0841eb5d178ed|__AUTOMETRIC__
__AUTOMETRIC__|0.1.2|15152|crew_log_697c63f4dcd27add|0|1786318829.515|98.891|6.181|397606912|429494272|gen_data_c1c0841eb5d178ed|__AUTOMETRIC__
__AUTOMETRIC__|0.1.2|15152|crew_log_697c63f4dcd27add|0|1786318830.520|97.950|6.122|408895488|442216448|gen_data_c1c0841eb5d178ed|__AUTOMETRIC__
__AUTOMETRIC__|0.1.2|15152|crew_log_697c63f4dcd27add|0|1786318831.532|98.899|6.181|397643776|430481408|gen_data_c1c0841eb5d178ed|__AUTOMETRIC__
__AUTOMETRIC__|0.1.2|15152|crew_log_697c63f4dcd27add|0|1786318832.539|100.816|6.301|396984320|429797376|gen_data_c1c0841eb5d178ed|__AUTOMETRIC__
__AUTOMETRIC__|0.1.2|15152|crew_log_697c63f4dcd27add|0|1786318833.543|98.044|6.128|397017088|429830144|gen_data_c1c0841eb5d178ed|__AUTOMETRIC__
__AUTOMETRIC__|0.1.2|15152|crew_log_697c63f4dcd27add|0|1786318834.558|98.526|6.158|397012992|429826048|gen_data_c1c0841eb5d178ed|__AUTOMETRIC__
__AUTOMETRIC__|0.1.2|15152|crew_log_697c63f4dcd27add|0|1786318835.558|99.976|6.249|397021184|429834240|gen_data_c1c0841eb5d178ed|__AUTOMETRIC__
__AUTOMETRIC__|0.1.2|15152|crew_log_697c63f4dcd27add|0|1786318836.564|99.438|6.215|397025280|429838336|gen_data_c1c0841eb5d178ed|__AUTOMETRIC__
__AUTOMETRIC__|0.1.2|15152|crew_log_697c63f4dcd27add|0|1786318837.583|99.700|6.231|396136448|428949504|gen_data_c1c0841eb5d178ed|__AUTOMETRIC__
__AUTOMETRIC__|0.1.2|15152|crew_log_697c63f4dcd27add|0|1786318838.584|99.849|6.241|396398592|429211648|gen_data_c1c0841eb5d178ed|__AUTOMETRIC__
__AUTOMETRIC__|0.1.2|15152|crew_log_697c63f4dcd27add|0|1786318839.594|100.591|6.287|396156928|428969984|gen_data_c1c0841eb5d178ed|__AUTOMETRIC__
__AUTOMETRIC__|0.1.2|15152|crew_log_697c63f4dcd27add|0|1786318840.594|98.426|6.152|396214272|429047808|gen_data_c1c0841eb5d178ed|__AUTOMETRIC__
__AUTOMETRIC__|0.1.2|15152|crew_log_697c63f4dcd27add|0|1786318841.605|100.439|6.277|396431360|429228032|gen_data_c1c0841eb5d178ed|__AUTOMETRIC__
__AUTOMETRIC__|0.1.2|15152|crew_log_697c63f4dcd27add|0|1786318842.616|100.423|6.276|396345344|429142016|gen_data_c1c0841eb5d178ed|__AUTOMETRIC__
__AUTOMETRIC__|0.1.2|15152|crew_log_697c63f4dcd27add|0|1786318843.627|98.908|6.182|396398592|429195264|gen_data_c1c0841eb5d178ed|__AUTOMETRIC__
__AUTOMETRIC__|0.1.2|15152|crew_log_697c63f4dcd27add|0|1786318844.638|99.000|6.187|396386304|429182976|gen_data_c1c0841eb5d178ed|__AUTOMETRIC__
__AUTOMETRIC__|0.1.2|15152|crew_log_697c63f4dcd27add|0|1786318845.640|99.770|6.236|395800576|428593152|gen_data_c1c0841eb5d178ed|__AUTOMETRIC__
__AUTOMETRIC__|0.1.2|15152|crew_log_697c63f4dcd27add|0|1786318846.651|100.430|6.277|395911168|428703744|gen_data_c1c0841eb5d178ed|__AUTOMETRIC__
__AUTOMETRIC__|0.1.2|15152|crew_log_697c63f4dcd27add|0|1786318847.656|99.549|6.222|396214272|429006848|gen_data_c1c0841eb5d178ed|__AUTOMETRIC__
__AUTOMETRIC__|0.1.2|15152|crew_log_697c63f4dcd27add|0|1786318848.662|97.799|6.112|396087296|428879872|gen_data_c1c0841eb5d178ed|__AUTOMETRIC__
__AUTOMETRIC__|0.1.2|15152|crew_log_697c63f4dcd27add|0|1786318849.664|99.766|6.235|395849728|428642304|gen_data_c1c0841eb5d178ed|__AUTOMETRIC__
__AUTOMETRIC__|0.1.2|15152|crew_log_697c63f4dcd27add|0|1786318850.671|99.392|6.212|396046336|428838912|gen_data_c1c0841eb5d178ed|__AUTOMETRIC__
__AUTOMETRIC__|0.1.2|15152|crew_log_697c63f4dcd27add|0|1786318851.676|97.874|6.117|396165120|428957696|gen_data_c1c0841eb5d178ed|__AUTOMETRIC__
__AUTOMETRIC__|0.1.2|15152|crew_log_697c63f4dcd27add|0|1786318852.689|100.275|6.267|395919360|428711936|gen_data_c1c0841eb5d178ed|__AUTOMETRIC__
__AUTOMETRIC__|0.1.2|15152|crew_log_697c63f4dcd27add|0|1786318853.698|100.721|6.295|395841536|428634112|gen_data_c1c0841eb5d178ed|__AUTOMETRIC__
__AUTOMETRIC__|0.1.2|15152|crew_log_697c63f4dcd27add|0|1786318854.700|98.149|6.134|395800576|428593152|gen_data_c1c0841eb5d178ed|__AUTOMETRIC__
__AUTOMETRIC__|0.1.2|15152|crew_log_697c63f4dcd27add|0|1786318855.715|100.132|6.258|395837440|428630016|gen_data_c1c0841eb5d178ed|__AUTOMETRIC__
__AUTOMETRIC__|0.1.2|15152|crew_log_697c63f4dcd27add|0|1786318856.720|99.506|6.219|396132352|428924928|gen_data_c1c0841eb5d178ed|__AUTOMETRIC__
__AUTOMETRIC__|0.1.2|15152|crew_log_697c63f4dcd27add|0|1786318857.733|98.682|6.168|395907072|428699648|gen_data_c1c0841eb5d178ed|__AUTOMETRIC__
__AUTOMETRIC__|0.1.2|15152|crew_log_697c63f4dcd27add|0|1786318858.740|99.351|6.209|396251136|429133824|gen_data_c1c0841eb5d178ed|__AUTOMETRIC__
__AUTOMETRIC__|0.1.2|15152|crew_log_697c63f4dcd27add|0|1786318859.741|101.445|6.340|396009472|428843008|gen_data_c1c0841eb5d178ed|__AUTOMETRIC__
__AUTOMETRIC__|0.1.2|15152|crew_log_697c63f4dcd27add|0|1786318860.743|101.332|6.333|396029952|428851200|gen_data_c1c0841eb5d178ed|__AUTOMETRIC__
__AUTOMETRIC__|0.1.2|15152|crew_log_697c63f4dcd27add|0|1786318861.750|99.351|6.209|396025856|428843008|gen_data_c1c0841eb5d178ed|__AUTOMETRIC__
__AUTOMETRIC__|0.1.2|15152|crew_log_697c63f4dcd27add|0|1786318862.767|99.869|6.242|396165120|428986368|gen_data_c1c0841eb5d178ed|__AUTOMETRIC__
__AUTOMETRIC__|0.1.2|15152|crew_log_697c63f4dcd27add|0|1786318863.777|98.939|6.184|395968512|428789760|gen_data_c1c0841eb5d178ed|__AUTOMETRIC__
__AUTOMETRIC__|0.1.2|15152|crew_log_697c63f4dcd27add|0|1786318864.791|100.171|6.261|396005376|428826624|gen_data_c1c0841eb5d178ed|__AUTOMETRIC__
__AUTOMETRIC__|0.1.2|15152|crew_log_697c63f4dcd27add|0|1786318865.796|99.524|6.220|395812864|428634112|gen_data_c1c0841eb5d178ed|__AUTOMETRIC__
__AUTOMETRIC__|0.1.2|15152|crew_log_697c63f4dcd27add|0|1786318866.798|98.280|6.143|396193792|429015040|gen_data_c1c0841eb5d178ed|__AUTOMETRIC__
__AUTOMETRIC__|0.1.2|15152|crew_log_697c63f4dcd27add|0|1786318867.804|96.212|6.013|395927552|428748800|gen_data_c1c0841eb5d178ed|__AUTOMETRIC__
__AUTOMETRIC__|0.1.2|15152|crew_log_697c63f4dcd27add|0|1786318868.806|95.160|5.948|395624448|428449792|gen_data_c1c0841eb5d178ed|__AUTOMETRIC__
__AUTOMETRIC__|0.1.2|15152|crew_log_697c63f4dcd27add|0|1786318869.809|99.735|6.233|395956224|428892160|gen_data_c1c0841eb5d178ed|__AUTOMETRIC__
__AUTOMETRIC__|0.1.2|15152|crew_log_697c63f4dcd27add|0|1786318870.819|95.928|5.995|395964416|428900352|gen_data_c1c0841eb5d178ed|__AUTOMETRIC__
__AUTOMETRIC__|0.1.2|15152|crew_log_697c63f4dcd27add|0|1786318871.829|98.960|6.185|395722752|428646400|gen_data_c1c0841eb5d178ed|__AUTOMETRIC__
__AUTOMETRIC__|0.1.2|15152|crew_log_697c63f4dcd27add|0|1786318872.835|90.068|5.629|396062720|428986368|gen_data_c1c0841eb5d178ed|__AUTOMETRIC__
__AUTOMETRIC__|0.1.2|15152|crew_log_697c63f4dcd27add|0|1786318873.842|97.792|6.112|396009472|428957696|gen_data_c1c0841eb5d178ed|__AUTOMETRIC__
__AUTOMETRIC__|0.1.2|15152|crew_log_697c63f4dcd27add|0|1786318874.846|99.543|6.221|395550720|428376064|gen_data_c1c0841eb5d178ed|__AUTOMETRIC__
__AUTOMETRIC__|0.1.2|15152|crew_log_697c63f4dcd27add|0|1786318875.848|99.813|6.238|395841536|428785664|gen_data_c1c0841eb5d178ed|__AUTOMETRIC__
__AUTOMETRIC__|0.1.2|15152|crew_log_697c63f4dcd27add|0|1786318876.852|98.118|6.132|395603968|428548096|gen_data_c1c0841eb5d178ed|__AUTOMETRIC__
__AUTOMETRIC__|0.1.2|15152|crew_log_697c63f4dcd27add|0|1786318877.862|97.418|6.089|395436032|428380160|gen_data_c1c0841eb5d178ed|__AUTOMETRIC__
__AUTOMETRIC__|0.1.2|15152|crew_log_697c63f4dcd27add|0|1786318878.867|96.365|6.023|395808768|428752896|gen_data_c1c0841eb5d178ed|__AUTOMETRIC__
__AUTOMETRIC__|0.1.2|15152|crew_log_697c63f4dcd27add|0|1786318879.871|98.117|6.132|395759616|428703744|gen_data_c1c0841eb5d178ed|__AUTOMETRIC__
__AUTOMETRIC__|0.1.2|15152|crew_log_697c63f4dcd27add|0|1786318880.871|96.883|6.055|395853824|428797952|gen_data_c1c0841eb5d178ed|__AUTOMETRIC__
__AUTOMETRIC__|0.1.2|15152|crew_log_697c63f4dcd27add|0|1786318881.876|99.466|6.217|395689984|428634112|gen_data_c1c0841eb5d178ed|__AUTOMETRIC__
__AUTOMETRIC__|0.1.2|15152|crew_log_697c63f4dcd27add|0|1786318882.883|100.843|6.303|395681792|428507136|gen_data_c1c0841eb5d178ed|__AUTOMETRIC__
__AUTOMETRIC__|0.1.2|15152|crew_log_697c63f4dcd27add|0|1786318883.885|95.135|5.946|395866112|428810240|gen_data_c1c0841eb5d178ed|__AUTOMETRIC__
__AUTOMETRIC__|0.1.2|15152|crew_log_697c63f4dcd27add|0|1786318884.897|97.254|6.078|395726848|428670976|gen_data_c1c0841eb5d178ed|__AUTOMETRIC__
__AUTOMETRIC__|0.1.2|15152|crew_log_697c63f4dcd27add|0|1786318885.905|97.699|6.106|395808768|428716032|gen_data_c1c0841eb5d178ed|__AUTOMETRIC__
__AUTOMETRIC__|0.1.2|15152|crew_log_697c63f4dcd27add|0|1786318886.918|100.189|6.262|395649024|428433408|gen_data_c1c0841eb5d178ed|__AUTOMETRIC__
__AUTOMETRIC__|0.1.2|15152|crew_log_697c63f4dcd27add|0|1786318887.935|96.852|6.053|395776000|428670976|gen_data_c1c0841eb5d178ed|__AUTOMETRIC__
__AUTOMETRIC__|0.1.2|15152|crew_log_697c63f4dcd27add|0|1786318888.946|98.844|6.178|386203648|418971648|gen_data_c1c0841eb5d178ed|__AUTOMETRIC__
__AUTOMETRIC__|0.1.2|15152|crew_log_697c63f4dcd27add|0|1786318889.958|95.761|5.985|395608064|428392448|gen_data_c1c0841eb5d178ed|__AUTOMETRIC__
__AUTOMETRIC__|0.1.2|15152|crew_log_697c63f4dcd27add|0|1786318890.971|100.302|6.269|395485184|428388352|gen_data_c1c0841eb5d178ed|__AUTOMETRIC__
__AUTOMETRIC__|0.1.2|15152|crew_log_697c63f4dcd27add|0|1786318891.978|96.151|6.009|395177984|427962368|gen_data_c1c0841eb5d178ed|__AUTOMETRIC__
__AUTOMETRIC__|0.1.2|15152|crew_log_697c63f4dcd27add|0|1786318892.984|96.307|6.019|395464704|428367872|gen_data_c1c0841eb5d178ed|__AUTOMETRIC__
__AUTOMETRIC__|0.1.2|15152|crew_log_697c63f4dcd27add|0|1786318893.994|100.554|6.285|395390976|428294144|gen_data_c1c0841eb5d178ed|__AUTOMETRIC__
__AUTOMETRIC__|0.1.2|15152|crew_log_697c63f4dcd27add|0|1786318895.008|100.212|6.263|395415552|428318720|gen_data_c1c0841eb5d178ed|__AUTOMETRIC__
__AUTOMETRIC__|0.1.2|15152|crew_log_697c63f4dcd27add|0|1786318896.011|98.078|6.130|395386880|428171264|gen_data_c1c0841eb5d178ed|__AUTOMETRIC__
__AUTOMETRIC__|0.1.2|15152|crew_log_697c63f4dcd27add|0|1786318897.021|99.058|6.191|395313152|428212224|gen_data_c1c0841eb5d178ed|__AUTOMETRIC__
__AUTOMETRIC__|0.1.2|15152|crew_log_697c63f4dcd27add|0|1786318898.028|100.811|6.301|395591680|428478464|gen_data_c1c0841eb5d178ed|__AUTOMETRIC__
__AUTOMETRIC__|0.1.2|15152|crew_log_697c63f4dcd27add|0|1786318899.041|97.144|6.071|395804672|428736512|gen_data_c1c0841eb5d178ed|__AUTOMETRIC__
__AUTOMETRIC__|0.1.2|15152|crew_log_697c63f4dcd27add|0|1786318900.056|98.590|6.162|395853824|428765184|gen_data_c1c0841eb5d178ed|__AUTOMETRIC__
__AUTOMETRIC__|0.1.2|15152|crew_log_697c63f4dcd27add|0|1786318901.070|100.096|6.256|395411456|428322816|gen_data_c1c0841eb5d178ed|__AUTOMETRIC__
__AUTOMETRIC__|0.1.2|15152|crew_log_697c63f4dcd27add|0|1786318902.075|98.016|6.126|396005376|428912640|gen_data_c1c0841eb5d178ed|__AUTOMETRIC__
__AUTOMETRIC__|0.1.2|15152|crew_log_697c63f4dcd27add|0|1786318903.076|96.723|6.045|395997184|428904448|gen_data_c1c0841eb5d178ed|__AUTOMETRIC__
__AUTOMETRIC__|0.1.2|15152|crew_log_697c63f4dcd27add|0|1786318904.091|95.500|5.969|396001280|428908544|gen_data_c1c0841eb5d178ed|__AUTOMETRIC__
__AUTOMETRIC__|0.1.2|15152|crew_log_697c63f4dcd27add|0|1786318905.102|58.738|3.671|405766144|438886400|compiled_brms_models_089ef89478a29c30|__AUTOMETRIC__
__AUTOMETRIC__|0.1.2|15152|crew_log_697c63f4dcd27add|0|1786318906.115|97.150|6.072|415612928|448147456|compiled_brms_models_089ef89478a29c30|__AUTOMETRIC__
__AUTOMETRIC__|0.1.2|15152|crew_log_697c63f4dcd27add|0|1786318907.125|91.257|5.704|460075008|487493632|compiled_brms_models_089ef89478a29c30|__AUTOMETRIC__
__AUTOMETRIC__|0.1.2|15152|crew_log_697c63f4dcd27add|0|1786318908.128|121.471|7.592|500146176|524402688|compiled_brms_models_089ef89478a29c30|__AUTOMETRIC__
__AUTOMETRIC__|0.1.2|15152|crew_log_697c63f4dcd27add|0|1786318909.139|97.438|6.090|525783040|546533376|compiled_brms_models_089ef89478a29c30|__AUTOMETRIC__
__AUTOMETRIC__|0.1.2|15152|crew_log_697c63f4dcd27add|0|1786318910.154|90.826|5.677|552751104|573517824|compiled_brms_models_089ef89478a29c30|__AUTOMETRIC__
