__AUTOMETRIC__|0.1.2|16292|crew_log_82eebc259301ca29|0|1786323912.040|9.306|0.582|119902208|146636800|__DEFAULT__|__AUTOMETRIC__
__AUTOMETRIC__|0.1.2|16292|crew_log_82eebc259301ca29|0|1786323913.054|0.000|0.000|119943168|146649088|__DEFAULT__|__AUTOMETRIC__
__AUTOMETRIC__|0.1.2|16292|crew_log_82eebc259301ca29|0|1786323914.064|0.000|0.000|119820288|146526208|__DEFAULT__|__AUTOMETRIC__
__AUTOMETRIC__|0.1.2|16292|crew_log_82eebc259301ca29|0|1786323915.076|0.000|0.000|119820288|146526208|__DEFAULT__|__AUTOMETRIC__
__AUTOMETRIC__|0.1.2|16292|crew_log_82eebc259301ca29|0|1786323916.084|0.000|0.000|119828480|146534400|__DEFAULT__|__AUTOMETRIC__
__AUTOMETRIC__|0.1.2|16292|crew_log_82eebc259301ca29|0|1786323917.093|1.548|0.097|119828480|146534400|__DEFAULT__|__AUTOMETRIC__
__AUTOMETRIC__|0.1.2|16292|crew_log_82eebc259301ca29|0|1786323918.106|0.000|0.000|119832576|146534400|__DEFAULT__|__AUTOMETRIC__
__AUTOMETRIC__|0.1.2|16292|crew_log_82eebc259301ca29|0|1786323919.118|0.000|0.000|119824384|146526208|__DEFAULT__|__AUTOMETRIC__
__AUTOMETRIC__|0.1.2|16292|crew_log_82eebc259301ca29|0|1786323920.131|0.000|0.000|119832576|146534400|__DEFAULT__|__AUTOMETRIC__
__AUTOMETRIC__|0.1.2|16292|crew_log_82eebc259301ca29|0|1786323921.142|1.546|0.097|119832576|146534400|__DEFAULT__|__AUTOMETRIC__
__AUTOMETRIC__|0.1.2|16292|crew_log_82eebc259301ca29|0|1786323922.144|0.000|0.000|119824384|146526208|__DEFAULT__|__AUTOMETRIC__
__AUTOMETRIC__|0.1.2|16292|crew_log_82eebc259301ca29|0|1786323923.154|0.000|0.000|119832576|146534400|__DEFAULT__|__AUTOMETRIC__
__AUTOMETRIC__|0.1.2|16292|crew_log_82eebc259301ca29|0|1786323924.163|0.000|0.000|119832576|146534400|__DEFAULT__|__AUTOMETRIC__
__AUTOMETRIC__|0.1.2|16292|crew_log_82eebc259301ca29|0|1786323925.173|0.000|0.000|119824384|146526208|__DEFAULT__|__AUTOMETRIC__
__AUTOMETRIC__|0.1.2|16292|crew_log_82eebc259301ca29|0|1786323926.186|0.000|0.000|119832576|146534400|__DEFAULT__|__AUTOMETRIC__
__AUTOMETRIC__|0.1.2|16292|crew_log_82eebc259301ca29|0|1786323927.199|0.000|0.000|119824384|146526208|__DEFAULT__|__AUTOMETRIC__
__AUTOMETRIC__|0.1.2|16292|crew_log_82eebc259301ca29|0|1786323928.212|0.000|0.000|119824384|146526208|__DEFAULT__|__AUTOMETRIC__
__AUTOMETRIC__|0.1.2|16292|crew_log_82eebc259301ca29|0|1786323929.221|0.000|0.000|119832576|146534400|__DEFAULT__|__AUTOMETRIC__
__AUTOMETRIC__|0.1.2|16292|crew_log_82eebc259301ca29|0|1786323930.233|0.000|0.000|119824384|146526208|__DEFAULT__|__AUTOMETRIC__
__AUTOMETRIC__|0.1.2|16292|crew_log_82eebc259301ca29|0|1786323931.247|0.000|0.000|119832576|146534400|__DEFAULT__|__AUTOMETRIC__
__AUTOMETRIC__|0.1.2|16292|crew_log_82eebc259301ca29|0|1786323932.251|0.000|0.000|119832576|146534400|__DEFAULT__|__AUTOMETRIC__
__AUTOMETRIC__|0.1.2|16292|crew_log_82eebc259301ca29|0|1786323933.259|0.000|0.000|119824384|146526208|__DEFAULT__|__AUTOMETRIC__
__AUTOMETRIC__|0.1.2|16292|crew_log_82eebc259301ca29|0|1786323934.263|0.000|0.000|119832576|146534400|__DEFAULT__|__AUTOMETRIC__
__AUTOMETRIC__|0.1.2|16292|crew_log_82eebc259301ca29|0|1786323935.264|0.000|0.000|119824384|146526208|__DEFAULT__|__AUTOMETRIC__
__AUTOMETRIC__|0.1.2|16292|crew_log_82eebc259301ca29|0|1786323936.275|0.000|0.000|119824384|146526208|__DEFAULT__|__AUTOMETRIC__
__AUTOMETRIC__|0.1.2|16292|crew_log_82eebc259301ca29|0|1786323937.279|0.000|0.000|119832576|146534400|__DEFAULT__|__AUTOMETRIC__
__AUTOMETRIC__|0.1.2|16292|crew_log_82eebc259301ca29|0|1786323938.286|0.000|0.000|119824384|146526208|__DEFAULT__|__AUTOMETRIC__
__AUTOMETRIC__|0.1.2|16292|crew_log_82eebc259301ca29|0|1786323939.299|0.000|0.000|119824384|146526208|__DEFAULT__|__AUTOMETRIC__
__AUTOMETRIC__|0.1.2|16292|crew_log_82eebc259301ca29|0|1786323940.306|0.000|0.000|119832576|146534400|__DEFAULT__|__AUTOMETRIC__
__AUTOMETRIC__|0.1.2|16292|crew_log_82eebc259301ca29|0|1786323941.312|0.000|0.000|119832576|146534400|__DEFAULT__|__AUTOMETRIC__
__AUTOMETRIC__|0.1.2|16292|crew_log_82eebc259301ca29|0|1786323942.321|0.000|0.000|119824384|146526208|__DEFAULT__|__AUTOMETRIC__
__AUTOMETRIC__|0.1.2|16292|crew_log_82eebc259301ca29|0|1786323943.329|0.000|0.000|119832576|146534400|__DEFAULT__|__AUTOMETRIC__
__AUTOMETRIC__|0.1.2|16292|crew_log_82eebc259301ca29|0|1786323944.341|0.000|0.000|119824384|146526208|__DEFAULT__|__AUTOMETRIC__
__AUTOMETRIC__|0.1.2|16292|crew_log_82eebc259301ca29|0|1786323945.353|0.000|0.000|119832576|146534400|__DEFAULT__|__AUTOMETRIC__
__AUTOMETRIC__|0.1.2|16292|crew_log_82eebc259301ca29|0|1786323946.355|0.000|0.000|119824384|146526208|__DEFAULT__|__AUTOMETRIC__
__AUTOMETRIC__|0.1.2|16292|crew_log_82eebc259301ca29|0|1786323947.358|0.000|0.000|119824384|146526208|__DEFAULT__|__AUTOMETRIC__
__AUTOMETRIC__|0.1.2|16292|crew_log_82eebc259301ca29|0|1786323948.365|0.000|0.000|119832576|146534400|__DEFAULT__|__AUTOMETRIC__
__AUTOMETRIC__|0.1.2|16292|crew_log_82eebc259301ca29|0|1786323949.373|1.551|0.097|119824384|146526208|__DEFAULT__|__AUTOMETRIC__
__AUTOMETRIC__|0.1.2|16292|crew_log_82eebc259301ca29|0|1786323950.375|0.000|0.000|119832576|146534400|__DEFAULT__|__AUTOMETRIC__
__AUTOMETRIC__|0.1.2|16292|crew_log_82eebc259301ca29|0|1786323951.378|0.000|0.000|119832576|146534400|__DEFAULT__|__AUTOMETRIC__
__AUTOMETRIC__|0.1.2|16292|crew_log_82eebc259301ca29|0|1786323952.389|0.000|0.000|119832576|146534400|__DEFAULT__|__AUTOMETRIC__
__AUTOMETRIC__|0.1.2|16292|crew_log_82eebc259301ca29|0|1786323953.397|0.000|0.000|119832576|146534400|__DEFAULT__|__AUTOMETRIC__
__AUTOMETRIC__|0.1.2|16292|crew_log_82eebc259301ca29|0|1786323954.410|0.000|0.000|119824384|146526208|__DEFAULT__|__AUTOMETRIC__
__AUTOMETRIC__|0.1.2|16292|crew_log_82eebc259301ca29|0|1786323955.417|0.000|0.000|119832576|146534400|__DEFAULT__|__AUTOMETRIC__
__AUTOMETRIC__|0.1.2|16292|crew_log_82eebc259301ca29|0|1786323956.426|0.000|0.000|119832576|146534400|__DEFAULT__|__AUTOMETRIC__
__AUTOMETRIC__|0.1.2|16292|crew_log_82eebc259301ca29|0|1786323957.442|0.000|0.000|119824384|146526208|__DEFAULT__|__AUTOMETRIC__
__AUTOMETRIC__|0.1.2|16292|crew_log_82eebc259301ca29|0|1786323958.445|0.000|0.000|119832576|146534400|__DEFAULT__|__AUTOMETRIC__
__AUTOMETRIC__|0.1.2|16292|crew_log_82eebc259301ca29|0|1786323959.458|0.000|0.000|119832576|146534400|__DEFAULT__|__AUTOMETRIC__
__AUTOMETRIC__|0.1.2|16292|crew_log_82eebc259301ca29|0|1786323960.469|0.000|0.000|119824384|146526208|__DEFAULT__|__AUTOMETRIC__
__AUTOMETRIC__|0.1.2|16292|crew_log_82eebc259301ca29|0|1786323961.481|0.000|0.000|119832576|146534400|__DEFAULT__|__AUTOMETRIC__
__AUTOMETRIC__|0.1.2|16292|crew_log_82eebc259301ca29|0|1786323962.493|0.000|0.000|119832576|146534400|__DEFAULT__|__AUTOMETRIC__
__AUTOMETRIC__|0.1.2|16292|crew_log_82eebc259301ca29|0|1786323963.502|0.000|0.000|119832576|146534400|__DEFAULT__|__AUTOMETRIC__
__AUTOMETRIC__|0.1.2|16292|crew_log_82eebc259301ca29|0|1786323964.516|0.000|0.000|119832576|146534400|__DEFAULT__|__AUTOMETRIC__
__AUTOMETRIC__|0.1.2|16292|crew_log_82eebc259301ca29|0|1786323965.530|0.000|0.000|119824384|146526208|__DEFAULT__|__AUTOMETRIC__
__AUTOMETRIC__|0.1.2|16292|crew_log_82eebc259301ca29|0|1786323966.538|0.000|0.000|119832576|146534400|__DEFAULT__|__AUTOMETRIC__
__AUTOMETRIC__|0.1.2|16292|crew_log_82eebc259301ca29|0|1786323967.552|1.540|0.096|119832576|146534400|__DEFAULT__|__AUTOMETRIC__
__AUTOMETRIC__|0.1.2|16292|crew_log_82eebc259301ca29|0|1786323968.553|0.000|0.000|119824384|146526208|__DEFAULT__|__AUTOMETRIC__
__AUTOMETRIC__|0.1.2|16292|crew_log_82eebc259301ca29|0|1786323969.568|0.000|0.000|119783424|146452480|__DEFAULT__|__AUTOMETRIC__
__AUTOMETRIC__|0.1.2|16292|crew_log_82eebc259301ca29|0|1786323970.579|1.546|0.097|119791616|146460672|__DEFAULT__|__AUTOMETRIC__
__AUTOMETRIC__|0.1.2|16292|crew_log_82eebc259301ca29|0|1786323971.579|0.000|0.000|119783424|146452480|__DEFAULT__|__AUTOMETRIC__
__AUTOMETRIC__|0.1.2|16292|crew_log_82eebc259301ca29|0|1786323972.593|0.000|0.000|119791616|146460672|__DEFAULT__|__AUTOMETRIC__
__AUTOMETRIC__|0.1.2|16292|crew_log_82eebc259301ca29|0|1786323973.606|0.000|0.000|119791616|146460672|__DEFAULT__|__AUTOMETRIC__
__AUTOMETRIC__|0.1.2|16292|crew_log_82eebc259301ca29|0|1786323974.607|0.000|0.000|119791616|146460672|__DEFAULT__|__AUTOMETRIC__
__AUTOMETRIC__|0.1.2|16292|crew_log_82eebc259301ca29|0|1786323975.619|0.000|0.000|119783424|146452480|__DEFAULT__|__AUTOMETRIC__
__AUTOMETRIC__|0.1.2|16292|crew_log_82eebc259301ca29|0|1786323976.630|0.000|0.000|119783424|146452480|__DEFAULT__|__AUTOMETRIC__
__AUTOMETRIC__|0.1.2|16292|crew_log_82eebc259301ca29|0|1786323977.642|0.000|0.000|119783424|146452480|__DEFAULT__|__AUTOMETRIC__
__AUTOMETRIC__|0.1.2|16292|crew_log_82eebc259301ca29|0|1786323978.654|0.000|0.000|119791616|146460672|__DEFAULT__|__AUTOMETRIC__
__AUTOMETRIC__|0.1.2|16292|crew_log_82eebc259301ca29|0|1786323979.668|0.000|0.000|119783424|146452480|__DEFAULT__|__AUTOMETRIC__
__AUTOMETRIC__|0.1.2|16292|crew_log_82eebc259301ca29|0|1786323980.675|0.000|0.000|119791616|146460672|__DEFAULT__|__AUTOMETRIC__
__AUTOMETRIC__|0.1.2|16292|crew_log_82eebc259301ca29|0|1786323981.681|0.000|0.000|119783424|146452480|__DEFAULT__|__AUTOMETRIC__
__AUTOMETRIC__|0.1.2|16292|crew_log_82eebc259301ca29|0|1786323982.688|0.000|0.000|119783424|146452480|__DEFAULT__|__AUTOMETRIC__
__AUTOMETRIC__|0.1.2|16292|crew_log_82eebc259301ca29|0|1786323983.699|0.000|0.000|119783424|146452480|__DEFAULT__|__AUTOMETRIC__
__AUTOMETRIC__|0.1.2|16292|crew_log_82eebc259301ca29|0|1786323984.705|0.000|0.000|119783424|146452480|__DEFAULT__|__AUTOMETRIC__
__AUTOMETRIC__|0.1.2|16292|crew_log_82eebc259301ca29|0|1786323985.713|0.000|0.000|119783424|146452480|__DEFAULT__|__AUTOMETRIC__
__AUTOMETRIC__|0.1.2|16292|crew_log_82eebc259301ca29|0|1786323986.727|1.542|0.096|119783424|146452480|__DEFAULT__|__AUTOMETRIC__
__AUTOMETRIC__|0.1.2|16292|crew_log_82eebc259301ca29|0|1786323987.732|0.000|0.000|119791616|146460672|__DEFAULT__|__AUTOMETRIC__
__AUTOMETRIC__|0.1.2|16292|crew_log_82eebc259301ca29|0|1786323988.741|0.000|0.000|119791616|146460672|__DEFAULT__|__AUTOMETRIC__
__AUTOMETRIC__|0.1.2|16292|crew_log_82eebc259301ca29|0|1786323989.754|0.000|0.000|119791616|146460672|__DEFAULT__|__AUTOMETRIC__
__AUTOMETRIC__|0.1.2|16292|crew_log_82eebc259301ca29|0|1786323990.760|0.000|0.000|119791616|146460672|__DEFAULT__|__AUTOMETRIC__
__AUTOMETRIC__|0.1.2|16292|crew_log_82eebc259301ca29|0|1786323991.772|0.000|0.000|119783424|146452480|__DEFAULT__|__AUTOMETRIC__
__AUTOMETRIC__|0.1.2|16292|crew_log_82eebc259301ca29|0|1786323992.779|0.000|0.000|119783424|146452480|__DEFAULT__|__AUTOMETRIC__
__AUTOMETRIC__|0.1.2|16292|crew_log_82eebc259301ca29|0|1786323993.784|0.000|0.000|119791616|146460672|__DEFAULT__|__AUTOMETRIC__
__AUTOMETRIC__|0.1.2|16292|crew_log_82eebc259301ca29|0|1786323994.786|0.000|0.000|119783424|146452480|__DEFAULT__|__AUTOMETRIC__
__AUTOMETRIC__|0.1.2|16292|crew_log_82eebc259301ca29|0|1786323995.795|0.000|0.000|119783424|146452480|__DEFAULT__|__AUTOMETRIC__
__AUTOMETRIC__|0.1.2|16292|crew_log_82eebc259301ca29|0|1786323996.807|0.000|0.000|119783424|146452480|__DEFAULT__|__AUTOMETRIC__
__AUTOMETRIC__|0.1.2|16292|crew_log_82eebc259301ca29|0|1786323997.818|0.000|0.000|119791616|146460672|__DEFAULT__|__AUTOMETRIC__
__AUTOMETRIC__|0.1.2|16292|crew_log_82eebc259301ca29|0|1786323998.831|0.000|0.000|119783424|146452480|__DEFAULT__|__AUTOMETRIC__
__AUTOMETRIC__|0.1.2|16292|crew_log_82eebc259301ca29|0|1786323999.843|0.000|0.000|119791616|146460672|__DEFAULT__|__AUTOMETRIC__
__AUTOMETRIC__|0.1.2|16292|crew_log_82eebc259301ca29|0|1786324000.859|0.000|0.000|119783424|146452480|__DEFAULT__|__AUTOMETRIC__
__AUTOMETRIC__|0.1.2|16292|crew_log_82eebc259301ca29|0|1786324001.874|0.000|0.000|119783424|146452480|__DEFAULT__|__AUTOMETRIC__
__AUTOMETRIC__|0.1.2|16292|crew_log_82eebc259301ca29|0|1786324002.884|0.000|0.000|119783424|146452480|__DEFAULT__|__AUTOMETRIC__
__AUTOMETRIC__|0.1.2|16292|crew_log_82eebc259301ca29|0|1786324003.891|0.000|0.000|119791616|146460672|__DEFAULT__|__AUTOMETRIC__
__AUTOMETRIC__|0.1.2|16292|crew_log_82eebc259301ca29|0|1786324004.903|0.000|0.000|119783424|146452480|__DEFAULT__|__AUTOMETRIC__
__AUTOMETRIC__|0.1.2|16292|crew_log_82eebc259301ca29|0|1786324005.915|0.000|0.000|119783424|146452480|__DEFAULT__|__AUTOMETRIC__
__AUTOMETRIC__|0.1.2|16292|crew_log_82eebc259301ca29|0|1786324006.927|0.000|0.000|119791616|146460672|__DEFAULT__|__AUTOMETRIC__
__AUTOMETRIC__|0.1.2|16292|crew_log_82eebc259301ca29|0|1786324007.938|0.000|0.000|119783424|146452480|__DEFAULT__|__AUTOMETRIC__
__AUTOMETRIC__|0.1.2|16292|crew_log_82eebc259301ca29|0|1786324008.951|0.000|0.000|119791616|146460672|__DEFAULT__|__AUTOMETRIC__
__AUTOMETRIC__|0.1.2|16292|crew_log_82eebc259301ca29|0|1786324009.962|0.000|0.000|119783424|146452480|__DEFAULT__|__AUTOMETRIC__
__AUTOMETRIC__|0.1.2|16292|crew_log_82eebc259301ca29|0|1786324010.972|0.000|0.000|119791616|146460672|__DEFAULT__|__AUTOMETRIC__
__AUTOMETRIC__|0.1.2|16292|crew_log_82eebc259301ca29|0|1786324011.981|0.000|0.000|119791616|146460672|__DEFAULT__|__AUTOMETRIC__
__AUTOMETRIC__|0.1.2|16292|crew_log_82eebc259301ca29|0|1786324012.993|0.000|0.000|119791616|146460672|__DEFAULT__|__AUTOMETRIC__
__AUTOMETRIC__|0.1.2|16292|crew_log_82eebc259301ca29|0|1786324013.997|0.000|0.000|119783424|146452480|__DEFAULT__|__AUTOMETRIC__
__AUTOMETRIC__|0.1.2|16292|crew_log_82eebc259301ca29|0|1786324015.011|0.000|0.000|119791616|146460672|__DEFAULT__|__AUTOMETRIC__
__AUTOMETRIC__|0.1.2|16292|crew_log_82eebc259301ca29|0|1786324016.013|0.000|0.000|119791616|146460672|__DEFAULT__|__AUTOMETRIC__
__AUTOMETRIC__|0.1.2|16292|crew_log_82eebc259301ca29|0|1786324017.019|0.000|0.000|119783424|146452480|__DEFAULT__|__AUTOMETRIC__
__AUTOMETRIC__|0.1.2|16292|crew_log_82eebc259301ca29|0|1786324018.029|0.000|0.000|119783424|146460672|__DEFAULT__|__AUTOMETRIC__
__AUTOMETRIC__|0.1.2|16292|crew_log_82eebc259301ca29|0|1786324019.042|0.000|0.000|119783424|146452480|__DEFAULT__|__AUTOMETRIC__
__AUTOMETRIC__|0.1.2|16292|crew_log_82eebc259301ca29|0|1786324020.054|0.000|0.000|119791616|146460672|__DEFAULT__|__AUTOMETRIC__
__AUTOMETRIC__|0.1.2|16292|crew_log_82eebc259301ca29|0|1786324021.063|0.000|0.000|119783424|146452480|__DEFAULT__|__AUTOMETRIC__
__AUTOMETRIC__|0.1.2|16292|crew_log_82eebc259301ca29|0|1786324022.071|0.000|0.000|119791616|146460672|__DEFAULT__|__AUTOMETRIC__
__AUTOMETRIC__|0.1.2|16292|crew_log_82eebc259301ca29|0|1786324023.078|0.000|0.000|119783424|146452480|__DEFAULT__|__AUTOMETRIC__
__AUTOMETRIC__|0.1.2|16292|crew_log_82eebc259301ca29|0|1786324024.082|0.000|0.000|119783424|146452480|__DEFAULT__|__AUTOMETRIC__
__AUTOMETRIC__|0.1.2|16292|crew_log_82eebc259301ca29|0|1786324025.094|0.000|0.000|119783424|146452480|__DEFAULT__|__AUTOMETRIC__
__AUTOMETRIC__|0.1.2|16292|crew_log_82eebc259301ca29|0|1786324026.106|0.000|0.000|119791616|146460672|__DEFAULT__|__AUTOMETRIC__
__AUTOMETRIC__|0.1.2|16292|crew_log_82eebc259301ca29|0|1786324027.118|0.000|0.000|119791616|146460672|__DEFAULT__|__AUTOMETRIC__
__AUTOMETRIC__|0.1.2|16292|crew_log_82eebc259301ca29|0|1786324028.133|0.000|0.000|119783424|146452480|__DEFAULT__|__AUTOMETRIC__
__AUTOMETRIC__|0.1.2|16292|crew_log_82eebc259301ca29|0|1786324029.142|0.000|0.000|119791616|146460672|__DEFAULT__|__AUTOMETRIC__
__AUTOMETRIC__|0.1.2|16292|crew_log_82eebc259301ca29|0|1786324030.156|0.000|0.000|119791616|146460672|__DEFAULT__|__AUTOMETRIC__
__AUTOMETRIC__|0.1.2|16292|crew_log_82eebc259301ca29|0|1786324031.156|0.000|0.000|119791616|146460672|__DEFAULT__|__AUTOMETRIC__
