__AUTOMETRIC__|0.1.2|16208|crew_log_aeb4e82ae9561fe0|0|1786318595.627|98.557|6.160|201510912|226799616|param_set|__AUTOMETRIC__
__AUTOMETRIC__|0.1.2|16208|crew_log_aeb4e82ae9561fe0|0|1786318596.632|98.027|6.127|270483456|295493632|param_set|__AUTOMETRIC__
__AUTOMETRIC__|0.1.2|16208|crew_log_aeb4e82ae9561fe0|0|1786318597.644|83.368|5.211|406650880|437534720|__DEFAULT__|__AUTOMETRIC__
__AUTOMETRIC__|0.1.2|16208|crew_log_aeb4e82ae9561fe0|0|1786318598.652|3.098|0.194|397697024|428339200|__DEFAULT__|__AUTOMETRIC__
__AUTOMETRIC__|0.1.2|16208|crew_log_aeb4e82ae9561fe0|0|1786318599.659|0.000|0.000|397697024|428339200|__DEFAULT__|__AUTOMETRIC__
__AUTOMETRIC__|0.1.2|16208|crew_log_aeb4e82ae9561fe0|0|1786318600.661|43.658|2.729|408903680|441683968|gen_data_541e7f098b78d5cf|__AUTOMETRIC__
__AUTOMETRIC__|0.1.2|16208|crew_log_aeb4e82ae9561fe0|0|1786318601.669|100.821|6.301|398479360|431235072|gen_data_541e7f098b78d5cf|__AUTOMETRIC__
__AUTOMETRIC__|0.1.2|16208|crew_log_aeb4e82ae9561fe0|0|1786318602.670|96.744|6.046|397783040|430538752|gen_data_541e7f098b78d5cf|__AUTOMETRIC__
__AUTOMETRIC__|0.1.2|16208|crew_log_aeb4e82ae9561fe0|0|1786318603.672|99.814|6.238|397684736|430440448|gen_data_541e7f098b78d5cf|__AUTOMETRIC__
__AUTOMETRIC__|0.1.2|16208|crew_log_aeb4e82ae9561fe0|0|1786318604.684|100.302|6.269|397979648|430735360|gen_data_541e7f098b78d5cf|__AUTOMETRIC__
__AUTOMETRIC__|0.1.2|16208|crew_log_aeb4e82ae9561fe0|0|1786318605.688|99.629|6.227|397983744|430739456|gen_data_541e7f098b78d5cf|__AUTOMETRIC__
__AUTOMETRIC__|0.1.2|16208|crew_log_aeb4e82ae9561fe0|0|1786318606.705|95.312|5.957|397983744|430739456|gen_data_541e7f098b78d5cf|__AUTOMETRIC__
__AUTOMETRIC__|0.1.2|16208|crew_log_aeb4e82ae9561fe0|0|1786318607.720|100.039|6.252|397254656|430010368|gen_data_541e7f098b78d5cf|__AUTOMETRIC__
__AUTOMETRIC__|0.1.2|16208|crew_log_aeb4e82ae9561fe0|0|1786318608.721|99.846|6.240|397225984|429981696|gen_data_541e7f098b78d5cf|__AUTOMETRIC__
__AUTOMETRIC__|0.1.2|16208|crew_log_aeb4e82ae9561fe0|0|1786318609.722|98.397|6.150|397266944|430022656|gen_data_541e7f098b78d5cf|__AUTOMETRIC__
__AUTOMETRIC__|0.1.2|16208|crew_log_aeb4e82ae9561fe0|0|1786318610.731|99.068|6.192|397250560|430006272|gen_data_541e7f098b78d5cf|__AUTOMETRIC__
__AUTOMETRIC__|0.1.2|16208|crew_log_aeb4e82ae9561fe0|0|1786318611.744|100.274|6.267|397271040|430026752|gen_data_541e7f098b78d5cf|__AUTOMETRIC__
__AUTOMETRIC__|0.1.2|16208|crew_log_aeb4e82ae9561fe0|0|1786318612.753|99.109|6.194|397266944|430022656|gen_data_541e7f098b78d5cf|__AUTOMETRIC__
__AUTOMETRIC__|0.1.2|16208|crew_log_aeb4e82ae9561fe0|0|1786318613.762|100.619|6.289|397029376|429785088|gen_data_541e7f098b78d5cf|__AUTOMETRIC__
__AUTOMETRIC__|0.1.2|16208|crew_log_aeb4e82ae9561fe0|0|1786318614.767|99.567|6.223|397234176|430018560|gen_data_541e7f098b78d5cf|__AUTOMETRIC__
__AUTOMETRIC__|0.1.2|16208|crew_log_aeb4e82ae9561fe0|0|1786318615.780|98.684|6.168|396828672|429576192|gen_data_541e7f098b78d5cf|__AUTOMETRIC__
__AUTOMETRIC__|0.1.2|16208|crew_log_aeb4e82ae9561fe0|0|1786318616.784|99.577|6.224|396804096|429551616|gen_data_541e7f098b78d5cf|__AUTOMETRIC__
__AUTOMETRIC__|0.1.2|16208|crew_log_aeb4e82ae9561fe0|0|1786318617.802|99.763|6.235|396791808|429539328|gen_data_541e7f098b78d5cf|__AUTOMETRIC__
__AUTOMETRIC__|0.1.2|16208|crew_log_aeb4e82ae9561fe0|0|1786318618.815|101.853|6.366|396816384|429563904|gen_data_541e7f098b78d5cf|__AUTOMETRIC__
__AUTOMETRIC__|0.1.2|16208|crew_log_aeb4e82ae9561fe0|0|1786318619.815|99.950|6.247|396800000|429547520|gen_data_541e7f098b78d5cf|__AUTOMETRIC__
__AUTOMETRIC__|0.1.2|16208|crew_log_aeb4e82ae9561fe0|0|1786318620.831|100.037|6.252|396800000|429547520|gen_data_541e7f098b78d5cf|__AUTOMETRIC__
__AUTOMETRIC__|0.1.2|16208|crew_log_aeb4e82ae9561fe0|0|1786318621.843|100.264|6.266|396750848|429498368|gen_data_541e7f098b78d5cf|__AUTOMETRIC__
__AUTOMETRIC__|0.1.2|16208|crew_log_aeb4e82ae9561fe0|0|1786318622.858|100.136|6.258|396742656|429490176|gen_data_541e7f098b78d5cf|__AUTOMETRIC__
__AUTOMETRIC__|0.1.2|16208|crew_log_aeb4e82ae9561fe0|0|1786318623.858|98.438|6.152|396746752|429494272|gen_data_541e7f098b78d5cf|__AUTOMETRIC__
__AUTOMETRIC__|0.1.2|16208|crew_log_aeb4e82ae9561fe0|0|1786318624.858|98.417|6.151|396722176|429469696|gen_data_541e7f098b78d5cf|__AUTOMETRIC__
__AUTOMETRIC__|0.1.2|16208|crew_log_aeb4e82ae9561fe0|0|1786318625.863|96.432|6.027|396681216|429428736|gen_data_541e7f098b78d5cf|__AUTOMETRIC__
__AUTOMETRIC__|0.1.2|16208|crew_log_aeb4e82ae9561fe0|0|1786318626.875|98.743|6.171|396832768|429649920|gen_data_541e7f098b78d5cf|__AUTOMETRIC__
__AUTOMETRIC__|0.1.2|16208|crew_log_aeb4e82ae9561fe0|0|1786318627.886|98.891|6.181|396840960|429649920|gen_data_541e7f098b78d5cf|__AUTOMETRIC__
__AUTOMETRIC__|0.1.2|16208|crew_log_aeb4e82ae9561fe0|0|1786318628.893|99.316|6.207|396873728|429670400|gen_data_541e7f098b78d5cf|__AUTOMETRIC__
__AUTOMETRIC__|0.1.2|16208|crew_log_aeb4e82ae9561fe0|0|1786318629.907|100.240|6.265|397242368|429981696|gen_data_541e7f098b78d5cf|__AUTOMETRIC__
__AUTOMETRIC__|0.1.2|16208|crew_log_aeb4e82ae9561fe0|0|1786318630.910|99.667|6.229|396804096|429543424|gen_data_541e7f098b78d5cf|__AUTOMETRIC__
__AUTOMETRIC__|0.1.2|16208|crew_log_aeb4e82ae9561fe0|0|1786318631.916|100.914|6.307|396677120|429416448|gen_data_541e7f098b78d5cf|__AUTOMETRIC__
__AUTOMETRIC__|0.1.2|16208|crew_log_aeb4e82ae9561fe0|0|1786318632.921|99.563|6.223|396820480|429559808|gen_data_541e7f098b78d5cf|__AUTOMETRIC__
__AUTOMETRIC__|0.1.2|16208|crew_log_aeb4e82ae9561fe0|0|1786318633.923|95.139|5.946|396832768|429572096|gen_data_541e7f098b78d5cf|__AUTOMETRIC__
__AUTOMETRIC__|0.1.2|16208|crew_log_aeb4e82ae9561fe0|0|1786318634.931|100.751|6.297|396820480|429559808|gen_data_541e7f098b78d5cf|__AUTOMETRIC__
__AUTOMETRIC__|0.1.2|16208|crew_log_aeb4e82ae9561fe0|0|1786318635.933|98.237|6.140|396840960|429580288|gen_data_541e7f098b78d5cf|__AUTOMETRIC__
