__AUTOMETRIC__|0.1.2|2163904|crew_log_796f882c70d2ce2b|0|1786756163.658|78.990|0.411|211132416|2826760192|sim_data_aaf7239b1c98d314|__AUTOMETRIC__
__AUTOMETRIC__|0.1.2|2163904|crew_log_796f882c70d2ce2b|0|1786756164.660|97.846|0.510|355635200|2973126656|sim_data_aaf7239b1c98d314|__AUTOMETRIC__
__AUTOMETRIC__|0.1.2|2163904|crew_log_796f882c70d2ce2b|0|1786756165.661|94.885|0.494|476745728|3101306880|sim_data_aaf7239b1c98d314|__AUTOMETRIC__
__AUTOMETRIC__|0.1.2|2163904|crew_log_796f882c70d2ce2b|0|1786756166.663|98.837|0.515|654479360|3278299136|sim_data_aaf7239b1c98d314|__AUTOMETRIC__
__AUTOMETRIC__|0.1.2|2163904|crew_log_796f882c70d2ce2b|0|1786756167.664|99.879|0.520|923439104|3547107328|sim_data_aaf7239b1c98d314|__AUTOMETRIC__
__AUTOMETRIC__|0.1.2|2163904|crew_log_796f882c70d2ce2b|0|1786756168.665|96.881|0.505|1090162688|3714879488|sim_data_aaf7239b1c98d314|__AUTOMETRIC__
__AUTOMETRIC__|0.1.2|2163904|crew_log_796f882c70d2ce2b|0|1786756169.666|98.889|0.515|1168805888|3793469440|sim_data_aaf7239b1c98d314|__AUTOMETRIC__
__AUTOMETRIC__|0.1.2|2163904|crew_log_796f882c70d2ce2b|0|1786756170.667|99.878|0.520|1436192768|4060246016|sim_data_aaf7239b1c98d314|__AUTOMETRIC__
__AUTOMETRIC__|0.1.2|2163904|crew_log_796f882c70d2ce2b|0|1786756171.669|99.863|0.520|1720881152|4344463360|sim_data_aaf7239b1c98d314|__AUTOMETRIC__
__AUTOMETRIC__|0.1.2|2163904|crew_log_796f882c70d2ce2b|0|1786756172.670|98.893|0.515|1758629888|4382728192|sim_data_aaf7239b1c98d314|__AUTOMETRIC__
__AUTOMETRIC__|0.1.2|2163904|crew_log_796f882c70d2ce2b|0|1786756173.671|98.894|0.515|2145554432|4769431552|sim_data_aaf7239b1c98d314|__AUTOMETRIC__
__AUTOMETRIC__|0.1.2|2163904|crew_log_796f882c70d2ce2b|0|1786756174.672|99.863|0.520|2145554432|4769431552|sim_data_aaf7239b1c98d314|__AUTOMETRIC__
__AUTOMETRIC__|0.1.2|2163904|crew_log_796f882c70d2ce2b|0|1786756175.674|99.833|0.520|2609549312|5233569792|sim_data_aaf7239b1c98d314|__AUTOMETRIC__
__AUTOMETRIC__|0.1.2|2163904|crew_log_796f882c70d2ce2b|0|1786756176.676|99.822|0.520|2609549312|5233569792|sim_data_aaf7239b1c98d314|__AUTOMETRIC__
__AUTOMETRIC__|0.1.2|2163904|crew_log_796f882c70d2ce2b|0|1786756177.677|99.886|0.520|2880081920|5503598592|sim_data_aaf7239b1c98d314|__AUTOMETRIC__
__AUTOMETRIC__|0.1.2|2163904|crew_log_796f882c70d2ce2b|0|1786756178.678|98.886|0.515|3166343168|5790838784|sim_data_aaf7239b1c98d314|__AUTOMETRIC__
__AUTOMETRIC__|0.1.2|2163904|crew_log_796f882c70d2ce2b|0|1786756179.679|98.857|0.515|3166343168|5790838784|sim_data_aaf7239b1c98d314|__AUTOMETRIC__
__AUTOMETRIC__|0.1.2|2163904|crew_log_796f882c70d2ce2b|0|1786756180.681|100.871|0.525|3557986304|6182035456|sim_data_aaf7239b1c98d314|__AUTOMETRIC__
__AUTOMETRIC__|0.1.2|2163904|crew_log_796f882c70d2ce2b|0|1786756181.682|98.875|0.515|3834810368|6459301888|sim_data_aaf7239b1c98d314|__AUTOMETRIC__
__AUTOMETRIC__|0.1.2|2163904|crew_log_796f882c70d2ce2b|0|1786756182.683|99.867|0.520|3834810368|6459301888|sim_data_aaf7239b1c98d314|__AUTOMETRIC__
__AUTOMETRIC__|0.1.2|2163904|crew_log_796f882c70d2ce2b|0|1786756183.684|99.885|0.520|3970076672|6594584576|sim_data_aaf7239b1c98d314|__AUTOMETRIC__
__AUTOMETRIC__|0.1.2|2163904|crew_log_796f882c70d2ce2b|0|1786756184.686|98.821|0.515|4627533824|7251173376|sim_data_aaf7239b1c98d314|__AUTOMETRIC__
__AUTOMETRIC__|0.1.2|2163904|crew_log_796f882c70d2ce2b|0|1786756185.688|99.872|0.520|4636971008|7261429760|sim_data_aaf7239b1c98d314|__AUTOMETRIC__
__AUTOMETRIC__|0.1.2|2163904|crew_log_796f882c70d2ce2b|0|1786756186.689|98.821|0.515|4636971008|7261429760|sim_data_aaf7239b1c98d314|__AUTOMETRIC__
__AUTOMETRIC__|0.1.2|2163904|crew_log_796f882c70d2ce2b|0|1786756187.691|99.864|0.520|4710895616|7334543360|sim_data_aaf7239b1c98d314|__AUTOMETRIC__
__AUTOMETRIC__|0.1.2|2163904|crew_log_796f882c70d2ce2b|0|1786756188.692|99.856|0.520|5374644224|7999520768|sim_data_aaf7239b1c98d314|__AUTOMETRIC__
__AUTOMETRIC__|0.1.2|2163904|crew_log_796f882c70d2ce2b|0|1786756189.694|99.861|0.520|5599563776|8224178176|sim_data_aaf7239b1c98d314|__AUTOMETRIC__
__AUTOMETRIC__|0.1.2|2163904|crew_log_796f882c70d2ce2b|0|1786756190.695|98.857|0.515|5599563776|8224178176|sim_data_aaf7239b1c98d314|__AUTOMETRIC__
__AUTOMETRIC__|0.1.2|2163904|crew_log_796f882c70d2ce2b|0|1786756191.697|99.777|0.520|5599563776|8224178176|sim_data_aaf7239b1c98d314|__AUTOMETRIC__
__AUTOMETRIC__|0.1.2|2163904|crew_log_796f882c70d2ce2b|0|1786756192.698|99.880|0.520|5977051136|8601350144|sim_data_aaf7239b1c98d314|__AUTOMETRIC__
__AUTOMETRIC__|0.1.2|2163904|crew_log_796f882c70d2ce2b|0|1786756193.700|98.874|0.515|6636081152|9259720704|sim_data_aaf7239b1c98d314|__AUTOMETRIC__
__AUTOMETRIC__|0.1.2|2163904|crew_log_796f882c70d2ce2b|0|1786756194.701|99.863|0.520|6755618816|9379278848|sim_data_aaf7239b1c98d314|__AUTOMETRIC__
__AUTOMETRIC__|0.1.2|2163904|crew_log_796f882c70d2ce2b|0|1786756195.703|98.840|0.515|6755618816|9379278848|sim_data_aaf7239b1c98d314|__AUTOMETRIC__
__AUTOMETRIC__|0.1.2|2163904|crew_log_796f882c70d2ce2b|0|1786756196.705|99.818|0.520|6755618816|9379278848|sim_data_aaf7239b1c98d314|__AUTOMETRIC__
__AUTOMETRIC__|0.1.2|2163904|crew_log_796f882c70d2ce2b|0|1786756197.706|99.824|0.520|6755618816|9379278848|sim_data_aaf7239b1c98d314|__AUTOMETRIC__
__AUTOMETRIC__|0.1.2|2163904|crew_log_796f882c70d2ce2b|0|1786756198.708|99.858|0.520|7229050880|9853472768|sim_data_aaf7239b1c98d314|__AUTOMETRIC__
__AUTOMETRIC__|0.1.2|2163904|crew_log_796f882c70d2ce2b|0|1786756199.709|98.866|0.515|7877070848|10501185536|sim_data_aaf7239b1c98d314|__AUTOMETRIC__
__AUTOMETRIC__|0.1.2|2163904|crew_log_796f882c70d2ce2b|0|1786756200.710|99.879|0.520|8141312000|10765492224|sim_data_aaf7239b1c98d314|__AUTOMETRIC__
__AUTOMETRIC__|0.1.2|2163904|crew_log_796f882c70d2ce2b|0|1786756201.712|99.877|0.520|8141312000|10765492224|sim_data_aaf7239b1c98d314|__AUTOMETRIC__
__AUTOMETRIC__|0.1.2|2163904|crew_log_796f882c70d2ce2b|0|1786756202.713|98.896|0.515|8141312000|10765492224|sim_data_aaf7239b1c98d314|__AUTOMETRIC__
__AUTOMETRIC__|0.1.2|2163904|crew_log_796f882c70d2ce2b|0|1786756203.714|99.833|0.520|8141312000|10765492224|sim_data_aaf7239b1c98d314|__AUTOMETRIC__
__AUTOMETRIC__|0.1.2|2163904|crew_log_796f882c70d2ce2b|0|1786756204.715|99.879|0.520|8141312000|10765492224|sim_data_aaf7239b1c98d314|__AUTOMETRIC__
__AUTOMETRIC__|0.1.2|2163904|crew_log_796f882c70d2ce2b|0|1786756205.716|99.902|0.520|8576995328|11201843200|sim_data_aaf7239b1c98d314|__AUTOMETRIC__
__AUTOMETRIC__|0.1.2|2163904|crew_log_796f882c70d2ce2b|0|1786756206.718|98.840|0.515|9256472576|11881058304|sim_data_aaf7239b1c98d314|__AUTOMETRIC__
__AUTOMETRIC__|0.1.2|2163904|crew_log_796f882c70d2ce2b|0|1786756207.719|99.858|0.520|9805402112|12429012992|sim_data_aaf7239b1c98d314|__AUTOMETRIC__
__AUTOMETRIC__|0.1.2|2163904|crew_log_796f882c70d2ce2b|0|1786756208.721|98.862|0.515|9805402112|12429152256|sim_data_aaf7239b1c98d314|__AUTOMETRIC__
__AUTOMETRIC__|0.1.2|2163904|crew_log_796f882c70d2ce2b|0|1786756209.722|99.889|0.520|9805402112|12429152256|sim_data_aaf7239b1c98d314|__AUTOMETRIC__
__AUTOMETRIC__|0.1.2|2163904|crew_log_796f882c70d2ce2b|0|1786756210.723|99.890|0.520|9805402112|12429152256|sim_data_aaf7239b1c98d314|__AUTOMETRIC__
__AUTOMETRIC__|0.1.2|2163904|crew_log_796f882c70d2ce2b|0|1786756211.724|98.894|0.515|9805402112|12429152256|sim_data_aaf7239b1c98d314|__AUTOMETRIC__
__AUTOMETRIC__|0.1.2|2163904|crew_log_796f882c70d2ce2b|0|1786756212.725|99.892|0.520|9805402112|12429152256|sim_data_aaf7239b1c98d314|__AUTOMETRIC__
__AUTOMETRIC__|0.1.2|2163904|crew_log_796f882c70d2ce2b|0|1786756213.726|99.908|0.520|9913929728|12538630144|sim_data_aaf7239b1c98d314|__AUTOMETRIC__
__AUTOMETRIC__|0.1.2|2163904|crew_log_796f882c70d2ce2b|0|1786756214.727|99.897|0.520|10557231104|13181423616|sim_data_aaf7239b1c98d314|__AUTOMETRIC__
__AUTOMETRIC__|0.1.2|2163904|crew_log_796f882c70d2ce2b|0|1786756215.728|98.890|0.515|11198959616|13823139840|sim_data_aaf7239b1c98d314|__AUTOMETRIC__
__AUTOMETRIC__|0.1.2|2163904|crew_log_796f882c70d2ce2b|0|1786756216.730|99.789|0.520|11801366528|14425243648|sim_data_aaf7239b1c98d314|__AUTOMETRIC__
__AUTOMETRIC__|0.1.2|2163904|crew_log_796f882c70d2ce2b|0|1786756217.732|98.832|0.515|11801366528|14425378816|sim_data_aaf7239b1c98d314|__AUTOMETRIC__
__AUTOMETRIC__|0.1.2|2163904|crew_log_796f882c70d2ce2b|0|1786756218.733|99.868|0.520|11801366528|14425378816|sim_data_aaf7239b1c98d314|__AUTOMETRIC__
__AUTOMETRIC__|0.1.2|2163904|crew_log_796f882c70d2ce2b|0|1786756219.735|99.868|0.520|11801366528|14425378816|sim_data_aaf7239b1c98d314|__AUTOMETRIC__
__AUTOMETRIC__|0.1.2|2163904|crew_log_796f882c70d2ce2b|0|1786756220.736|98.876|0.515|11801366528|14425378816|sim_data_aaf7239b1c98d314|__AUTOMETRIC__
__AUTOMETRIC__|0.1.2|2163904|crew_log_796f882c70d2ce2b|0|1786756221.738|99.803|0.520|11801366528|14425378816|sim_data_aaf7239b1c98d314|__AUTOMETRIC__
__AUTOMETRIC__|0.1.2|2163904|crew_log_796f882c70d2ce2b|0|1786756222.739|99.895|0.520|11801366528|14425378816|sim_data_aaf7239b1c98d314|__AUTOMETRIC__
__AUTOMETRIC__|0.1.2|2163904|crew_log_796f882c70d2ce2b|0|1786756223.740|99.887|0.520|11801366528|14425378816|sim_data_aaf7239b1c98d314|__AUTOMETRIC__
__AUTOMETRIC__|0.1.2|2163904|crew_log_796f882c70d2ce2b|0|1786756224.741|99.892|0.520|12380180480|15005057024|sim_data_aaf7239b1c98d314|__AUTOMETRIC__
__AUTOMETRIC__|0.1.2|2163904|crew_log_796f882c70d2ce2b|0|1786756225.742|98.887|0.515|13029773312|15653646336|sim_data_aaf7239b1c98d314|__AUTOMETRIC__
__AUTOMETRIC__|0.1.2|2163904|crew_log_796f882c70d2ce2b|0|1786756226.747|99.577|0.519|13685657600|16309260288|sim_data_aaf7239b1c98d314|__AUTOMETRIC__
__AUTOMETRIC__|0.1.2|2163904|crew_log_796f882c70d2ce2b|0|1786756227.748|99.862|0.520|14196838400|16820744192|sim_data_aaf7239b1c98d314|__AUTOMETRIC__
__AUTOMETRIC__|0.1.2|2163904|crew_log_796f882c70d2ce2b|0|1786756228.749|98.891|0.515|14196838400|16821018624|sim_data_aaf7239b1c98d314|__AUTOMETRIC__
__AUTOMETRIC__|0.1.2|2163904|crew_log_796f882c70d2ce2b|0|1786756229.750|99.876|0.520|14196838400|16821018624|sim_data_aaf7239b1c98d314|__AUTOMETRIC__
__AUTOMETRIC__|0.1.2|2163904|crew_log_796f882c70d2ce2b|0|1786756230.752|98.886|0.515|14196838400|16821018624|sim_data_aaf7239b1c98d314|__AUTOMETRIC__
__AUTOMETRIC__|0.1.2|2163904|crew_log_796f882c70d2ce2b|0|1786756231.753|99.874|0.520|14196838400|16821018624|sim_data_aaf7239b1c98d314|__AUTOMETRIC__
__AUTOMETRIC__|0.1.2|2163904|crew_log_796f882c70d2ce2b|0|1786756232.754|99.878|0.520|14196838400|16821018624|sim_data_aaf7239b1c98d314|__AUTOMETRIC__
__AUTOMETRIC__|0.1.2|2163904|crew_log_796f882c70d2ce2b|0|1786756233.756|99.770|0.520|14196838400|16821018624|sim_data_aaf7239b1c98d314|__AUTOMETRIC__
__AUTOMETRIC__|0.1.2|2163904|crew_log_796f882c70d2ce2b|0|1786756234.758|98.873|0.515|14196838400|16821018624|sim_data_aaf7239b1c98d314|__AUTOMETRIC__
__AUTOMETRIC__|0.1.2|2163904|crew_log_796f882c70d2ce2b|0|1786756235.759|99.859|0.520|14196838400|16821018624|sim_data_aaf7239b1c98d314|__AUTOMETRIC__
__AUTOMETRIC__|0.1.2|2163904|crew_log_796f882c70d2ce2b|0|1786756236.761|98.814|0.515|14615220224|17240236032|sim_data_aaf7239b1c98d314|__AUTOMETRIC__
__AUTOMETRIC__|0.1.2|2163904|crew_log_796f882c70d2ce2b|0|1786756237.762|99.844|0.520|15272677376|17896669184|sim_data_aaf7239b1c98d314|__AUTOMETRIC__
__AUTOMETRIC__|0.1.2|2163904|crew_log_796f882c70d2ce2b|0|1786756238.764|99.864|0.520|15939571712|18563686400|sim_data_aaf7239b1c98d314|__AUTOMETRIC__
__AUTOMETRIC__|0.1.2|2163904|crew_log_796f882c70d2ce2b|0|1786756239.766|99.764|0.520|16609611776|19233918976|sim_data_aaf7239b1c98d314|__AUTOMETRIC__
__AUTOMETRIC__|0.1.2|2163904|crew_log_796f882c70d2ce2b|0|1786756240.767|99.881|0.520|17072033792|19695554560|sim_data_aaf7239b1c98d314|__AUTOMETRIC__
__AUTOMETRIC__|0.1.2|2163904|crew_log_796f882c70d2ce2b|0|1786756241.768|98.895|0.515|17072033792|19695689728|sim_data_aaf7239b1c98d314|__AUTOMETRIC__
__AUTOMETRIC__|0.1.2|2163904|crew_log_796f882c70d2ce2b|0|1786756242.769|99.896|0.520|17072033792|19695689728|sim_data_aaf7239b1c98d314|__AUTOMETRIC__
__AUTOMETRIC__|0.1.2|2163904|crew_log_796f882c70d2ce2b|0|1786756243.771|99.887|0.520|17072033792|19695689728|sim_data_aaf7239b1c98d314|__AUTOMETRIC__
__AUTOMETRIC__|0.1.2|2163904|crew_log_796f882c70d2ce2b|0|1786756244.772|99.888|0.520|17072033792|19695689728|sim_data_aaf7239b1c98d314|__AUTOMETRIC__
__AUTOMETRIC__|0.1.2|2163904|crew_log_796f882c70d2ce2b|0|1786756245.773|98.902|0.515|17072033792|19695689728|sim_data_aaf7239b1c98d314|__AUTOMETRIC__
__AUTOMETRIC__|0.1.2|2163904|crew_log_796f882c70d2ce2b|0|1786756246.774|99.829|0.520|17072033792|19695689728|sim_data_aaf7239b1c98d314|__AUTOMETRIC__
__AUTOMETRIC__|0.1.2|2163904|crew_log_796f882c70d2ce2b|0|1786756247.776|99.845|0.520|17072033792|19695689728|sim_data_aaf7239b1c98d314|__AUTOMETRIC__
__AUTOMETRIC__|0.1.2|2163904|crew_log_796f882c70d2ce2b|0|1786756248.777|98.885|0.515|17072033792|19695689728|sim_data_aaf7239b1c98d314|__AUTOMETRIC__
__AUTOMETRIC__|0.1.2|2163904|crew_log_796f882c70d2ce2b|0|1786756249.778|99.889|0.520|17090908160|19714686976|sim_data_aaf7239b1c98d314|__AUTOMETRIC__
__AUTOMETRIC__|0.1.2|2163904|crew_log_796f882c70d2ce2b|0|1786756250.779|98.891|0.515|17748365312|20372242432|sim_data_aaf7239b1c98d314|__AUTOMETRIC__
__AUTOMETRIC__|0.1.2|2163904|crew_log_796f882c70d2ce2b|0|1786756251.780|99.887|0.520|18407395328|21032321024|sim_data_aaf7239b1c98d314|__AUTOMETRIC__
__AUTOMETRIC__|0.1.2|2163904|crew_log_796f882c70d2ce2b|0|1786756252.782|98.892|0.515|19074289664|21698723840|sim_data_aaf7239b1c98d314|__AUTOMETRIC__
__AUTOMETRIC__|0.1.2|2163904|crew_log_796f882c70d2ce2b|0|1786756253.783|99.871|0.520|19728601088|22352080896|sim_data_aaf7239b1c98d314|__AUTOMETRIC__
__AUTOMETRIC__|0.1.2|2163904|crew_log_796f882c70d2ce2b|0|1786756254.784|99.870|0.520|20389203968|23013322752|sim_data_aaf7239b1c98d314|__AUTOMETRIC__
__AUTOMETRIC__|0.1.2|2163904|crew_log_796f882c70d2ce2b|0|1786756255.785|98.892|0.515|20521324544|23145259008|sim_data_aaf7239b1c98d314|__AUTOMETRIC__
__AUTOMETRIC__|0.1.2|2163904|crew_log_796f882c70d2ce2b|0|1786756256.787|99.829|0.520|20521324544|23145259008|sim_data_aaf7239b1c98d314|__AUTOMETRIC__
__AUTOMETRIC__|0.1.2|2163904|crew_log_796f882c70d2ce2b|0|1786756257.788|98.864|0.515|20521324544|23145259008|sim_data_aaf7239b1c98d314|__AUTOMETRIC__
__AUTOMETRIC__|0.1.2|2163904|crew_log_796f882c70d2ce2b|0|1786756258.790|99.885|0.520|20521324544|23145259008|sim_data_aaf7239b1c98d314|__AUTOMETRIC__
__AUTOMETRIC__|0.1.2|2163904|crew_log_796f882c70d2ce2b|0|1786756259.791|100.885|0.525|20521324544|23145259008|sim_data_aaf7239b1c98d314|__AUTOMETRIC__
__AUTOMETRIC__|0.1.2|2163904|crew_log_796f882c70d2ce2b|0|1786756260.792|98.882|0.515|20521324544|23145259008|sim_data_aaf7239b1c98d314|__AUTOMETRIC__
__AUTOMETRIC__|0.1.2|2163904|crew_log_796f882c70d2ce2b|0|1786756261.793|98.877|0.515|20521324544|23145259008|sim_data_aaf7239b1c98d314|__AUTOMETRIC__
__AUTOMETRIC__|0.1.2|2163904|crew_log_796f882c70d2ce2b|0|1786756262.794|99.878|0.520|20521324544|23145259008|sim_data_aaf7239b1c98d314|__AUTOMETRIC__
__AUTOMETRIC__|0.1.2|2163904|crew_log_796f882c70d2ce2b|0|1786756263.796|98.868|0.515|20521324544|23145259008|sim_data_aaf7239b1c98d314|__AUTOMETRIC__
__AUTOMETRIC__|0.1.2|2163904|crew_log_796f882c70d2ce2b|0|1786756264.797|98.889|0.515|20521324544|23145259008|sim_data_aaf7239b1c98d314|__AUTOMETRIC__
__AUTOMETRIC__|0.1.2|2163904|crew_log_796f882c70d2ce2b|0|1786756265.798|99.882|0.520|20521324544|23145259008|sim_data_aaf7239b1c98d314|__AUTOMETRIC__
__AUTOMETRIC__|0.1.2|2163904|crew_log_796f882c70d2ce2b|0|1786756266.800|98.832|0.515|20754108416|23377870848|sim_data_aaf7239b1c98d314|__AUTOMETRIC__
__AUTOMETRIC__|0.1.2|2163904|crew_log_796f882c70d2ce2b|0|1786756267.801|99.833|0.520|21225967616|23849496576|sim_data_aaf7239b1c98d314|__AUTOMETRIC__
__AUTOMETRIC__|0.1.2|2163904|crew_log_796f882c70d2ce2b|0|1786756268.802|98.891|0.515|21225967616|23849496576|sim_data_aaf7239b1c98d314|__AUTOMETRIC__
__AUTOMETRIC__|0.1.2|2163904|crew_log_796f882c70d2ce2b|0|1786756269.804|99.867|0.520|21225967616|23849496576|sim_data_aaf7239b1c98d314|__AUTOMETRIC__
__AUTOMETRIC__|0.1.2|2163904|crew_log_796f882c70d2ce2b|0|1786756270.805|98.887|0.515|21225967616|23849496576|sim_data_aaf7239b1c98d314|__AUTOMETRIC__
__AUTOMETRIC__|0.1.2|2163904|crew_log_796f882c70d2ce2b|0|1786756271.806|99.892|0.520|21225967616|23849496576|sim_data_aaf7239b1c98d314|__AUTOMETRIC__
__AUTOMETRIC__|0.1.2|2163904|crew_log_796f882c70d2ce2b|0|1786756272.807|98.878|0.515|21225967616|23849496576|sim_data_aaf7239b1c98d314|__AUTOMETRIC__
__AUTOMETRIC__|0.1.2|2163904|crew_log_796f882c70d2ce2b|0|1786756273.808|98.879|0.515|21225967616|23849496576|sim_data_aaf7239b1c98d314|__AUTOMETRIC__
__AUTOMETRIC__|0.1.2|2163904|crew_log_796f882c70d2ce2b|0|1786756274.810|99.883|0.520|21225967616|23849496576|sim_data_aaf7239b1c98d314|__AUTOMETRIC__
__AUTOMETRIC__|0.1.2|2163904|crew_log_796f882c70d2ce2b|0|1786756275.811|99.884|0.520|21225967616|23849496576|sim_data_aaf7239b1c98d314|__AUTOMETRIC__
__AUTOMETRIC__|0.1.2|2163904|crew_log_796f882c70d2ce2b|0|1786756276.812|98.831|0.515|21225967616|23849496576|sim_data_aaf7239b1c98d314|__AUTOMETRIC__
__AUTOMETRIC__|0.1.2|2163904|crew_log_796f882c70d2ce2b|0|1786756277.814|99.859|0.520|21225967616|23849496576|sim_data_aaf7239b1c98d314|__AUTOMETRIC__
__AUTOMETRIC__|0.1.2|2163904|crew_log_796f882c70d2ce2b|0|1786756278.817|211.271|1.100|21487714304|24108670976|sim_data_aaf7239b1c98d314|__AUTOMETRIC__
__AUTOMETRIC__|0.1.2|2163904|crew_log_796f882c70d2ce2b|0|1786756279.819|976.866|5.088|22008332288|24763117568|sim_data_aaf7239b1c98d314|__AUTOMETRIC__
__AUTOMETRIC__|0.1.2|2163904|crew_log_796f882c70d2ce2b|0|1786756280.820|900.940|4.692|22612312064|25366224896|sim_data_aaf7239b1c98d314|__AUTOMETRIC__
__AUTOMETRIC__|0.1.2|2163904|crew_log_796f882c70d2ce2b|0|1786756281.821|134.853|0.702|23214718976|25968988160|sim_data_aaf7239b1c98d314|__AUTOMETRIC__
__AUTOMETRIC__|0.1.2|2163904|crew_log_796f882c70d2ce2b|0|1786756282.822|68.922|0.359|23519854592|26274631680|sim_data_aaf7239b1c98d314|__AUTOMETRIC__
__AUTOMETRIC__|0.1.2|2163904|crew_log_796f882c70d2ce2b|0|1786756283.823|4.995|0.026|23548166144|26302885888|sim_data_aaf7239b1c98d314|__AUTOMETRIC__
__AUTOMETRIC__|0.1.2|2163904|crew_log_796f882c70d2ce2b|0|1786756284.824|14.984|0.078|23554457600|26309455872|sim_data_aaf7239b1c98d314|__AUTOMETRIC__
__AUTOMETRIC__|0.1.2|2163904|crew_log_796f882c70d2ce2b|0|1786756285.825|0.999|0.005|23559176192|26313678848|sim_data_aaf7239b1c98d314|__AUTOMETRIC__
__AUTOMETRIC__|0.1.2|2163904|crew_log_796f882c70d2ce2b|0|1786756286.827|0.000|0.000|23560749056|26316423168|sim_data_aaf7239b1c98d314|__AUTOMETRIC__
__AUTOMETRIC__|0.1.2|2163904|crew_log_796f882c70d2ce2b|0|1786756287.829|16.975|0.088|23568613376|26323746816|sim_data_aaf7239b1c98d314|__AUTOMETRIC__
__AUTOMETRIC__|0.1.2|2163904|crew_log_796f882c70d2ce2b|0|1786756288.830|0.000|0.000|23571759104|26327183360|sim_data_aaf7239b1c98d314|__AUTOMETRIC__
__AUTOMETRIC__|0.1.2|2163904|crew_log_796f882c70d2ce2b|0|1786756289.831|15.979|0.083|23574904832|26329808896|sim_data_aaf7239b1c98d314|__AUTOMETRIC__
__AUTOMETRIC__|0.1.2|2163904|crew_log_796f882c70d2ce2b|0|1786756290.832|0.000|0.000|23578050560|26335891456|sim_data_aaf7239b1c98d314|__AUTOMETRIC__
__AUTOMETRIC__|0.1.2|2163904|crew_log_796f882c70d2ce2b|0|1786756291.833|0.999|0.005|23582769152|26339721216|sim_data_aaf7239b1c98d314|__AUTOMETRIC__
__AUTOMETRIC__|0.1.2|2163904|crew_log_796f882c70d2ce2b|0|1786756292.835|81.896|0.427|23964217344|34062766080|sim_data_aaf7239b1c98d314|__AUTOMETRIC__
__AUTOMETRIC__|0.1.2|2163904|crew_log_796f882c70d2ce2b|0|1786756293.836|109.861|0.572|24489201664|35205693440|sim_data_aaf7239b1c98d314|__AUTOMETRIC__
__AUTOMETRIC__|0.1.2|2163904|crew_log_796f882c70d2ce2b|0|1786756294.837|99.885|0.520|25163960320|35883843584|sim_data_aaf7239b1c98d314|__AUTOMETRIC__
__AUTOMETRIC__|0.1.2|2163904|crew_log_796f882c70d2ce2b|0|1786756295.840|874.949|4.557|25508683776|36255010816|sim_data_aaf7239b1c98d314|__AUTOMETRIC__
__AUTOMETRIC__|0.1.2|2163904|crew_log_796f882c70d2ce2b|0|1786756296.841|1275.797|6.645|25628815360|36372426752|sim_data_aaf7239b1c98d314|__AUTOMETRIC__
__AUTOMETRIC__|0.1.2|2163904|crew_log_796f882c70d2ce2b|0|1786756297.843|703.965|3.666|25628815360|36372426752|sim_data_aaf7239b1c98d314|__AUTOMETRIC__
__AUTOMETRIC__|0.1.2|2163904|crew_log_796f882c70d2ce2b|0|1786756298.844|134.849|0.702|25628815360|36372426752|sim_data_aaf7239b1c98d314|__AUTOMETRIC__
__AUTOMETRIC__|0.1.2|2163904|crew_log_796f882c70d2ce2b|0|1786756299.845|28.963|0.151|25628815360|36372426752|sim_data_aaf7239b1c98d314|__AUTOMETRIC__
__AUTOMETRIC__|0.1.2|2163904|crew_log_796f882c70d2ce2b|0|1786756300.847|0.000|0.000|25628815360|36372426752|sim_data_aaf7239b1c98d314|__AUTOMETRIC__
__AUTOMETRIC__|0.1.2|2163904|crew_log_796f882c70d2ce2b|0|1786756301.848|13.981|0.073|25628815360|36372426752|sim_data_aaf7239b1c98d314|__AUTOMETRIC__
__AUTOMETRIC__|0.1.2|2163904|crew_log_796f882c70d2ce2b|0|1786756302.849|0.000|0.000|25628815360|36372426752|sim_data_aaf7239b1c98d314|__AUTOMETRIC__
__AUTOMETRIC__|0.1.2|2163904|crew_log_796f882c70d2ce2b|0|1786756303.850|18.975|0.099|25628815360|36372426752|sim_data_aaf7239b1c98d314|__AUTOMETRIC__
__AUTOMETRIC__|0.1.2|2163904|crew_log_796f882c70d2ce2b|0|1786756304.852|0.999|0.005|25628815360|36372426752|sim_data_aaf7239b1c98d314|__AUTOMETRIC__
__AUTOMETRIC__|0.1.2|2163904|crew_log_796f882c70d2ce2b|0|1786756305.854|17.965|0.094|25628815360|36372426752|sim_data_aaf7239b1c98d314|__AUTOMETRIC__
__AUTOMETRIC__|0.1.2|2163904|crew_log_796f882c70d2ce2b|0|1786756306.855|0.998|0.005|25628815360|36372426752|sim_data_aaf7239b1c98d314|__AUTOMETRIC__
__AUTOMETRIC__|0.1.2|2163904|crew_log_796f882c70d2ce2b|0|1786756307.857|5.991|0.031|25628815360|36372426752|sim_data_aaf7239b1c98d314|__AUTOMETRIC__
__AUTOMETRIC__|0.1.2|2163904|crew_log_796f882c70d2ce2b|0|1786756308.858|80.897|0.421|25638649856|36382633984|sim_data_aaf7239b1c98d314|__AUTOMETRIC__
__AUTOMETRIC__|0.1.2|2163904|crew_log_796f882c70d2ce2b|0|1786756309.859|98.879|0.515|25641795584|36382633984|sim_data_aaf7239b1c98d314|__AUTOMETRIC__
__AUTOMETRIC__|0.1.2|2163904|crew_log_796f882c70d2ce2b|0|1786756310.861|422.480|2.200|25647964160|36382633984|sim_data_aaf7239b1c98d314|__AUTOMETRIC__
__AUTOMETRIC__|0.1.2|2163904|crew_log_796f882c70d2ce2b|0|1786756311.862|1274.385|6.637|25652682752|36386496512|sim_data_aaf7239b1c98d314|__AUTOMETRIC__
__AUTOMETRIC__|0.1.2|2163904|crew_log_796f882c70d2ce2b|0|1786756312.863|1103.796|5.749|25692004352|36426903552|sim_data_aaf7239b1c98d314|__AUTOMETRIC__
__AUTOMETRIC__|0.1.2|2163904|crew_log_796f882c70d2ce2b|0|1786756313.864|135.843|0.708|25692004352|36426903552|sim_data_aaf7239b1c98d314|__AUTOMETRIC__
__AUTOMETRIC__|0.1.2|2163904|crew_log_796f882c70d2ce2b|0|1786756314.865|86.907|0.453|25692004352|36426903552|sim_data_aaf7239b1c98d314|__AUTOMETRIC__
__AUTOMETRIC__|0.1.2|2163904|crew_log_796f882c70d2ce2b|0|1786756315.867|0.999|0.005|25692004352|36426903552|sim_data_aaf7239b1c98d314|__AUTOMETRIC__
__AUTOMETRIC__|0.1.2|2163904|crew_log_796f882c70d2ce2b|0|1786756316.869|0.000|0.000|25692004352|36426903552|sim_data_aaf7239b1c98d314|__AUTOMETRIC__
__AUTOMETRIC__|0.1.2|2163904|crew_log_796f882c70d2ce2b|0|1786756317.870|17.973|0.094|25692004352|36426903552|sim_data_aaf7239b1c98d314|__AUTOMETRIC__
__AUTOMETRIC__|0.1.2|2163904|crew_log_796f882c70d2ce2b|0|1786756318.872|0.999|0.005|25692004352|36426903552|sim_data_aaf7239b1c98d314|__AUTOMETRIC__
__AUTOMETRIC__|0.1.2|2163904|crew_log_796f882c70d2ce2b|0|1786756319.873|17.975|0.094|25692004352|36426903552|sim_data_aaf7239b1c98d314|__AUTOMETRIC__
__AUTOMETRIC__|0.1.2|2163904|crew_log_796f882c70d2ce2b|0|1786756320.874|0.999|0.005|25692004352|36426903552|sim_data_aaf7239b1c98d314|__AUTOMETRIC__
__AUTOMETRIC__|0.1.2|2163904|crew_log_796f882c70d2ce2b|0|1786756321.883|17.838|0.093|25692004352|36426903552|sim_data_aaf7239b1c98d314|__AUTOMETRIC__
__AUTOMETRIC__|0.1.2|2163904|crew_log_796f882c70d2ce2b|0|1786756322.887|0.000|0.000|25692004352|36426903552|sim_data_aaf7239b1c98d314|__AUTOMETRIC__
__AUTOMETRIC__|0.1.2|2163904|crew_log_796f882c70d2ce2b|0|1786756323.889|0.999|0.005|25692004352|36426903552|sim_data_aaf7239b1c98d314|__AUTOMETRIC__
__AUTOMETRIC__|0.1.2|2163904|crew_log_796f882c70d2ce2b|0|1786756324.890|64.916|0.338|25696698368|36426903552|sim_data_aaf7239b1c98d314|__AUTOMETRIC__
__AUTOMETRIC__|0.1.2|2163904|crew_log_796f882c70d2ce2b|0|1786756325.892|98.808|0.515|25696698368|36426903552|sim_data_aaf7239b1c98d314|__AUTOMETRIC__
__AUTOMETRIC__|0.1.2|2163904|crew_log_796f882c70d2ce2b|0|1786756326.894|460.065|2.396|25696698368|36426903552|sim_data_aaf7239b1c98d314|__AUTOMETRIC__
__AUTOMETRIC__|0.1.2|2163904|crew_log_796f882c70d2ce2b|0|1786756327.896|717.875|3.739|25696698368|36426903552|sim_data_aaf7239b1c98d314|__AUTOMETRIC__
__AUTOMETRIC__|0.1.2|2163904|crew_log_796f882c70d2ce2b|0|1786756328.897|135.817|0.707|25696698368|36426903552|sim_data_aaf7239b1c98d314|__AUTOMETRIC__
__AUTOMETRIC__|0.1.2|2163904|crew_log_796f882c70d2ce2b|0|1786756329.898|62.930|0.328|25696698368|36426903552|sim_data_aaf7239b1c98d314|__AUTOMETRIC__
__AUTOMETRIC__|0.1.2|2163904|crew_log_796f882c70d2ce2b|0|1786756330.900|0.000|0.000|25696698368|36426903552|sim_data_aaf7239b1c98d314|__AUTOMETRIC__
__AUTOMETRIC__|0.1.2|2163904|crew_log_796f882c70d2ce2b|0|1786756331.902|18.970|0.099|25696698368|36426903552|sim_data_aaf7239b1c98d314|__AUTOMETRIC__
__AUTOMETRIC__|0.1.2|2163904|crew_log_796f882c70d2ce2b|0|1786756332.903|0.999|0.005|25696698368|36426903552|sim_data_aaf7239b1c98d314|__AUTOMETRIC__
__AUTOMETRIC__|0.1.2|2163904|crew_log_796f882c70d2ce2b|0|1786756333.904|16.981|0.088|25696698368|36426903552|sim_data_aaf7239b1c98d314|__AUTOMETRIC__
__AUTOMETRIC__|0.1.2|2163904|crew_log_796f882c70d2ce2b|0|1786756334.905|0.999|0.005|25696698368|36426903552|sim_data_aaf7239b1c98d314|__AUTOMETRIC__
__AUTOMETRIC__|0.1.2|2163904|crew_log_796f882c70d2ce2b|0|1786756336.003|17.304|0.090|25696698368|36426903552|sim_data_aaf7239b1c98d314|__AUTOMETRIC__
__AUTOMETRIC__|0.1.2|2163904|crew_log_796f882c70d2ce2b|0|1786756337.005|0.000|0.000|25696698368|36426903552|sim_data_aaf7239b1c98d314|__AUTOMETRIC__
__AUTOMETRIC__|0.1.2|2163904|crew_log_796f882c70d2ce2b|0|1786756338.007|6.989|0.036|25696698368|36426903552|sim_data_aaf7239b1c98d314|__AUTOMETRIC__
__AUTOMETRIC__|0.1.2|2163904|crew_log_796f882c70d2ce2b|0|1786756339.008|75.914|0.395|25696698368|36426903552|sim_data_aaf7239b1c98d314|__AUTOMETRIC__
__AUTOMETRIC__|0.1.2|2163904|crew_log_796f882c70d2ce2b|0|1786756340.009|98.872|0.515|25696698368|36426903552|sim_data_aaf7239b1c98d314|__AUTOMETRIC__
__AUTOMETRIC__|0.1.2|2163904|crew_log_796f882c70d2ce2b|0|1786756341.010|654.121|3.407|25696698368|36426903552|sim_data_aaf7239b1c98d314|__AUTOMETRIC__
__AUTOMETRIC__|0.1.2|2163904|crew_log_796f882c70d2ce2b|0|1786756342.012|567.284|2.955|25696698368|36426903552|sim_data_aaf7239b1c98d314|__AUTOMETRIC__
__AUTOMETRIC__|0.1.2|2163904|crew_log_796f882c70d2ce2b|0|1786756343.013|134.824|0.702|25696698368|36426903552|sim_data_aaf7239b1c98d314|__AUTOMETRIC__
__AUTOMETRIC__|0.1.2|2163904|crew_log_796f882c70d2ce2b|0|1786756344.014|35.957|0.187|25731301376|36462817280|sim_data_aaf7239b1c98d314|__AUTOMETRIC__
__AUTOMETRIC__|0.1.2|2163904|crew_log_796f882c70d2ce2b|0|1786756345.015|0.000|0.000|25732874240|36464885760|sim_data_aaf7239b1c98d314|__AUTOMETRIC__
__AUTOMETRIC__|0.1.2|2163904|crew_log_796f882c70d2ce2b|0|1786756346.017|17.978|0.094|25737592832|36468989952|sim_data_aaf7239b1c98d314|__AUTOMETRIC__
__AUTOMETRIC__|0.1.2|2163904|crew_log_796f882c70d2ce2b|0|1786756347.019|0.998|0.005|25740738560|36471582720|sim_data_aaf7239b1c98d314|__AUTOMETRIC__
__AUTOMETRIC__|0.1.2|2163904|crew_log_796f882c70d2ce2b|0|1786756348.161|15.752|0.082|25742311424|36474494976|sim_data_aaf7239b1c98d314|__AUTOMETRIC__
__AUTOMETRIC__|0.1.2|2163904|crew_log_796f882c70d2ce2b|0|1786756349.163|0.000|0.000|25745457152|36478775296|sim_data_aaf7239b1c98d314|__AUTOMETRIC__
__AUTOMETRIC__|0.1.2|2163904|crew_log_796f882c70d2ce2b|0|1786756350.164|0.998|0.005|25750175744|36482199552|sim_data_aaf7239b1c98d314|__AUTOMETRIC__
__AUTOMETRIC__|0.1.2|2163904|crew_log_796f882c70d2ce2b|0|1786756351.165|17.977|0.094|25754894336|36487122944|sim_data_aaf7239b1c98d314|__AUTOMETRIC__
__AUTOMETRIC__|0.1.2|2163904|crew_log_796f882c70d2ce2b|0|1786756352.167|0.999|0.005|25759612928|36490817536|sim_data_aaf7239b1c98d314|__AUTOMETRIC__
__AUTOMETRIC__|0.1.2|2163904|crew_log_796f882c70d2ce2b|0|1786756353.168|46.933|0.244|25946783744|36680482816|sim_data_aaf7239b1c98d314|__AUTOMETRIC__
__AUTOMETRIC__|0.1.2|2163904|crew_log_796f882c70d2ce2b|0|1786756354.170|96.860|0.504|26189148160|36919447552|sim_data_aaf7239b1c98d314|__AUTOMETRIC__
__AUTOMETRIC__|0.1.2|2163904|crew_log_796f882c70d2ce2b|0|1786756355.171|99.849|0.520|26189148160|36919447552|sim_data_aaf7239b1c98d314|__AUTOMETRIC__
__AUTOMETRIC__|0.1.2|2163904|crew_log_796f882c70d2ce2b|0|1786756356.173|1146.270|5.970|26190721024|36919447552|sim_data_aaf7239b1c98d314|__AUTOMETRIC__
__AUTOMETRIC__|0.1.2|2163904|crew_log_796f882c70d2ce2b|0|1786756357.175|134.700|0.702|26190721024|36919447552|sim_data_aaf7239b1c98d314|__AUTOMETRIC__
__AUTOMETRIC__|0.1.2|2163904|crew_log_796f882c70d2ce2b|0|1786756358.176|96.870|0.505|26190721024|36919447552|sim_data_aaf7239b1c98d314|__AUTOMETRIC__
__AUTOMETRIC__|0.1.2|2163904|crew_log_796f882c70d2ce2b|0|1786756359.178|0.999|0.005|26190721024|36919447552|sim_data_aaf7239b1c98d314|__AUTOMETRIC__
__AUTOMETRIC__|0.1.2|2163904|crew_log_796f882c70d2ce2b|0|1786756360.179|0.999|0.005|26190721024|36919447552|sim_data_aaf7239b1c98d314|__AUTOMETRIC__
__AUTOMETRIC__|0.1.2|2163904|crew_log_796f882c70d2ce2b|0|1786756361.180|18.978|0.099|26190721024|36919447552|sim_data_aaf7239b1c98d314|__AUTOMETRIC__
__AUTOMETRIC__|0.1.2|2163904|crew_log_796f882c70d2ce2b|0|1786756362.181|0.000|0.000|26190721024|36919447552|sim_data_aaf7239b1c98d314|__AUTOMETRIC__
__AUTOMETRIC__|0.1.2|2163904|crew_log_796f882c70d2ce2b|0|1786756363.182|17.979|0.094|26190721024|36919447552|sim_data_aaf7239b1c98d314|__AUTOMETRIC__
__AUTOMETRIC__|0.1.2|2163904|crew_log_796f882c70d2ce2b|0|1786756364.184|0.999|0.005|26190721024|36919447552|sim_data_aaf7239b1c98d314|__AUTOMETRIC__
__AUTOMETRIC__|0.1.2|2163904|crew_log_796f882c70d2ce2b|0|1786756365.185|0.999|0.005|26190721024|36919447552|sim_data_aaf7239b1c98d314|__AUTOMETRIC__
__AUTOMETRIC__|0.1.2|2163904|crew_log_796f882c70d2ce2b|0|1786756366.186|18.978|0.099|26190721024|36919447552|sim_data_aaf7239b1c98d314|__AUTOMETRIC__
__AUTOMETRIC__|0.1.2|2163904|crew_log_796f882c70d2ce2b|0|1786756367.188|0.000|0.000|26190721024|36919447552|sim_data_aaf7239b1c98d314|__AUTOMETRIC__
__AUTOMETRIC__|0.1.2|2163904|crew_log_796f882c70d2ce2b|0|1786756368.190|0.999|0.005|26190721024|36919447552|sim_data_aaf7239b1c98d314|__AUTOMETRIC__
__AUTOMETRIC__|0.1.2|2163904|crew_log_796f882c70d2ce2b|0|1786756369.191|86.891|0.453|26190721024|36919447552|sim_data_aaf7239b1c98d314|__AUTOMETRIC__
__AUTOMETRIC__|0.1.2|2163904|crew_log_796f882c70d2ce2b|0|1786756370.192|98.881|0.515|26228469760|36958416896|sim_data_aaf7239b1c98d314|__AUTOMETRIC__
__AUTOMETRIC__|0.1.2|2163904|crew_log_796f882c70d2ce2b|0|1786756371.194|268.643|1.399|26228469760|36958416896|sim_data_aaf7239b1c98d314|__AUTOMETRIC__
__AUTOMETRIC__|0.1.2|2163904|crew_log_796f882c70d2ce2b|0|1786756372.195|893.914|4.656|26228469760|36958416896|sim_data_aaf7239b1c98d314|__AUTOMETRIC__
__AUTOMETRIC__|0.1.2|2163904|crew_log_796f882c70d2ce2b|0|1786756373.196|134.827|0.702|26228469760|36958416896|sim_data_aaf7239b1c98d314|__AUTOMETRIC__
__AUTOMETRIC__|0.1.2|2163904|crew_log_796f882c70d2ce2b|0|1786756374.197|65.917|0.343|26228469760|36958416896|sim_data_aaf7239b1c98d314|__AUTOMETRIC__
__AUTOMETRIC__|0.1.2|2163904|crew_log_796f882c70d2ce2b|0|1786756375.199|0.000|0.000|26228469760|36958416896|sim_data_aaf7239b1c98d314|__AUTOMETRIC__
__AUTOMETRIC__|0.1.2|2163904|crew_log_796f882c70d2ce2b|0|1786756376.200|17.977|0.094|26228469760|36958416896|sim_data_aaf7239b1c98d314|__AUTOMETRIC__
__AUTOMETRIC__|0.1.2|2163904|crew_log_796f882c70d2ce2b|0|1786756377.202|0.998|0.005|26228469760|36958416896|sim_data_aaf7239b1c98d314|__AUTOMETRIC__
__AUTOMETRIC__|0.1.2|2163904|crew_log_796f882c70d2ce2b|0|1786756378.315|15.273|0.080|26228469760|36958416896|sim_data_aaf7239b1c98d314|__AUTOMETRIC__
__AUTOMETRIC__|0.1.2|2163904|crew_log_796f882c70d2ce2b|0|1786756379.316|0.999|0.005|26228469760|36958416896|sim_data_aaf7239b1c98d314|__AUTOMETRIC__
__AUTOMETRIC__|0.1.2|2163904|crew_log_796f882c70d2ce2b|0|1786756380.317|0.000|0.000|26228469760|36958416896|sim_data_aaf7239b1c98d314|__AUTOMETRIC__
__AUTOMETRIC__|0.1.2|2163904|crew_log_796f882c70d2ce2b|0|1786756381.319|16.977|0.088|26228469760|36958416896|sim_data_aaf7239b1c98d314|__AUTOMETRIC__
__AUTOMETRIC__|0.1.2|2163904|crew_log_796f882c70d2ce2b|0|1786756382.320|0.999|0.005|26228469760|36958416896|sim_data_aaf7239b1c98d314|__AUTOMETRIC__
__AUTOMETRIC__|0.1.2|2163904|crew_log_796f882c70d2ce2b|0|1786756383.321|52.934|0.276|26228469760|36960186368|sim_data_aaf7239b1c98d314|__AUTOMETRIC__
__AUTOMETRIC__|0.1.2|2163904|crew_log_796f882c70d2ce2b|0|1786756384.323|96.866|0.505|26228469760|36958416896|sim_data_aaf7239b1c98d314|__AUTOMETRIC__
__AUTOMETRIC__|0.1.2|2163904|crew_log_796f882c70d2ce2b|0|1786756385.324|98.868|0.515|26230042624|36958416896|sim_data_aaf7239b1c98d314|__AUTOMETRIC__
__AUTOMETRIC__|0.1.2|2163904|crew_log_796f882c70d2ce2b|0|1786756386.325|1117.552|5.821|26230042624|36958416896|sim_data_aaf7239b1c98d314|__AUTOMETRIC__
__AUTOMETRIC__|0.1.2|2163904|crew_log_796f882c70d2ce2b|0|1786756387.327|134.773|0.702|26230042624|36958416896|sim_data_aaf7239b1c98d314|__AUTOMETRIC__
__AUTOMETRIC__|0.1.2|2163904|crew_log_796f882c70d2ce2b|0|1786756388.328|86.878|0.452|26230042624|36958416896|sim_data_aaf7239b1c98d314|__AUTOMETRIC__
__AUTOMETRIC__|0.1.2|2163904|crew_log_796f882c70d2ce2b|0|1786756389.330|1.997|0.010|26230042624|36958416896|sim_data_aaf7239b1c98d314|__AUTOMETRIC__
__AUTOMETRIC__|0.1.2|2163904|crew_log_796f882c70d2ce2b|0|1786756390.417|15.628|0.081|26230042624|36958416896|sim_data_aaf7239b1c98d314|__AUTOMETRIC__
__AUTOMETRIC__|0.1.2|2163904|crew_log_796f882c70d2ce2b|0|1786756391.419|0.999|0.005|26230042624|36958416896|sim_data_aaf7239b1c98d314|__AUTOMETRIC__
__AUTOMETRIC__|0.1.2|2163904|crew_log_796f882c70d2ce2b|0|1786756392.420|0.999|0.005|26230042624|36958416896|sim_data_aaf7239b1c98d314|__AUTOMETRIC__
__AUTOMETRIC__|0.1.2|2163904|crew_log_796f882c70d2ce2b|0|1786756393.421|16.979|0.088|26230042624|36958416896|sim_data_aaf7239b1c98d314|__AUTOMETRIC__
__AUTOMETRIC__|0.1.2|2163904|crew_log_796f882c70d2ce2b|0|1786756394.422|0.000|0.000|26230042624|36958416896|sim_data_aaf7239b1c98d314|__AUTOMETRIC__
__AUTOMETRIC__|0.1.2|2163904|crew_log_796f882c70d2ce2b|0|1786756395.424|18.975|0.099|26230042624|36958416896|sim_data_aaf7239b1c98d314|__AUTOMETRIC__
__AUTOMETRIC__|0.1.2|2163904|crew_log_796f882c70d2ce2b|0|1786756396.425|0.000|0.000|26230042624|36958416896|sim_data_aaf7239b1c98d314|__AUTOMETRIC__
__AUTOMETRIC__|0.1.2|2163904|crew_log_796f882c70d2ce2b|0|1786756397.427|41.932|0.218|26231615488|36958416896|sim_data_aaf7239b1c98d314|__AUTOMETRIC__
__AUTOMETRIC__|0.1.2|2163904|crew_log_796f882c70d2ce2b|0|1786756398.428|92.859|0.484|26231615488|36958416896|sim_data_aaf7239b1c98d314|__AUTOMETRIC__
__AUTOMETRIC__|0.1.2|2163904|crew_log_796f882c70d2ce2b|0|1786756399.430|113.819|0.593|26231615488|36958416896|sim_data_aaf7239b1c98d314|__AUTOMETRIC__
__AUTOMETRIC__|0.1.2|2163904|crew_log_796f882c70d2ce2b|0|1786756400.431|1214.233|6.324|26231615488|36958416896|sim_data_aaf7239b1c98d314|__AUTOMETRIC__
__AUTOMETRIC__|0.1.2|2163904|crew_log_796f882c70d2ce2b|0|1786756401.432|1264.590|6.586|26231615488|36958416896|sim_data_aaf7239b1c98d314|__AUTOMETRIC__
__AUTOMETRIC__|0.1.2|2163904|crew_log_796f882c70d2ce2b|0|1786756402.434|134.826|0.702|26231615488|36958416896|sim_data_aaf7239b1c98d314|__AUTOMETRIC__
__AUTOMETRIC__|0.1.2|2163904|crew_log_796f882c70d2ce2b|0|1786756403.435|90.876|0.473|26231615488|36958416896|sim_data_aaf7239b1c98d314|__AUTOMETRIC__
__AUTOMETRIC__|0.1.2|2163904|crew_log_796f882c70d2ce2b|0|1786756404.436|0.999|0.005|26231615488|36958416896|sim_data_aaf7239b1c98d314|__AUTOMETRIC__
__AUTOMETRIC__|0.1.2|2163904|crew_log_796f882c70d2ce2b|0|1786756405.437|0.999|0.005|26231615488|36958416896|sim_data_aaf7239b1c98d314|__AUTOMETRIC__
__AUTOMETRIC__|0.1.2|2163904|crew_log_796f882c70d2ce2b|0|1786756406.439|16.977|0.088|26231615488|36958416896|sim_data_aaf7239b1c98d314|__AUTOMETRIC__
__AUTOMETRIC__|0.1.2|2163904|crew_log_796f882c70d2ce2b|0|1786756407.441|0.998|0.005|26231615488|36958416896|sim_data_aaf7239b1c98d314|__AUTOMETRIC__
__AUTOMETRIC__|0.1.2|2163904|crew_log_796f882c70d2ce2b|0|1786756408.443|17.963|0.094|26231615488|36958416896|sim_data_aaf7239b1c98d314|__AUTOMETRIC__
__AUTOMETRIC__|0.1.2|2163904|crew_log_796f882c70d2ce2b|0|1786756409.444|1.997|0.010|26231615488|36958416896|sim_data_aaf7239b1c98d314|__AUTOMETRIC__
__AUTOMETRIC__|0.1.2|2163904|crew_log_796f882c70d2ce2b|0|1786756410.446|0.000|0.000|26231615488|36958416896|sim_data_aaf7239b1c98d314|__AUTOMETRIC__
__AUTOMETRIC__|0.1.2|2163904|crew_log_796f882c70d2ce2b|0|1786756411.447|16.978|0.088|26231615488|36958416896|sim_data_aaf7239b1c98d314|__AUTOMETRIC__
__AUTOMETRIC__|0.1.2|2163904|crew_log_796f882c70d2ce2b|0|1786756412.448|0.999|0.005|26231615488|36958416896|sim_data_aaf7239b1c98d314|__AUTOMETRIC__
__AUTOMETRIC__|0.1.2|2163904|crew_log_796f882c70d2ce2b|0|1786756413.449|1.998|0.010|26231615488|36958416896|sim_data_aaf7239b1c98d314|__AUTOMETRIC__
__AUTOMETRIC__|0.1.2|2163904|crew_log_796f882c70d2ce2b|0|1786756414.451|40.941|0.213|26231615488|36960174080|sim_data_aaf7239b1c98d314|__AUTOMETRIC__
__AUTOMETRIC__|0.1.2|2163904|crew_log_796f882c70d2ce2b|0|1786756415.452|93.875|0.489|26231615488|36958416896|sim_data_aaf7239b1c98d314|__AUTOMETRIC__
__AUTOMETRIC__|0.1.2|2163904|crew_log_796f882c70d2ce2b|0|1786756416.454|98.818|0.515|26231615488|36958416896|sim_data_aaf7239b1c98d314|__AUTOMETRIC__
__AUTOMETRIC__|0.1.2|2163904|crew_log_796f882c70d2ce2b|0|1786756417.456|1062.912|5.536|26231615488|36958416896|sim_data_aaf7239b1c98d314|__AUTOMETRIC__
__AUTOMETRIC__|0.1.2|2163904|crew_log_796f882c70d2ce2b|0|1786756418.457|693.921|3.614|26231615488|36958416896|sim_data_aaf7239b1c98d314|__AUTOMETRIC__
__AUTOMETRIC__|0.1.2|2163904|crew_log_796f882c70d2ce2b|0|1786756419.459|134.839|0.702|26231615488|36958416896|sim_data_aaf7239b1c98d314|__AUTOMETRIC__
__AUTOMETRIC__|0.1.2|2163904|crew_log_796f882c70d2ce2b|0|1786756420.460|50.936|0.265|26231615488|36958416896|sim_data_aaf7239b1c98d314|__AUTOMETRIC__
__AUTOMETRIC__|0.1.2|2163904|crew_log_796f882c70d2ce2b|0|1786756421.461|0.000|0.000|26231615488|36958416896|sim_data_aaf7239b1c98d314|__AUTOMETRIC__
__AUTOMETRIC__|0.1.2|2163904|crew_log_796f882c70d2ce2b|0|1786756422.462|18.976|0.099|26231615488|36958416896|sim_data_aaf7239b1c98d314|__AUTOMETRIC__
__AUTOMETRIC__|0.1.2|2163904|crew_log_796f882c70d2ce2b|0|1786756423.464|0.000|0.000|26231615488|36958416896|sim_data_aaf7239b1c98d314|__AUTOMETRIC__
__AUTOMETRIC__|0.1.2|2163904|crew_log_796f882c70d2ce2b|0|1786756424.465|18.976|0.099|26231615488|36958416896|sim_data_aaf7239b1c98d314|__AUTOMETRIC__
__AUTOMETRIC__|0.1.2|2163904|crew_log_796f882c70d2ce2b|0|1786756425.466|0.999|0.005|26231615488|36958416896|sim_data_aaf7239b1c98d314|__AUTOMETRIC__
__AUTOMETRIC__|0.1.2|2163904|crew_log_796f882c70d2ce2b|0|1786756426.549|16.629|0.087|26231615488|36958416896|sim_data_aaf7239b1c98d314|__AUTOMETRIC__
__AUTOMETRIC__|0.1.2|2163904|crew_log_796f882c70d2ce2b|0|1786756427.551|0.998|0.005|26231615488|36958416896|sim_data_aaf7239b1c98d314|__AUTOMETRIC__
__AUTOMETRIC__|0.1.2|2163904|crew_log_796f882c70d2ce2b|0|1786756428.552|4.993|0.026|26231615488|36958416896|sim_data_aaf7239b1c98d314|__AUTOMETRIC__
__AUTOMETRIC__|0.1.2|2163904|crew_log_796f882c70d2ce2b|0|1786756429.554|75.891|0.395|26231615488|36958416896|sim_data_aaf7239b1c98d314|__AUTOMETRIC__
__AUTOMETRIC__|0.1.2|2163904|crew_log_796f882c70d2ce2b|0|1786756430.555|97.890|0.510|26231615488|36958416896|sim_data_aaf7239b1c98d314|__AUTOMETRIC__
__AUTOMETRIC__|0.1.2|2163904|crew_log_796f882c70d2ce2b|0|1786756431.556|568.338|2.960|26231615488|36958416896|sim_data_aaf7239b1c98d314|__AUTOMETRIC__
__AUTOMETRIC__|0.1.2|2163904|crew_log_796f882c70d2ce2b|0|1786756432.557|1019.805|5.311|26244198400|36971790336|sim_data_aaf7239b1c98d314|__AUTOMETRIC__
__AUTOMETRIC__|0.1.2|2163904|crew_log_796f882c70d2ce2b|0|1786756433.558|135.845|0.708|26244198400|36971790336|sim_data_aaf7239b1c98d314|__AUTOMETRIC__
__AUTOMETRIC__|0.1.2|2163904|crew_log_796f882c70d2ce2b|0|1786756434.560|82.890|0.432|26244198400|36971790336|sim_data_aaf7239b1c98d314|__AUTOMETRIC__
__AUTOMETRIC__|0.1.2|2163904|crew_log_796f882c70d2ce2b|0|1786756435.561|0.000|0.000|26244198400|36971790336|sim_data_aaf7239b1c98d314|__AUTOMETRIC__
__AUTOMETRIC__|0.1.2|2163904|crew_log_796f882c70d2ce2b|0|1786756436.624|17.870|0.093|26244198400|36971790336|sim_data_aaf7239b1c98d314|__AUTOMETRIC__
__AUTOMETRIC__|0.1.2|2163904|crew_log_796f882c70d2ce2b|0|1786756437.626|0.998|0.005|26244198400|36971790336|sim_data_aaf7239b1c98d314|__AUTOMETRIC__
__AUTOMETRIC__|0.1.2|2163904|crew_log_796f882c70d2ce2b|0|1786756438.627|0.000|0.000|26244198400|36971790336|sim_data_aaf7239b1c98d314|__AUTOMETRIC__
__AUTOMETRIC__|0.1.2|2163904|crew_log_796f882c70d2ce2b|0|1786756439.629|18.978|0.099|26244198400|36971790336|sim_data_aaf7239b1c98d314|__AUTOMETRIC__
__AUTOMETRIC__|0.1.2|2163904|crew_log_796f882c70d2ce2b|0|1786756440.630|0.000|0.000|26244198400|36971790336|sim_data_aaf7239b1c98d314|__AUTOMETRIC__
__AUTOMETRIC__|0.1.2|2163904|crew_log_796f882c70d2ce2b|0|1786756441.631|18.977|0.099|26244198400|36971790336|sim_data_aaf7239b1c98d314|__AUTOMETRIC__
__AUTOMETRIC__|0.1.2|2163904|crew_log_796f882c70d2ce2b|0|1786756442.632|0.999|0.005|26244198400|36971790336|sim_data_aaf7239b1c98d314|__AUTOMETRIC__
__AUTOMETRIC__|0.1.2|2163904|crew_log_796f882c70d2ce2b|0|1786756443.633|17.979|0.094|26244198400|36971790336|sim_data_aaf7239b1c98d314|__AUTOMETRIC__
__AUTOMETRIC__|0.1.2|2163904|crew_log_796f882c70d2ce2b|0|1786756444.635|62.919|0.328|26245771264|36971790336|sim_data_aaf7239b1c98d314|__AUTOMETRIC__
__AUTOMETRIC__|0.1.2|2163904|crew_log_796f882c70d2ce2b|0|1786756445.636|99.874|0.520|26245771264|36971790336|sim_data_aaf7239b1c98d314|__AUTOMETRIC__
__AUTOMETRIC__|0.1.2|2163904|crew_log_796f882c70d2ce2b|0|1786756446.637|537.393|2.799|26245771264|36971790336|sim_data_aaf7239b1c98d314|__AUTOMETRIC__
__AUTOMETRIC__|0.1.2|2163904|crew_log_796f882c70d2ce2b|0|1786756447.639|735.793|3.832|26245771264|36971790336|sim_data_aaf7239b1c98d314|__AUTOMETRIC__
__AUTOMETRIC__|0.1.2|2163904|crew_log_796f882c70d2ce2b|0|1786756448.640|134.790|0.702|26245771264|36971790336|sim_data_aaf7239b1c98d314|__AUTOMETRIC__
__AUTOMETRIC__|0.1.2|2163904|crew_log_796f882c70d2ce2b|0|1786756449.641|74.913|0.390|26245771264|36971790336|sim_data_aaf7239b1c98d314|__AUTOMETRIC__
__AUTOMETRIC__|0.1.2|2163904|crew_log_796f882c70d2ce2b|0|1786756450.643|0.999|0.005|26245771264|36971790336|sim_data_aaf7239b1c98d314|__AUTOMETRIC__
__AUTOMETRIC__|0.1.2|2163904|crew_log_796f882c70d2ce2b|0|1786756451.644|0.000|0.000|26245771264|36971790336|sim_data_aaf7239b1c98d314|__AUTOMETRIC__
__AUTOMETRIC__|0.1.2|2163904|crew_log_796f882c70d2ce2b|0|1786756452.645|17.978|0.094|26245771264|36971790336|sim_data_aaf7239b1c98d314|__AUTOMETRIC__
__AUTOMETRIC__|0.1.2|2163904|crew_log_796f882c70d2ce2b|0|1786756453.646|0.000|0.000|26245771264|36971790336|sim_data_aaf7239b1c98d314|__AUTOMETRIC__
__AUTOMETRIC__|0.1.2|2163904|crew_log_796f882c70d2ce2b|0|1786756454.650|19.920|0.104|26245771264|36971790336|sim_data_aaf7239b1c98d314|__AUTOMETRIC__
__AUTOMETRIC__|0.1.2|2163904|crew_log_796f882c70d2ce2b|0|1786756455.652|0.999|0.005|26245771264|36971790336|sim_data_aaf7239b1c98d314|__AUTOMETRIC__
__AUTOMETRIC__|0.1.2|2163904|crew_log_796f882c70d2ce2b|0|1786756456.653|0.000|0.000|26245771264|36971790336|sim_data_aaf7239b1c98d314|__AUTOMETRIC__
__AUTOMETRIC__|0.1.2|2163904|crew_log_796f882c70d2ce2b|0|1786756457.655|18.965|0.099|26245771264|36971790336|sim_data_aaf7239b1c98d314|__AUTOMETRIC__
__AUTOMETRIC__|0.1.2|2163904|crew_log_796f882c70d2ce2b|0|1786756458.658|0.997|0.005|26245771264|36971790336|sim_data_aaf7239b1c98d314|__AUTOMETRIC__
__AUTOMETRIC__|0.1.2|2163904|crew_log_796f882c70d2ce2b|0|1786756459.659|35.955|0.187|26248916992|36973543424|sim_data_aaf7239b1c98d314|__AUTOMETRIC__
__AUTOMETRIC__|0.1.2|2163904|crew_log_796f882c70d2ce2b|0|1786756460.660|90.863|0.473|26247344128|36971790336|sim_data_aaf7239b1c98d314|__AUTOMETRIC__
__AUTOMETRIC__|0.1.2|2163904|crew_log_796f882c70d2ce2b|0|1786756461.662|99.878|0.520|26247344128|36971790336|sim_data_aaf7239b1c98d314|__AUTOMETRIC__
__AUTOMETRIC__|0.1.2|2163904|crew_log_796f882c70d2ce2b|0|1786756462.663|1163.542|6.060|26247344128|36971790336|sim_data_aaf7239b1c98d314|__AUTOMETRIC__
__AUTOMETRIC__|0.1.2|2163904|crew_log_796f882c70d2ce2b|0|1786756463.664|289.659|1.509|26247344128|36971790336|sim_data_aaf7239b1c98d314|__AUTOMETRIC__
__AUTOMETRIC__|0.1.2|2163904|crew_log_796f882c70d2ce2b|0|1786756464.855|129.320|0.674|26247344128|36971790336|sim_data_aaf7239b1c98d314|__AUTOMETRIC__
__AUTOMETRIC__|0.1.2|2163904|crew_log_796f882c70d2ce2b|0|1786756465.856|0.999|0.005|26247344128|36971790336|sim_data_aaf7239b1c98d314|__AUTOMETRIC__
__AUTOMETRIC__|0.1.2|2163904|crew_log_796f882c70d2ce2b|0|1786756466.857|0.999|0.005|26247344128|36971790336|sim_data_aaf7239b1c98d314|__AUTOMETRIC__
__AUTOMETRIC__|0.1.2|2163904|crew_log_796f882c70d2ce2b|0|1786756467.859|18.969|0.099|26247344128|36971790336|sim_data_aaf7239b1c98d314|__AUTOMETRIC__
__AUTOMETRIC__|0.1.2|2163904|crew_log_796f882c70d2ce2b|0|1786756468.860|0.000|0.000|26247344128|36971790336|sim_data_aaf7239b1c98d314|__AUTOMETRIC__
__AUTOMETRIC__|0.1.2|2163904|crew_log_796f882c70d2ce2b|0|1786756469.861|18.978|0.099|26247344128|36971790336|sim_data_aaf7239b1c98d314|__AUTOMETRIC__
__AUTOMETRIC__|0.1.2|2163904|crew_log_796f882c70d2ce2b|0|1786756470.863|0.998|0.005|26247344128|36971790336|sim_data_aaf7239b1c98d314|__AUTOMETRIC__
__AUTOMETRIC__|0.1.2|2163904|crew_log_796f882c70d2ce2b|0|1786756471.864|17.977|0.094|26247344128|36971790336|sim_data_aaf7239b1c98d314|__AUTOMETRIC__
__AUTOMETRIC__|0.1.2|2163904|crew_log_796f882c70d2ce2b|0|1786756472.865|0.000|0.000|26247344128|36971790336|sim_data_aaf7239b1c98d314|__AUTOMETRIC__
__AUTOMETRIC__|0.1.2|2163904|crew_log_796f882c70d2ce2b|0|1786756473.867|37.945|0.198|26247344128|36971790336|sim_data_aaf7239b1c98d314|__AUTOMETRIC__
__AUTOMETRIC__|0.1.2|2163904|crew_log_796f882c70d2ce2b|0|1786756474.868|90.884|0.473|26292211712|37016457216|sim_data_aaf7239b1c98d314|__AUTOMETRIC__
__AUTOMETRIC__|0.1.2|2163904|crew_log_796f882c70d2ce2b|0|1786756475.870|98.776|0.514|26292211712|37016457216|sim_data_aaf7239b1c98d314|__AUTOMETRIC__
__AUTOMETRIC__|0.1.2|2163904|crew_log_796f882c70d2ce2b|0|1786756476.872|837.602|4.363|26292211712|37016457216|sim_data_aaf7239b1c98d314|__AUTOMETRIC__
__AUTOMETRIC__|0.1.2|2163904|crew_log_796f882c70d2ce2b|0|1786756477.874|390.283|2.033|26292211712|37016457216|sim_data_aaf7239b1c98d314|__AUTOMETRIC__
__AUTOMETRIC__|0.1.2|2163904|crew_log_796f882c70d2ce2b|0|1786756478.875|135.808|0.707|26292211712|37016457216|sim_data_aaf7239b1c98d314|__AUTOMETRIC__
__AUTOMETRIC__|0.1.2|2163904|crew_log_796f882c70d2ce2b|0|1786756479.876|24.969|0.130|26292211712|37016457216|sim_data_aaf7239b1c98d314|__AUTOMETRIC__
__AUTOMETRIC__|0.1.2|2163904|crew_log_796f882c70d2ce2b|0|1786756480.878|0.000|0.000|26292211712|37016457216|sim_data_aaf7239b1c98d314|__AUTOMETRIC__
__AUTOMETRIC__|0.1.2|2163904|crew_log_796f882c70d2ce2b|0|1786756481.879|17.976|0.094|26292211712|37016457216|sim_data_aaf7239b1c98d314|__AUTOMETRIC__
__AUTOMETRIC__|0.1.2|2163904|crew_log_796f882c70d2ce2b|0|1786756482.880|0.999|0.005|26292211712|37016457216|sim_data_aaf7239b1c98d314|__AUTOMETRIC__
__AUTOMETRIC__|0.1.2|2163904|crew_log_796f882c70d2ce2b|0|1786756483.882|0.000|0.000|26292211712|37016457216|sim_data_aaf7239b1c98d314|__AUTOMETRIC__
__AUTOMETRIC__|0.1.2|2163904|crew_log_796f882c70d2ce2b|0|1786756484.883|17.976|0.094|26292211712|37016457216|sim_data_aaf7239b1c98d314|__AUTOMETRIC__
__AUTOMETRIC__|0.1.2|2163904|crew_log_796f882c70d2ce2b|0|1786756485.884|1.997|0.010|26292211712|37016457216|sim_data_aaf7239b1c98d314|__AUTOMETRIC__
__AUTOMETRIC__|0.1.2|2163904|crew_log_796f882c70d2ce2b|0|1786756486.886|17.971|0.094|26292211712|37016457216|sim_data_aaf7239b1c98d314|__AUTOMETRIC__
__AUTOMETRIC__|0.1.2|2163904|crew_log_796f882c70d2ce2b|0|1786756487.888|0.998|0.005|26292211712|37016457216|sim_data_aaf7239b1c98d314|__AUTOMETRIC__
__AUTOMETRIC__|0.1.2|2163904|crew_log_796f882c70d2ce2b|0|1786756488.889|10.983|0.057|26292211712|37016457216|sim_data_aaf7239b1c98d314|__AUTOMETRIC__
__AUTOMETRIC__|0.1.2|2163904|crew_log_796f882c70d2ce2b|0|1786756489.891|87.880|0.458|26292211712|37016457216|sim_data_aaf7239b1c98d314|__AUTOMETRIC__
__AUTOMETRIC__|0.1.2|2163904|crew_log_796f882c70d2ce2b|0|1786756490.892|98.860|0.515|26292211712|37016457216|sim_data_aaf7239b1c98d314|__AUTOMETRIC__
__AUTOMETRIC__|0.1.2|2163904|crew_log_796f882c70d2ce2b|0|1786756491.893|495.455|2.580|26292211712|37016457216|sim_data_aaf7239b1c98d314|__AUTOMETRIC__
__AUTOMETRIC__|0.1.2|2163904|crew_log_796f882c70d2ce2b|0|1786756492.894|961.698|5.009|26292211712|37016457216|sim_data_aaf7239b1c98d314|__AUTOMETRIC__
__AUTOMETRIC__|0.1.2|2163904|crew_log_796f882c70d2ce2b|0|1786756493.896|135.824|0.707|26292211712|37016457216|sim_data_aaf7239b1c98d314|__AUTOMETRIC__
__AUTOMETRIC__|0.1.2|2163904|crew_log_796f882c70d2ce2b|0|1786756494.897|69.913|0.364|26292211712|37016457216|sim_data_aaf7239b1c98d314|__AUTOMETRIC__
__AUTOMETRIC__|0.1.2|2163904|crew_log_796f882c70d2ce2b|0|1786756495.898|0.999|0.005|26292211712|37016457216|sim_data_aaf7239b1c98d314|__AUTOMETRIC__
__AUTOMETRIC__|0.1.2|2163904|crew_log_796f882c70d2ce2b|0|1786756496.943|17.232|0.090|26292211712|37016457216|sim_data_aaf7239b1c98d314|__AUTOMETRIC__
__AUTOMETRIC__|0.1.2|2163904|crew_log_796f882c70d2ce2b|0|1786756497.944|1.997|0.010|26292211712|37016457216|sim_data_aaf7239b1c98d314|__AUTOMETRIC__
__AUTOMETRIC__|0.1.2|2163904|crew_log_796f882c70d2ce2b|0|1786756498.946|0.000|0.000|26292211712|37016457216|sim_data_aaf7239b1c98d314|__AUTOMETRIC__
__AUTOMETRIC__|0.1.2|2163904|crew_log_796f882c70d2ce2b|0|1786756499.947|18.975|0.099|26292211712|37016457216|sim_data_aaf7239b1c98d314|__AUTOMETRIC__
__AUTOMETRIC__|0.1.2|2163904|crew_log_796f882c70d2ce2b|0|1786756500.949|1.998|0.010|26292211712|37016457216|sim_data_aaf7239b1c98d314|__AUTOMETRIC__
__AUTOMETRIC__|0.1.2|2163904|crew_log_796f882c70d2ce2b|0|1786756502.020|16.799|0.087|26292211712|37016457216|sim_data_aaf7239b1c98d314|__AUTOMETRIC__
__AUTOMETRIC__|0.1.2|2163904|crew_log_796f882c70d2ce2b|0|1786756503.021|0.000|0.000|26292211712|37016457216|sim_data_aaf7239b1c98d314|__AUTOMETRIC__
__AUTOMETRIC__|0.1.2|2163904|crew_log_796f882c70d2ce2b|0|1786756504.023|0.998|0.005|26292211712|37016457216|sim_data_aaf7239b1c98d314|__AUTOMETRIC__
__AUTOMETRIC__|0.1.2|2163904|crew_log_796f882c70d2ce2b|0|1786756505.024|53.930|0.281|26293784576|37018222592|sim_data_aaf7239b1c98d314|__AUTOMETRIC__
__AUTOMETRIC__|0.1.2|2163904|crew_log_796f882c70d2ce2b|0|1786756506.026|97.866|0.510|26293784576|37016457216|sim_data_aaf7239b1c98d314|__AUTOMETRIC__
__AUTOMETRIC__|0.1.2|2163904|crew_log_796f882c70d2ce2b|0|1786756507.027|99.869|0.520|26293784576|37016457216|sim_data_aaf7239b1c98d314|__AUTOMETRIC__
__AUTOMETRIC__|0.1.2|2163904|crew_log_796f882c70d2ce2b|0|1786756508.029|1113.968|5.802|26293784576|37016457216|sim_data_aaf7239b1c98d314|__AUTOMETRIC__
__AUTOMETRIC__|0.1.2|2163904|crew_log_796f882c70d2ce2b|0|1786756509.030|134.817|0.702|26293784576|37016457216|sim_data_aaf7239b1c98d314|__AUTOMETRIC__
__AUTOMETRIC__|0.1.2|2163904|crew_log_796f882c70d2ce2b|0|1786756510.032|94.874|0.494|26293784576|37016457216|sim_data_aaf7239b1c98d314|__AUTOMETRIC__
__AUTOMETRIC__|0.1.2|2163904|crew_log_796f882c70d2ce2b|0|1786756511.033|0.999|0.005|26293784576|37016457216|sim_data_aaf7239b1c98d314|__AUTOMETRIC__
__AUTOMETRIC__|0.1.2|2163904|crew_log_796f882c70d2ce2b|0|1786756512.197|14.604|0.076|26293784576|37016457216|sim_data_aaf7239b1c98d314|__AUTOMETRIC__
__AUTOMETRIC__|0.1.2|2163904|crew_log_796f882c70d2ce2b|0|1786756513.198|0.999|0.005|26293784576|37016457216|sim_data_aaf7239b1c98d314|__AUTOMETRIC__
__AUTOMETRIC__|0.1.2|2163904|crew_log_796f882c70d2ce2b|0|1786756514.322|16.905|0.088|26293784576|37016457216|sim_data_aaf7239b1c98d314|__AUTOMETRIC__
__AUTOMETRIC__|0.1.2|2163904|crew_log_796f882c70d2ce2b|0|1786756515.323|0.999|0.005|26293784576|37016457216|sim_data_aaf7239b1c98d314|__AUTOMETRIC__
__AUTOMETRIC__|0.1.2|2163904|crew_log_796f882c70d2ce2b|0|1786756516.443|15.188|0.079|26293784576|37016457216|sim_data_aaf7239b1c98d314|__AUTOMETRIC__
__AUTOMETRIC__|0.1.2|2163904|crew_log_796f882c70d2ce2b|0|1786756517.444|0.999|0.005|26293784576|37016457216|sim_data_aaf7239b1c98d314|__AUTOMETRIC__
__AUTOMETRIC__|0.1.2|2163904|crew_log_796f882c70d2ce2b|0|1786756518.445|6.988|0.036|26293784576|37016457216|sim_data_aaf7239b1c98d314|__AUTOMETRIC__
__AUTOMETRIC__|0.1.2|2163904|crew_log_796f882c70d2ce2b|0|1786756519.447|76.896|0.401|26293784576|37016457216|sim_data_aaf7239b1c98d314|__AUTOMETRIC__
__AUTOMETRIC__|0.1.2|2163904|crew_log_796f882c70d2ce2b|0|1786756520.448|99.874|0.520|26293784576|37016457216|sim_data_aaf7239b1c98d314|__AUTOMETRIC__
__AUTOMETRIC__|0.1.2|2163904|crew_log_796f882c70d2ce2b|0|1786756521.450|343.502|1.789|26293784576|37016457216|sim_data_aaf7239b1c98d314|__AUTOMETRIC__
__AUTOMETRIC__|0.1.2|2163904|crew_log_796f882c70d2ce2b|0|1786756522.451|976.753|5.087|26293784576|37016457216|sim_data_aaf7239b1c98d314|__AUTOMETRIC__
__AUTOMETRIC__|0.1.2|2163904|crew_log_796f882c70d2ce2b|0|1786756523.452|134.819|0.702|26293784576|37016457216|sim_data_aaf7239b1c98d314|__AUTOMETRIC__
__AUTOMETRIC__|0.1.2|2163904|crew_log_796f882c70d2ce2b|0|1786756524.453|74.906|0.390|26293784576|37016457216|sim_data_aaf7239b1c98d314|__AUTOMETRIC__
__AUTOMETRIC__|0.1.2|2163904|crew_log_796f882c70d2ce2b|0|1786756525.455|0.999|0.005|26293784576|37016457216|sim_data_aaf7239b1c98d314|__AUTOMETRIC__
__AUTOMETRIC__|0.1.2|2163904|crew_log_796f882c70d2ce2b|0|1786756526.598|17.488|0.091|26293784576|37016457216|sim_data_aaf7239b1c98d314|__AUTOMETRIC__
__AUTOMETRIC__|0.1.2|2163904|crew_log_796f882c70d2ce2b|0|1786756527.600|0.999|0.005|26293784576|37016457216|sim_data_aaf7239b1c98d314|__AUTOMETRIC__
__AUTOMETRIC__|0.1.2|2163904|crew_log_796f882c70d2ce2b|0|1786756528.601|0.000|0.000|26293784576|37016457216|sim_data_aaf7239b1c98d314|__AUTOMETRIC__
__AUTOMETRIC__|0.1.2|2163904|crew_log_796f882c70d2ce2b|0|1786756529.603|18.972|0.099|26293784576|37016457216|sim_data_aaf7239b1c98d314|__AUTOMETRIC__
__AUTOMETRIC__|0.1.2|2163904|crew_log_796f882c70d2ce2b|0|1786756530.604|0.999|0.005|26293784576|37016457216|sim_data_aaf7239b1c98d314|__AUTOMETRIC__
__AUTOMETRIC__|0.1.2|2163904|crew_log_796f882c70d2ce2b|0|1786756531.605|16.980|0.088|26293784576|37016457216|sim_data_aaf7239b1c98d314|__AUTOMETRIC__
__AUTOMETRIC__|0.1.2|2163904|crew_log_796f882c70d2ce2b|0|1786756532.606|0.999|0.005|26293784576|37016457216|sim_data_aaf7239b1c98d314|__AUTOMETRIC__
__AUTOMETRIC__|0.1.2|2163904|crew_log_796f882c70d2ce2b|0|1786756533.608|0.999|0.005|26293784576|37016457216|sim_data_aaf7239b1c98d314|__AUTOMETRIC__
__AUTOMETRIC__|0.1.2|2163904|crew_log_796f882c70d2ce2b|0|1786756534.609|58.930|0.307|26293784576|37016457216|sim_data_aaf7239b1c98d314|__AUTOMETRIC__
__AUTOMETRIC__|0.1.2|2163904|crew_log_796f882c70d2ce2b|0|1786756535.610|73.914|0.385|26293784576|37016457216|sim_data_aaf7239b1c98d314|__AUTOMETRIC__
__AUTOMETRIC__|0.1.2|2163904|crew_log_796f882c70d2ce2b|0|1786756536.612|98.840|0.515|26293784576|37016457216|sim_data_aaf7239b1c98d314|__AUTOMETRIC__
__AUTOMETRIC__|0.1.2|2163904|crew_log_796f882c70d2ce2b|0|1786756537.613|1186.632|6.180|26293784576|37016457216|sim_data_aaf7239b1c98d314|__AUTOMETRIC__
__AUTOMETRIC__|0.1.2|2163904|crew_log_796f882c70d2ce2b|0|1786756538.615|1131.889|5.895|26293784576|37016457216|sim_data_aaf7239b1c98d314|__AUTOMETRIC__
__AUTOMETRIC__|0.1.2|2163904|crew_log_796f882c70d2ce2b|0|1786756539.616|134.816|0.702|26293784576|37016457216|sim_data_aaf7239b1c98d314|__AUTOMETRIC__
__AUTOMETRIC__|0.1.2|2163904|crew_log_796f882c70d2ce2b|0|1786756540.618|83.888|0.437|26293784576|37016457216|sim_data_aaf7239b1c98d314|__AUTOMETRIC__
__AUTOMETRIC__|0.1.2|2163904|crew_log_796f882c70d2ce2b|0|1786756541.619|0.999|0.005|26293784576|37016457216|sim_data_aaf7239b1c98d314|__AUTOMETRIC__
__AUTOMETRIC__|0.1.2|2163904|crew_log_796f882c70d2ce2b|0|1786756542.620|0.000|0.000|26293784576|37016457216|sim_data_aaf7239b1c98d314|__AUTOMETRIC__
__AUTOMETRIC__|0.1.2|2163904|crew_log_796f882c70d2ce2b|0|1786756543.622|17.978|0.094|26293784576|37016457216|sim_data_aaf7239b1c98d314|__AUTOMETRIC__
__AUTOMETRIC__|0.1.2|2163904|crew_log_796f882c70d2ce2b|0|1786756544.623|0.000|0.000|26293784576|37016457216|sim_data_aaf7239b1c98d314|__AUTOMETRIC__
__AUTOMETRIC__|0.1.2|2163904|crew_log_796f882c70d2ce2b|0|1786756545.624|19.974|0.104|26293784576|37016457216|sim_data_aaf7239b1c98d314|__AUTOMETRIC__
__AUTOMETRIC__|0.1.2|2163904|crew_log_796f882c70d2ce2b|0|1786756546.626|0.999|0.005|26293784576|37016457216|sim_data_aaf7239b1c98d314|__AUTOMETRIC__
__AUTOMETRIC__|0.1.2|2163904|crew_log_796f882c70d2ce2b|0|1786756547.734|17.144|0.089|26293784576|37016457216|sim_data_aaf7239b1c98d314|__AUTOMETRIC__
__AUTOMETRIC__|0.1.2|2163904|crew_log_796f882c70d2ce2b|0|1786756548.736|0.000|0.000|26293784576|37016457216|sim_data_aaf7239b1c98d314|__AUTOMETRIC__
__AUTOMETRIC__|0.1.2|2163904|crew_log_796f882c70d2ce2b|0|1786756549.737|0.998|0.005|26293784576|37016457216|sim_data_aaf7239b1c98d314|__AUTOMETRIC__
__AUTOMETRIC__|0.1.2|2163904|crew_log_796f882c70d2ce2b|0|1786756550.738|70.911|0.369|26293784576|37016457216|sim_data_aaf7239b1c98d314|__AUTOMETRIC__
__AUTOMETRIC__|0.1.2|2163904|crew_log_796f882c70d2ce2b|0|1786756551.740|99.882|0.520|26293784576|37016457216|sim_data_aaf7239b1c98d314|__AUTOMETRIC__
__AUTOMETRIC__|0.1.2|2163904|crew_log_796f882c70d2ce2b|0|1786756552.741|384.591|2.003|26293784576|37016457216|sim_data_aaf7239b1c98d314|__AUTOMETRIC__
__AUTOMETRIC__|0.1.2|2163904|crew_log_796f882c70d2ce2b|0|1786756553.742|1255.268|6.538|26293784576|37016457216|sim_data_aaf7239b1c98d314|__AUTOMETRIC__
__AUTOMETRIC__|0.1.2|2163904|crew_log_796f882c70d2ce2b|0|1786756554.744|132.809|0.692|26293784576|37016457216|sim_data_aaf7239b1c98d314|__AUTOMETRIC__
__AUTOMETRIC__|0.1.2|2163904|crew_log_796f882c70d2ce2b|0|1786756555.760|102.316|0.533|26293784576|37016457216|sim_data_aaf7239b1c98d314|__AUTOMETRIC__
__AUTOMETRIC__|0.1.2|2163904|crew_log_796f882c70d2ce2b|0|1786756556.761|0.999|0.005|26293784576|37016457216|sim_data_aaf7239b1c98d314|__AUTOMETRIC__
__AUTOMETRIC__|0.1.2|2163904|crew_log_796f882c70d2ce2b|0|1786756557.902|15.780|0.082|26293784576|37016457216|sim_data_aaf7239b1c98d314|__AUTOMETRIC__
__AUTOMETRIC__|0.1.2|2163904|crew_log_796f882c70d2ce2b|0|1786756558.904|1.997|0.010|26293784576|37016457216|sim_data_aaf7239b1c98d314|__AUTOMETRIC__
__AUTOMETRIC__|0.1.2|2163904|crew_log_796f882c70d2ce2b|0|1786756560.036|16.778|0.087|26293784576|37016457216|sim_data_aaf7239b1c98d314|__AUTOMETRIC__
__AUTOMETRIC__|0.1.2|2163904|crew_log_796f882c70d2ce2b|0|1786756561.037|0.999|0.005|26293784576|37016457216|sim_data_aaf7239b1c98d314|__AUTOMETRIC__
__AUTOMETRIC__|0.1.2|2163904|crew_log_796f882c70d2ce2b|0|1786756562.202|14.594|0.076|26293784576|37016457216|sim_data_aaf7239b1c98d314|__AUTOMETRIC__
__AUTOMETRIC__|0.1.2|2163904|crew_log_796f882c70d2ce2b|0|1786756563.204|0.999|0.005|26293784576|37016457216|sim_data_aaf7239b1c98d314|__AUTOMETRIC__
__AUTOMETRIC__|0.1.2|2163904|crew_log_796f882c70d2ce2b|0|1786756564.205|6.992|0.036|26293784576|37016457216|sim_data_aaf7239b1c98d314|__AUTOMETRIC__
__AUTOMETRIC__|0.1.2|2163904|crew_log_796f882c70d2ce2b|0|1786756565.206|46.940|0.244|26295357440|37018230784|sim_data_aaf7239b1c98d314|__AUTOMETRIC__
__AUTOMETRIC__|0.1.2|2163904|crew_log_796f882c70d2ce2b|0|1786756566.207|97.870|0.510|26295357440|37016457216|sim_data_aaf7239b1c98d314|__AUTOMETRIC__
__AUTOMETRIC__|0.1.2|2163904|crew_log_796f882c70d2ce2b|0|1786756567.208|192.781|1.004|26295357440|37016457216|sim_data_aaf7239b1c98d314|__AUTOMETRIC__
__AUTOMETRIC__|0.1.2|2163904|crew_log_796f882c70d2ce2b|0|1786756568.210|1313.356|6.840|26295357440|37016457216|sim_data_aaf7239b1c98d314|__AUTOMETRIC__
__AUTOMETRIC__|0.1.2|2163904|crew_log_796f882c70d2ce2b|0|1786756569.212|1392.447|7.252|26295357440|37016457216|sim_data_aaf7239b1c98d314|__AUTOMETRIC__
__AUTOMETRIC__|0.1.2|2163904|crew_log_796f882c70d2ce2b|0|1786756570.213|201.724|1.051|26295357440|37016457216|sim_data_aaf7239b1c98d314|__AUTOMETRIC__
__AUTOMETRIC__|0.1.2|2163904|crew_log_796f882c70d2ce2b|0|1786756571.358|131.011|0.682|26295357440|37016457216|sim_data_aaf7239b1c98d314|__AUTOMETRIC__
__AUTOMETRIC__|0.1.2|2163904|crew_log_796f882c70d2ce2b|0|1786756572.359|0.999|0.005|26295357440|37016457216|sim_data_aaf7239b1c98d314|__AUTOMETRIC__
__AUTOMETRIC__|0.1.2|2163904|crew_log_796f882c70d2ce2b|0|1786756573.360|0.999|0.005|26295357440|37016457216|sim_data_aaf7239b1c98d314|__AUTOMETRIC__
__AUTOMETRIC__|0.1.2|2163904|crew_log_796f882c70d2ce2b|0|1786756574.361|18.977|0.099|26295357440|37016457216|sim_data_aaf7239b1c98d314|__AUTOMETRIC__
__AUTOMETRIC__|0.1.2|2163904|crew_log_796f882c70d2ce2b|0|1786756575.363|0.000|0.000|26295357440|37016457216|sim_data_aaf7239b1c98d314|__AUTOMETRIC__
__AUTOMETRIC__|0.1.2|2163904|crew_log_796f882c70d2ce2b|0|1786756576.364|18.974|0.099|26295357440|37016457216|sim_data_aaf7239b1c98d314|__AUTOMETRIC__
__AUTOMETRIC__|0.1.2|2163904|crew_log_796f882c70d2ce2b|0|1786756577.365|0.999|0.005|26295357440|37016457216|sim_data_aaf7239b1c98d314|__AUTOMETRIC__
__AUTOMETRIC__|0.1.2|2163904|crew_log_796f882c70d2ce2b|0|1786756578.366|17.979|0.094|26295357440|37016457216|sim_data_aaf7239b1c98d314|__AUTOMETRIC__
__AUTOMETRIC__|0.1.2|2163904|crew_log_796f882c70d2ce2b|0|1786756579.368|1.997|0.010|26295357440|37016457216|sim_data_aaf7239b1c98d314|__AUTOMETRIC__
__AUTOMETRIC__|0.1.2|2163904|crew_log_796f882c70d2ce2b|0|1786756580.369|0.000|0.000|26295357440|37016457216|sim_data_aaf7239b1c98d314|__AUTOMETRIC__
__AUTOMETRIC__|0.1.2|2163904|crew_log_796f882c70d2ce2b|0|1786756581.370|39.960|0.208|26295357440|37016494080|sim_data_aaf7239b1c98d314|__AUTOMETRIC__
__AUTOMETRIC__|0.1.2|2163904|crew_log_796f882c70d2ce2b|0|1786756582.371|73.910|0.385|26295357440|37016457216|sim_data_aaf7239b1c98d314|__AUTOMETRIC__
__AUTOMETRIC__|0.1.2|2163904|crew_log_796f882c70d2ce2b|0|1786756583.373|98.884|0.515|26295357440|37016457216|sim_data_aaf7239b1c98d314|__AUTOMETRIC__
__AUTOMETRIC__|0.1.2|2163904|crew_log_796f882c70d2ce2b|0|1786756584.374|929.919|4.843|26295357440|37016457216|sim_data_aaf7239b1c98d314|__AUTOMETRIC__
__AUTOMETRIC__|0.1.2|2163904|crew_log_796f882c70d2ce2b|0|1786756585.375|558.349|2.908|26295357440|37016457216|sim_data_aaf7239b1c98d314|__AUTOMETRIC__
__AUTOMETRIC__|0.1.2|2163904|crew_log_796f882c70d2ce2b|0|1786756586.376|135.842|0.708|26295357440|37016457216|sim_data_aaf7239b1c98d314|__AUTOMETRIC__
__AUTOMETRIC__|0.1.2|2163904|crew_log_796f882c70d2ce2b|0|1786756587.377|43.946|0.229|26295357440|37016457216|sim_data_aaf7239b1c98d314|__AUTOMETRIC__
__AUTOMETRIC__|0.1.2|2163904|crew_log_796f882c70d2ce2b|0|1786756588.379|0.000|0.000|26295357440|37016457216|sim_data_aaf7239b1c98d314|__AUTOMETRIC__
__AUTOMETRIC__|0.1.2|2163904|crew_log_796f882c70d2ce2b|0|1786756589.380|18.970|0.099|26295357440|37016457216|sim_data_aaf7239b1c98d314|__AUTOMETRIC__
__AUTOMETRIC__|0.1.2|2163904|crew_log_796f882c70d2ce2b|0|1786756590.381|0.999|0.005|26295357440|37016457216|sim_data_aaf7239b1c98d314|__AUTOMETRIC__
__AUTOMETRIC__|0.1.2|2163904|crew_log_796f882c70d2ce2b|0|1786756591.383|0.999|0.005|26295357440|37016457216|sim_data_aaf7239b1c98d314|__AUTOMETRIC__
__AUTOMETRIC__|0.1.2|2163904|crew_log_796f882c70d2ce2b|0|1786756592.385|18.964|0.099|26295357440|37016457216|sim_data_aaf7239b1c98d314|__AUTOMETRIC__
__AUTOMETRIC__|0.1.2|2163904|crew_log_796f882c70d2ce2b|0|1786756593.386|0.999|0.005|26295357440|37016457216|sim_data_aaf7239b1c98d314|__AUTOMETRIC__
__AUTOMETRIC__|0.1.2|2163904|crew_log_796f882c70d2ce2b|0|1786756594.387|18.978|0.099|26295357440|37016457216|sim_data_aaf7239b1c98d314|__AUTOMETRIC__
__AUTOMETRIC__|0.1.2|2163904|crew_log_796f882c70d2ce2b|0|1786756595.389|0.999|0.005|26295357440|37016457216|sim_data_aaf7239b1c98d314|__AUTOMETRIC__
__AUTOMETRIC__|0.1.2|2163904|crew_log_796f882c70d2ce2b|0|1786756596.390|0.000|0.000|26295357440|37016457216|sim_data_aaf7239b1c98d314|__AUTOMETRIC__
__AUTOMETRIC__|0.1.2|2163904|crew_log_796f882c70d2ce2b|0|1786756597.391|71.905|0.375|26295357440|37016457216|sim_data_aaf7239b1c98d314|__AUTOMETRIC__
__AUTOMETRIC__|0.1.2|2163904|crew_log_796f882c70d2ce2b|0|1786756598.392|98.885|0.515|26295357440|37016457216|sim_data_aaf7239b1c98d314|__AUTOMETRIC__
__AUTOMETRIC__|0.1.2|2163904|crew_log_796f882c70d2ce2b|0|1786756599.394|433.312|2.257|26295357440|37016457216|sim_data_aaf7239b1c98d314|__AUTOMETRIC__
__AUTOMETRIC__|0.1.2|2163904|crew_log_796f882c70d2ce2b|0|1786756600.396|1202.181|6.261|26295357440|37016457216|sim_data_aaf7239b1c98d314|__AUTOMETRIC__
__AUTOMETRIC__|0.1.2|2163904|crew_log_796f882c70d2ce2b|0|1786756601.397|99.874|0.520|26295357440|37016457216|sim_data_aaf7239b1c98d314|__AUTOMETRIC__
__AUTOMETRIC__|0.1.2|2163904|crew_log_796f882c70d2ce2b|0|1786756602.530|130.591|0.680|26295357440|37016457216|sim_data_aaf7239b1c98d314|__AUTOMETRIC__
__AUTOMETRIC__|0.1.2|2163904|crew_log_796f882c70d2ce2b|0|1786756603.531|0.999|0.005|26295357440|37016457216|sim_data_aaf7239b1c98d314|__AUTOMETRIC__
__AUTOMETRIC__|0.1.2|2163904|crew_log_796f882c70d2ce2b|0|1786756604.533|0.999|0.005|26295357440|37016457216|sim_data_aaf7239b1c98d314|__AUTOMETRIC__
__AUTOMETRIC__|0.1.2|2163904|crew_log_796f882c70d2ce2b|0|1786756605.534|17.972|0.094|26295357440|37016457216|sim_data_aaf7239b1c98d314|__AUTOMETRIC__
__AUTOMETRIC__|0.1.2|2163904|crew_log_796f882c70d2ce2b|0|1786756606.535|0.000|0.000|26295357440|37016457216|sim_data_aaf7239b1c98d314|__AUTOMETRIC__
__AUTOMETRIC__|0.1.2|2163904|crew_log_796f882c70d2ce2b|0|1786756607.537|17.977|0.094|26295357440|37016457216|sim_data_aaf7239b1c98d314|__AUTOMETRIC__
__AUTOMETRIC__|0.1.2|2163904|crew_log_796f882c70d2ce2b|0|1786756608.538|0.000|0.000|26295357440|37016457216|sim_data_aaf7239b1c98d314|__AUTOMETRIC__
__AUTOMETRIC__|0.1.2|2163904|crew_log_796f882c70d2ce2b|0|1786756609.540|17.967|0.094|26295357440|37016457216|sim_data_aaf7239b1c98d314|__AUTOMETRIC__
__AUTOMETRIC__|0.1.2|2163904|crew_log_796f882c70d2ce2b|0|1786756610.541|0.998|0.005|26295357440|37016457216|sim_data_aaf7239b1c98d314|__AUTOMETRIC__
__AUTOMETRIC__|0.1.2|2163904|crew_log_796f882c70d2ce2b|0|1786756611.543|9.988|0.052|26295357440|37016457216|sim_data_aaf7239b1c98d314|__AUTOMETRIC__
__AUTOMETRIC__|0.1.2|2163904|crew_log_796f882c70d2ce2b|0|1786756612.544|51.939|0.271|26295357440|37016457216|sim_data_aaf7239b1c98d314|__AUTOMETRIC__
__AUTOMETRIC__|0.1.2|2163904|crew_log_796f882c70d2ce2b|0|1786756613.545|98.876|0.515|26295357440|37016457216|sim_data_aaf7239b1c98d314|__AUTOMETRIC__
__AUTOMETRIC__|0.1.2|2163904|crew_log_796f882c70d2ce2b|0|1786756614.546|299.631|1.561|26295357440|37016457216|sim_data_aaf7239b1c98d314|__AUTOMETRIC__
__AUTOMETRIC__|0.1.2|2163904|crew_log_796f882c70d2ce2b|0|1786756615.548|962.799|5.015|26295357440|37016457216|sim_data_aaf7239b1c98d314|__AUTOMETRIC__
__AUTOMETRIC__|0.1.2|2163904|crew_log_796f882c70d2ce2b|0|1786756616.549|134.827|0.702|26295357440|37016457216|sim_data_aaf7239b1c98d314|__AUTOMETRIC__
__AUTOMETRIC__|0.1.2|2163904|crew_log_796f882c70d2ce2b|0|1786756617.550|74.906|0.390|26295357440|37016457216|sim_data_aaf7239b1c98d314|__AUTOMETRIC__
__AUTOMETRIC__|0.1.2|2163904|crew_log_796f882c70d2ce2b|0|1786756618.551|0.999|0.005|26295357440|37016457216|sim_data_aaf7239b1c98d314|__AUTOMETRIC__
