__AUTOMETRIC__|0.1.2|1765617|crew_log_21e91bd38e248d27|0|1786979216.165|71.992|0.375|212168704|1803300864|sim_data_grouped|__AUTOMETRIC__
__AUTOMETRIC__|0.1.2|1765617|crew_log_21e91bd38e248d27|0|1786979217.167|87.855|0.458|371945472|1971298304|sim_data_grouped|__AUTOMETRIC__
__AUTOMETRIC__|0.1.2|1765617|crew_log_21e91bd38e248d27|0|1786979218.168|23.973|0.125|379809792|1978380288|__DEFAULT__|__AUTOMETRIC__
__AUTOMETRIC__|0.1.2|1765617|crew_log_21e91bd38e248d27|0|1786979219.169|1.998|0.010|379809792|2045489152|estimate_plt_files_55db0808bb99ba8e|__AUTOMETRIC__
__AUTOMETRIC__|0.1.2|1765617|crew_log_21e91bd38e248d27|0|1786979220.171|89.884|0.468|403402752|2076561408|estimate_plt_files_55db0808bb99ba8e|__AUTOMETRIC__
__AUTOMETRIC__|0.1.2|1765617|crew_log_21e91bd38e248d27|0|1786979221.172|97.861|0.510|496373760|2302652416|estimate_plt_files_55db0808bb99ba8e|__AUTOMETRIC__
__AUTOMETRIC__|0.1.2|1765617|crew_log_21e91bd38e248d27|0|1786979222.174|98.861|0.515|504238080|2309595136|estimate_plt_files_55db0808bb99ba8e|__AUTOMETRIC__
__AUTOMETRIC__|0.1.2|1765617|crew_log_21e91bd38e248d27|0|1786979223.175|97.881|0.510|567066624|2370617344|estimate_plt_files_94d4ec9748f711fe|__AUTOMETRIC__
__AUTOMETRIC__|0.1.2|1765617|crew_log_21e91bd38e248d27|0|1786979224.177|100.819|0.525|590745600|2394431488|estimate_plt_files_94d4ec9748f711fe|__AUTOMETRIC__
__AUTOMETRIC__|0.1.2|1765617|crew_log_21e91bd38e248d27|0|1786979225.178|98.873|0.515|606474240|2409795584|estimate_plt_files_94d4ec9748f711fe|__AUTOMETRIC__
__AUTOMETRIC__|0.1.2|1765617|crew_log_21e91bd38e248d27|0|1786979226.179|98.873|0.515|606474240|2476904448|estimate_plt_files_7a99fc923e4090af|__AUTOMETRIC__
__AUTOMETRIC__|0.1.2|1765617|crew_log_21e91bd38e248d27|0|1786979227.181|98.845|0.515|612765696|2484400128|estimate_plt_files_7a99fc923e4090af|__AUTOMETRIC__
__AUTOMETRIC__|0.1.2|1765617|crew_log_21e91bd38e248d27|0|1786979228.182|99.862|0.520|614338560|2484940800|estimate_plt_files_7a99fc923e4090af|__AUTOMETRIC__
__AUTOMETRIC__|0.1.2|1765617|crew_log_21e91bd38e248d27|0|1786979229.184|98.855|0.515|615911424|2487709696|estimate_plt_files_7a99fc923e4090af|__AUTOMETRIC__
__AUTOMETRIC__|0.1.2|1765617|crew_log_21e91bd38e248d27|0|1786979230.185|98.842|0.515|615911424|2621927424|estimate_plt_files_678e374aa4376a0c|__AUTOMETRIC__
__AUTOMETRIC__|0.1.2|1765617|crew_log_21e91bd38e248d27|0|1786979231.186|98.880|0.515|615911424|2621927424|estimate_plt_files_678e374aa4376a0c|__AUTOMETRIC__
__AUTOMETRIC__|0.1.2|1765617|crew_log_21e91bd38e248d27|0|1786979232.188|98.884|0.515|615911424|2689036288|estimate_plt_files_62338b5deef370b8|__AUTOMETRIC__
__AUTOMETRIC__|0.1.2|1765617|crew_log_21e91bd38e248d27|0|1786979233.189|98.843|0.515|615911424|2689036288|estimate_plt_files_62338b5deef370b8|__AUTOMETRIC__
__AUTOMETRIC__|0.1.2|1765617|crew_log_21e91bd38e248d27|0|1786979234.191|99.816|0.520|623775744|2696818688|estimate_plt_files_62338b5deef370b8|__AUTOMETRIC__
__AUTOMETRIC__|0.1.2|1765617|crew_log_21e91bd38e248d27|0|1786979235.192|98.861|0.515|628494336|2700181504|estimate_plt_files_62338b5deef370b8|__AUTOMETRIC__
__AUTOMETRIC__|0.1.2|1765617|crew_log_21e91bd38e248d27|0|1786979236.194|97.872|0.510|628494336|2834399232|estimate_plt_files_ac73a83a84e836d9|__AUTOMETRIC__
__AUTOMETRIC__|0.1.2|1765617|crew_log_21e91bd38e248d27|0|1786979237.196|99.786|0.520|630067200|2835365888|estimate_plt_files_ac73a83a84e836d9|__AUTOMETRIC__
__AUTOMETRIC__|0.1.2|1765617|crew_log_21e91bd38e248d27|0|1786979238.197|98.854|0.515|631640064|2837991424|estimate_plt_files_ac73a83a84e836d9|__AUTOMETRIC__
__AUTOMETRIC__|0.1.2|1765617|crew_log_21e91bd38e248d27|0|1786979239.199|98.863|0.515|631640064|2837991424|estimate_plt_files_d23ab0256d25fcc1|__AUTOMETRIC__
__AUTOMETRIC__|0.1.2|1765617|crew_log_21e91bd38e248d27|0|1786979240.201|99.815|0.520|631640064|2837991424|estimate_plt_files_d23ab0256d25fcc1|__AUTOMETRIC__
__AUTOMETRIC__|0.1.2|1765617|crew_log_21e91bd38e248d27|0|1786979241.202|98.866|0.515|631640064|2837991424|estimate_plt_files_d23ab0256d25fcc1|__AUTOMETRIC__
