__AUTOMETRIC__|0.1.2|6740|crew_log_36588930d4e548b0|0|1786318827.490|98.288|6.143|171569152|196853760|gen_data_541e7f098b78d5cf|__AUTOMETRIC__
__AUTOMETRIC__|0.1.2|6740|crew_log_36588930d4e548b0|0|1786318828.504|98.557|6.160|268595200|293478400|gen_data_541e7f098b78d5cf|__AUTOMETRIC__
__AUTOMETRIC__|0.1.2|6740|crew_log_36588930d4e548b0|0|1786318829.515|98.892|6.181|383688704|415387648|gen_data_541e7f098b78d5cf|__AUTOMETRIC__
__AUTOMETRIC__|0.1.2|6740|crew_log_36588930d4e548b0|0|1786318830.520|97.948|6.122|409038848|442245120|gen_data_541e7f098b78d5cf|__AUTOMETRIC__
__AUTOMETRIC__|0.1.2|6740|crew_log_36588930d4e548b0|0|1786318831.532|95.805|5.988|397271040|430182400|gen_data_541e7f098b78d5cf|__AUTOMETRIC__
__AUTOMETRIC__|0.1.2|6740|crew_log_36588930d4e548b0|0|1786318832.539|100.812|6.301|396877824|429772800|gen_data_541e7f098b78d5cf|__AUTOMETRIC__
__AUTOMETRIC__|0.1.2|6740|crew_log_36588930d4e548b0|0|1786318833.543|96.492|6.031|396861440|429756416|gen_data_541e7f098b78d5cf|__AUTOMETRIC__
__AUTOMETRIC__|0.1.2|6740|crew_log_36588930d4e548b0|0|1786318834.558|100.066|6.254|396873728|429764608|gen_data_541e7f098b78d5cf|__AUTOMETRIC__
__AUTOMETRIC__|0.1.2|6740|crew_log_36588930d4e548b0|0|1786318835.558|99.978|6.249|396877824|429764608|gen_data_541e7f098b78d5cf|__AUTOMETRIC__
__AUTOMETRIC__|0.1.2|6740|crew_log_36588930d4e548b0|0|1786318836.564|99.437|6.215|396910592|429785088|gen_data_541e7f098b78d5cf|__AUTOMETRIC__
__AUTOMETRIC__|0.1.2|6740|crew_log_36588930d4e548b0|0|1786318837.575|100.449|6.278|396918784|429789184|gen_data_541e7f098b78d5cf|__AUTOMETRIC__
__AUTOMETRIC__|0.1.2|6740|crew_log_36588930d4e548b0|0|1786318838.568|99.110|6.194|396374016|429244416|gen_data_541e7f098b78d5cf|__AUTOMETRIC__
__AUTOMETRIC__|0.1.2|6740|crew_log_36588930d4e548b0|0|1786318839.578|100.607|6.288|396382208|429252608|gen_data_541e7f098b78d5cf|__AUTOMETRIC__
__AUTOMETRIC__|0.1.2|6740|crew_log_36588930d4e548b0|0|1786318840.578|99.945|6.247|396374016|429244416|gen_data_541e7f098b78d5cf|__AUTOMETRIC__
__AUTOMETRIC__|0.1.2|6740|crew_log_36588930d4e548b0|0|1786318841.589|100.465|6.279|396374016|429244416|gen_data_541e7f098b78d5cf|__AUTOMETRIC__
__AUTOMETRIC__|0.1.2|6740|crew_log_36588930d4e548b0|0|1786318842.600|100.450|6.278|396398592|429268992|gen_data_541e7f098b78d5cf|__AUTOMETRIC__
__AUTOMETRIC__|0.1.2|6740|crew_log_36588930d4e548b0|0|1786318843.612|98.877|6.180|396394496|429264896|gen_data_541e7f098b78d5cf|__AUTOMETRIC__
__AUTOMETRIC__|0.1.2|6740|crew_log_36588930d4e548b0|0|1786318844.622|98.991|6.187|396394496|429264896|gen_data_541e7f098b78d5cf|__AUTOMETRIC__
__AUTOMETRIC__|0.1.2|6740|crew_log_36588930d4e548b0|0|1786318845.624|99.785|6.237|396386304|429256704|gen_data_541e7f098b78d5cf|__AUTOMETRIC__
__AUTOMETRIC__|0.1.2|6740|crew_log_36588930d4e548b0|0|1786318846.635|98.876|6.180|396066816|428961792|gen_data_541e7f098b78d5cf|__AUTOMETRIC__
__AUTOMETRIC__|0.1.2|6740|crew_log_36588930d4e548b0|0|1786318847.640|97.982|6.124|396066816|428961792|gen_data_541e7f098b78d5cf|__AUTOMETRIC__
__AUTOMETRIC__|0.1.2|6740|crew_log_36588930d4e548b0|0|1786318848.646|99.370|6.211|396070912|428965888|gen_data_541e7f098b78d5cf|__AUTOMETRIC__
__AUTOMETRIC__|0.1.2|6740|crew_log_36588930d4e548b0|0|1786318849.648|101.347|6.334|396075008|428969984|gen_data_541e7f098b78d5cf|__AUTOMETRIC__
__AUTOMETRIC__|0.1.2|6740|crew_log_36588930d4e548b0|0|1786318850.655|99.369|6.211|396054528|428945408|gen_data_541e7f098b78d5cf|__AUTOMETRIC__
__AUTOMETRIC__|0.1.2|6740|crew_log_36588930d4e548b0|0|1786318851.660|97.894|6.118|396058624|428945408|gen_data_541e7f098b78d5cf|__AUTOMETRIC__
__AUTOMETRIC__|0.1.2|6740|crew_log_36588930d4e548b0|0|1786318852.673|98.701|6.169|396087296|428961792|gen_data_541e7f098b78d5cf|__AUTOMETRIC__
__AUTOMETRIC__|0.1.2|6740|crew_log_36588930d4e548b0|0|1786318853.682|99.202|6.200|396165120|429096960|gen_data_541e7f098b78d5cf|__AUTOMETRIC__
__AUTOMETRIC__|0.1.2|6740|crew_log_36588930d4e548b0|0|1786318854.685|99.678|6.230|396169216|429092864|gen_data_541e7f098b78d5cf|__AUTOMETRIC__
__AUTOMETRIC__|0.1.2|6740|crew_log_36588930d4e548b0|0|1786318855.699|101.705|6.357|396156928|429080576|gen_data_541e7f098b78d5cf|__AUTOMETRIC__
__AUTOMETRIC__|0.1.2|6740|crew_log_36588930d4e548b0|0|1786318856.704|97.937|6.121|396185600|429109248|gen_data_541e7f098b78d5cf|__AUTOMETRIC__
__AUTOMETRIC__|0.1.2|6740|crew_log_36588930d4e548b0|0|1786318857.708|99.557|6.222|396185600|429109248|gen_data_541e7f098b78d5cf|__AUTOMETRIC__
__AUTOMETRIC__|0.1.2|6740|crew_log_36588930d4e548b0|0|1786318858.709|99.973|6.248|396185600|429109248|gen_data_541e7f098b78d5cf|__AUTOMETRIC__
__AUTOMETRIC__|0.1.2|6740|crew_log_36588930d4e548b0|0|1786318859.709|99.925|6.245|396161024|429080576|gen_data_541e7f098b78d5cf|__AUTOMETRIC__
__AUTOMETRIC__|0.1.2|6740|crew_log_36588930d4e548b0|0|1786318860.711|101.379|6.336|396201984|429109248|gen_data_541e7f098b78d5cf|__AUTOMETRIC__
__AUTOMETRIC__|0.1.2|6740|crew_log_36588930d4e548b0|0|1786318861.718|99.361|6.210|396042240|428945408|gen_data_541e7f098b78d5cf|__AUTOMETRIC__
__AUTOMETRIC__|0.1.2|6740|crew_log_36588930d4e548b0|0|1786318862.718|99.925|6.245|396111872|428982272|gen_data_541e7f098b78d5cf|__AUTOMETRIC__
__AUTOMETRIC__|0.1.2|6740|crew_log_36588930d4e548b0|0|1786318863.730|98.888|6.181|395919360|428789760|gen_data_541e7f098b78d5cf|__AUTOMETRIC__
__AUTOMETRIC__|0.1.2|6740|crew_log_36588930d4e548b0|0|1786318864.743|97.084|6.068|395911168|428781568|gen_data_541e7f098b78d5cf|__AUTOMETRIC__
__AUTOMETRIC__|0.1.2|6740|crew_log_36588930d4e548b0|0|1786318865.748|97.958|6.122|395911168|428781568|gen_data_541e7f098b78d5cf|__AUTOMETRIC__
__AUTOMETRIC__|0.1.2|6740|crew_log_36588930d4e548b0|0|1786318866.750|96.680|6.042|395919360|428789760|gen_data_541e7f098b78d5cf|__AUTOMETRIC__
__AUTOMETRIC__|0.1.2|6740|crew_log_36588930d4e548b0|0|1786318867.756|97.893|6.118|395792384|428781568|gen_data_541e7f098b78d5cf|__AUTOMETRIC__
__AUTOMETRIC__|0.1.2|6740|crew_log_36588930d4e548b0|0|1786318868.762|102.527|6.408|395792384|428785664|gen_data_541e7f098b78d5cf|__AUTOMETRIC__
__AUTOMETRIC__|0.1.2|6740|crew_log_36588930d4e548b0|0|1786318869.763|96.802|6.050|395800576|428793856|gen_data_541e7f098b78d5cf|__AUTOMETRIC__
__AUTOMETRIC__|0.1.2|6740|crew_log_36588930d4e548b0|0|1786318870.763|96.839|6.052|395829248|428822528|gen_data_541e7f098b78d5cf|__AUTOMETRIC__
__AUTOMETRIC__|0.1.2|6740|crew_log_36588930d4e548b0|0|1786318871.765|90.473|5.655|395833344|428826624|gen_data_541e7f098b78d5cf|__AUTOMETRIC__
__AUTOMETRIC__|0.1.2|6740|crew_log_36588930d4e548b0|0|1786318872.768|88.757|5.547|395825152|428818432|gen_data_541e7f098b78d5cf|__AUTOMETRIC__
__AUTOMETRIC__|0.1.2|6740|crew_log_36588930d4e548b0|0|1786318873.774|99.398|6.212|395833344|428826624|gen_data_541e7f098b78d5cf|__AUTOMETRIC__
__AUTOMETRIC__|0.1.2|6740|crew_log_36588930d4e548b0|0|1786318874.780|99.447|6.215|395857920|428892160|gen_data_541e7f098b78d5cf|__AUTOMETRIC__
__AUTOMETRIC__|0.1.2|6740|crew_log_36588930d4e548b0|0|1786318875.781|99.883|6.243|395829248|428855296|gen_data_541e7f098b78d5cf|__AUTOMETRIC__
__AUTOMETRIC__|0.1.2|6740|crew_log_36588930d4e548b0|0|1786318876.785|98.055|6.128|395833344|428859392|gen_data_541e7f098b78d5cf|__AUTOMETRIC__
__AUTOMETRIC__|0.1.2|6740|crew_log_36588930d4e548b0|0|1786318877.794|100.594|6.287|395833344|428859392|gen_data_541e7f098b78d5cf|__AUTOMETRIC__
__AUTOMETRIC__|0.1.2|6740|crew_log_36588930d4e548b0|0|1786318878.798|99.674|6.230|395833344|428859392|gen_data_541e7f098b78d5cf|__AUTOMETRIC__
__AUTOMETRIC__|0.1.2|6740|crew_log_36588930d4e548b0|0|1786318879.803|99.511|6.219|395833344|428859392|gen_data_541e7f098b78d5cf|__AUTOMETRIC__
__AUTOMETRIC__|0.1.2|6740|crew_log_36588930d4e548b0|0|1786318880.809|100.870|6.304|395816960|428843008|gen_data_541e7f098b78d5cf|__AUTOMETRIC__
__AUTOMETRIC__|0.1.2|6740|crew_log_36588930d4e548b0|0|1786318881.818|99.175|6.198|395685888|428711936|gen_data_541e7f098b78d5cf|__AUTOMETRIC__
__AUTOMETRIC__|0.1.2|6740|crew_log_36588930d4e548b0|0|1786318882.825|99.275|6.205|395833344|428859392|gen_data_541e7f098b78d5cf|__AUTOMETRIC__
__AUTOMETRIC__|0.1.2|6740|crew_log_36588930d4e548b0|0|1786318883.839|97.055|6.066|395702272|428728320|gen_data_541e7f098b78d5cf|__AUTOMETRIC__
__AUTOMETRIC__|0.1.2|6740|crew_log_36588930d4e548b0|0|1786318884.850|98.951|6.184|395702272|428728320|gen_data_541e7f098b78d5cf|__AUTOMETRIC__
__AUTOMETRIC__|0.1.2|6740|crew_log_36588930d4e548b0|0|1786318885.858|100.731|6.296|395788288|428777472|gen_data_541e7f098b78d5cf|__AUTOMETRIC__
__AUTOMETRIC__|0.1.2|6740|crew_log_36588930d4e548b0|0|1786318886.872|98.665|6.167|395804672|428781568|gen_data_541e7f098b78d5cf|__AUTOMETRIC__
__AUTOMETRIC__|0.1.2|6740|crew_log_36588930d4e548b0|0|1786318887.887|98.531|6.158|395792384|428765184|gen_data_541e7f098b78d5cf|__AUTOMETRIC__
__AUTOMETRIC__|0.1.2|6740|crew_log_36588930d4e548b0|0|1786318888.898|98.833|6.177|395829248|428797952|gen_data_541e7f098b78d5cf|__AUTOMETRIC__
__AUTOMETRIC__|0.1.2|6740|crew_log_36588930d4e548b0|0|1786318889.912|97.139|6.071|395624448|428617728|gen_data_541e7f098b78d5cf|__AUTOMETRIC__
__AUTOMETRIC__|0.1.2|6740|crew_log_36588930d4e548b0|0|1786318890.924|101.845|6.365|395624448|428617728|gen_data_541e7f098b78d5cf|__AUTOMETRIC__
__AUTOMETRIC__|0.1.2|6740|crew_log_36588930d4e548b0|0|1786318891.930|96.315|6.020|395628544|428621824|gen_data_541e7f098b78d5cf|__AUTOMETRIC__
__AUTOMETRIC__|0.1.2|6740|crew_log_36588930d4e548b0|0|1786318892.942|95.710|5.982|395632640|428625920|gen_data_541e7f098b78d5cf|__AUTOMETRIC__
__AUTOMETRIC__|0.1.2|6740|crew_log_36588930d4e548b0|0|1786318893.948|99.412|6.213|395628544|428621824|gen_data_541e7f098b78d5cf|__AUTOMETRIC__
__AUTOMETRIC__|0.1.2|6740|crew_log_36588930d4e548b0|0|1786318894.962|95.558|5.972|395644928|428638208|gen_data_541e7f098b78d5cf|__AUTOMETRIC__
__AUTOMETRIC__|0.1.2|6740|crew_log_36588930d4e548b0|0|1786318895.965|98.154|6.135|395661312|428654592|gen_data_541e7f098b78d5cf|__AUTOMETRIC__
__AUTOMETRIC__|0.1.2|6740|crew_log_36588930d4e548b0|0|1786318896.975|97.490|6.093|395677696|428662784|gen_data_541e7f098b78d5cf|__AUTOMETRIC__
__AUTOMETRIC__|0.1.2|6740|crew_log_36588930d4e548b0|0|1786318897.980|101.038|6.315|395689984|428666880|gen_data_541e7f098b78d5cf|__AUTOMETRIC__
__AUTOMETRIC__|0.1.2|6740|crew_log_36588930d4e548b0|0|1786318898.980|99.967|6.248|395702272|428666880|gen_data_541e7f098b78d5cf|__AUTOMETRIC__
__AUTOMETRIC__|0.1.2|6740|crew_log_36588930d4e548b0|0|1786318899.993|100.256|6.266|395722752|428699648|gen_data_541e7f098b78d5cf|__AUTOMETRIC__
__AUTOMETRIC__|0.1.2|6740|crew_log_36588930d4e548b0|0|1786318901.007|97.079|6.067|395739136|428716032|gen_data_541e7f098b78d5cf|__AUTOMETRIC__
__AUTOMETRIC__|0.1.2|6740|crew_log_36588930d4e548b0|0|1786318902.012|98.007|6.125|395718656|428695552|gen_data_541e7f098b78d5cf|__AUTOMETRIC__
__AUTOMETRIC__|0.1.2|6740|crew_log_36588930d4e548b0|0|1786318903.013|98.250|6.141|395714560|428687360|gen_data_541e7f098b78d5cf|__AUTOMETRIC__
__AUTOMETRIC__|0.1.2|6740|crew_log_36588930d4e548b0|0|1786318904.028|100.111|6.257|395702272|428675072|gen_data_541e7f098b78d5cf|__AUTOMETRIC__
__AUTOMETRIC__|0.1.2|6740|crew_log_36588930d4e548b0|0|1786318905.038|88.169|5.511|405721088|438980608|compiled_brms_models_2b107c2cf4fb2cb4|__AUTOMETRIC__
__AUTOMETRIC__|0.1.2|6740|crew_log_36588930d4e548b0|0|1786318906.053|96.963|6.060|416178176|448880640|compiled_brms_models_2b107c2cf4fb2cb4|__AUTOMETRIC__
__AUTOMETRIC__|0.1.2|6740|crew_log_36588930d4e548b0|0|1786318907.064|86.613|5.413|451624960|480174080|compiled_brms_models_2b107c2cf4fb2cb4|__AUTOMETRIC__
__AUTOMETRIC__|0.1.2|6740|crew_log_36588930d4e548b0|0|1786318908.065|118.570|7.411|489074688|510517248|compiled_brms_models_2b107c2cf4fb2cb4|__AUTOMETRIC__
__AUTOMETRIC__|0.1.2|6740|crew_log_36588930d4e548b0|0|1786318909.076|114.338|7.146|518778880|539394048|compiled_brms_models_2b107c2cf4fb2cb4|__AUTOMETRIC__
__AUTOMETRIC__|0.1.2|6740|crew_log_36588930d4e548b0|0|1786318910.090|94.018|5.876|539430912|560136192|compiled_brms_models_2b107c2cf4fb2cb4|__AUTOMETRIC__
