__AUTOMETRIC__|0.1.2|2155217|crew_log_55856474bfd993af|0|1786749445.234|64.989|0.338|208875520|2826788864|sim_data_b8000ed69b204c49|__AUTOMETRIC__
__AUTOMETRIC__|0.1.2|2155217|crew_log_55856474bfd993af|0|1786749446.236|0.000|0.000|208875520|2826788864|sim_data_b8000ed69b204c49|__AUTOMETRIC__
__AUTOMETRIC__|0.1.2|2155217|crew_log_55856474bfd993af|0|1786749447.237|0.000|0.000|208875520|2826788864|sim_data_b8000ed69b204c49|__AUTOMETRIC__
__AUTOMETRIC__|0.1.2|2155217|crew_log_55856474bfd993af|0|1786749448.239|0.000|0.000|208875520|2826788864|sim_data_b8000ed69b204c49|__AUTOMETRIC__
__AUTOMETRIC__|0.1.2|2155217|crew_log_55856474bfd993af|0|1786749449.240|0.000|0.000|208875520|2826788864|sim_data_b8000ed69b204c49|__AUTOMETRIC__
__AUTOMETRIC__|0.1.2|2155217|crew_log_55856474bfd993af|0|1786749450.241|0.000|0.000|208875520|2826788864|sim_data_b8000ed69b204c49|__AUTOMETRIC__
__AUTOMETRIC__|0.1.2|2155217|crew_log_55856474bfd993af|0|1786749451.242|0.000|0.000|208875520|2826788864|sim_data_b8000ed69b204c49|__AUTOMETRIC__
__AUTOMETRIC__|0.1.2|2155217|crew_log_55856474bfd993af|0|1786749452.244|0.000|0.000|208875520|2826788864|sim_data_b8000ed69b204c49|__AUTOMETRIC__
__AUTOMETRIC__|0.1.2|2155217|crew_log_55856474bfd993af|0|1786749453.245|0.999|0.005|208875520|2826788864|sim_data_b8000ed69b204c49|__AUTOMETRIC__
__AUTOMETRIC__|0.1.2|2155217|crew_log_55856474bfd993af|0|1786749454.246|0.000|0.000|208875520|2826788864|sim_data_b8000ed69b204c49|__AUTOMETRIC__
__AUTOMETRIC__|0.1.2|2155217|crew_log_55856474bfd993af|0|1786749455.248|20.974|0.109|249827328|2869784576|sim_data_b8000ed69b204c49|__AUTOMETRIC__
__AUTOMETRIC__|0.1.2|2155217|crew_log_55856474bfd993af|0|1786749456.249|94.850|0.494|387932160|3014782976|sim_data_b8000ed69b204c49|__AUTOMETRIC__
__AUTOMETRIC__|0.1.2|2155217|crew_log_55856474bfd993af|0|1786749457.251|99.823|0.520|597123072|3224465408|sim_data_b8000ed69b204c49|__AUTOMETRIC__
__AUTOMETRIC__|0.1.2|2155217|crew_log_55856474bfd993af|0|1786749458.252|99.886|0.520|752836608|3380113408|sim_data_b8000ed69b204c49|__AUTOMETRIC__
__AUTOMETRIC__|0.1.2|2155217|crew_log_55856474bfd993af|0|1786749459.254|98.854|0.515|1015504896|3641413632|sim_data_b8000ed69b204c49|__AUTOMETRIC__
__AUTOMETRIC__|0.1.2|2155217|crew_log_55856474bfd993af|0|1786749460.255|98.861|0.515|1166499840|3793457152|sim_data_b8000ed69b204c49|__AUTOMETRIC__
__AUTOMETRIC__|0.1.2|2155217|crew_log_55856474bfd993af|0|1786749461.256|98.889|0.515|1433886720|4060237824|sim_data_b8000ed69b204c49|__AUTOMETRIC__
__AUTOMETRIC__|0.1.2|2155217|crew_log_55856474bfd993af|0|1786749462.259|100.711|0.525|1756323840|4382777344|sim_data_b8000ed69b204c49|__AUTOMETRIC__
__AUTOMETRIC__|0.1.2|2155217|crew_log_55856474bfd993af|0|1786749463.262|99.701|0.519|1825529856|4452225024|sim_data_b8000ed69b204c49|__AUTOMETRIC__
__AUTOMETRIC__|0.1.2|2155217|crew_log_55856474bfd993af|0|1786749464.263|99.860|0.520|2143248384|4769640448|sim_data_b8000ed69b204c49|__AUTOMETRIC__
__AUTOMETRIC__|0.1.2|2155217|crew_log_55856474bfd993af|0|1786749465.265|99.802|0.520|2308399104|4935393280|sim_data_b8000ed69b204c49|__AUTOMETRIC__
__AUTOMETRIC__|0.1.2|2155217|crew_log_55856474bfd993af|0|1786749466.267|98.864|0.515|2607243264|5233696768|sim_data_b8000ed69b204c49|__AUTOMETRIC__
__AUTOMETRIC__|0.1.2|2155217|crew_log_55856474bfd993af|0|1786749467.269|98.784|0.515|2644992000|5270855680|sim_data_b8000ed69b204c49|__AUTOMETRIC__
__AUTOMETRIC__|0.1.2|2155217|crew_log_55856474bfd993af|0|1786749468.270|100.864|0.525|3164037120|5790941184|sim_data_b8000ed69b204c49|__AUTOMETRIC__
__AUTOMETRIC__|0.1.2|2155217|crew_log_55856474bfd993af|0|1786749469.275|99.574|0.519|3164037120|5790941184|sim_data_b8000ed69b204c49|__AUTOMETRIC__
__AUTOMETRIC__|0.1.2|2155217|crew_log_55856474bfd993af|0|1786749470.276|99.840|0.520|3492765696|6118744064|sim_data_b8000ed69b204c49|__AUTOMETRIC__
__AUTOMETRIC__|0.1.2|2155217|crew_log_55856474bfd993af|0|1786749471.278|98.849|0.515|3832504320|6459555840|sim_data_b8000ed69b204c49|__AUTOMETRIC__
__AUTOMETRIC__|0.1.2|2155217|crew_log_55856474bfd993af|0|1786749472.279|99.841|0.520|3832504320|6459555840|sim_data_b8000ed69b204c49|__AUTOMETRIC__
__AUTOMETRIC__|0.1.2|2155217|crew_log_55856474bfd993af|0|1786749473.281|99.813|0.520|3933167616|6559723520|sim_data_b8000ed69b204c49|__AUTOMETRIC__
__AUTOMETRIC__|0.1.2|2155217|crew_log_55856474bfd993af|0|1786749474.283|99.841|0.520|4631519232|7258386432|sim_data_b8000ed69b204c49|__AUTOMETRIC__
__AUTOMETRIC__|0.1.2|2155217|crew_log_55856474bfd993af|0|1786749475.285|99.805|0.520|4634664960|7261667328|sim_data_b8000ed69b204c49|__AUTOMETRIC__
__AUTOMETRIC__|0.1.2|2155217|crew_log_55856474bfd993af|0|1786749476.286|98.842|0.515|4634664960|7261667328|sim_data_b8000ed69b204c49|__AUTOMETRIC__
__AUTOMETRIC__|0.1.2|2155217|crew_log_55856474bfd993af|0|1786749477.289|99.785|0.520|4925644800|7552274432|sim_data_b8000ed69b204c49|__AUTOMETRIC__
__AUTOMETRIC__|0.1.2|2155217|crew_log_55856474bfd993af|0|1786749478.290|99.852|0.520|5597257728|8224415744|sim_data_b8000ed69b204c49|__AUTOMETRIC__
__AUTOMETRIC__|0.1.2|2155217|crew_log_55856474bfd993af|0|1786749479.291|99.880|0.520|5597257728|8224415744|sim_data_b8000ed69b204c49|__AUTOMETRIC__
__AUTOMETRIC__|0.1.2|2155217|crew_log_55856474bfd993af|0|1786749480.294|99.731|0.519|5597257728|8224415744|sim_data_b8000ed69b204c49|__AUTOMETRIC__
__AUTOMETRIC__|0.1.2|2155217|crew_log_55856474bfd993af|0|1786749481.297|99.721|0.519|5795438592|8422313984|sim_data_b8000ed69b204c49|__AUTOMETRIC__
__AUTOMETRIC__|0.1.2|2155217|crew_log_55856474bfd993af|0|1786749482.300|99.715|0.519|6498508800|9124556800|sim_data_b8000ed69b204c49|__AUTOMETRIC__
__AUTOMETRIC__|0.1.2|2155217|crew_log_55856474bfd993af|0|1786749483.303|99.695|0.519|6753312768|9379688448|sim_data_b8000ed69b204c49|__AUTOMETRIC__
__AUTOMETRIC__|0.1.2|2155217|crew_log_55856474bfd993af|0|1786749484.304|98.876|0.515|6753312768|9379688448|sim_data_b8000ed69b204c49|__AUTOMETRIC__
__AUTOMETRIC__|0.1.2|2155217|crew_log_55856474bfd993af|0|1786749485.305|99.891|0.520|6753312768|9379688448|sim_data_b8000ed69b204c49|__AUTOMETRIC__
__AUTOMETRIC__|0.1.2|2155217|crew_log_55856474bfd993af|0|1786749486.306|99.890|0.520|6753312768|9379688448|sim_data_b8000ed69b204c49|__AUTOMETRIC__
__AUTOMETRIC__|0.1.2|2155217|crew_log_55856474bfd993af|0|1786749487.307|98.870|0.515|7203151872|9829863424|sim_data_b8000ed69b204c49|__AUTOMETRIC__
__AUTOMETRIC__|0.1.2|2155217|crew_log_55856474bfd993af|0|1786749488.309|99.882|0.520|7904649216|10530742272|sim_data_b8000ed69b204c49|__AUTOMETRIC__
__AUTOMETRIC__|0.1.2|2155217|crew_log_55856474bfd993af|0|1786749489.310|99.879|0.520|8139005952|10765881344|sim_data_b8000ed69b204c49|__AUTOMETRIC__
__AUTOMETRIC__|0.1.2|2155217|crew_log_55856474bfd993af|0|1786749490.311|98.865|0.515|8139005952|10765881344|sim_data_b8000ed69b204c49|__AUTOMETRIC__
__AUTOMETRIC__|0.1.2|2155217|crew_log_55856474bfd993af|0|1786749491.312|99.882|0.520|8139005952|10765881344|sim_data_b8000ed69b204c49|__AUTOMETRIC__
__AUTOMETRIC__|0.1.2|2155217|crew_log_55856474bfd993af|0|1786749492.314|99.881|0.520|8139005952|10765881344|sim_data_b8000ed69b204c49|__AUTOMETRIC__
__AUTOMETRIC__|0.1.2|2155217|crew_log_55856474bfd993af|0|1786749493.315|99.854|0.520|8186191872|10812755968|sim_data_b8000ed69b204c49|__AUTOMETRIC__
__AUTOMETRIC__|0.1.2|2155217|crew_log_55856474bfd993af|0|1786749494.317|98.803|0.515|8892407808|11518357504|sim_data_b8000ed69b204c49|__AUTOMETRIC__
__AUTOMETRIC__|0.1.2|2155217|crew_log_55856474bfd993af|0|1786749495.322|100.450|0.523|9601769472|12227719168|sim_data_b8000ed69b204c49|__AUTOMETRIC__
__AUTOMETRIC__|0.1.2|2155217|crew_log_55856474bfd993af|0|1786749496.325|98.714|0.514|9803096064|12429545472|sim_data_b8000ed69b204c49|__AUTOMETRIC__
__AUTOMETRIC__|0.1.2|2155217|crew_log_55856474bfd993af|0|1786749497.329|99.670|0.519|9803096064|12429545472|sim_data_b8000ed69b204c49|__AUTOMETRIC__
__AUTOMETRIC__|0.1.2|2155217|crew_log_55856474bfd993af|0|1786749498.332|99.644|0.519|9803096064|12429545472|sim_data_b8000ed69b204c49|__AUTOMETRIC__
__AUTOMETRIC__|0.1.2|2155217|crew_log_55856474bfd993af|0|1786749499.333|99.884|0.520|9803096064|12429545472|sim_data_b8000ed69b204c49|__AUTOMETRIC__
__AUTOMETRIC__|0.1.2|2155217|crew_log_55856474bfd993af|0|1786749500.336|99.736|0.519|9803096064|12429545472|sim_data_b8000ed69b204c49|__AUTOMETRIC__
__AUTOMETRIC__|0.1.2|2155217|crew_log_55856474bfd993af|0|1786749501.337|100.874|0.525|10034307072|12661587968|sim_data_b8000ed69b204c49|__AUTOMETRIC__
__AUTOMETRIC__|0.1.2|2155217|crew_log_55856474bfd993af|0|1786749502.339|98.877|0.515|10721648640|13347598336|sim_data_b8000ed69b204c49|__AUTOMETRIC__
__AUTOMETRIC__|0.1.2|2155217|crew_log_55856474bfd993af|0|1786749503.340|99.855|0.520|11413708800|14040981504|sim_data_b8000ed69b204c49|__AUTOMETRIC__
__AUTOMETRIC__|0.1.2|2155217|crew_log_55856474bfd993af|0|1786749504.341|99.882|0.520|11799060480|14425944064|sim_data_b8000ed69b204c49|__AUTOMETRIC__
__AUTOMETRIC__|0.1.2|2155217|crew_log_55856474bfd993af|0|1786749505.342|98.879|0.515|11799060480|14425944064|sim_data_b8000ed69b204c49|__AUTOMETRIC__
__AUTOMETRIC__|0.1.2|2155217|crew_log_55856474bfd993af|0|1786749506.344|99.882|0.520|11799060480|14425944064|sim_data_b8000ed69b204c49|__AUTOMETRIC__
__AUTOMETRIC__|0.1.2|2155217|crew_log_55856474bfd993af|0|1786749507.345|99.863|0.520|11799060480|14425944064|sim_data_b8000ed69b204c49|__AUTOMETRIC__
__AUTOMETRIC__|0.1.2|2155217|crew_log_55856474bfd993af|0|1786749508.346|99.874|0.520|11799060480|14425944064|sim_data_b8000ed69b204c49|__AUTOMETRIC__
__AUTOMETRIC__|0.1.2|2155217|crew_log_55856474bfd993af|0|1786749509.347|99.884|0.520|11799060480|14425944064|sim_data_b8000ed69b204c49|__AUTOMETRIC__
__AUTOMETRIC__|0.1.2|2155217|crew_log_55856474bfd993af|0|1786749510.349|98.878|0.515|11871412224|14497824768|sim_data_b8000ed69b204c49|__AUTOMETRIC__
__AUTOMETRIC__|0.1.2|2155217|crew_log_55856474bfd993af|0|1786749511.350|99.875|0.520|12552462336|15179268096|sim_data_b8000ed69b204c49|__AUTOMETRIC__
__AUTOMETRIC__|0.1.2|2155217|crew_log_55856474bfd993af|0|1786749512.351|98.886|0.515|13249241088|15875878912|sim_data_b8000ed69b204c49|__AUTOMETRIC__
__AUTOMETRIC__|0.1.2|2155217|crew_log_55856474bfd993af|0|1786749513.353|99.841|0.520|13938155520|16565030912|sim_data_b8000ed69b204c49|__AUTOMETRIC__
__AUTOMETRIC__|0.1.2|2155217|crew_log_55856474bfd993af|0|1786749514.354|99.873|0.520|14194532352|16821673984|sim_data_b8000ed69b204c49|__AUTOMETRIC__
__AUTOMETRIC__|0.1.2|2155217|crew_log_55856474bfd993af|0|1786749515.355|99.880|0.520|14194532352|16821673984|sim_data_b8000ed69b204c49|__AUTOMETRIC__
__AUTOMETRIC__|0.1.2|2155217|crew_log_55856474bfd993af|0|1786749516.356|98.886|0.515|14194532352|16821673984|sim_data_b8000ed69b204c49|__AUTOMETRIC__
__AUTOMETRIC__|0.1.2|2155217|crew_log_55856474bfd993af|0|1786749517.357|99.874|0.520|14194532352|16821673984|sim_data_b8000ed69b204c49|__AUTOMETRIC__
__AUTOMETRIC__|0.1.2|2155217|crew_log_55856474bfd993af|0|1786749518.359|99.876|0.520|14194532352|16821673984|sim_data_b8000ed69b204c49|__AUTOMETRIC__
__AUTOMETRIC__|0.1.2|2155217|crew_log_55856474bfd993af|0|1786749519.360|99.890|0.520|14194532352|16821673984|sim_data_b8000ed69b204c49|__AUTOMETRIC__
__AUTOMETRIC__|0.1.2|2155217|crew_log_55856474bfd993af|0|1786749520.361|99.883|0.520|14194532352|16821673984|sim_data_b8000ed69b204c49|__AUTOMETRIC__
__AUTOMETRIC__|0.1.2|2155217|crew_log_55856474bfd993af|0|1786749521.362|98.885|0.515|14194532352|16821673984|sim_data_b8000ed69b204c49|__AUTOMETRIC__
__AUTOMETRIC__|0.1.2|2155217|crew_log_55856474bfd993af|0|1786749522.363|99.886|0.520|14831542272|17457938432|sim_data_b8000ed69b204c49|__AUTOMETRIC__
__AUTOMETRIC__|0.1.2|2155217|crew_log_55856474bfd993af|0|1786749523.365|99.856|0.520|15534612480|18161324032|sim_data_b8000ed69b204c49|__AUTOMETRIC__
__AUTOMETRIC__|0.1.2|2155217|crew_log_55856474bfd993af|0|1786749524.366|98.862|0.515|16210944000|18837667840|sim_data_b8000ed69b204c49|__AUTOMETRIC__
__AUTOMETRIC__|0.1.2|2155217|crew_log_55856474bfd993af|0|1786749525.367|99.883|0.520|16888848384|19515432960|sim_data_b8000ed69b204c49|__AUTOMETRIC__
__AUTOMETRIC__|0.1.2|2155217|crew_log_55856474bfd993af|0|1786749526.369|99.861|0.520|17069727744|19696627712|sim_data_b8000ed69b204c49|__AUTOMETRIC__
__AUTOMETRIC__|0.1.2|2155217|crew_log_55856474bfd993af|0|1786749527.370|99.878|0.520|17069727744|19696627712|sim_data_b8000ed69b204c49|__AUTOMETRIC__
__AUTOMETRIC__|0.1.2|2155217|crew_log_55856474bfd993af|0|1786749528.372|99.802|0.520|17069727744|19696627712|sim_data_b8000ed69b204c49|__AUTOMETRIC__
__AUTOMETRIC__|0.1.2|2155217|crew_log_55856474bfd993af|0|1786749529.373|99.875|0.520|17069727744|19696627712|sim_data_b8000ed69b204c49|__AUTOMETRIC__
__AUTOMETRIC__|0.1.2|2155217|crew_log_55856474bfd993af|0|1786749530.374|98.874|0.515|17069727744|19696627712|sim_data_b8000ed69b204c49|__AUTOMETRIC__
__AUTOMETRIC__|0.1.2|2155217|crew_log_55856474bfd993af|0|1786749531.377|99.714|0.519|17069727744|19696627712|sim_data_b8000ed69b204c49|__AUTOMETRIC__
__AUTOMETRIC__|0.1.2|2155217|crew_log_55856474bfd993af|0|1786749532.378|99.886|0.520|17069727744|19696627712|sim_data_b8000ed69b204c49|__AUTOMETRIC__
