__AUTOMETRIC__|0.1.2|13344|crew_log_c2d3ea950ff76547|0|1786324035.038|99.280|6.205|157908992|184279040|sim_data_345e031ce91f1b82|__AUTOMETRIC__
__AUTOMETRIC__|0.1.2|13344|crew_log_c2d3ea950ff76547|0|1786324036.048|89.747|5.609|220131328|246427648|sim_data_345e031ce91f1b82|__AUTOMETRIC__
__AUTOMETRIC__|0.1.2|13344|crew_log_c2d3ea950ff76547|0|1786324037.060|0.000|0.000|219701248|245739520|sim_data_345e031ce91f1b82|__AUTOMETRIC__
__AUTOMETRIC__|0.1.2|13344|crew_log_c2d3ea950ff76547|0|1786324038.069|89.799|5.612|254717952|280907776|sim_data_345e031ce91f1b82|__AUTOMETRIC__
__AUTOMETRIC__|0.1.2|13344|crew_log_c2d3ea950ff76547|0|1786324039.070|103.012|6.438|322977792|349200384|sim_data_345e031ce91f1b82|__AUTOMETRIC__
__AUTOMETRIC__|0.1.2|13344|crew_log_c2d3ea950ff76547|0|1786324040.071|101.447|6.340|409264128|441683968|sim_data_345e031ce91f1b82|__AUTOMETRIC__
__AUTOMETRIC__|0.1.2|13344|crew_log_c2d3ea950ff76547|0|1786324041.082|122.056|7.629|471826432|494129152|sim_data_345e031ce91f1b82|__AUTOMETRIC__
__AUTOMETRIC__|0.1.2|13344|crew_log_c2d3ea950ff76547|0|1786324042.083|99.946|6.247|539648000|562520064|sim_data_345e031ce91f1b82|__AUTOMETRIC__
__AUTOMETRIC__|0.1.2|13344|crew_log_c2d3ea950ff76547|0|1786324043.094|100.472|6.279|624136192|647172096|sim_data_345e031ce91f1b82|__AUTOMETRIC__
__AUTOMETRIC__|0.1.2|13344|crew_log_c2d3ea950ff76547|0|1786324044.106|98.766|6.173|775471104|799014912|sim_data_345e031ce91f1b82|__AUTOMETRIC__
__AUTOMETRIC__|0.1.2|13344|crew_log_c2d3ea950ff76547|0|1786324045.117|98.882|6.180|919699456|943804416|sim_data_345e031ce91f1b82|__AUTOMETRIC__
__AUTOMETRIC__|0.1.2|13344|crew_log_c2d3ea950ff76547|0|1786324046.121|99.690|6.231|1109196800|1133637632|sim_data_345e031ce91f1b82|__AUTOMETRIC__
__AUTOMETRIC__|0.1.2|13344|crew_log_c2d3ea950ff76547|0|1786324047.133|100.317|6.270|1218650112|1242906624|sim_data_345e031ce91f1b82|__AUTOMETRIC__
__AUTOMETRIC__|0.1.2|13344|crew_log_c2d3ea950ff76547|0|1786324048.136|98.158|6.135|1393184768|1417961472|sim_data_345e031ce91f1b82|__AUTOMETRIC__
__AUTOMETRIC__|0.1.2|13344|crew_log_c2d3ea950ff76547|0|1786324049.146|99.001|6.188|1522417664|1546387456|sim_data_345e031ce91f1b82|__AUTOMETRIC__
__AUTOMETRIC__|0.1.2|13344|crew_log_c2d3ea950ff76547|0|1786324050.161|101.606|6.350|1514389504|1538015232|sim_data_345e031ce91f1b82|__AUTOMETRIC__
__AUTOMETRIC__|0.1.2|13344|crew_log_c2d3ea950ff76547|0|1786324051.168|97.750|6.109|1546780672|1570041856|sim_data_345e031ce91f1b82|__AUTOMETRIC__
__AUTOMETRIC__|0.1.2|13344|crew_log_c2d3ea950ff76547|0|1786324052.173|99.501|6.219|1697042432|1720688640|sim_data_345e031ce91f1b82|__AUTOMETRIC__
__AUTOMETRIC__|0.1.2|13344|crew_log_c2d3ea950ff76547|0|1786324053.186|98.735|6.171|1894498304|1918930944|sim_data_345e031ce91f1b82|__AUTOMETRIC__
__AUTOMETRIC__|0.1.2|13344|crew_log_c2d3ea950ff76547|0|1786324054.197|100.466|6.279|1842753536|1866772480|sim_data_345e031ce91f1b82|__AUTOMETRIC__
__AUTOMETRIC__|0.1.2|13344|crew_log_c2d3ea950ff76547|0|1786324055.207|98.994|6.187|1849249792|1873268736|sim_data_345e031ce91f1b82|__AUTOMETRIC__
__AUTOMETRIC__|0.1.2|13344|crew_log_c2d3ea950ff76547|0|1786324056.210|76.305|4.769|1855504384|1878478848|sim_data_345e031ce91f1b82|__AUTOMETRIC__
__AUTOMETRIC__|0.1.2|13344|crew_log_c2d3ea950ff76547|0|1786324057.216|99.420|6.214|1855373312|1878347776|sim_data_345e031ce91f1b82|__AUTOMETRIC__
__AUTOMETRIC__|0.1.2|13344|crew_log_c2d3ea950ff76547|0|1786324058.220|99.642|6.228|1854898176|1877872640|sim_data_345e031ce91f1b82|__AUTOMETRIC__
__AUTOMETRIC__|0.1.2|13344|crew_log_c2d3ea950ff76547|0|1786324059.229|100.661|6.291|1854898176|1877872640|sim_data_345e031ce91f1b82|__AUTOMETRIC__
__AUTOMETRIC__|0.1.2|13344|crew_log_c2d3ea950ff76547|0|1786324060.242|98.692|6.168|1854894080|1877868544|sim_data_345e031ce91f1b82|__AUTOMETRIC__
__AUTOMETRIC__|0.1.2|13344|crew_log_c2d3ea950ff76547|0|1786324061.252|100.588|6.287|1854898176|1877872640|sim_data_345e031ce91f1b82|__AUTOMETRIC__
__AUTOMETRIC__|0.1.2|13344|crew_log_c2d3ea950ff76547|0|1786324062.261|100.559|6.285|1854898176|1877872640|sim_data_345e031ce91f1b82|__AUTOMETRIC__
__AUTOMETRIC__|0.1.2|13344|crew_log_c2d3ea950ff76547|0|1786324063.273|100.454|6.278|1854898176|1877872640|sim_data_345e031ce91f1b82|__AUTOMETRIC__
__AUTOMETRIC__|0.1.2|13344|crew_log_c2d3ea950ff76547|0|1786324064.282|97.509|6.094|1855840256|1878749184|sim_data_345e031ce91f1b82|__AUTOMETRIC__
__AUTOMETRIC__|0.1.2|13344|crew_log_c2d3ea950ff76547|0|1786324065.297|100.034|6.252|1855819776|1878728704|sim_data_345e031ce91f1b82|__AUTOMETRIC__
__AUTOMETRIC__|0.1.2|13344|crew_log_c2d3ea950ff76547|0|1786324066.305|100.805|6.300|1855819776|1878728704|sim_data_345e031ce91f1b82|__AUTOMETRIC__
__AUTOMETRIC__|0.1.2|13344|crew_log_c2d3ea950ff76547|0|1786324067.312|99.287|6.205|1855819776|1878728704|sim_data_345e031ce91f1b82|__AUTOMETRIC__
__AUTOMETRIC__|0.1.2|13344|crew_log_c2d3ea950ff76547|0|1786324068.319|99.354|6.210|1855819776|1878728704|sim_data_345e031ce91f1b82|__AUTOMETRIC__
__AUTOMETRIC__|0.1.2|13344|crew_log_c2d3ea950ff76547|0|1786324069.323|102.644|6.415|1855819776|1878728704|sim_data_345e031ce91f1b82|__AUTOMETRIC__
__AUTOMETRIC__|0.1.2|13344|crew_log_c2d3ea950ff76547|0|1786324070.328|99.557|6.222|1855819776|1878728704|sim_data_345e031ce91f1b82|__AUTOMETRIC__
__AUTOMETRIC__|0.1.2|13344|crew_log_c2d3ea950ff76547|0|1786324071.338|100.535|6.283|1855819776|1878728704|sim_data_345e031ce91f1b82|__AUTOMETRIC__
__AUTOMETRIC__|0.1.2|13344|crew_log_c2d3ea950ff76547|0|1786324072.351|98.705|6.169|1856831488|1879736320|sim_data_345e031ce91f1b82|__AUTOMETRIC__
__AUTOMETRIC__|0.1.2|13344|crew_log_c2d3ea950ff76547|0|1786324073.363|98.801|6.175|1856806912|1879711744|sim_data_345e031ce91f1b82|__AUTOMETRIC__
__AUTOMETRIC__|0.1.2|13344|crew_log_c2d3ea950ff76547|0|1786324074.373|97.467|6.092|1856806912|1879711744|sim_data_345e031ce91f1b82|__AUTOMETRIC__
__AUTOMETRIC__|0.1.2|13344|crew_log_c2d3ea950ff76547|0|1786324075.378|99.524|6.220|1856806912|1879711744|sim_data_345e031ce91f1b82|__AUTOMETRIC__
__AUTOMETRIC__|0.1.2|13344|crew_log_c2d3ea950ff76547|0|1786324076.380|99.837|6.240|1856806912|1879711744|sim_data_345e031ce91f1b82|__AUTOMETRIC__
__AUTOMETRIC__|0.1.2|13344|crew_log_c2d3ea950ff76547|0|1786324077.393|100.188|6.262|1856806912|1879711744|sim_data_345e031ce91f1b82|__AUTOMETRIC__
__AUTOMETRIC__|0.1.2|13344|crew_log_c2d3ea950ff76547|0|1786324078.399|100.956|6.310|1856806912|1879711744|sim_data_345e031ce91f1b82|__AUTOMETRIC__
__AUTOMETRIC__|0.1.2|13344|crew_log_c2d3ea950ff76547|0|1786324079.406|99.355|6.210|1857708032|1880612864|sim_data_345e031ce91f1b82|__AUTOMETRIC__
__AUTOMETRIC__|0.1.2|13344|crew_log_c2d3ea950ff76547|0|1786324080.414|99.216|6.201|1857675264|1880580096|sim_data_345e031ce91f1b82|__AUTOMETRIC__
__AUTOMETRIC__|0.1.2|13344|crew_log_c2d3ea950ff76547|0|1786324081.427|100.199|6.262|1857675264|1880580096|sim_data_345e031ce91f1b82|__AUTOMETRIC__
__AUTOMETRIC__|0.1.2|13344|crew_log_c2d3ea950ff76547|0|1786324082.442|101.663|6.354|1857675264|1880580096|sim_data_345e031ce91f1b82|__AUTOMETRIC__
__AUTOMETRIC__|0.1.2|13344|crew_log_c2d3ea950ff76547|0|1786324083.453|98.889|6.181|1857675264|1880580096|sim_data_345e031ce91f1b82|__AUTOMETRIC__
__AUTOMETRIC__|0.1.2|13344|crew_log_c2d3ea950ff76547|0|1786324084.453|98.430|6.152|1857675264|1880580096|sim_data_345e031ce91f1b82|__AUTOMETRIC__
__AUTOMETRIC__|0.1.2|13344|crew_log_c2d3ea950ff76547|0|1786324085.464|100.409|6.276|1857675264|1880580096|sim_data_345e031ce91f1b82|__AUTOMETRIC__
__AUTOMETRIC__|0.1.2|13344|crew_log_c2d3ea950ff76547|0|1786324086.467|99.731|6.233|1859137536|1882030080|sim_data_345e031ce91f1b82|__AUTOMETRIC__
__AUTOMETRIC__|0.1.2|13344|crew_log_c2d3ea950ff76547|0|1786324087.478|100.501|6.281|1987661824|2010796032|sim_data_345e031ce91f1b82|__AUTOMETRIC__
__AUTOMETRIC__|0.1.2|13344|crew_log_c2d3ea950ff76547|0|1786324088.484|100.951|6.309|1922002944|1945198592|sim_data_345e031ce91f1b82|__AUTOMETRIC__
__AUTOMETRIC__|0.1.2|13344|crew_log_c2d3ea950ff76547|0|1786324089.491|100.851|6.303|1852387328|1876017152|sim_data_345e031ce91f1b82|__AUTOMETRIC__
__AUTOMETRIC__|0.1.2|13344|crew_log_c2d3ea950ff76547|0|1786324090.492|101.457|6.341|1857486848|1880997888|sim_data_345e031ce91f1b82|__AUTOMETRIC__
__AUTOMETRIC__|0.1.2|13344|crew_log_c2d3ea950ff76547|0|1786324091.502|97.418|6.089|2021707776|2045628416|sim_data_345e031ce91f1b82|__AUTOMETRIC__
__AUTOMETRIC__|0.1.2|13344|crew_log_c2d3ea950ff76547|0|1786324092.516|80.177|5.011|2001534976|2023919616|sim_data_345e031ce91f1b82|__AUTOMETRIC__
__AUTOMETRIC__|0.1.2|13344|crew_log_c2d3ea950ff76547|0|1786324093.519|99.683|6.230|2001494016|2023845888|sim_data_345e031ce91f1b82|__AUTOMETRIC__
__AUTOMETRIC__|0.1.2|13344|crew_log_c2d3ea950ff76547|0|1786324094.520|99.894|6.243|2000547840|2022772736|sim_data_345e031ce91f1b82|__AUTOMETRIC__
__AUTOMETRIC__|0.1.2|13344|crew_log_c2d3ea950ff76547|0|1786324095.525|101.013|6.313|2000547840|2022772736|sim_data_345e031ce91f1b82|__AUTOMETRIC__
__AUTOMETRIC__|0.1.2|13344|crew_log_c2d3ea950ff76547|0|1786324096.530|99.498|6.219|2000547840|2022772736|sim_data_345e031ce91f1b82|__AUTOMETRIC__
__AUTOMETRIC__|0.1.2|13344|crew_log_c2d3ea950ff76547|0|1786324097.535|99.515|6.220|2001612800|2023772160|sim_data_345e031ce91f1b82|__AUTOMETRIC__
__AUTOMETRIC__|0.1.2|13344|crew_log_c2d3ea950ff76547|0|1786324098.548|100.301|6.269|2001506304|2023665664|sim_data_345e031ce91f1b82|__AUTOMETRIC__
__AUTOMETRIC__|0.1.2|13344|crew_log_c2d3ea950ff76547|0|1786324099.560|100.335|6.271|2001506304|2023665664|sim_data_345e031ce91f1b82|__AUTOMETRIC__
__AUTOMETRIC__|0.1.2|13344|crew_log_c2d3ea950ff76547|0|1786324100.567|99.318|6.207|2001506304|2023665664|sim_data_345e031ce91f1b82|__AUTOMETRIC__
__AUTOMETRIC__|0.1.2|13344|crew_log_c2d3ea950ff76547|0|1786324101.571|101.116|6.320|2002518016|2024677376|sim_data_345e031ce91f1b82|__AUTOMETRIC__
__AUTOMETRIC__|0.1.2|13344|crew_log_c2d3ea950ff76547|0|1786324102.579|99.197|6.200|2002444288|2024603648|sim_data_345e031ce91f1b82|__AUTOMETRIC__
__AUTOMETRIC__|0.1.2|13344|crew_log_c2d3ea950ff76547|0|1786324103.584|99.526|6.220|2002444288|2024603648|sim_data_345e031ce91f1b82|__AUTOMETRIC__
__AUTOMETRIC__|0.1.2|13344|crew_log_c2d3ea950ff76547|0|1786324104.588|102.724|6.420|2002444288|2024603648|sim_data_345e031ce91f1b82|__AUTOMETRIC__
__AUTOMETRIC__|0.1.2|13344|crew_log_c2d3ea950ff76547|0|1786324105.596|99.198|6.200|2002444288|2024603648|sim_data_345e031ce91f1b82|__AUTOMETRIC__
__AUTOMETRIC__|0.1.2|13344|crew_log_c2d3ea950ff76547|0|1786324106.597|99.881|6.243|2002444288|2024603648|sim_data_345e031ce91f1b82|__AUTOMETRIC__
__AUTOMETRIC__|0.1.2|13344|crew_log_c2d3ea950ff76547|0|1786324107.607|100.578|6.286|2003386368|2025545728|sim_data_345e031ce91f1b82|__AUTOMETRIC__
__AUTOMETRIC__|0.1.2|13344|crew_log_c2d3ea950ff76547|0|1786324108.619|100.368|6.273|2003386368|2025545728|sim_data_345e031ce91f1b82|__AUTOMETRIC__
__AUTOMETRIC__|0.1.2|13344|crew_log_c2d3ea950ff76547|0|1786324109.619|99.998|6.250|2003386368|2025545728|sim_data_345e031ce91f1b82|__AUTOMETRIC__
__AUTOMETRIC__|0.1.2|13344|crew_log_c2d3ea950ff76547|0|1786324110.628|97.561|6.098|2003386368|2025545728|sim_data_345e031ce91f1b82|__AUTOMETRIC__
__AUTOMETRIC__|0.1.2|13344|crew_log_c2d3ea950ff76547|0|1786324111.640|100.383|6.274|2003386368|2025545728|sim_data_345e031ce91f1b82|__AUTOMETRIC__
__AUTOMETRIC__|0.1.2|13344|crew_log_c2d3ea950ff76547|0|1786324112.651|102.015|6.376|2097246208|2119733248|sim_data_345e031ce91f1b82|__AUTOMETRIC__
__AUTOMETRIC__|0.1.2|13344|crew_log_c2d3ea950ff76547|0|1786324113.662|105.105|6.569|1840033792|1862492160|sim_data_345e031ce91f1b82|__AUTOMETRIC__
__AUTOMETRIC__|0.1.2|13344|crew_log_c2d3ea950ff76547|0|1786324114.672|102.073|6.380|1754812416|1777348608|sim_data_345e031ce91f1b82|__AUTOMETRIC__
__AUTOMETRIC__|0.1.2|13344|crew_log_c2d3ea950ff76547|0|1786324115.675|99.707|6.232|1821356032|1844207616|sim_data_345e031ce91f1b82|__AUTOMETRIC__
__AUTOMETRIC__|0.1.2|13344|crew_log_c2d3ea950ff76547|0|1786324116.690|98.538|6.159|1955901440|1978642432|sim_data_345e031ce91f1b82|__AUTOMETRIC__
__AUTOMETRIC__|0.1.2|13344|crew_log_c2d3ea950ff76547|0|1786324117.692|99.731|6.233|2016862208|2039750656|sim_data_345e031ce91f1b82|__AUTOMETRIC__
__AUTOMETRIC__|0.1.2|13344|crew_log_c2d3ea950ff76547|0|1786324118.704|86.521|5.408|2016501760|2038571008|sim_data_345e031ce91f1b82|__AUTOMETRIC__
__AUTOMETRIC__|0.1.2|13344|crew_log_c2d3ea950ff76547|0|1786324119.706|99.809|6.238|2012913664|2034515968|sim_data_345e031ce91f1b82|__AUTOMETRIC__
__AUTOMETRIC__|0.1.2|13344|crew_log_c2d3ea950ff76547|0|1786324120.711|99.460|6.216|2012913664|2034515968|sim_data_345e031ce91f1b82|__AUTOMETRIC__
__AUTOMETRIC__|0.1.2|13344|crew_log_c2d3ea950ff76547|0|1786324121.723|100.328|6.271|2013634560|2034987008|sim_data_345e031ce91f1b82|__AUTOMETRIC__
__AUTOMETRIC__|0.1.2|13344|crew_log_c2d3ea950ff76547|0|1786324122.727|101.214|6.326|2013560832|2034913280|sim_data_345e031ce91f1b82|__AUTOMETRIC__
__AUTOMETRIC__|0.1.2|13344|crew_log_c2d3ea950ff76547|0|1786324123.742|100.072|6.254|2013560832|2034913280|sim_data_345e031ce91f1b82|__AUTOMETRIC__
__AUTOMETRIC__|0.1.2|13344|crew_log_c2d3ea950ff76547|0|1786324124.753|98.860|6.179|2014441472|2035793920|sim_data_345e031ce91f1b82|__AUTOMETRIC__
__AUTOMETRIC__|0.1.2|13344|crew_log_c2d3ea950ff76547|0|1786324125.754|99.910|6.244|2014453760|2035806208|sim_data_345e031ce91f1b82|__AUTOMETRIC__
__AUTOMETRIC__|0.1.2|13344|crew_log_c2d3ea950ff76547|0|1786324126.754|99.988|6.249|2014453760|2035806208|sim_data_345e031ce91f1b82|__AUTOMETRIC__
__AUTOMETRIC__|0.1.2|13344|crew_log_c2d3ea950ff76547|0|1786324127.758|101.210|6.326|2015453184|2036805632|sim_data_345e031ce91f1b82|__AUTOMETRIC__
__AUTOMETRIC__|0.1.2|13344|crew_log_c2d3ea950ff76547|0|1786324128.769|98.869|6.179|2015412224|2036764672|sim_data_345e031ce91f1b82|__AUTOMETRIC__
__AUTOMETRIC__|0.1.2|13344|crew_log_c2d3ea950ff76547|0|1786324129.770|99.880|6.243|2015412224|2036764672|sim_data_345e031ce91f1b82|__AUTOMETRIC__
__AUTOMETRIC__|0.1.2|13344|crew_log_c2d3ea950ff76547|0|1786324130.772|99.883|6.243|2056171520|2077556736|sim_data_345e031ce91f1b82|__AUTOMETRIC__
__AUTOMETRIC__|0.1.2|13344|crew_log_c2d3ea950ff76547|0|1786324131.777|102.525|6.408|2102120448|2123939840|sim_data_345e031ce91f1b82|__AUTOMETRIC__
__AUTOMETRIC__|0.1.2|13344|crew_log_c2d3ea950ff76547|0|1786324132.793|104.619|6.539|1918533632|1939976192|sim_data_345e031ce91f1b82|__AUTOMETRIC__
__AUTOMETRIC__|0.1.2|13344|crew_log_c2d3ea950ff76547|0|1786324133.794|99.906|6.244|1876754432|1898688512|sim_data_345e031ce91f1b82|__AUTOMETRIC__
__AUTOMETRIC__|0.1.2|13344|crew_log_c2d3ea950ff76547|0|1786324134.808|97.027|6.064|2011430912|2033508352|sim_data_345e031ce91f1b82|__AUTOMETRIC__
__AUTOMETRIC__|0.1.2|13344|crew_log_c2d3ea950ff76547|0|1786324135.810|98.272|6.142|2087915520|2109726720|sim_data_345e031ce91f1b82|__AUTOMETRIC__
__AUTOMETRIC__|0.1.2|13344|crew_log_c2d3ea950ff76547|0|1786324136.812|77.945|4.872|2021212160|2042408960|sim_data_345e031ce91f1b82|__AUTOMETRIC__
__AUTOMETRIC__|0.1.2|13344|crew_log_c2d3ea950ff76547|0|1786324137.815|101.315|6.332|2015330304|2035699712|sim_data_345e031ce91f1b82|__AUTOMETRIC__
__AUTOMETRIC__|0.1.2|13344|crew_log_c2d3ea950ff76547|0|1786324138.829|100.153|6.260|2015338496|2035707904|sim_data_345e031ce91f1b82|__AUTOMETRIC__
__AUTOMETRIC__|0.1.2|13344|crew_log_c2d3ea950ff76547|0|1786324139.832|98.161|6.135|2014928896|2035298304|sim_data_345e031ce91f1b82|__AUTOMETRIC__
__AUTOMETRIC__|0.1.2|13344|crew_log_c2d3ea950ff76547|0|1786324140.845|100.261|6.266|2015944704|2036248576|sim_data_345e031ce91f1b82|__AUTOMETRIC__
__AUTOMETRIC__|0.1.2|13344|crew_log_c2d3ea950ff76547|0|1786324141.846|99.905|6.244|2015850496|2036154368|sim_data_345e031ce91f1b82|__AUTOMETRIC__
__AUTOMETRIC__|0.1.2|13344|crew_log_c2d3ea950ff76547|0|1786324142.855|99.052|6.191|2015862784|2036166656|sim_data_345e031ce91f1b82|__AUTOMETRIC__
__AUTOMETRIC__|0.1.2|13344|crew_log_c2d3ea950ff76547|0|1786324143.858|98.127|6.133|2015793152|2036097024|sim_data_345e031ce91f1b82|__AUTOMETRIC__
__AUTOMETRIC__|0.1.2|13344|crew_log_c2d3ea950ff76547|0|1786324144.871|100.342|6.271|2016768000|2037071872|sim_data_345e031ce91f1b82|__AUTOMETRIC__
__AUTOMETRIC__|0.1.2|13344|crew_log_c2d3ea950ff76547|0|1786324145.880|97.511|6.094|2016694272|2036998144|sim_data_345e031ce91f1b82|__AUTOMETRIC__
__AUTOMETRIC__|0.1.2|13344|crew_log_c2d3ea950ff76547|0|1786324146.894|98.594|6.162|2016710656|2037014528|sim_data_345e031ce91f1b82|__AUTOMETRIC__
__AUTOMETRIC__|0.1.2|13344|crew_log_c2d3ea950ff76547|0|1786324147.901|100.898|6.306|2016706560|2037010432|sim_data_345e031ce91f1b82|__AUTOMETRIC__
__AUTOMETRIC__|0.1.2|13344|crew_log_c2d3ea950ff76547|0|1786324148.915|100.123|6.258|2017685504|2037989376|sim_data_345e031ce91f1b82|__AUTOMETRIC__
__AUTOMETRIC__|0.1.2|13344|crew_log_c2d3ea950ff76547|0|1786324149.917|99.887|6.243|2017611776|2037915648|sim_data_345e031ce91f1b82|__AUTOMETRIC__
__AUTOMETRIC__|0.1.2|13344|crew_log_c2d3ea950ff76547|0|1786324150.927|98.943|6.184|2017615872|2037919744|sim_data_345e031ce91f1b82|__AUTOMETRIC__
__AUTOMETRIC__|0.1.2|13344|crew_log_c2d3ea950ff76547|0|1786324151.930|101.307|6.332|2017615872|2037919744|sim_data_345e031ce91f1b82|__AUTOMETRIC__
__AUTOMETRIC__|0.1.2|13344|crew_log_c2d3ea950ff76547|0|1786324152.935|97.955|6.122|2017611776|2037915648|sim_data_345e031ce91f1b82|__AUTOMETRIC__
__AUTOMETRIC__|0.1.2|13344|crew_log_c2d3ea950ff76547|0|1786324153.946|101.927|6.370|2119065600|2139635712|sim_data_345e031ce91f1b82|__AUTOMETRIC__
__AUTOMETRIC__|0.1.2|13344|crew_log_c2d3ea950ff76547|0|1786324154.959|98.723|6.170|2021388288|2041864192|sim_data_345e031ce91f1b82|__AUTOMETRIC__
__AUTOMETRIC__|0.1.2|13344|crew_log_c2d3ea950ff76547|0|1786324155.969|102.153|6.385|2023780352|2044456960|sim_data_345e031ce91f1b82|__AUTOMETRIC__
