__AUTOMETRIC__|0.1.2|2352|crew_log_fe6eb9e645433066|0|1786320892.133|47.697|2.981|143679488|169312256|compiled_brms_models_8f0be365594edc2b|__AUTOMETRIC__
__AUTOMETRIC__|0.1.2|2352|crew_log_fe6eb9e645433066|0|1786320893.141|74.357|4.647|169316352|194805760|compiled_brms_models_8f0be365594edc2b|__AUTOMETRIC__
__AUTOMETRIC__|0.1.2|2352|crew_log_fe6eb9e645433066|0|1786320894.153|78.798|4.925|188608512|213905408|compiled_brms_models_8f0be365594edc2b|__AUTOMETRIC__
__AUTOMETRIC__|0.1.2|2352|crew_log_fe6eb9e645433066|0|1786320895.164|77.238|4.827|223797248|249028608|compiled_brms_models_8f0be365594edc2b|__AUTOMETRIC__
__AUTOMETRIC__|0.1.2|2352|crew_log_fe6eb9e645433066|0|1786320896.176|0.000|0.000|220729344|245948416|compiled_brms_models_8f0be365594edc2b|__AUTOMETRIC__
__AUTOMETRIC__|0.1.2|2352|crew_log_fe6eb9e645433066|0|1786320897.190|0.000|0.000|220221440|245440512|compiled_brms_models_8f0be365594edc2b|__AUTOMETRIC__
__AUTOMETRIC__|0.1.2|2352|crew_log_fe6eb9e645433066|0|1786320898.202|0.000|0.000|220221440|245440512|compiled_brms_models_8f0be365594edc2b|__AUTOMETRIC__
__AUTOMETRIC__|0.1.2|2352|crew_log_fe6eb9e645433066|0|1786320899.212|0.000|0.000|220221440|245440512|compiled_brms_models_8f0be365594edc2b|__AUTOMETRIC__
__AUTOMETRIC__|0.1.2|2352|crew_log_fe6eb9e645433066|0|1786320900.222|0.000|0.000|220221440|245440512|compiled_brms_models_8f0be365594edc2b|__AUTOMETRIC__
__AUTOMETRIC__|0.1.2|2352|crew_log_fe6eb9e645433066|0|1786320901.234|0.000|0.000|220221440|245440512|compiled_brms_models_8f0be365594edc2b|__AUTOMETRIC__
__AUTOMETRIC__|0.1.2|2352|crew_log_fe6eb9e645433066|0|1786320902.248|1.541|0.096|220221440|245440512|compiled_brms_models_8f0be365594edc2b|__AUTOMETRIC__
__AUTOMETRIC__|0.1.2|2352|crew_log_fe6eb9e645433066|0|1786320903.261|0.000|0.000|220225536|245440512|compiled_brms_models_8f0be365594edc2b|__AUTOMETRIC__
__AUTOMETRIC__|0.1.2|2352|crew_log_fe6eb9e645433066|0|1786320904.272|0.000|0.000|220225536|245440512|compiled_brms_models_8f0be365594edc2b|__AUTOMETRIC__
__AUTOMETRIC__|0.1.2|2352|crew_log_fe6eb9e645433066|0|1786320905.280|27.899|1.744|220397568|245612544|compiled_brms_models_8f0be365594edc2b|__AUTOMETRIC__
__AUTOMETRIC__|0.1.2|2352|crew_log_fe6eb9e645433066|0|1786320906.290|95.903|5.994|265150464|290529280|compiled_brms_models_8f0be365594edc2b|__AUTOMETRIC__
__AUTOMETRIC__|0.1.2|2352|crew_log_fe6eb9e645433066|0|1786320907.300|95.963|5.998|354660352|380354560|compiled_brms_models_8f0be365594edc2b|__AUTOMETRIC__
__AUTOMETRIC__|0.1.2|2352|crew_log_fe6eb9e645433066|0|1786320908.307|100.797|6.300|406962176|438312960|compiled_brms_models_8f0be365594edc2b|__AUTOMETRIC__
__AUTOMETRIC__|0.1.2|2352|crew_log_fe6eb9e645433066|0|1786320909.316|99.123|6.195|411672576|442822656|compiled_brms_models_8f0be365594edc2b|__AUTOMETRIC__
__AUTOMETRIC__|0.1.2|2352|crew_log_fe6eb9e645433066|0|1786320910.325|131.573|8.223|484413440|505712640|compiled_brms_models_8f0be365594edc2b|__AUTOMETRIC__
__AUTOMETRIC__|0.1.2|2352|crew_log_fe6eb9e645433066|0|1786320911.339|148.010|9.251|510926848|531861504|compiled_brms_models_8f0be365594edc2b|__AUTOMETRIC__
__AUTOMETRIC__|0.1.2|2352|crew_log_fe6eb9e645433066|0|1786320912.346|97.759|6.110|541224960|561995776|compiled_brms_models_8f0be365594edc2b|__AUTOMETRIC__
__AUTOMETRIC__|0.1.2|2352|crew_log_fe6eb9e645433066|0|1786321016.453|44.875|2.805|537518080|557948928|compiled_brms_models_8f0be365594edc2b|__AUTOMETRIC__
__AUTOMETRIC__|0.1.2|2352|crew_log_fe6eb9e645433066|0|1786321017.464|98.989|6.187|658653184|678457344|compiled_brms_models_8f0be365594edc2b|__AUTOMETRIC__
__AUTOMETRIC__|0.1.2|2352|crew_log_fe6eb9e645433066|0|1786321018.471|52.722|3.295|653717504|673357824|__DEFAULT__|__AUTOMETRIC__
__AUTOMETRIC__|0.1.2|2352|crew_log_fe6eb9e645433066|0|1786321019.485|0.000|0.000|636391424|655839232|__DEFAULT__|__AUTOMETRIC__
__AUTOMETRIC__|0.1.2|2352|crew_log_fe6eb9e645433066|0|1786321020.499|0.000|0.000|636399616|655847424|__DEFAULT__|__AUTOMETRIC__
__AUTOMETRIC__|0.1.2|2352|crew_log_fe6eb9e645433066|0|1786321021.509|0.000|0.000|636399616|655847424|__DEFAULT__|__AUTOMETRIC__
__AUTOMETRIC__|0.1.2|2352|crew_log_fe6eb9e645433066|0|1786321022.522|0.000|0.000|636399616|655847424|__DEFAULT__|__AUTOMETRIC__
__AUTOMETRIC__|0.1.2|2352|crew_log_fe6eb9e645433066|0|1786321023.532|1.547|0.097|636391424|655839232|__DEFAULT__|__AUTOMETRIC__
__AUTOMETRIC__|0.1.2|2352|crew_log_fe6eb9e645433066|0|1786321024.542|0.000|0.000|636399616|655847424|__DEFAULT__|__AUTOMETRIC__
__AUTOMETRIC__|0.1.2|2352|crew_log_fe6eb9e645433066|0|1786321025.553|0.000|0.000|636391424|655839232|__DEFAULT__|__AUTOMETRIC__
__AUTOMETRIC__|0.1.2|2352|crew_log_fe6eb9e645433066|0|1786321026.564|0.000|0.000|636391424|655839232|__DEFAULT__|__AUTOMETRIC__
__AUTOMETRIC__|0.1.2|2352|crew_log_fe6eb9e645433066|0|1786321027.575|0.000|0.000|636391424|655839232|__DEFAULT__|__AUTOMETRIC__
__AUTOMETRIC__|0.1.2|2352|crew_log_fe6eb9e645433066|0|1786321028.584|0.000|0.000|636391424|655839232|__DEFAULT__|__AUTOMETRIC__
__AUTOMETRIC__|0.1.2|2352|crew_log_fe6eb9e645433066|0|1786321029.593|1.548|0.097|636391424|655839232|__DEFAULT__|__AUTOMETRIC__
__AUTOMETRIC__|0.1.2|2352|crew_log_fe6eb9e645433066|0|1786321030.602|0.000|0.000|636399616|655847424|__DEFAULT__|__AUTOMETRIC__
__AUTOMETRIC__|0.1.2|2352|crew_log_fe6eb9e645433066|0|1786321031.612|0.000|0.000|636399616|655847424|__DEFAULT__|__AUTOMETRIC__
__AUTOMETRIC__|0.1.2|2352|crew_log_fe6eb9e645433066|0|1786321032.622|0.000|0.000|636391424|655839232|__DEFAULT__|__AUTOMETRIC__
__AUTOMETRIC__|0.1.2|2352|crew_log_fe6eb9e645433066|0|1786321033.635|0.000|0.000|636391424|655839232|__DEFAULT__|__AUTOMETRIC__
__AUTOMETRIC__|0.1.2|2352|crew_log_fe6eb9e645433066|0|1786321034.644|0.000|0.000|636391424|655839232|__DEFAULT__|__AUTOMETRIC__
__AUTOMETRIC__|0.1.2|2352|crew_log_fe6eb9e645433066|0|1786321035.655|0.000|0.000|636391424|655839232|__DEFAULT__|__AUTOMETRIC__
__AUTOMETRIC__|0.1.2|2352|crew_log_fe6eb9e645433066|0|1786321036.667|0.000|0.000|636391424|655839232|__DEFAULT__|__AUTOMETRIC__
__AUTOMETRIC__|0.1.2|2352|crew_log_fe6eb9e645433066|0|1786321037.680|0.000|0.000|636399616|655847424|__DEFAULT__|__AUTOMETRIC__
__AUTOMETRIC__|0.1.2|2352|crew_log_fe6eb9e645433066|0|1786321038.690|0.000|0.000|636399616|655847424|__DEFAULT__|__AUTOMETRIC__
__AUTOMETRIC__|0.1.2|2352|crew_log_fe6eb9e645433066|0|1786321039.699|0.000|0.000|636399616|655847424|__DEFAULT__|__AUTOMETRIC__
__AUTOMETRIC__|0.1.2|2352|crew_log_fe6eb9e645433066|0|1786321040.710|0.000|0.000|636391424|655839232|__DEFAULT__|__AUTOMETRIC__
__AUTOMETRIC__|0.1.2|2352|crew_log_fe6eb9e645433066|0|1786321041.720|0.000|0.000|636399616|655847424|__DEFAULT__|__AUTOMETRIC__
__AUTOMETRIC__|0.1.2|2352|crew_log_fe6eb9e645433066|0|1786321042.730|0.000|0.000|636399616|655847424|__DEFAULT__|__AUTOMETRIC__
__AUTOMETRIC__|0.1.2|2352|crew_log_fe6eb9e645433066|0|1786321043.739|0.000|0.000|636399616|655847424|__DEFAULT__|__AUTOMETRIC__
__AUTOMETRIC__|0.1.2|2352|crew_log_fe6eb9e645433066|0|1786321044.751|0.000|0.000|636399616|655847424|__DEFAULT__|__AUTOMETRIC__
__AUTOMETRIC__|0.1.2|2352|crew_log_fe6eb9e645433066|0|1786321045.761|0.000|0.000|636399616|655847424|__DEFAULT__|__AUTOMETRIC__
__AUTOMETRIC__|0.1.2|2352|crew_log_fe6eb9e645433066|0|1786321046.773|0.000|0.000|636399616|655847424|__DEFAULT__|__AUTOMETRIC__
__AUTOMETRIC__|0.1.2|2352|crew_log_fe6eb9e645433066|0|1786321047.785|0.000|0.000|636391424|655839232|__DEFAULT__|__AUTOMETRIC__
__AUTOMETRIC__|0.1.2|2352|crew_log_fe6eb9e645433066|0|1786321048.795|0.000|0.000|636391424|655839232|__DEFAULT__|__AUTOMETRIC__
__AUTOMETRIC__|0.1.2|2352|crew_log_fe6eb9e645433066|0|1786321049.807|0.000|0.000|636391424|655839232|__DEFAULT__|__AUTOMETRIC__
__AUTOMETRIC__|0.1.2|2352|crew_log_fe6eb9e645433066|0|1786321050.814|0.000|0.000|636391424|655839232|__DEFAULT__|__AUTOMETRIC__
__AUTOMETRIC__|0.1.2|2352|crew_log_fe6eb9e645433066|0|1786321051.827|0.000|0.000|636391424|655839232|__DEFAULT__|__AUTOMETRIC__
__AUTOMETRIC__|0.1.2|2352|crew_log_fe6eb9e645433066|0|1786321052.839|0.000|0.000|636391424|655839232|__DEFAULT__|__AUTOMETRIC__
__AUTOMETRIC__|0.1.2|2352|crew_log_fe6eb9e645433066|0|1786321053.848|0.000|0.000|636399616|655847424|__DEFAULT__|__AUTOMETRIC__
__AUTOMETRIC__|0.1.2|2352|crew_log_fe6eb9e645433066|0|1786321054.859|0.000|0.000|636399616|655847424|__DEFAULT__|__AUTOMETRIC__
__AUTOMETRIC__|0.1.2|2352|crew_log_fe6eb9e645433066|0|1786321055.869|0.000|0.000|636391424|655839232|__DEFAULT__|__AUTOMETRIC__
__AUTOMETRIC__|0.1.2|2352|crew_log_fe6eb9e645433066|0|1786321056.882|0.000|0.000|636399616|655847424|__DEFAULT__|__AUTOMETRIC__
__AUTOMETRIC__|0.1.2|2352|crew_log_fe6eb9e645433066|0|1786321057.892|0.000|0.000|636399616|655847424|__DEFAULT__|__AUTOMETRIC__
__AUTOMETRIC__|0.1.2|2352|crew_log_fe6eb9e645433066|0|1786321058.903|0.000|0.000|636391424|655839232|__DEFAULT__|__AUTOMETRIC__
__AUTOMETRIC__|0.1.2|2352|crew_log_fe6eb9e645433066|0|1786321059.914|0.000|0.000|636399616|655847424|__DEFAULT__|__AUTOMETRIC__
__AUTOMETRIC__|0.1.2|2352|crew_log_fe6eb9e645433066|0|1786321060.924|0.000|0.000|636391424|655839232|__DEFAULT__|__AUTOMETRIC__
__AUTOMETRIC__|0.1.2|2352|crew_log_fe6eb9e645433066|0|1786321061.936|0.000|0.000|636407808|655872000|__DEFAULT__|__AUTOMETRIC__
__AUTOMETRIC__|0.1.2|2352|crew_log_fe6eb9e645433066|0|1786321062.949|0.000|0.000|636407808|655872000|__DEFAULT__|__AUTOMETRIC__
__AUTOMETRIC__|0.1.2|2352|crew_log_fe6eb9e645433066|0|1786321063.958|0.000|0.000|636407808|655872000|__DEFAULT__|__AUTOMETRIC__
__AUTOMETRIC__|0.1.2|2352|crew_log_fe6eb9e645433066|0|1786321064.970|0.000|0.000|636416000|655880192|__DEFAULT__|__AUTOMETRIC__
__AUTOMETRIC__|0.1.2|2352|crew_log_fe6eb9e645433066|0|1786321065.980|0.000|0.000|636407808|655872000|__DEFAULT__|__AUTOMETRIC__
__AUTOMETRIC__|0.1.2|2352|crew_log_fe6eb9e645433066|0|1786321066.990|0.000|0.000|636407808|655872000|__DEFAULT__|__AUTOMETRIC__
__AUTOMETRIC__|0.1.2|2352|crew_log_fe6eb9e645433066|0|1786321068.003|0.000|0.000|636407808|655872000|__DEFAULT__|__AUTOMETRIC__
__AUTOMETRIC__|0.1.2|2352|crew_log_fe6eb9e645433066|0|1786321069.015|0.000|0.000|636407808|655872000|__DEFAULT__|__AUTOMETRIC__
__AUTOMETRIC__|0.1.2|2352|crew_log_fe6eb9e645433066|0|1786321070.026|0.000|0.000|636416000|655880192|__DEFAULT__|__AUTOMETRIC__
__AUTOMETRIC__|0.1.2|2352|crew_log_fe6eb9e645433066|0|1786321071.037|0.000|0.000|636407808|655872000|__DEFAULT__|__AUTOMETRIC__
__AUTOMETRIC__|0.1.2|2352|crew_log_fe6eb9e645433066|0|1786321072.048|1.546|0.097|636407808|655872000|__DEFAULT__|__AUTOMETRIC__
__AUTOMETRIC__|0.1.2|2352|crew_log_fe6eb9e645433066|0|1786321073.061|0.000|0.000|636416000|655880192|__DEFAULT__|__AUTOMETRIC__
__AUTOMETRIC__|0.1.2|2352|crew_log_fe6eb9e645433066|0|1786321074.073|0.000|0.000|636407808|655872000|__DEFAULT__|__AUTOMETRIC__
__AUTOMETRIC__|0.1.2|2352|crew_log_fe6eb9e645433066|0|1786321075.085|0.000|0.000|636407808|655872000|__DEFAULT__|__AUTOMETRIC__
__AUTOMETRIC__|0.1.2|2352|crew_log_fe6eb9e645433066|0|1786321076.099|0.000|0.000|636416000|655880192|__DEFAULT__|__AUTOMETRIC__
__AUTOMETRIC__|0.1.2|2352|crew_log_fe6eb9e645433066|0|1786321077.112|0.000|0.000|636416000|655880192|__DEFAULT__|__AUTOMETRIC__
__AUTOMETRIC__|0.1.2|2352|crew_log_fe6eb9e645433066|0|1786321078.126|0.000|0.000|636407808|655872000|__DEFAULT__|__AUTOMETRIC__
__AUTOMETRIC__|0.1.2|2352|crew_log_fe6eb9e645433066|0|1786321079.135|0.000|0.000|636407808|655872000|__DEFAULT__|__AUTOMETRIC__
__AUTOMETRIC__|0.1.2|2352|crew_log_fe6eb9e645433066|0|1786321080.148|0.000|0.000|636407808|655872000|__DEFAULT__|__AUTOMETRIC__
__AUTOMETRIC__|0.1.2|2352|crew_log_fe6eb9e645433066|0|1786321081.159|0.000|0.000|636407808|655872000|__DEFAULT__|__AUTOMETRIC__
__AUTOMETRIC__|0.1.2|2352|crew_log_fe6eb9e645433066|0|1786321082.172|0.000|0.000|636407808|655872000|__DEFAULT__|__AUTOMETRIC__
__AUTOMETRIC__|0.1.2|2352|crew_log_fe6eb9e645433066|0|1786321083.184|0.000|0.000|636407808|655872000|__DEFAULT__|__AUTOMETRIC__
__AUTOMETRIC__|0.1.2|2352|crew_log_fe6eb9e645433066|0|1786321084.196|0.000|0.000|636407808|655872000|__DEFAULT__|__AUTOMETRIC__
__AUTOMETRIC__|0.1.2|2352|crew_log_fe6eb9e645433066|0|1786321085.207|0.000|0.000|636407808|655872000|__DEFAULT__|__AUTOMETRIC__
__AUTOMETRIC__|0.1.2|2352|crew_log_fe6eb9e645433066|0|1786321086.217|0.000|0.000|636407808|655872000|__DEFAULT__|__AUTOMETRIC__
__AUTOMETRIC__|0.1.2|2352|crew_log_fe6eb9e645433066|0|1786321087.231|0.000|0.000|636416000|655880192|__DEFAULT__|__AUTOMETRIC__
__AUTOMETRIC__|0.1.2|2352|crew_log_fe6eb9e645433066|0|1786321088.243|0.000|0.000|636407808|655872000|__DEFAULT__|__AUTOMETRIC__
__AUTOMETRIC__|0.1.2|2352|crew_log_fe6eb9e645433066|0|1786321089.254|0.000|0.000|636416000|655880192|__DEFAULT__|__AUTOMETRIC__
__AUTOMETRIC__|0.1.2|2352|crew_log_fe6eb9e645433066|0|1786321090.265|0.000|0.000|636416000|655880192|__DEFAULT__|__AUTOMETRIC__
__AUTOMETRIC__|0.1.2|2352|crew_log_fe6eb9e645433066|0|1786321091.277|0.000|0.000|636407808|655872000|__DEFAULT__|__AUTOMETRIC__
__AUTOMETRIC__|0.1.2|2352|crew_log_fe6eb9e645433066|0|1786321092.288|0.000|0.000|636416000|655880192|__DEFAULT__|__AUTOMETRIC__
__AUTOMETRIC__|0.1.2|2352|crew_log_fe6eb9e645433066|0|1786321093.302|0.000|0.000|636407808|655872000|__DEFAULT__|__AUTOMETRIC__
__AUTOMETRIC__|0.1.2|2352|crew_log_fe6eb9e645433066|0|1786321094.315|0.000|0.000|636416000|655880192|__DEFAULT__|__AUTOMETRIC__
__AUTOMETRIC__|0.1.2|2352|crew_log_fe6eb9e645433066|0|1786321095.330|0.000|0.000|636407808|655872000|__DEFAULT__|__AUTOMETRIC__
__AUTOMETRIC__|0.1.2|2352|crew_log_fe6eb9e645433066|0|1786321096.341|0.000|0.000|636407808|655872000|__DEFAULT__|__AUTOMETRIC__
__AUTOMETRIC__|0.1.2|2352|crew_log_fe6eb9e645433066|0|1786321097.351|0.000|0.000|636407808|655872000|__DEFAULT__|__AUTOMETRIC__
__AUTOMETRIC__|0.1.2|2352|crew_log_fe6eb9e645433066|0|1786321098.363|0.000|0.000|636416000|655880192|__DEFAULT__|__AUTOMETRIC__
__AUTOMETRIC__|0.1.2|2352|crew_log_fe6eb9e645433066|0|1786321099.376|1.542|0.096|636416000|655880192|__DEFAULT__|__AUTOMETRIC__
__AUTOMETRIC__|0.1.2|2352|crew_log_fe6eb9e645433066|0|1786321100.389|0.000|0.000|636407808|655872000|__DEFAULT__|__AUTOMETRIC__
__AUTOMETRIC__|0.1.2|2352|crew_log_fe6eb9e645433066|0|1786321101.402|0.000|0.000|636407808|655872000|__DEFAULT__|__AUTOMETRIC__
__AUTOMETRIC__|0.1.2|2352|crew_log_fe6eb9e645433066|0|1786321102.413|0.000|0.000|636416000|655880192|__DEFAULT__|__AUTOMETRIC__
__AUTOMETRIC__|0.1.2|2352|crew_log_fe6eb9e645433066|0|1786321103.424|3.091|0.193|636416000|655880192|__DEFAULT__|__AUTOMETRIC__
__AUTOMETRIC__|0.1.2|2352|crew_log_fe6eb9e645433066|0|1786321104.437|0.000|0.000|636416000|655880192|__DEFAULT__|__AUTOMETRIC__
__AUTOMETRIC__|0.1.2|2352|crew_log_fe6eb9e645433066|0|1786321105.437|0.000|0.000|636416000|655880192|__DEFAULT__|__AUTOMETRIC__
__AUTOMETRIC__|0.1.2|2352|crew_log_fe6eb9e645433066|0|1786321106.452|0.000|0.000|636407808|655872000|__DEFAULT__|__AUTOMETRIC__
__AUTOMETRIC__|0.1.2|2352|crew_log_fe6eb9e645433066|0|1786321107.466|0.000|0.000|636416000|655880192|__DEFAULT__|__AUTOMETRIC__
__AUTOMETRIC__|0.1.2|2352|crew_log_fe6eb9e645433066|0|1786321108.475|0.000|0.000|636407808|655872000|__DEFAULT__|__AUTOMETRIC__
__AUTOMETRIC__|0.1.2|2352|crew_log_fe6eb9e645433066|0|1786321109.487|0.000|0.000|636407808|655872000|__DEFAULT__|__AUTOMETRIC__
__AUTOMETRIC__|0.1.2|2352|crew_log_fe6eb9e645433066|0|1786321110.500|0.000|0.000|636407808|655872000|__DEFAULT__|__AUTOMETRIC__
__AUTOMETRIC__|0.1.2|2352|crew_log_fe6eb9e645433066|0|1786321111.512|0.000|0.000|636416000|655880192|__DEFAULT__|__AUTOMETRIC__
__AUTOMETRIC__|0.1.2|2352|crew_log_fe6eb9e645433066|0|1786321112.525|0.000|0.000|636407808|655872000|__DEFAULT__|__AUTOMETRIC__
__AUTOMETRIC__|0.1.2|2352|crew_log_fe6eb9e645433066|0|1786321113.537|0.000|0.000|636407808|655872000|__DEFAULT__|__AUTOMETRIC__
__AUTOMETRIC__|0.1.2|2352|crew_log_fe6eb9e645433066|0|1786321114.550|0.000|0.000|636407808|655872000|__DEFAULT__|__AUTOMETRIC__
__AUTOMETRIC__|0.1.2|2352|crew_log_fe6eb9e645433066|0|1786321115.566|0.000|0.000|636416000|655880192|__DEFAULT__|__AUTOMETRIC__
__AUTOMETRIC__|0.1.2|2352|crew_log_fe6eb9e645433066|0|1786321116.566|0.000|0.000|636416000|655880192|__DEFAULT__|__AUTOMETRIC__
__AUTOMETRIC__|0.1.2|2352|crew_log_fe6eb9e645433066|0|1786321117.581|0.000|0.000|636407808|655872000|__DEFAULT__|__AUTOMETRIC__
__AUTOMETRIC__|0.1.2|2352|crew_log_fe6eb9e645433066|0|1786321118.593|0.000|0.000|636416000|655880192|__DEFAULT__|__AUTOMETRIC__
__AUTOMETRIC__|0.1.2|2352|crew_log_fe6eb9e645433066|0|1786321119.605|0.000|0.000|636416000|655880192|__DEFAULT__|__AUTOMETRIC__
__AUTOMETRIC__|0.1.2|2352|crew_log_fe6eb9e645433066|0|1786321120.619|0.000|0.000|636407808|655872000|__DEFAULT__|__AUTOMETRIC__
__AUTOMETRIC__|0.1.2|2352|crew_log_fe6eb9e645433066|0|1786321121.635|0.000|0.000|636416000|655880192|__DEFAULT__|__AUTOMETRIC__
__AUTOMETRIC__|0.1.2|2352|crew_log_fe6eb9e645433066|0|1786321122.650|0.000|0.000|636407808|655872000|__DEFAULT__|__AUTOMETRIC__
__AUTOMETRIC__|0.1.2|2352|crew_log_fe6eb9e645433066|0|1786321123.664|0.000|0.000|636407808|655872000|__DEFAULT__|__AUTOMETRIC__
__AUTOMETRIC__|0.1.2|2352|crew_log_fe6eb9e645433066|0|1786321124.680|0.000|0.000|636407808|655872000|__DEFAULT__|__AUTOMETRIC__
__AUTOMETRIC__|0.1.2|2352|crew_log_fe6eb9e645433066|0|1786321125.694|0.000|0.000|636407808|655872000|__DEFAULT__|__AUTOMETRIC__
__AUTOMETRIC__|0.1.2|2352|crew_log_fe6eb9e645433066|0|1786321126.708|0.000|0.000|636407808|655872000|__DEFAULT__|__AUTOMETRIC__
__AUTOMETRIC__|0.1.2|2352|crew_log_fe6eb9e645433066|0|1786321127.710|1.561|0.098|636407808|655872000|__DEFAULT__|__AUTOMETRIC__
__AUTOMETRIC__|0.1.2|2352|crew_log_fe6eb9e645433066|0|1786321128.724|0.000|0.000|636407808|655872000|__DEFAULT__|__AUTOMETRIC__
__AUTOMETRIC__|0.1.2|2352|crew_log_fe6eb9e645433066|0|1786321129.725|0.000|0.000|636407808|655872000|__DEFAULT__|__AUTOMETRIC__
__AUTOMETRIC__|0.1.2|2352|crew_log_fe6eb9e645433066|0|1786321130.726|3.120|0.195|636399616|655847424|__DEFAULT__|__AUTOMETRIC__
__AUTOMETRIC__|0.1.2|2352|crew_log_fe6eb9e645433066|0|1786321131.741|0.000|0.000|636391424|655839232|__DEFAULT__|__AUTOMETRIC__
__AUTOMETRIC__|0.1.2|2352|crew_log_fe6eb9e645433066|0|1786321132.754|0.000|0.000|636391424|655839232|__DEFAULT__|__AUTOMETRIC__
__AUTOMETRIC__|0.1.2|2352|crew_log_fe6eb9e645433066|0|1786321133.768|0.000|0.000|636399616|655847424|__DEFAULT__|__AUTOMETRIC__
__AUTOMETRIC__|0.1.2|2352|crew_log_fe6eb9e645433066|0|1786321134.781|0.000|0.000|636391424|655839232|__DEFAULT__|__AUTOMETRIC__
__AUTOMETRIC__|0.1.2|2352|crew_log_fe6eb9e645433066|0|1786321135.796|0.000|0.000|636391424|655839232|__DEFAULT__|__AUTOMETRIC__
__AUTOMETRIC__|0.1.2|2352|crew_log_fe6eb9e645433066|0|1786321136.811|0.000|0.000|636399616|655847424|__DEFAULT__|__AUTOMETRIC__
__AUTOMETRIC__|0.1.2|2352|crew_log_fe6eb9e645433066|0|1786321137.823|0.000|0.000|636391424|655839232|__DEFAULT__|__AUTOMETRIC__
__AUTOMETRIC__|0.1.2|2352|crew_log_fe6eb9e645433066|0|1786321138.825|0.000|0.000|636391424|655839232|__DEFAULT__|__AUTOMETRIC__
__AUTOMETRIC__|0.1.2|2352|crew_log_fe6eb9e645433066|0|1786321139.827|0.000|0.000|636391424|655839232|__DEFAULT__|__AUTOMETRIC__
__AUTOMETRIC__|0.1.2|2352|crew_log_fe6eb9e645433066|0|1786321140.827|0.000|0.000|636391424|655839232|__DEFAULT__|__AUTOMETRIC__
__AUTOMETRIC__|0.1.2|2352|crew_log_fe6eb9e645433066|0|1786321141.841|0.000|0.000|636391424|655839232|__DEFAULT__|__AUTOMETRIC__
__AUTOMETRIC__|0.1.2|2352|crew_log_fe6eb9e645433066|0|1786321142.855|0.000|0.000|636399616|655847424|__DEFAULT__|__AUTOMETRIC__
__AUTOMETRIC__|0.1.2|2352|crew_log_fe6eb9e645433066|0|1786321143.868|0.000|0.000|636391424|655839232|__DEFAULT__|__AUTOMETRIC__
__AUTOMETRIC__|0.1.2|2352|crew_log_fe6eb9e645433066|0|1786321144.883|0.000|0.000|636391424|655839232|__DEFAULT__|__AUTOMETRIC__
__AUTOMETRIC__|0.1.2|2352|crew_log_fe6eb9e645433066|0|1786321145.898|0.000|0.000|636399616|655847424|__DEFAULT__|__AUTOMETRIC__
__AUTOMETRIC__|0.1.2|2352|crew_log_fe6eb9e645433066|0|1786321146.913|0.000|0.000|636391424|655839232|__DEFAULT__|__AUTOMETRIC__
__AUTOMETRIC__|0.1.2|2352|crew_log_fe6eb9e645433066|0|1786321147.927|0.000|0.000|636391424|655839232|__DEFAULT__|__AUTOMETRIC__
__AUTOMETRIC__|0.1.2|2352|crew_log_fe6eb9e645433066|0|1786321148.940|0.000|0.000|636391424|655839232|__DEFAULT__|__AUTOMETRIC__
__AUTOMETRIC__|0.1.2|2352|crew_log_fe6eb9e645433066|0|1786321149.955|0.000|0.000|636391424|655839232|__DEFAULT__|__AUTOMETRIC__
__AUTOMETRIC__|0.1.2|2352|crew_log_fe6eb9e645433066|0|1786321150.970|0.000|0.000|636391424|655839232|__DEFAULT__|__AUTOMETRIC__
__AUTOMETRIC__|0.1.2|2352|crew_log_fe6eb9e645433066|0|1786321151.985|0.000|0.000|636391424|655839232|__DEFAULT__|__AUTOMETRIC__
__AUTOMETRIC__|0.1.2|2352|crew_log_fe6eb9e645433066|0|1786321152.999|0.000|0.000|636391424|655839232|__DEFAULT__|__AUTOMETRIC__
__AUTOMETRIC__|0.1.2|2352|crew_log_fe6eb9e645433066|0|1786321154.011|0.000|0.000|636399616|655847424|__DEFAULT__|__AUTOMETRIC__
__AUTOMETRIC__|0.1.2|2352|crew_log_fe6eb9e645433066|0|1786321155.025|0.000|0.000|636391424|655839232|__DEFAULT__|__AUTOMETRIC__
__AUTOMETRIC__|0.1.2|2352|crew_log_fe6eb9e645433066|0|1786321156.039|0.000|0.000|636391424|655839232|__DEFAULT__|__AUTOMETRIC__
__AUTOMETRIC__|0.1.2|2352|crew_log_fe6eb9e645433066|0|1786321157.051|0.000|0.000|636391424|655839232|__DEFAULT__|__AUTOMETRIC__
__AUTOMETRIC__|0.1.2|2352|crew_log_fe6eb9e645433066|0|1786321158.052|0.000|0.000|636399616|655847424|__DEFAULT__|__AUTOMETRIC__
__AUTOMETRIC__|0.1.2|2352|crew_log_fe6eb9e645433066|0|1786321159.053|0.000|0.000|636391424|655839232|__DEFAULT__|__AUTOMETRIC__
__AUTOMETRIC__|0.1.2|2352|crew_log_fe6eb9e645433066|0|1786321160.068|1.538|0.096|636391424|655839232|__DEFAULT__|__AUTOMETRIC__
__AUTOMETRIC__|0.1.2|2352|crew_log_fe6eb9e645433066|0|1786321161.082|1.542|0.096|636391424|655839232|__DEFAULT__|__AUTOMETRIC__
__AUTOMETRIC__|0.1.2|2352|crew_log_fe6eb9e645433066|0|1786321162.083|0.000|0.000|636391424|655839232|__DEFAULT__|__AUTOMETRIC__
__AUTOMETRIC__|0.1.2|2352|crew_log_fe6eb9e645433066|0|1786321163.097|0.000|0.000|636391424|655839232|__DEFAULT__|__AUTOMETRIC__
__AUTOMETRIC__|0.1.2|2352|crew_log_fe6eb9e645433066|0|1786321164.111|0.000|0.000|636391424|655839232|__DEFAULT__|__AUTOMETRIC__
__AUTOMETRIC__|0.1.2|2352|crew_log_fe6eb9e645433066|0|1786321165.126|0.000|0.000|636399616|655847424|__DEFAULT__|__AUTOMETRIC__
__AUTOMETRIC__|0.1.2|2352|crew_log_fe6eb9e645433066|0|1786321166.138|0.000|0.000|636391424|655839232|__DEFAULT__|__AUTOMETRIC__
__AUTOMETRIC__|0.1.2|2352|crew_log_fe6eb9e645433066|0|1786321167.151|0.000|0.000|636399616|655847424|__DEFAULT__|__AUTOMETRIC__
__AUTOMETRIC__|0.1.2|2352|crew_log_fe6eb9e645433066|0|1786321168.166|0.000|0.000|636391424|655839232|__DEFAULT__|__AUTOMETRIC__
__AUTOMETRIC__|0.1.2|2352|crew_log_fe6eb9e645433066|0|1786321169.179|0.000|0.000|636399616|655847424|__DEFAULT__|__AUTOMETRIC__
__AUTOMETRIC__|0.1.2|2352|crew_log_fe6eb9e645433066|0|1786321170.191|0.000|0.000|636399616|655847424|__DEFAULT__|__AUTOMETRIC__
__AUTOMETRIC__|0.1.2|2352|crew_log_fe6eb9e645433066|0|1786321171.204|0.000|0.000|636391424|655839232|__DEFAULT__|__AUTOMETRIC__
__AUTOMETRIC__|0.1.2|2352|crew_log_fe6eb9e645433066|0|1786321172.216|0.000|0.000|636391424|655839232|__DEFAULT__|__AUTOMETRIC__
__AUTOMETRIC__|0.1.2|2352|crew_log_fe6eb9e645433066|0|1786321173.230|0.000|0.000|636391424|655839232|__DEFAULT__|__AUTOMETRIC__
__AUTOMETRIC__|0.1.2|2352|crew_log_fe6eb9e645433066|0|1786321174.244|0.000|0.000|636391424|655839232|__DEFAULT__|__AUTOMETRIC__
__AUTOMETRIC__|0.1.2|2352|crew_log_fe6eb9e645433066|0|1786321175.260|0.000|0.000|636391424|655839232|__DEFAULT__|__AUTOMETRIC__
__AUTOMETRIC__|0.1.2|2352|crew_log_fe6eb9e645433066|0|1786321176.274|0.000|0.000|636391424|655839232|__DEFAULT__|__AUTOMETRIC__
__AUTOMETRIC__|0.1.2|2352|crew_log_fe6eb9e645433066|0|1786321177.290|0.000|0.000|636399616|655847424|__DEFAULT__|__AUTOMETRIC__
__AUTOMETRIC__|0.1.2|2352|crew_log_fe6eb9e645433066|0|1786321178.303|0.000|0.000|636391424|655839232|__DEFAULT__|__AUTOMETRIC__
__AUTOMETRIC__|0.1.2|2352|crew_log_fe6eb9e645433066|0|1786321179.317|1.541|0.096|636399616|655847424|__DEFAULT__|__AUTOMETRIC__
__AUTOMETRIC__|0.1.2|2352|crew_log_fe6eb9e645433066|0|1786321180.331|0.000|0.000|636391424|655839232|__DEFAULT__|__AUTOMETRIC__
__AUTOMETRIC__|0.1.2|2352|crew_log_fe6eb9e645433066|0|1786321181.347|0.000|0.000|636391424|655839232|__DEFAULT__|__AUTOMETRIC__
__AUTOMETRIC__|0.1.2|2352|crew_log_fe6eb9e645433066|0|1786321182.347|0.000|0.000|636399616|655847424|__DEFAULT__|__AUTOMETRIC__
__AUTOMETRIC__|0.1.2|2352|crew_log_fe6eb9e645433066|0|1786321183.360|0.000|0.000|636391424|655839232|__DEFAULT__|__AUTOMETRIC__
__AUTOMETRIC__|0.1.2|2352|crew_log_fe6eb9e645433066|0|1786321184.360|0.000|0.000|636592128|655958016|__DEFAULT__|__AUTOMETRIC__
__AUTOMETRIC__|0.1.2|2352|crew_log_fe6eb9e645433066|0|1786321185.361|0.000|0.000|636592128|655958016|__DEFAULT__|__AUTOMETRIC__
__AUTOMETRIC__|0.1.2|2352|crew_log_fe6eb9e645433066|0|1786321186.376|0.000|0.000|636583936|655949824|__DEFAULT__|__AUTOMETRIC__
__AUTOMETRIC__|0.1.2|2352|crew_log_fe6eb9e645433066|0|1786321187.390|0.000|0.000|636592128|655958016|__DEFAULT__|__AUTOMETRIC__
__AUTOMETRIC__|0.1.2|2352|crew_log_fe6eb9e645433066|0|1786321188.401|0.000|0.000|636592128|655958016|__DEFAULT__|__AUTOMETRIC__
__AUTOMETRIC__|0.1.2|2352|crew_log_fe6eb9e645433066|0|1786321189.417|0.000|0.000|636583936|655949824|__DEFAULT__|__AUTOMETRIC__
__AUTOMETRIC__|0.1.2|2352|crew_log_fe6eb9e645433066|0|1786321190.430|0.000|0.000|636583936|655949824|__DEFAULT__|__AUTOMETRIC__
__AUTOMETRIC__|0.1.2|2352|crew_log_fe6eb9e645433066|0|1786321191.442|0.000|0.000|636592128|655958016|__DEFAULT__|__AUTOMETRIC__
__AUTOMETRIC__|0.1.2|2352|crew_log_fe6eb9e645433066|0|1786321192.453|0.000|0.000|636592128|655958016|__DEFAULT__|__AUTOMETRIC__
__AUTOMETRIC__|0.1.2|2352|crew_log_fe6eb9e645433066|0|1786321193.464|0.000|0.000|636592128|655958016|__DEFAULT__|__AUTOMETRIC__
__AUTOMETRIC__|0.1.2|2352|crew_log_fe6eb9e645433066|0|1786321194.479|0.000|0.000|636592128|655958016|__DEFAULT__|__AUTOMETRIC__
__AUTOMETRIC__|0.1.2|2352|crew_log_fe6eb9e645433066|0|1786321195.494|0.000|0.000|636592128|655958016|__DEFAULT__|__AUTOMETRIC__
__AUTOMETRIC__|0.1.2|2352|crew_log_fe6eb9e645433066|0|1786321196.507|0.000|0.000|636592128|655958016|__DEFAULT__|__AUTOMETRIC__
__AUTOMETRIC__|0.1.2|2352|crew_log_fe6eb9e645433066|0|1786321197.523|0.000|0.000|636592128|655958016|__DEFAULT__|__AUTOMETRIC__
__AUTOMETRIC__|0.1.2|2352|crew_log_fe6eb9e645433066|0|1786321198.523|0.000|0.000|636583936|655949824|__DEFAULT__|__AUTOMETRIC__
__AUTOMETRIC__|0.1.2|2352|crew_log_fe6eb9e645433066|0|1786321199.539|0.000|0.000|636592128|655958016|__DEFAULT__|__AUTOMETRIC__
__AUTOMETRIC__|0.1.2|2352|crew_log_fe6eb9e645433066|0|1786321200.552|0.000|0.000|636592128|655958016|__DEFAULT__|__AUTOMETRIC__
__AUTOMETRIC__|0.1.2|2352|crew_log_fe6eb9e645433066|0|1786321201.564|0.000|0.000|636600320|655966208|__DEFAULT__|__AUTOMETRIC__
__AUTOMETRIC__|0.1.2|2352|crew_log_fe6eb9e645433066|0|1786321202.579|0.000|0.000|636600320|655966208|__DEFAULT__|__AUTOMETRIC__
__AUTOMETRIC__|0.1.2|2352|crew_log_fe6eb9e645433066|0|1786321203.594|0.000|0.000|636600320|655966208|__DEFAULT__|__AUTOMETRIC__
__AUTOMETRIC__|0.1.2|2352|crew_log_fe6eb9e645433066|0|1786321204.608|0.000|0.000|636608512|655974400|__DEFAULT__|__AUTOMETRIC__
__AUTOMETRIC__|0.1.2|2352|crew_log_fe6eb9e645433066|0|1786321205.623|0.000|0.000|636608512|655974400|__DEFAULT__|__AUTOMETRIC__
__AUTOMETRIC__|0.1.2|2352|crew_log_fe6eb9e645433066|0|1786321206.636|0.000|0.000|636608512|655974400|__DEFAULT__|__AUTOMETRIC__
__AUTOMETRIC__|0.1.2|2352|crew_log_fe6eb9e645433066|0|1786321207.650|0.000|0.000|636608512|655974400|__DEFAULT__|__AUTOMETRIC__
__AUTOMETRIC__|0.1.2|2352|crew_log_fe6eb9e645433066|0|1786321208.651|0.000|0.000|636608512|655974400|__DEFAULT__|__AUTOMETRIC__
__AUTOMETRIC__|0.1.2|2352|crew_log_fe6eb9e645433066|0|1786321209.667|0.000|0.000|636616704|655982592|__DEFAULT__|__AUTOMETRIC__
__AUTOMETRIC__|0.1.2|2352|crew_log_fe6eb9e645433066|0|1786321210.682|0.000|0.000|636616704|655982592|__DEFAULT__|__AUTOMETRIC__
__AUTOMETRIC__|0.1.2|2352|crew_log_fe6eb9e645433066|0|1786321211.694|0.000|0.000|636616704|655982592|__DEFAULT__|__AUTOMETRIC__
__AUTOMETRIC__|0.1.2|2352|crew_log_fe6eb9e645433066|0|1786321212.695|1.561|0.098|636616704|655982592|__DEFAULT__|__AUTOMETRIC__
__AUTOMETRIC__|0.1.2|2352|crew_log_fe6eb9e645433066|0|1786321213.707|0.000|0.000|636616704|655982592|__DEFAULT__|__AUTOMETRIC__
__AUTOMETRIC__|0.1.2|2352|crew_log_fe6eb9e645433066|0|1786321214.721|0.000|0.000|636616704|655982592|__DEFAULT__|__AUTOMETRIC__
__AUTOMETRIC__|0.1.2|2352|crew_log_fe6eb9e645433066|0|1786321215.732|0.000|0.000|636616704|655982592|__DEFAULT__|__AUTOMETRIC__
__AUTOMETRIC__|0.1.2|2352|crew_log_fe6eb9e645433066|0|1786321216.746|0.000|0.000|636616704|655982592|__DEFAULT__|__AUTOMETRIC__
__AUTOMETRIC__|0.1.2|2352|crew_log_fe6eb9e645433066|0|1786321217.762|0.000|0.000|636616704|655982592|__DEFAULT__|__AUTOMETRIC__
__AUTOMETRIC__|0.1.2|2352|crew_log_fe6eb9e645433066|0|1786321218.773|0.000|0.000|636616704|655982592|__DEFAULT__|__AUTOMETRIC__
__AUTOMETRIC__|0.1.2|2352|crew_log_fe6eb9e645433066|0|1786321219.786|0.000|0.000|636616704|655982592|__DEFAULT__|__AUTOMETRIC__
__AUTOMETRIC__|0.1.2|2352|crew_log_fe6eb9e645433066|0|1786321220.800|0.000|0.000|636616704|655982592|__DEFAULT__|__AUTOMETRIC__
__AUTOMETRIC__|0.1.2|2352|crew_log_fe6eb9e645433066|0|1786321221.800|0.000|0.000|636616704|655982592|__DEFAULT__|__AUTOMETRIC__
__AUTOMETRIC__|0.1.2|2352|crew_log_fe6eb9e645433066|0|1786321222.802|0.000|0.000|636616704|655982592|__DEFAULT__|__AUTOMETRIC__
__AUTOMETRIC__|0.1.2|2352|crew_log_fe6eb9e645433066|0|1786321223.817|0.000|0.000|636616704|655982592|__DEFAULT__|__AUTOMETRIC__
__AUTOMETRIC__|0.1.2|2352|crew_log_fe6eb9e645433066|0|1786321224.829|0.000|0.000|636616704|655982592|__DEFAULT__|__AUTOMETRIC__
__AUTOMETRIC__|0.1.2|2352|crew_log_fe6eb9e645433066|0|1786321225.840|0.000|0.000|636616704|655982592|__DEFAULT__|__AUTOMETRIC__
__AUTOMETRIC__|0.1.2|2352|crew_log_fe6eb9e645433066|0|1786321226.854|0.000|0.000|636616704|655982592|__DEFAULT__|__AUTOMETRIC__
__AUTOMETRIC__|0.1.2|2352|crew_log_fe6eb9e645433066|0|1786321227.867|0.000|0.000|636616704|655982592|__DEFAULT__|__AUTOMETRIC__
__AUTOMETRIC__|0.1.2|2352|crew_log_fe6eb9e645433066|0|1786321228.878|0.000|0.000|636616704|655982592|__DEFAULT__|__AUTOMETRIC__
__AUTOMETRIC__|0.1.2|2352|crew_log_fe6eb9e645433066|0|1786321229.892|0.000|0.000|636616704|655982592|__DEFAULT__|__AUTOMETRIC__
__AUTOMETRIC__|0.1.2|2352|crew_log_fe6eb9e645433066|0|1786321230.907|0.000|0.000|636616704|655982592|__DEFAULT__|__AUTOMETRIC__
__AUTOMETRIC__|0.1.2|2352|crew_log_fe6eb9e645433066|0|1786321231.909|0.000|0.000|636616704|655982592|__DEFAULT__|__AUTOMETRIC__
__AUTOMETRIC__|0.1.2|2352|crew_log_fe6eb9e645433066|0|1786321232.922|0.000|0.000|636616704|655982592|__DEFAULT__|__AUTOMETRIC__
__AUTOMETRIC__|0.1.2|2352|crew_log_fe6eb9e645433066|0|1786321233.937|0.000|0.000|636616704|655982592|__DEFAULT__|__AUTOMETRIC__
__AUTOMETRIC__|0.1.2|2352|crew_log_fe6eb9e645433066|0|1786321234.950|0.000|0.000|636616704|655982592|__DEFAULT__|__AUTOMETRIC__
__AUTOMETRIC__|0.1.2|2352|crew_log_fe6eb9e645433066|0|1786321235.966|0.000|0.000|636616704|655982592|__DEFAULT__|__AUTOMETRIC__
__AUTOMETRIC__|0.1.2|2352|crew_log_fe6eb9e645433066|0|1786321236.979|0.000|0.000|636616704|655982592|__DEFAULT__|__AUTOMETRIC__
__AUTOMETRIC__|0.1.2|2352|crew_log_fe6eb9e645433066|0|1786321237.994|0.000|0.000|636616704|655982592|__DEFAULT__|__AUTOMETRIC__
__AUTOMETRIC__|0.1.2|2352|crew_log_fe6eb9e645433066|0|1786321239.008|0.000|0.000|636616704|655982592|__DEFAULT__|__AUTOMETRIC__
__AUTOMETRIC__|0.1.2|2352|crew_log_fe6eb9e645433066|0|1786321240.021|0.000|0.000|636616704|655982592|__DEFAULT__|__AUTOMETRIC__
__AUTOMETRIC__|0.1.2|2352|crew_log_fe6eb9e645433066|0|1786321241.034|1.544|0.096|636616704|655982592|__DEFAULT__|__AUTOMETRIC__
__AUTOMETRIC__|0.1.2|2352|crew_log_fe6eb9e645433066|0|1786321242.047|0.000|0.000|636616704|655982592|__DEFAULT__|__AUTOMETRIC__
__AUTOMETRIC__|0.1.2|2352|crew_log_fe6eb9e645433066|0|1786321243.061|0.000|0.000|636616704|655982592|__DEFAULT__|__AUTOMETRIC__
__AUTOMETRIC__|0.1.2|2352|crew_log_fe6eb9e645433066|0|1786321244.077|0.000|0.000|636616704|655982592|__DEFAULT__|__AUTOMETRIC__
__AUTOMETRIC__|0.1.2|2352|crew_log_fe6eb9e645433066|0|1786321245.091|0.000|0.000|636616704|655982592|__DEFAULT__|__AUTOMETRIC__
__AUTOMETRIC__|0.1.2|2352|crew_log_fe6eb9e645433066|0|1786321246.104|0.000|0.000|636616704|655982592|__DEFAULT__|__AUTOMETRIC__
__AUTOMETRIC__|0.1.2|2352|crew_log_fe6eb9e645433066|0|1786321247.118|0.000|0.000|636616704|655982592|__DEFAULT__|__AUTOMETRIC__
__AUTOMETRIC__|0.1.2|2352|crew_log_fe6eb9e645433066|0|1786321248.132|0.000|0.000|636616704|655982592|__DEFAULT__|__AUTOMETRIC__
__AUTOMETRIC__|0.1.2|2352|crew_log_fe6eb9e645433066|0|1786321249.143|0.000|0.000|636616704|655982592|__DEFAULT__|__AUTOMETRIC__
__AUTOMETRIC__|0.1.2|2352|crew_log_fe6eb9e645433066|0|1786321250.145|0.000|0.000|636616704|655982592|__DEFAULT__|__AUTOMETRIC__
__AUTOMETRIC__|0.1.2|2352|crew_log_fe6eb9e645433066|0|1786321251.145|0.000|0.000|636616704|655982592|__DEFAULT__|__AUTOMETRIC__
__AUTOMETRIC__|0.1.2|2352|crew_log_fe6eb9e645433066|0|1786321252.159|0.000|0.000|636616704|655982592|__DEFAULT__|__AUTOMETRIC__
__AUTOMETRIC__|0.1.2|2352|crew_log_fe6eb9e645433066|0|1786321253.170|0.000|0.000|636600320|655949824|__DEFAULT__|__AUTOMETRIC__
__AUTOMETRIC__|0.1.2|2352|crew_log_fe6eb9e645433066|0|1786321254.183|0.000|0.000|636583936|655949824|__DEFAULT__|__AUTOMETRIC__
__AUTOMETRIC__|0.1.2|2352|crew_log_fe6eb9e645433066|0|1786321255.196|0.000|0.000|636583936|655949824|__DEFAULT__|__AUTOMETRIC__
__AUTOMETRIC__|0.1.2|2352|crew_log_fe6eb9e645433066|0|1786321256.196|0.000|0.000|636583936|655949824|__DEFAULT__|__AUTOMETRIC__
__AUTOMETRIC__|0.1.2|2352|crew_log_fe6eb9e645433066|0|1786321257.210|1.542|0.096|636583936|655949824|__DEFAULT__|__AUTOMETRIC__
__AUTOMETRIC__|0.1.2|2352|crew_log_fe6eb9e645433066|0|1786321258.223|0.000|0.000|636583936|655949824|__DEFAULT__|__AUTOMETRIC__
__AUTOMETRIC__|0.1.2|2352|crew_log_fe6eb9e645433066|0|1786321259.236|0.000|0.000|636583936|655949824|__DEFAULT__|__AUTOMETRIC__
__AUTOMETRIC__|0.1.2|2352|crew_log_fe6eb9e645433066|0|1786321260.251|0.000|0.000|636592128|655958016|__DEFAULT__|__AUTOMETRIC__
__AUTOMETRIC__|0.1.2|2352|crew_log_fe6eb9e645433066|0|1786321261.252|0.000|0.000|636583936|655949824|__DEFAULT__|__AUTOMETRIC__
__AUTOMETRIC__|0.1.2|2352|crew_log_fe6eb9e645433066|0|1786321262.265|0.000|0.000|636583936|655949824|__DEFAULT__|__AUTOMETRIC__
__AUTOMETRIC__|0.1.2|2352|crew_log_fe6eb9e645433066|0|1786321263.279|0.000|0.000|636583936|655949824|__DEFAULT__|__AUTOMETRIC__
__AUTOMETRIC__|0.1.2|2352|crew_log_fe6eb9e645433066|0|1786321264.295|0.000|0.000|636583936|655949824|__DEFAULT__|__AUTOMETRIC__
__AUTOMETRIC__|0.1.2|2352|crew_log_fe6eb9e645433066|0|1786321265.310|0.000|0.000|636530688|655847424|__DEFAULT__|__AUTOMETRIC__
__AUTOMETRIC__|0.1.2|2352|crew_log_fe6eb9e645433066|0|1786321266.325|0.000|0.000|636530688|655847424|__DEFAULT__|__AUTOMETRIC__
__AUTOMETRIC__|0.1.2|2352|crew_log_fe6eb9e645433066|0|1786321267.327|0.000|0.000|636530688|655847424|__DEFAULT__|__AUTOMETRIC__
__AUTOMETRIC__|0.1.2|2352|crew_log_fe6eb9e645433066|0|1786321268.338|0.000|0.000|636530688|655847424|__DEFAULT__|__AUTOMETRIC__
__AUTOMETRIC__|0.1.2|2352|crew_log_fe6eb9e645433066|0|1786321269.353|0.000|0.000|636522496|655839232|__DEFAULT__|__AUTOMETRIC__
__AUTOMETRIC__|0.1.2|2352|crew_log_fe6eb9e645433066|0|1786321270.368|0.000|0.000|636522496|655839232|__DEFAULT__|__AUTOMETRIC__
__AUTOMETRIC__|0.1.2|2352|crew_log_fe6eb9e645433066|0|1786321271.383|0.000|0.000|636522496|655839232|__DEFAULT__|__AUTOMETRIC__
__AUTOMETRIC__|0.1.2|2352|crew_log_fe6eb9e645433066|0|1786321272.398|0.000|0.000|636522496|655839232|__DEFAULT__|__AUTOMETRIC__
__AUTOMETRIC__|0.1.2|2352|crew_log_fe6eb9e645433066|0|1786321273.410|0.000|0.000|636522496|655839232|__DEFAULT__|__AUTOMETRIC__
__AUTOMETRIC__|0.1.2|2352|crew_log_fe6eb9e645433066|0|1786321274.423|0.000|0.000|636522496|655839232|__DEFAULT__|__AUTOMETRIC__
__AUTOMETRIC__|0.1.2|2352|crew_log_fe6eb9e645433066|0|1786321275.439|0.000|0.000|636522496|655839232|__DEFAULT__|__AUTOMETRIC__
__AUTOMETRIC__|0.1.2|2352|crew_log_fe6eb9e645433066|0|1786321276.452|0.000|0.000|636522496|655839232|__DEFAULT__|__AUTOMETRIC__
__AUTOMETRIC__|0.1.2|2352|crew_log_fe6eb9e645433066|0|1786321277.463|0.000|0.000|636522496|655839232|__DEFAULT__|__AUTOMETRIC__
__AUTOMETRIC__|0.1.2|2352|crew_log_fe6eb9e645433066|0|1786321278.476|0.000|0.000|636530688|655847424|__DEFAULT__|__AUTOMETRIC__
__AUTOMETRIC__|0.1.2|2352|crew_log_fe6eb9e645433066|0|1786321279.476|0.000|0.000|636522496|655839232|__DEFAULT__|__AUTOMETRIC__
__AUTOMETRIC__|0.1.2|2352|crew_log_fe6eb9e645433066|0|1786321280.492|0.000|0.000|636530688|655847424|__DEFAULT__|__AUTOMETRIC__
__AUTOMETRIC__|0.1.2|2352|crew_log_fe6eb9e645433066|0|1786321281.507|0.000|0.000|636522496|655839232|__DEFAULT__|__AUTOMETRIC__
__AUTOMETRIC__|0.1.2|2352|crew_log_fe6eb9e645433066|0|1786321282.520|0.000|0.000|636522496|655839232|__DEFAULT__|__AUTOMETRIC__
__AUTOMETRIC__|0.1.2|2352|crew_log_fe6eb9e645433066|0|1786321283.535|0.000|0.000|636530688|655847424|__DEFAULT__|__AUTOMETRIC__
__AUTOMETRIC__|0.1.2|2352|crew_log_fe6eb9e645433066|0|1786321284.549|0.000|0.000|636522496|655839232|__DEFAULT__|__AUTOMETRIC__
__AUTOMETRIC__|0.1.2|2352|crew_log_fe6eb9e645433066|0|1786321285.562|0.000|0.000|636530688|655847424|__DEFAULT__|__AUTOMETRIC__
__AUTOMETRIC__|0.1.2|2352|crew_log_fe6eb9e645433066|0|1786321286.577|0.000|0.000|636522496|655839232|__DEFAULT__|__AUTOMETRIC__
__AUTOMETRIC__|0.1.2|2352|crew_log_fe6eb9e645433066|0|1786321287.591|0.000|0.000|636522496|655839232|__DEFAULT__|__AUTOMETRIC__
__AUTOMETRIC__|0.1.2|2352|crew_log_fe6eb9e645433066|0|1786321288.605|0.000|0.000|636530688|655847424|__DEFAULT__|__AUTOMETRIC__
__AUTOMETRIC__|0.1.2|2352|crew_log_fe6eb9e645433066|0|1786321289.621|0.000|0.000|636530688|655847424|__DEFAULT__|__AUTOMETRIC__
__AUTOMETRIC__|0.1.2|2352|crew_log_fe6eb9e645433066|0|1786321290.622|0.000|0.000|636530688|655847424|__DEFAULT__|__AUTOMETRIC__
__AUTOMETRIC__|0.1.2|2352|crew_log_fe6eb9e645433066|0|1786321291.636|0.000|0.000|636522496|655839232|__DEFAULT__|__AUTOMETRIC__
__AUTOMETRIC__|0.1.2|2352|crew_log_fe6eb9e645433066|0|1786321292.650|0.000|0.000|636530688|655847424|__DEFAULT__|__AUTOMETRIC__
__AUTOMETRIC__|0.1.2|2352|crew_log_fe6eb9e645433066|0|1786321293.664|0.000|0.000|636530688|655847424|__DEFAULT__|__AUTOMETRIC__
__AUTOMETRIC__|0.1.2|2352|crew_log_fe6eb9e645433066|0|1786321294.679|0.000|0.000|636530688|655847424|__DEFAULT__|__AUTOMETRIC__
__AUTOMETRIC__|0.1.2|2352|crew_log_fe6eb9e645433066|0|1786321295.694|0.000|0.000|636522496|655839232|__DEFAULT__|__AUTOMETRIC__
__AUTOMETRIC__|0.1.2|2352|crew_log_fe6eb9e645433066|0|1786321296.709|0.000|0.000|636522496|655839232|__DEFAULT__|__AUTOMETRIC__
__AUTOMETRIC__|0.1.2|2352|crew_log_fe6eb9e645433066|0|1786321297.724|1.540|0.096|636522496|655839232|__DEFAULT__|__AUTOMETRIC__
__AUTOMETRIC__|0.1.2|2352|crew_log_fe6eb9e645433066|0|1786321298.739|0.000|0.000|636522496|655839232|__DEFAULT__|__AUTOMETRIC__
__AUTOMETRIC__|0.1.2|2352|crew_log_fe6eb9e645433066|0|1786321299.752|0.000|0.000|636530688|655847424|__DEFAULT__|__AUTOMETRIC__
__AUTOMETRIC__|0.1.2|2352|crew_log_fe6eb9e645433066|0|1786321300.767|0.000|0.000|636530688|655847424|__DEFAULT__|__AUTOMETRIC__
__AUTOMETRIC__|0.1.2|2352|crew_log_fe6eb9e645433066|0|1786321301.783|0.000|0.000|636522496|655839232|__DEFAULT__|__AUTOMETRIC__
__AUTOMETRIC__|0.1.2|2352|crew_log_fe6eb9e645433066|0|1786321302.783|0.000|0.000|636530688|655847424|__DEFAULT__|__AUTOMETRIC__
__AUTOMETRIC__|0.1.2|2352|crew_log_fe6eb9e645433066|0|1786321303.797|0.000|0.000|636522496|655839232|__DEFAULT__|__AUTOMETRIC__
__AUTOMETRIC__|0.1.2|2352|crew_log_fe6eb9e645433066|0|1786321304.810|0.000|0.000|636530688|655847424|__DEFAULT__|__AUTOMETRIC__
__AUTOMETRIC__|0.1.2|2352|crew_log_fe6eb9e645433066|0|1786321305.810|0.000|0.000|636522496|655839232|__DEFAULT__|__AUTOMETRIC__
__AUTOMETRIC__|0.1.2|2352|crew_log_fe6eb9e645433066|0|1786321306.825|0.000|0.000|636530688|655847424|__DEFAULT__|__AUTOMETRIC__
__AUTOMETRIC__|0.1.2|2352|crew_log_fe6eb9e645433066|0|1786321307.839|0.000|0.000|636530688|655847424|__DEFAULT__|__AUTOMETRIC__
__AUTOMETRIC__|0.1.2|2352|crew_log_fe6eb9e645433066|0|1786321308.855|0.000|0.000|636530688|655847424|__DEFAULT__|__AUTOMETRIC__
__AUTOMETRIC__|0.1.2|2352|crew_log_fe6eb9e645433066|0|1786321309.867|0.000|0.000|636530688|655847424|__DEFAULT__|__AUTOMETRIC__
__AUTOMETRIC__|0.1.2|2352|crew_log_fe6eb9e645433066|0|1786321310.882|0.000|0.000|636522496|655839232|__DEFAULT__|__AUTOMETRIC__
__AUTOMETRIC__|0.1.2|2352|crew_log_fe6eb9e645433066|0|1786321311.895|0.000|0.000|636522496|655839232|__DEFAULT__|__AUTOMETRIC__
__AUTOMETRIC__|0.1.2|2352|crew_log_fe6eb9e645433066|0|1786321312.911|0.000|0.000|636522496|655839232|__DEFAULT__|__AUTOMETRIC__
__AUTOMETRIC__|0.1.2|2352|crew_log_fe6eb9e645433066|0|1786321313.926|0.000|0.000|636522496|655839232|__DEFAULT__|__AUTOMETRIC__
__AUTOMETRIC__|0.1.2|2352|crew_log_fe6eb9e645433066|0|1786321314.939|0.000|0.000|636522496|655839232|__DEFAULT__|__AUTOMETRIC__
__AUTOMETRIC__|0.1.2|2352|crew_log_fe6eb9e645433066|0|1786321315.953|0.000|0.000|636530688|655847424|__DEFAULT__|__AUTOMETRIC__
__AUTOMETRIC__|0.1.2|2352|crew_log_fe6eb9e645433066|0|1786321316.968|0.000|0.000|636530688|655847424|__DEFAULT__|__AUTOMETRIC__
__AUTOMETRIC__|0.1.2|2352|crew_log_fe6eb9e645433066|0|1786321317.983|0.000|0.000|636530688|655847424|__DEFAULT__|__AUTOMETRIC__
