__AUTOMETRIC__|0.1.2|10152|crew_log_8379f71e908b8753|0|1786324158.780|97.528|6.095|170250240|196562944|sim_data_b8000ed69b204c49|__AUTOMETRIC__
__AUTOMETRIC__|0.1.2|10152|crew_log_8379f71e908b8753|0|1786324159.788|79.054|4.941|220704768|246665216|sim_data_b8000ed69b204c49|__AUTOMETRIC__
__AUTOMETRIC__|0.1.2|10152|crew_log_8379f71e908b8753|0|1786324160.798|99.044|6.190|246091776|271982592|sim_data_b8000ed69b204c49|__AUTOMETRIC__
__AUTOMETRIC__|0.1.2|10152|crew_log_8379f71e908b8753|0|1786324161.811|100.194|6.262|389390336|422055936|sim_data_b8000ed69b204c49|__AUTOMETRIC__
__AUTOMETRIC__|0.1.2|10152|crew_log_8379f71e908b8753|0|1786324162.812|126.503|7.906|507858944|533684224|sim_data_b8000ed69b204c49|__AUTOMETRIC__
__AUTOMETRIC__|0.1.2|10152|crew_log_8379f71e908b8753|0|1786324163.822|102.051|6.378|545656832|568832000|sim_data_b8000ed69b204c49|__AUTOMETRIC__
__AUTOMETRIC__|0.1.2|10152|crew_log_8379f71e908b8753|0|1786324164.832|99.028|6.189|628318208|651448320|sim_data_b8000ed69b204c49|__AUTOMETRIC__
__AUTOMETRIC__|0.1.2|10152|crew_log_8379f71e908b8753|0|1786324165.841|99.122|6.195|847933440|871821312|sim_data_b8000ed69b204c49|__AUTOMETRIC__
__AUTOMETRIC__|0.1.2|10152|crew_log_8379f71e908b8753|0|1786324166.849|99.187|6.199|1043406848|1067241472|sim_data_b8000ed69b204c49|__AUTOMETRIC__
__AUTOMETRIC__|0.1.2|10152|crew_log_8379f71e908b8753|0|1786324167.863|100.235|6.265|1209348096|1234120704|sim_data_b8000ed69b204c49|__AUTOMETRIC__
__AUTOMETRIC__|0.1.2|10152|crew_log_8379f71e908b8753|0|1786324168.867|101.076|6.317|1431375872|1455886336|sim_data_b8000ed69b204c49|__AUTOMETRIC__
__AUTOMETRIC__|0.1.2|10152|crew_log_8379f71e908b8753|0|1786324169.873|100.977|6.311|1506283520|1529978880|sim_data_b8000ed69b204c49|__AUTOMETRIC__
__AUTOMETRIC__|0.1.2|10152|crew_log_8379f71e908b8753|0|1786324170.887|100.199|6.262|1550204928|1573748736|sim_data_b8000ed69b204c49|__AUTOMETRIC__
__AUTOMETRIC__|0.1.2|10152|crew_log_8379f71e908b8753|0|1786324171.891|99.599|6.225|1741643776|1765621760|sim_data_b8000ed69b204c49|__AUTOMETRIC__
__AUTOMETRIC__|0.1.2|10152|crew_log_8379f71e908b8753|0|1786324172.892|99.925|6.245|1887158272|1911717888|sim_data_b8000ed69b204c49|__AUTOMETRIC__
__AUTOMETRIC__|0.1.2|10152|crew_log_8379f71e908b8753|0|1786324173.902|102.053|6.378|1834786816|1859121152|sim_data_b8000ed69b204c49|__AUTOMETRIC__
__AUTOMETRIC__|0.1.2|10152|crew_log_8379f71e908b8753|0|1786324174.914|80.313|5.020|1847656448|1870970880|sim_data_b8000ed69b204c49|__AUTOMETRIC__
__AUTOMETRIC__|0.1.2|10152|crew_log_8379f71e908b8753|0|1786324175.924|99.006|6.188|1843511296|1866539008|sim_data_b8000ed69b204c49|__AUTOMETRIC__
__AUTOMETRIC__|0.1.2|10152|crew_log_8379f71e908b8753|0|1786324176.937|101.730|6.358|1843097600|1866125312|sim_data_b8000ed69b204c49|__AUTOMETRIC__
__AUTOMETRIC__|0.1.2|10152|crew_log_8379f71e908b8753|0|1786324177.948|100.472|6.279|1843097600|1866125312|sim_data_b8000ed69b204c49|__AUTOMETRIC__
__AUTOMETRIC__|0.1.2|10152|crew_log_8379f71e908b8753|0|1786324178.959|97.426|6.089|1843998720|1866960896|sim_data_b8000ed69b204c49|__AUTOMETRIC__
__AUTOMETRIC__|0.1.2|10152|crew_log_8379f71e908b8753|0|1786324179.961|101.282|6.330|1844064256|1867026432|sim_data_b8000ed69b204c49|__AUTOMETRIC__
__AUTOMETRIC__|0.1.2|10152|crew_log_8379f71e908b8753|0|1786324180.964|99.723|6.233|1843998720|1866960896|sim_data_b8000ed69b204c49|__AUTOMETRIC__
__AUTOMETRIC__|0.1.2|10152|crew_log_8379f71e908b8753|0|1786324181.970|97.875|6.117|1845051392|1868013568|sim_data_b8000ed69b204c49|__AUTOMETRIC__
__AUTOMETRIC__|0.1.2|10152|crew_log_8379f71e908b8753|0|1786324182.976|102.501|6.406|1845002240|1867964416|sim_data_b8000ed69b204c49|__AUTOMETRIC__
__AUTOMETRIC__|0.1.2|10152|crew_log_8379f71e908b8753|0|1786324183.985|99.129|6.196|1845067776|1868029952|sim_data_b8000ed69b204c49|__AUTOMETRIC__
__AUTOMETRIC__|0.1.2|10152|crew_log_8379f71e908b8753|0|1786324184.991|99.395|6.212|1845067776|1868029952|sim_data_b8000ed69b204c49|__AUTOMETRIC__
__AUTOMETRIC__|0.1.2|10152|crew_log_8379f71e908b8753|0|1786324185.999|99.221|6.201|1845837824|1868800000|sim_data_b8000ed69b204c49|__AUTOMETRIC__
__AUTOMETRIC__|0.1.2|10152|crew_log_8379f71e908b8753|0|1786324187.004|93.227|5.827|1845837824|1868800000|sim_data_b8000ed69b204c49|__AUTOMETRIC__
__AUTOMETRIC__|0.1.2|10152|crew_log_8379f71e908b8753|0|1786324188.013|100.722|6.295|1845903360|1868865536|sim_data_b8000ed69b204c49|__AUTOMETRIC__
__AUTOMETRIC__|0.1.2|10152|crew_log_8379f71e908b8753|0|1786324189.021|100.699|6.294|1919438848|1942458368|sim_data_b8000ed69b204c49|__AUTOMETRIC__
__AUTOMETRIC__|0.1.2|10152|crew_log_8379f71e908b8753|0|1786324190.027|104.095|6.506|1912614912|1935974400|sim_data_b8000ed69b204c49|__AUTOMETRIC__
__AUTOMETRIC__|0.1.2|10152|crew_log_8379f71e908b8753|0|1786324191.033|100.910|6.307|1833443328|1856700416|sim_data_b8000ed69b204c49|__AUTOMETRIC__
__AUTOMETRIC__|0.1.2|10152|crew_log_8379f71e908b8753|0|1786324192.043|99.092|6.193|1839955968|1863499776|sim_data_b8000ed69b204c49|__AUTOMETRIC__
__AUTOMETRIC__|0.1.2|10152|crew_log_8379f71e908b8753|0|1786324193.052|99.108|6.194|1864069120|1887723520|sim_data_b8000ed69b204c49|__AUTOMETRIC__
__AUTOMETRIC__|0.1.2|10152|crew_log_8379f71e908b8753|0|1786324194.064|100.361|6.273|2016722944|2040709120|sim_data_b8000ed69b204c49|__AUTOMETRIC__
__AUTOMETRIC__|0.1.2|10152|crew_log_8379f71e908b8753|0|1786324195.075|80.344|5.021|2009567232|2032877568|sim_data_b8000ed69b204c49|__AUTOMETRIC__
__AUTOMETRIC__|0.1.2|10152|crew_log_8379f71e908b8753|0|1786324196.079|99.600|6.225|2006319104|2028965888|sim_data_b8000ed69b204c49|__AUTOMETRIC__
__AUTOMETRIC__|0.1.2|10152|crew_log_8379f71e908b8753|0|1786324197.088|100.646|6.290|2005704704|2028154880|sim_data_b8000ed69b204c49|__AUTOMETRIC__
__AUTOMETRIC__|0.1.2|10152|crew_log_8379f71e908b8753|0|1786324198.091|99.669|6.229|2006622208|2028892160|sim_data_b8000ed69b204c49|__AUTOMETRIC__
__AUTOMETRIC__|0.1.2|10152|crew_log_8379f71e908b8753|0|1786324199.102|100.530|6.283|2006614016|2028883968|sim_data_b8000ed69b204c49|__AUTOMETRIC__
__AUTOMETRIC__|0.1.2|10152|crew_log_8379f71e908b8753|0|1786324200.104|99.753|6.235|2007646208|2029916160|sim_data_b8000ed69b204c49|__AUTOMETRIC__
__AUTOMETRIC__|0.1.2|10152|crew_log_8379f71e908b8753|0|1786324201.116|98.835|6.177|2007617536|2029887488|sim_data_b8000ed69b204c49|__AUTOMETRIC__
__AUTOMETRIC__|0.1.2|10152|crew_log_8379f71e908b8753|0|1786324202.128|98.753|6.172|2007617536|2029887488|sim_data_b8000ed69b204c49|__AUTOMETRIC__
__AUTOMETRIC__|0.1.2|10152|crew_log_8379f71e908b8753|0|1786324203.139|97.368|6.085|2008399872|2030669824|sim_data_b8000ed69b204c49|__AUTOMETRIC__
__AUTOMETRIC__|0.1.2|10152|crew_log_8379f71e908b8753|0|1786324204.152|98.780|6.174|2008465408|2030735360|sim_data_b8000ed69b204c49|__AUTOMETRIC__
__AUTOMETRIC__|0.1.2|10152|crew_log_8379f71e908b8753|0|1786324205.164|100.319|6.270|2011795456|2034065408|sim_data_b8000ed69b204c49|__AUTOMETRIC__
__AUTOMETRIC__|0.1.2|10152|crew_log_8379f71e908b8753|0|1786324206.178|103.228|6.452|1843773440|1866461184|sim_data_b8000ed69b204c49|__AUTOMETRIC__
__AUTOMETRIC__|0.1.2|10152|crew_log_8379f71e908b8753|0|1786324207.178|101.550|6.347|1757327360|1779920896|sim_data_b8000ed69b204c49|__AUTOMETRIC__
__AUTOMETRIC__|0.1.2|10152|crew_log_8379f71e908b8753|0|1786324208.179|99.987|6.249|1816408064|1839112192|sim_data_b8000ed69b204c49|__AUTOMETRIC__
__AUTOMETRIC__|0.1.2|10152|crew_log_8379f71e908b8753|0|1786324209.194|100.025|6.252|1964134400|1986977792|sim_data_b8000ed69b204c49|__AUTOMETRIC__
__AUTOMETRIC__|0.1.2|10152|crew_log_8379f71e908b8753|0|1786324210.195|99.923|6.245|2008100864|2030886912|sim_data_b8000ed69b204c49|__AUTOMETRIC__
__AUTOMETRIC__|0.1.2|10152|crew_log_8379f71e908b8753|0|1786324211.204|82.047|5.128|2014523392|2036305920|sim_data_b8000ed69b204c49|__AUTOMETRIC__
__AUTOMETRIC__|0.1.2|10152|crew_log_8379f71e908b8753|0|1786324212.220|100.009|6.251|2014195712|2035769344|sim_data_b8000ed69b204c49|__AUTOMETRIC__
__AUTOMETRIC__|0.1.2|10152|crew_log_8379f71e908b8753|0|1786324213.232|100.333|6.271|2014195712|2035769344|sim_data_b8000ed69b204c49|__AUTOMETRIC__
__AUTOMETRIC__|0.1.2|10152|crew_log_8379f71e908b8753|0|1786324214.247|100.039|6.252|2015170560|2036678656|sim_data_b8000ed69b204c49|__AUTOMETRIC__
__AUTOMETRIC__|0.1.2|10152|crew_log_8379f71e908b8753|0|1786324215.247|99.974|6.248|2015170560|2036678656|sim_data_b8000ed69b204c49|__AUTOMETRIC__
__AUTOMETRIC__|0.1.2|10152|crew_log_8379f71e908b8753|0|1786324216.257|99.058|6.191|2016120832|2037628928|sim_data_b8000ed69b204c49|__AUTOMETRIC__
__AUTOMETRIC__|0.1.2|10152|crew_log_8379f71e908b8753|0|1786324217.258|101.440|6.340|2016034816|2037510144|sim_data_b8000ed69b204c49|__AUTOMETRIC__
__AUTOMETRIC__|0.1.2|10152|crew_log_8379f71e908b8753|0|1786324218.271|98.721|6.170|2016034816|2037510144|sim_data_b8000ed69b204c49|__AUTOMETRIC__
__AUTOMETRIC__|0.1.2|10152|crew_log_8379f71e908b8753|0|1786324219.272|99.921|6.245|2017017856|2038493184|sim_data_b8000ed69b204c49|__AUTOMETRIC__
__AUTOMETRIC__|0.1.2|10152|crew_log_8379f71e908b8753|0|1786324220.275|102.799|6.425|2016980992|2038456320|sim_data_b8000ed69b204c49|__AUTOMETRIC__
__AUTOMETRIC__|0.1.2|10152|crew_log_8379f71e908b8753|0|1786324221.279|99.620|6.226|2016980992|2038456320|sim_data_b8000ed69b204c49|__AUTOMETRIC__
__AUTOMETRIC__|0.1.2|10152|crew_log_8379f71e908b8753|0|1786324222.280|99.901|6.244|2107834368|2129592320|sim_data_b8000ed69b204c49|__AUTOMETRIC__
__AUTOMETRIC__|0.1.2|10152|crew_log_8379f71e908b8753|0|1786324223.294|104.730|6.546|1943449600|1964941312|sim_data_b8000ed69b204c49|__AUTOMETRIC__
__AUTOMETRIC__|0.1.2|10152|crew_log_8379f71e908b8753|0|1786324224.301|100.899|6.306|1887313920|1909313536|sim_data_b8000ed69b204c49|__AUTOMETRIC__
__AUTOMETRIC__|0.1.2|10152|crew_log_8379f71e908b8753|0|1786324225.315|100.131|6.258|2033971200|2056249344|sim_data_b8000ed69b204c49|__AUTOMETRIC__
__AUTOMETRIC__|0.1.2|10152|crew_log_8379f71e908b8753|0|1786324226.328|101.858|6.366|2004377600|2026135552|sim_data_b8000ed69b204c49|__AUTOMETRIC__
__AUTOMETRIC__|0.1.2|10152|crew_log_8379f71e908b8753|0|1786324227.340|87.968|5.498|2016755712|2039062528|sim_data_b8000ed69b204c49|__AUTOMETRIC__
__AUTOMETRIC__|0.1.2|10152|crew_log_8379f71e908b8753|0|1786324228.355|96.958|6.060|2015240192|2035757056|sim_data_b8000ed69b204c49|__AUTOMETRIC__
__AUTOMETRIC__|0.1.2|10152|crew_log_8379f71e908b8753|0|1786324229.370|100.127|6.258|2014867456|2035384320|sim_data_b8000ed69b204c49|__AUTOMETRIC__
__AUTOMETRIC__|0.1.2|10152|crew_log_8379f71e908b8753|0|1786324230.378|99.165|6.198|2014867456|2035384320|sim_data_b8000ed69b204c49|__AUTOMETRIC__
__AUTOMETRIC__|0.1.2|10152|crew_log_8379f71e908b8753|0|1786324231.389|98.896|6.181|2014932992|2035449856|sim_data_b8000ed69b204c49|__AUTOMETRIC__
__AUTOMETRIC__|0.1.2|10152|crew_log_8379f71e908b8753|0|1786324232.400|100.477|6.280|2015928320|2036379648|sim_data_b8000ed69b204c49|__AUTOMETRIC__
__AUTOMETRIC__|0.1.2|10152|crew_log_8379f71e908b8753|0|1786324233.410|97.431|6.089|2015862784|2036314112|sim_data_b8000ed69b204c49|__AUTOMETRIC__
__AUTOMETRIC__|0.1.2|10152|crew_log_8379f71e908b8753|0|1786324234.420|100.568|6.286|2015862784|2036314112|sim_data_b8000ed69b204c49|__AUTOMETRIC__
__AUTOMETRIC__|0.1.2|10152|crew_log_8379f71e908b8753|0|1786324235.429|100.649|6.291|2016849920|2037301248|sim_data_b8000ed69b204c49|__AUTOMETRIC__
__AUTOMETRIC__|0.1.2|10152|crew_log_8379f71e908b8753|0|1786324236.444|98.509|6.157|2016833536|2037284864|sim_data_b8000ed69b204c49|__AUTOMETRIC__
__AUTOMETRIC__|0.1.2|10152|crew_log_8379f71e908b8753|0|1786324237.457|100.289|6.268|2016833536|2037284864|sim_data_b8000ed69b204c49|__AUTOMETRIC__
__AUTOMETRIC__|0.1.2|10152|crew_log_8379f71e908b8753|0|1786324238.464|99.329|6.208|2016833536|2037284864|sim_data_b8000ed69b204c49|__AUTOMETRIC__
__AUTOMETRIC__|0.1.2|10152|crew_log_8379f71e908b8753|0|1786324239.475|98.891|6.181|2017841152|2038292480|sim_data_b8000ed69b204c49|__AUTOMETRIC__
__AUTOMETRIC__|0.1.2|10152|crew_log_8379f71e908b8753|0|1786324240.489|101.704|6.356|2017734656|2038185984|sim_data_b8000ed69b204c49|__AUTOMETRIC__
__AUTOMETRIC__|0.1.2|10152|crew_log_8379f71e908b8753|0|1786324241.497|102.321|6.395|2017734656|2038185984|sim_data_b8000ed69b204c49|__AUTOMETRIC__
__AUTOMETRIC__|0.1.2|10152|crew_log_8379f71e908b8753|0|1786324242.507|99.050|6.191|2017734656|2038185984|sim_data_b8000ed69b204c49|__AUTOMETRIC__
__AUTOMETRIC__|0.1.2|10152|crew_log_8379f71e908b8753|0|1786324243.513|100.901|6.306|2176028672|2196496384|sim_data_b8000ed69b204c49|__AUTOMETRIC__
__AUTOMETRIC__|0.1.2|10152|crew_log_8379f71e908b8753|0|1786324244.526|100.245|6.265|2175746048|2196541440|sim_data_b8000ed69b204c49|__AUTOMETRIC__
__AUTOMETRIC__|0.1.2|10152|crew_log_8379f71e908b8753|0|1786324245.529|99.695|6.231|2176102400|2196635648|sim_data_b8000ed69b204c49|__AUTOMETRIC__
__AUTOMETRIC__|0.1.2|10152|crew_log_8379f71e908b8753|0|1786324246.537|102.306|6.394|2018197504|2039148544|sim_data_b8000ed69b204c49|__AUTOMETRIC__
__AUTOMETRIC__|0.1.2|10152|crew_log_8379f71e908b8753|0|1786324247.551|101.736|6.358|2031853568|2052800512|sim_data_b8000ed69b204c49|__AUTOMETRIC__
__AUTOMETRIC__|0.1.2|10152|crew_log_8379f71e908b8753|0|1786324248.563|81.792|5.112|2025832448|2046365696|sim_data_b8000ed69b204c49|__AUTOMETRIC__
__AUTOMETRIC__|0.1.2|10152|crew_log_8379f71e908b8753|0|1786324249.569|100.962|6.310|2022526976|2042097664|sim_data_b8000ed69b204c49|__AUTOMETRIC__
__AUTOMETRIC__|0.1.2|10152|crew_log_8379f71e908b8753|0|1786324250.578|99.187|6.199|2022010880|2041536512|sim_data_b8000ed69b204c49|__AUTOMETRIC__
__AUTOMETRIC__|0.1.2|10152|crew_log_8379f71e908b8753|0|1786324251.584|97.818|6.114|2022006784|2041532416|sim_data_b8000ed69b204c49|__AUTOMETRIC__
__AUTOMETRIC__|0.1.2|10152|crew_log_8379f71e908b8753|0|1786324252.599|100.002|6.250|2023084032|2042544128|sim_data_b8000ed69b204c49|__AUTOMETRIC__
__AUTOMETRIC__|0.1.2|10152|crew_log_8379f71e908b8753|0|1786324253.614|103.199|6.450|2023018496|2042478592|sim_data_b8000ed69b204c49|__AUTOMETRIC__
__AUTOMETRIC__|0.1.2|10152|crew_log_8379f71e908b8753|0|1786324254.627|100.271|6.267|2024005632|2043465728|sim_data_b8000ed69b204c49|__AUTOMETRIC__
__AUTOMETRIC__|0.1.2|10152|crew_log_8379f71e908b8753|0|1786324255.638|98.939|6.184|2023948288|2043408384|sim_data_b8000ed69b204c49|__AUTOMETRIC__
__AUTOMETRIC__|0.1.2|10152|crew_log_8379f71e908b8753|0|1786324256.648|98.969|6.186|2023952384|2043412480|sim_data_b8000ed69b204c49|__AUTOMETRIC__
__AUTOMETRIC__|0.1.2|10152|crew_log_8379f71e908b8753|0|1786324257.655|100.810|6.301|2023940096|2043400192|sim_data_b8000ed69b204c49|__AUTOMETRIC__
__AUTOMETRIC__|0.1.2|10152|crew_log_8379f71e908b8753|0|1786324258.661|99.443|6.215|2024869888|2044329984|sim_data_b8000ed69b204c49|__AUTOMETRIC__
__AUTOMETRIC__|0.1.2|10152|crew_log_8379f71e908b8753|0|1786324259.673|100.342|6.271|2024873984|2044334080|sim_data_b8000ed69b204c49|__AUTOMETRIC__
__AUTOMETRIC__|0.1.2|10152|crew_log_8379f71e908b8753|0|1786324260.683|100.597|6.287|2024804352|2044264448|sim_data_b8000ed69b204c49|__AUTOMETRIC__
__AUTOMETRIC__|0.1.2|10152|crew_log_8379f71e908b8753|0|1786324261.697|100.160|6.260|2024808448|2044268544|sim_data_b8000ed69b204c49|__AUTOMETRIC__
__AUTOMETRIC__|0.1.2|10152|crew_log_8379f71e908b8753|0|1786324262.708|98.880|6.180|2198843392|2218590208|sim_data_b8000ed69b204c49|__AUTOMETRIC__
__AUTOMETRIC__|0.1.2|10152|crew_log_8379f71e908b8753|0|1786324263.716|103.817|6.489|2185842688|2205532160|sim_data_b8000ed69b204c49|__AUTOMETRIC__
__AUTOMETRIC__|0.1.2|10152|crew_log_8379f71e908b8753|0|1786324264.729|103.423|6.464|2028175360|2047860736|sim_data_b8000ed69b204c49|__AUTOMETRIC__
__AUTOMETRIC__|0.1.2|10152|crew_log_8379f71e908b8753|0|1786324265.738|99.082|6.193|2037342208|2057175040|sim_data_b8000ed69b204c49|__AUTOMETRIC__
__AUTOMETRIC__|0.1.2|10152|crew_log_8379f71e908b8753|0|1786324266.748|91.270|5.704|2041446400|2061529088|sim_data_b8000ed69b204c49|__AUTOMETRIC__
__AUTOMETRIC__|0.1.2|10152|crew_log_8379f71e908b8753|0|1786324267.760|88.004|5.500|2035212288|2054459392|sim_data_b8000ed69b204c49|__AUTOMETRIC__
__AUTOMETRIC__|0.1.2|10152|crew_log_8379f71e908b8753|0|1786324268.774|101.671|6.354|2033680384|2052358144|sim_data_b8000ed69b204c49|__AUTOMETRIC__
__AUTOMETRIC__|0.1.2|10152|crew_log_8379f71e908b8753|0|1786324269.789|98.546|6.159|2033700864|2052378624|sim_data_b8000ed69b204c49|__AUTOMETRIC__
__AUTOMETRIC__|0.1.2|10152|crew_log_8379f71e908b8753|0|1786324270.800|100.517|6.282|2033692672|2052276224|sim_data_b8000ed69b204c49|__AUTOMETRIC__
__AUTOMETRIC__|0.1.2|10152|crew_log_8379f71e908b8753|0|1786324271.806|100.906|6.307|2033692672|2052276224|sim_data_b8000ed69b204c49|__AUTOMETRIC__
__AUTOMETRIC__|0.1.2|10152|crew_log_8379f71e908b8753|0|1786324272.817|98.928|6.183|2033680384|2052263936|sim_data_b8000ed69b204c49|__AUTOMETRIC__
__AUTOMETRIC__|0.1.2|10152|crew_log_8379f71e908b8753|0|1786324273.826|100.681|6.293|2034745344|2053267456|sim_data_b8000ed69b204c49|__AUTOMETRIC__
__AUTOMETRIC__|0.1.2|10152|crew_log_8379f71e908b8753|0|1786324274.831|99.470|6.217|2034696192|2053218304|sim_data_b8000ed69b204c49|__AUTOMETRIC__
__AUTOMETRIC__|0.1.2|10152|crew_log_8379f71e908b8753|0|1786324275.844|100.268|6.267|2034692096|2053214208|sim_data_b8000ed69b204c49|__AUTOMETRIC__
__AUTOMETRIC__|0.1.2|10152|crew_log_8379f71e908b8753|0|1786324276.853|100.612|6.288|2034700288|2053222400|sim_data_b8000ed69b204c49|__AUTOMETRIC__
__AUTOMETRIC__|0.1.2|10152|crew_log_8379f71e908b8753|0|1786324277.856|99.724|6.233|2034700288|2053222400|sim_data_b8000ed69b204c49|__AUTOMETRIC__
__AUTOMETRIC__|0.1.2|10152|crew_log_8379f71e908b8753|0|1786324278.858|98.244|6.140|2034696192|2053218304|sim_data_b8000ed69b204c49|__AUTOMETRIC__
__AUTOMETRIC__|0.1.2|10152|crew_log_8379f71e908b8753|0|1786324279.868|99.042|6.190|2034692096|2053214208|sim_data_b8000ed69b204c49|__AUTOMETRIC__
__AUTOMETRIC__|0.1.2|10152|crew_log_8379f71e908b8753|0|1786324280.880|97.221|6.076|2035650560|2054172672|sim_data_b8000ed69b204c49|__AUTOMETRIC__
__AUTOMETRIC__|0.1.2|10152|crew_log_8379f71e908b8753|0|1786324281.893|100.272|6.267|2035593216|2054115328|sim_data_b8000ed69b204c49|__AUTOMETRIC__
__AUTOMETRIC__|0.1.2|10152|crew_log_8379f71e908b8753|0|1786324282.898|97.971|6.123|2035597312|2054119424|sim_data_b8000ed69b204c49|__AUTOMETRIC__
__AUTOMETRIC__|0.1.2|10152|crew_log_8379f71e908b8753|0|1786324283.909|100.482|6.280|2035601408|2054123520|sim_data_b8000ed69b204c49|__AUTOMETRIC__
__AUTOMETRIC__|0.1.2|10152|crew_log_8379f71e908b8753|0|1786324284.921|100.349|6.272|2035589120|2054111232|sim_data_b8000ed69b204c49|__AUTOMETRIC__
