__AUTOMETRIC__|0.1.2|2155204|crew_log_aefa5296e2853ae9|0|1786749435.301|68.992|0.359|209207296|2893885440|sim_data_345e031ce91f1b82|__AUTOMETRIC__
__AUTOMETRIC__|0.1.2|2155204|crew_log_aefa5296e2853ae9|0|1786749436.303|0.000|0.000|209207296|2893885440|sim_data_345e031ce91f1b82|__AUTOMETRIC__
__AUTOMETRIC__|0.1.2|2155204|crew_log_aefa5296e2853ae9|0|1786749437.305|0.000|0.000|209207296|2893885440|sim_data_345e031ce91f1b82|__AUTOMETRIC__
__AUTOMETRIC__|0.1.2|2155204|crew_log_aefa5296e2853ae9|0|1786749438.306|0.000|0.000|209207296|2893885440|sim_data_345e031ce91f1b82|__AUTOMETRIC__
__AUTOMETRIC__|0.1.2|2155204|crew_log_aefa5296e2853ae9|0|1786749439.307|0.000|0.000|209207296|2893885440|sim_data_345e031ce91f1b82|__AUTOMETRIC__
__AUTOMETRIC__|0.1.2|2155204|crew_log_aefa5296e2853ae9|0|1786749440.309|0.000|0.000|209207296|2893885440|sim_data_345e031ce91f1b82|__AUTOMETRIC__
__AUTOMETRIC__|0.1.2|2155204|crew_log_aefa5296e2853ae9|0|1786749441.310|0.000|0.000|209207296|2893885440|sim_data_345e031ce91f1b82|__AUTOMETRIC__
__AUTOMETRIC__|0.1.2|2155204|crew_log_aefa5296e2853ae9|0|1786749442.311|0.000|0.000|209207296|2893885440|sim_data_345e031ce91f1b82|__AUTOMETRIC__
__AUTOMETRIC__|0.1.2|2155204|crew_log_aefa5296e2853ae9|0|1786749443.312|0.000|0.000|209207296|2893885440|sim_data_345e031ce91f1b82|__AUTOMETRIC__
__AUTOMETRIC__|0.1.2|2155204|crew_log_aefa5296e2853ae9|0|1786749444.313|0.000|0.000|209207296|2893885440|sim_data_345e031ce91f1b82|__AUTOMETRIC__
__AUTOMETRIC__|0.1.2|2155204|crew_log_aefa5296e2853ae9|0|1786749445.314|18.981|0.099|237686784|2922618880|sim_data_345e031ce91f1b82|__AUTOMETRIC__
__AUTOMETRIC__|0.1.2|2155204|crew_log_aefa5296e2853ae9|0|1786749446.316|93.892|0.489|376385536|3068407808|sim_data_345e031ce91f1b82|__AUTOMETRIC__
__AUTOMETRIC__|0.1.2|2155204|crew_log_aefa5296e2853ae9|0|1786749447.317|99.844|0.520|584003584|3276201984|sim_data_345e031ce91f1b82|__AUTOMETRIC__
__AUTOMETRIC__|0.1.2|2155204|crew_log_aefa5296e2853ae9|0|1786749448.323|99.456|0.518|755445760|3447164928|sim_data_345e031ce91f1b82|__AUTOMETRIC__
__AUTOMETRIC__|0.1.2|2155204|crew_log_aefa5296e2853ae9|0|1786749449.324|98.856|0.515|942616576|3633725440|sim_data_345e031ce91f1b82|__AUTOMETRIC__
__AUTOMETRIC__|0.1.2|2155204|crew_log_aefa5296e2853ae9|0|1786749450.325|99.890|0.520|1169108992|3860594688|sim_data_345e031ce91f1b82|__AUTOMETRIC__
__AUTOMETRIC__|0.1.2|2155204|crew_log_aefa5296e2853ae9|0|1786749451.326|98.893|0.515|1434923008|4127313920|sim_data_345e031ce91f1b82|__AUTOMETRIC__
__AUTOMETRIC__|0.1.2|2155204|crew_log_aefa5296e2853ae9|0|1786749452.328|99.838|0.520|1757360128|4449837056|sim_data_345e031ce91f1b82|__AUTOMETRIC__
__AUTOMETRIC__|0.1.2|2155204|crew_log_aefa5296e2853ae9|0|1786749453.329|99.867|0.520|1771515904|4462546944|sim_data_345e031ce91f1b82|__AUTOMETRIC__
__AUTOMETRIC__|0.1.2|2155204|crew_log_aefa5296e2853ae9|0|1786749454.331|99.811|0.520|2144284672|4836540416|sim_data_345e031ce91f1b82|__AUTOMETRIC__
__AUTOMETRIC__|0.1.2|2155204|crew_log_aefa5296e2853ae9|0|1786749455.333|98.853|0.515|2296852480|4989161472|sim_data_345e031ce91f1b82|__AUTOMETRIC__
__AUTOMETRIC__|0.1.2|2155204|crew_log_aefa5296e2853ae9|0|1786749456.334|99.859|0.520|2608279552|5300695040|sim_data_345e031ce91f1b82|__AUTOMETRIC__
__AUTOMETRIC__|0.1.2|2155204|crew_log_aefa5296e2853ae9|0|1786749457.336|99.819|0.520|2652319744|5344673792|sim_data_345e031ce91f1b82|__AUTOMETRIC__
__AUTOMETRIC__|0.1.2|2155204|crew_log_aefa5296e2853ae9|0|1786749458.337|98.876|0.515|3166646272|5857906688|sim_data_345e031ce91f1b82|__AUTOMETRIC__
__AUTOMETRIC__|0.1.2|2155204|crew_log_aefa5296e2853ae9|0|1786749459.339|99.844|0.520|3166646272|5857906688|sim_data_345e031ce91f1b82|__AUTOMETRIC__
__AUTOMETRIC__|0.1.2|2155204|crew_log_aefa5296e2853ae9|0|1786749460.340|99.871|0.520|3484364800|6175502336|sim_data_345e031ce91f1b82|__AUTOMETRIC__
__AUTOMETRIC__|0.1.2|2155204|crew_log_aefa5296e2853ae9|0|1786749461.341|98.870|0.515|3835113472|6526418944|sim_data_345e031ce91f1b82|__AUTOMETRIC__
__AUTOMETRIC__|0.1.2|2155204|crew_log_aefa5296e2853ae9|0|1786749462.343|99.826|0.520|3835113472|6526418944|sim_data_345e031ce91f1b82|__AUTOMETRIC__
__AUTOMETRIC__|0.1.2|2155204|crew_log_aefa5296e2853ae9|0|1786749463.344|99.858|0.520|4080480256|6771978240|sim_data_345e031ce91f1b82|__AUTOMETRIC__
__AUTOMETRIC__|0.1.2|2155204|crew_log_aefa5296e2853ae9|0|1786749464.348|98.685|0.514|4637274112|7328530432|sim_data_345e031ce91f1b82|__AUTOMETRIC__
__AUTOMETRIC__|0.1.2|2155204|crew_log_aefa5296e2853ae9|0|1786749465.349|99.845|0.520|4637274112|7328530432|sim_data_345e031ce91f1b82|__AUTOMETRIC__
__AUTOMETRIC__|0.1.2|2155204|crew_log_aefa5296e2853ae9|0|1786749466.351|98.853|0.515|4637274112|7328530432|sim_data_345e031ce91f1b82|__AUTOMETRIC__
__AUTOMETRIC__|0.1.2|2155204|crew_log_aefa5296e2853ae9|0|1786749467.352|100.818|0.525|5061947392|7753048064|sim_data_345e031ce91f1b82|__AUTOMETRIC__
__AUTOMETRIC__|0.1.2|2155204|crew_log_aefa5296e2853ae9|0|1786749468.354|98.864|0.515|5599866880|8291168256|sim_data_345e031ce91f1b82|__AUTOMETRIC__
__AUTOMETRIC__|0.1.2|2155204|crew_log_aefa5296e2853ae9|0|1786749469.355|98.852|0.515|5599866880|8291168256|sim_data_345e031ce91f1b82|__AUTOMETRIC__
__AUTOMETRIC__|0.1.2|2155204|crew_log_aefa5296e2853ae9|0|1786749470.358|99.750|0.520|5599866880|8291168256|sim_data_345e031ce91f1b82|__AUTOMETRIC__
__AUTOMETRIC__|0.1.2|2155204|crew_log_aefa5296e2853ae9|0|1786749471.359|99.864|0.520|5925449728|8617631744|sim_data_345e031ce91f1b82|__AUTOMETRIC__
__AUTOMETRIC__|0.1.2|2155204|crew_log_aefa5296e2853ae9|0|1786749472.361|99.818|0.520|6606499840|9297862656|sim_data_345e031ce91f1b82|__AUTOMETRIC__
__AUTOMETRIC__|0.1.2|2155204|crew_log_aefa5296e2853ae9|0|1786749473.362|99.854|0.520|6754349056|9446412288|sim_data_345e031ce91f1b82|__AUTOMETRIC__
__AUTOMETRIC__|0.1.2|2155204|crew_log_aefa5296e2853ae9|0|1786749474.364|98.868|0.515|6754349056|9446412288|sim_data_345e031ce91f1b82|__AUTOMETRIC__
__AUTOMETRIC__|0.1.2|2155204|crew_log_aefa5296e2853ae9|0|1786749475.365|99.885|0.520|6754349056|9446412288|sim_data_345e031ce91f1b82|__AUTOMETRIC__
__AUTOMETRIC__|0.1.2|2155204|crew_log_aefa5296e2853ae9|0|1786749476.366|98.882|0.515|6825127936|9516380160|sim_data_345e031ce91f1b82|__AUTOMETRIC__
__AUTOMETRIC__|0.1.2|2155204|crew_log_aefa5296e2853ae9|0|1786749477.368|99.827|0.520|7518760960|10209665024|sim_data_345e031ce91f1b82|__AUTOMETRIC__
__AUTOMETRIC__|0.1.2|2155204|crew_log_aefa5296e2853ae9|0|1786749478.369|98.878|0.515|8140042240|10832465920|sim_data_345e031ce91f1b82|__AUTOMETRIC__
__AUTOMETRIC__|0.1.2|2155204|crew_log_aefa5296e2853ae9|0|1786749479.370|99.874|0.520|8141615104|10832601088|sim_data_345e031ce91f1b82|__AUTOMETRIC__
__AUTOMETRIC__|0.1.2|2155204|crew_log_aefa5296e2853ae9|0|1786749480.372|99.873|0.520|8141615104|10832601088|sim_data_345e031ce91f1b82|__AUTOMETRIC__
__AUTOMETRIC__|0.1.2|2155204|crew_log_aefa5296e2853ae9|0|1786749481.373|98.882|0.515|8141615104|10832601088|sim_data_345e031ce91f1b82|__AUTOMETRIC__
__AUTOMETRIC__|0.1.2|2155204|crew_log_aefa5296e2853ae9|0|1786749482.374|99.842|0.520|8141615104|10832601088|sim_data_345e031ce91f1b82|__AUTOMETRIC__
__AUTOMETRIC__|0.1.2|2155204|crew_log_aefa5296e2853ae9|0|1786749483.376|98.886|0.515|8607182848|11299364864|sim_data_345e031ce91f1b82|__AUTOMETRIC__
__AUTOMETRIC__|0.1.2|2155204|crew_log_aefa5296e2853ae9|0|1786749484.377|99.877|0.520|9292951552|11983998976|sim_data_345e031ce91f1b82|__AUTOMETRIC__
__AUTOMETRIC__|0.1.2|2155204|crew_log_aefa5296e2853ae9|0|1786749485.378|99.892|0.520|9804132352|12496019456|sim_data_345e031ce91f1b82|__AUTOMETRIC__
__AUTOMETRIC__|0.1.2|2155204|crew_log_aefa5296e2853ae9|0|1786749486.379|98.885|0.515|9804132352|12496154624|sim_data_345e031ce91f1b82|__AUTOMETRIC__
__AUTOMETRIC__|0.1.2|2155204|crew_log_aefa5296e2853ae9|0|1786749487.381|99.820|0.520|9804132352|12496154624|sim_data_345e031ce91f1b82|__AUTOMETRIC__
__AUTOMETRIC__|0.1.2|2155204|crew_log_aefa5296e2853ae9|0|1786749488.382|98.892|0.515|9804132352|12496154624|sim_data_345e031ce91f1b82|__AUTOMETRIC__
__AUTOMETRIC__|0.1.2|2155204|crew_log_aefa5296e2853ae9|0|1786749489.383|99.875|0.520|9804132352|12496154624|sim_data_345e031ce91f1b82|__AUTOMETRIC__
__AUTOMETRIC__|0.1.2|2155204|crew_log_aefa5296e2853ae9|0|1786749490.385|99.869|0.520|9804132352|12496154624|sim_data_345e031ce91f1b82|__AUTOMETRIC__
__AUTOMETRIC__|0.1.2|2155204|crew_log_aefa5296e2853ae9|0|1786749491.386|98.886|0.515|10467880960|13159456768|sim_data_345e031ce91f1b82|__AUTOMETRIC__
__AUTOMETRIC__|0.1.2|2155204|crew_log_aefa5296e2853ae9|0|1786749492.387|99.848|0.520|11153649664|13845606400|sim_data_345e031ce91f1b82|__AUTOMETRIC__
__AUTOMETRIC__|0.1.2|2155204|crew_log_aefa5296e2853ae9|0|1786749493.388|98.876|0.515|11800096768|14492258304|sim_data_345e031ce91f1b82|__AUTOMETRIC__
__AUTOMETRIC__|0.1.2|2155204|crew_log_aefa5296e2853ae9|0|1786749494.390|99.889|0.520|11800096768|14492397568|sim_data_345e031ce91f1b82|__AUTOMETRIC__
__AUTOMETRIC__|0.1.2|2155204|crew_log_aefa5296e2853ae9|0|1786749495.391|99.880|0.520|11800096768|14492397568|sim_data_345e031ce91f1b82|__AUTOMETRIC__
__AUTOMETRIC__|0.1.2|2155204|crew_log_aefa5296e2853ae9|0|1786749496.392|98.889|0.515|11800096768|14492397568|sim_data_345e031ce91f1b82|__AUTOMETRIC__
__AUTOMETRIC__|0.1.2|2155204|crew_log_aefa5296e2853ae9|0|1786749497.393|99.844|0.520|11800096768|14492397568|sim_data_345e031ce91f1b82|__AUTOMETRIC__
__AUTOMETRIC__|0.1.2|2155204|crew_log_aefa5296e2853ae9|0|1786749498.395|99.882|0.520|11800096768|14492397568|sim_data_345e031ce91f1b82|__AUTOMETRIC__
__AUTOMETRIC__|0.1.2|2155204|crew_log_aefa5296e2853ae9|0|1786749499.396|98.858|0.515|11800096768|14492397568|sim_data_345e031ce91f1b82|__AUTOMETRIC__
__AUTOMETRIC__|0.1.2|2155204|crew_log_aefa5296e2853ae9|0|1786749500.397|99.879|0.520|12323860480|15014912000|sim_data_345e031ce91f1b82|__AUTOMETRIC__
__AUTOMETRIC__|0.1.2|2155204|crew_log_aefa5296e2853ae9|0|1786749501.398|99.883|0.520|13015920640|15707021312|sim_data_345e031ce91f1b82|__AUTOMETRIC__
__AUTOMETRIC__|0.1.2|2155204|crew_log_aefa5296e2853ae9|0|1786749502.400|98.845|0.515|13707980800|16399720448|sim_data_345e031ce91f1b82|__AUTOMETRIC__
__AUTOMETRIC__|0.1.2|2155204|crew_log_aefa5296e2853ae9|0|1786749503.401|99.881|0.520|14195568640|16887832576|sim_data_345e031ce91f1b82|__AUTOMETRIC__
__AUTOMETRIC__|0.1.2|2155204|crew_log_aefa5296e2853ae9|0|1786749504.402|99.887|0.520|14195568640|16887971840|sim_data_345e031ce91f1b82|__AUTOMETRIC__
__AUTOMETRIC__|0.1.2|2155204|crew_log_aefa5296e2853ae9|0|1786749505.403|98.891|0.515|14195568640|16887971840|sim_data_345e031ce91f1b82|__AUTOMETRIC__
__AUTOMETRIC__|0.1.2|2155204|crew_log_aefa5296e2853ae9|0|1786749506.405|99.880|0.520|14195568640|16887971840|sim_data_345e031ce91f1b82|__AUTOMETRIC__
__AUTOMETRIC__|0.1.2|2155204|crew_log_aefa5296e2853ae9|0|1786749507.406|99.845|0.520|14195568640|16887971840|sim_data_345e031ce91f1b82|__AUTOMETRIC__
__AUTOMETRIC__|0.1.2|2155204|crew_log_aefa5296e2853ae9|0|1786749508.407|98.890|0.515|14195568640|16887971840|sim_data_345e031ce91f1b82|__AUTOMETRIC__
__AUTOMETRIC__|0.1.2|2155204|crew_log_aefa5296e2853ae9|0|1786749509.411|99.585|0.519|14195568640|16887971840|sim_data_345e031ce91f1b82|__AUTOMETRIC__
__AUTOMETRIC__|0.1.2|2155204|crew_log_aefa5296e2853ae9|0|1786749510.413|99.881|0.520|14195568640|16887971840|sim_data_345e031ce91f1b82|__AUTOMETRIC__
__AUTOMETRIC__|0.1.2|2155204|crew_log_aefa5296e2853ae9|0|1786749511.414|98.887|0.515|14680010752|17371881472|sim_data_345e031ce91f1b82|__AUTOMETRIC__
__AUTOMETRIC__|0.1.2|2155204|crew_log_aefa5296e2853ae9|0|1786749512.415|99.843|0.520|15383080960|18074599424|sim_data_345e031ce91f1b82|__AUTOMETRIC__
__AUTOMETRIC__|0.1.2|2155204|crew_log_aefa5296e2853ae9|0|1786749513.417|99.876|0.520|16070422528|18761584640|sim_data_345e031ce91f1b82|__AUTOMETRIC__
__AUTOMETRIC__|0.1.2|2155204|crew_log_aefa5296e2853ae9|0|1786749514.418|98.877|0.515|16748326912|19440455680|sim_data_345e031ce91f1b82|__AUTOMETRIC__
__AUTOMETRIC__|0.1.2|2155204|crew_log_aefa5296e2853ae9|0|1786749515.419|99.875|0.520|17070764032|19762819072|sim_data_345e031ce91f1b82|__AUTOMETRIC__
__AUTOMETRIC__|0.1.2|2155204|crew_log_aefa5296e2853ae9|0|1786749516.420|98.886|0.515|17070764032|19762819072|sim_data_345e031ce91f1b82|__AUTOMETRIC__
__AUTOMETRIC__|0.1.2|2155204|crew_log_aefa5296e2853ae9|0|1786749517.422|99.830|0.520|17070764032|19762819072|sim_data_345e031ce91f1b82|__AUTOMETRIC__
__AUTOMETRIC__|0.1.2|2155204|crew_log_aefa5296e2853ae9|0|1786749518.423|99.879|0.520|17070764032|19762819072|sim_data_345e031ce91f1b82|__AUTOMETRIC__
__AUTOMETRIC__|0.1.2|2155204|crew_log_aefa5296e2853ae9|0|1786749519.424|98.874|0.515|17070764032|19762819072|sim_data_345e031ce91f1b82|__AUTOMETRIC__
__AUTOMETRIC__|0.1.2|2155204|crew_log_aefa5296e2853ae9|0|1786749520.426|99.883|0.520|17070764032|19762819072|sim_data_345e031ce91f1b82|__AUTOMETRIC__
__AUTOMETRIC__|0.1.2|2155204|crew_log_aefa5296e2853ae9|0|1786749521.427|99.883|0.520|17070764032|19762819072|sim_data_345e031ce91f1b82|__AUTOMETRIC__
__AUTOMETRIC__|0.1.2|2155204|crew_log_aefa5296e2853ae9|0|1786749522.428|98.840|0.515|17070764032|19762819072|sim_data_345e031ce91f1b82|__AUTOMETRIC__
__AUTOMETRIC__|0.1.2|2155204|crew_log_aefa5296e2853ae9|0|1786749523.430|98.889|0.515|17202884608|19894833152|sim_data_345e031ce91f1b82|__AUTOMETRIC__
__AUTOMETRIC__|0.1.2|2155204|crew_log_aefa5296e2853ae9|0|1786749524.431|99.868|0.520|17880788992|20572499968|sim_data_345e031ce91f1b82|__AUTOMETRIC__
__AUTOMETRIC__|0.1.2|2155204|crew_log_aefa5296e2853ae9|0|1786749525.432|99.874|0.520|18558693376|21250600960|sim_data_345e031ce91f1b82|__AUTOMETRIC__
__AUTOMETRIC__|0.1.2|2155204|crew_log_aefa5296e2853ae9|0|1786749526.433|98.882|0.515|19238170624|21930385408|sim_data_345e031ce91f1b82|__AUTOMETRIC__
__AUTOMETRIC__|0.1.2|2155204|crew_log_aefa5296e2853ae9|0|1786749527.436|99.774|0.520|19914502144|22606131200|sim_data_345e031ce91f1b82|__AUTOMETRIC__
__AUTOMETRIC__|0.1.2|2155204|crew_log_aefa5296e2853ae9|0|1786749528.437|98.881|0.515|20520054784|23211991040|sim_data_345e031ce91f1b82|__AUTOMETRIC__
__AUTOMETRIC__|0.1.2|2155204|crew_log_aefa5296e2853ae9|0|1786749529.438|99.882|0.520|20520054784|23212400640|sim_data_345e031ce91f1b82|__AUTOMETRIC__
__AUTOMETRIC__|0.1.2|2155204|crew_log_aefa5296e2853ae9|0|1786749530.439|98.883|0.515|20520054784|23212400640|sim_data_345e031ce91f1b82|__AUTOMETRIC__
__AUTOMETRIC__|0.1.2|2155204|crew_log_aefa5296e2853ae9|0|1786749531.440|99.884|0.520|20520054784|23212400640|sim_data_345e031ce91f1b82|__AUTOMETRIC__
__AUTOMETRIC__|0.1.2|2155204|crew_log_aefa5296e2853ae9|0|1786749532.442|99.851|0.520|20520054784|23212400640|sim_data_345e031ce91f1b82|__AUTOMETRIC__
