__AUTOMETRIC__|0.1.2|20848|crew_log_8350b8d5b5859fd5|0|1786327098.106|100.302|6.269|171139072|197595136|sim_data_341798b7487bf001|__AUTOMETRIC__
__AUTOMETRIC__|0.1.2|20848|crew_log_8350b8d5b5859fd5|0|1786327099.113|86.904|5.432|224174080|250109952|sim_data_341798b7487bf001|__AUTOMETRIC__
__AUTOMETRIC__|0.1.2|20848|crew_log_8350b8d5b5859fd5|0|1786327100.125|0.000|0.000|220262400|246149120|sim_data_341798b7487bf001|__AUTOMETRIC__
__AUTOMETRIC__|0.1.2|20848|crew_log_8350b8d5b5859fd5|0|1786327101.138|1.543|0.096|219922432|245809152|sim_data_341798b7487bf001|__AUTOMETRIC__
__AUTOMETRIC__|0.1.2|20848|crew_log_8350b8d5b5859fd5|0|1786327102.152|0.000|0.000|219926528|245809152|sim_data_341798b7487bf001|__AUTOMETRIC__
__AUTOMETRIC__|0.1.2|20848|crew_log_8350b8d5b5859fd5|0|1786327103.162|0.000|0.000|219926528|245809152|sim_data_341798b7487bf001|__AUTOMETRIC__
__AUTOMETRIC__|0.1.2|20848|crew_log_8350b8d5b5859fd5|0|1786327104.168|3.105|0.194|219926528|245809152|sim_data_341798b7487bf001|__AUTOMETRIC__
__AUTOMETRIC__|0.1.2|20848|crew_log_8350b8d5b5859fd5|0|1786327105.182|0.000|0.000|219926528|245809152|sim_data_341798b7487bf001|__AUTOMETRIC__
__AUTOMETRIC__|0.1.2|20848|crew_log_8350b8d5b5859fd5|0|1786327106.185|0.000|0.000|219926528|245809152|sim_data_341798b7487bf001|__AUTOMETRIC__
__AUTOMETRIC__|0.1.2|20848|crew_log_8350b8d5b5859fd5|0|1786327107.189|0.000|0.000|219926528|245809152|sim_data_341798b7487bf001|__AUTOMETRIC__
__AUTOMETRIC__|0.1.2|20848|crew_log_8350b8d5b5859fd5|0|1786327108.204|0.000|0.000|219926528|245809152|sim_data_341798b7487bf001|__AUTOMETRIC__
__AUTOMETRIC__|0.1.2|20848|crew_log_8350b8d5b5859fd5|0|1786327109.213|15.482|0.968|220758016|246640640|sim_data_341798b7487bf001|__AUTOMETRIC__
__AUTOMETRIC__|0.1.2|20848|crew_log_8350b8d5b5859fd5|0|1786327110.226|98.793|6.175|251932672|278056960|sim_data_341798b7487bf001|__AUTOMETRIC__
__AUTOMETRIC__|0.1.2|20848|crew_log_8350b8d5b5859fd5|0|1786327111.239|100.238|6.265|354254848|380538880|sim_data_341798b7487bf001|__AUTOMETRIC__
__AUTOMETRIC__|0.1.2|20848|crew_log_8350b8d5b5859fd5|0|1786327112.252|100.270|6.267|459603968|483586048|sim_data_341798b7487bf001|__AUTOMETRIC__
__AUTOMETRIC__|0.1.2|20848|crew_log_8350b8d5b5859fd5|0|1786327113.262|137.620|8.601|510435328|532860928|sim_data_341798b7487bf001|__AUTOMETRIC__
__AUTOMETRIC__|0.1.2|20848|crew_log_8350b8d5b5859fd5|0|1786327114.276|98.646|6.165|592228352|616472576|sim_data_341798b7487bf001|__AUTOMETRIC__
__AUTOMETRIC__|0.1.2|20848|crew_log_8350b8d5b5859fd5|0|1786327115.286|98.979|6.186|763138048|786296832|sim_data_341798b7487bf001|__AUTOMETRIC__
__AUTOMETRIC__|0.1.2|20848|crew_log_8350b8d5b5859fd5|0|1786327116.296|100.583|6.286|919113728|942989312|sim_data_341798b7487bf001|__AUTOMETRIC__
__AUTOMETRIC__|0.1.2|20848|crew_log_8350b8d5b5859fd5|0|1786327117.306|100.565|6.285|1109614592|1134292992|sim_data_341798b7487bf001|__AUTOMETRIC__
__AUTOMETRIC__|0.1.2|20848|crew_log_8350b8d5b5859fd5|0|1786327118.320|98.602|6.163|1237434368|1262305280|sim_data_341798b7487bf001|__AUTOMETRIC__
__AUTOMETRIC__|0.1.2|20848|crew_log_8350b8d5b5859fd5|0|1786327119.327|99.274|6.205|1421803520|1446256640|sim_data_341798b7487bf001|__AUTOMETRIC__
__AUTOMETRIC__|0.1.2|20848|crew_log_8350b8d5b5859fd5|0|1786327120.337|100.609|6.288|1507213312|1531056128|sim_data_341798b7487bf001|__AUTOMETRIC__
__AUTOMETRIC__|0.1.2|20848|crew_log_8350b8d5b5859fd5|0|1786327121.350|94.086|5.880|1549660160|1573097472|sim_data_341798b7487bf001|__AUTOMETRIC__
__AUTOMETRIC__|0.1.2|20848|crew_log_8350b8d5b5859fd5|0|1786327122.362|98.854|6.178|1655447552|1678958592|sim_data_341798b7487bf001|__AUTOMETRIC__
__AUTOMETRIC__|0.1.2|20848|crew_log_8350b8d5b5859fd5|0|1786327123.373|98.881|6.180|1701842944|1725939712|sim_data_341798b7487bf001|__AUTOMETRIC__
__AUTOMETRIC__|0.1.2|20848|crew_log_8350b8d5b5859fd5|0|1786327124.388|100.029|6.252|1712447488|1736454144|sim_data_341798b7487bf001|__AUTOMETRIC__
__AUTOMETRIC__|0.1.2|20848|crew_log_8350b8d5b5859fd5|0|1786327125.403|100.054|6.253|1831878656|1855963136|sim_data_341798b7487bf001|__AUTOMETRIC__
__AUTOMETRIC__|0.1.2|20848|crew_log_8350b8d5b5859fd5|0|1786327126.414|81.935|5.121|1923559424|1946624000|sim_data_341798b7487bf001|__AUTOMETRIC__
__AUTOMETRIC__|0.1.2|20848|crew_log_8350b8d5b5859fd5|0|1786327127.427|95.621|5.976|1923600384|1946664960|sim_data_341798b7487bf001|__AUTOMETRIC__
__AUTOMETRIC__|0.1.2|20848|crew_log_8350b8d5b5859fd5|0|1786327128.440|100.253|6.266|1923309568|1946374144|sim_data_341798b7487bf001|__AUTOMETRIC__
__AUTOMETRIC__|0.1.2|20848|crew_log_8350b8d5b5859fd5|0|1786327129.453|97.173|6.073|1924288512|1947287552|sim_data_341798b7487bf001|__AUTOMETRIC__
__AUTOMETRIC__|0.1.2|20848|crew_log_8350b8d5b5859fd5|0|1786327130.461|100.812|6.301|1924194304|1947193344|sim_data_341798b7487bf001|__AUTOMETRIC__
__AUTOMETRIC__|0.1.2|20848|crew_log_8350b8d5b5859fd5|0|1786327131.473|97.186|6.074|1924194304|1947193344|sim_data_341798b7487bf001|__AUTOMETRIC__
__AUTOMETRIC__|0.1.2|20848|crew_log_8350b8d5b5859fd5|0|1786327132.474|99.963|6.248|1925304320|1948307456|sim_data_341798b7487bf001|__AUTOMETRIC__
__AUTOMETRIC__|0.1.2|20848|crew_log_8350b8d5b5859fd5|0|1786327133.490|99.986|6.249|1925271552|1948274688|sim_data_341798b7487bf001|__AUTOMETRIC__
__AUTOMETRIC__|0.1.2|20848|crew_log_8350b8d5b5859fd5|0|1786327134.504|100.139|6.259|1925271552|1948274688|sim_data_341798b7487bf001|__AUTOMETRIC__
__AUTOMETRIC__|0.1.2|20848|crew_log_8350b8d5b5859fd5|0|1786327135.519|101.568|6.348|1926279168|1949286400|sim_data_341798b7487bf001|__AUTOMETRIC__
__AUTOMETRIC__|0.1.2|20848|crew_log_8350b8d5b5859fd5|0|1786327136.534|98.542|6.159|1926246400|1949253632|sim_data_341798b7487bf001|__AUTOMETRIC__
__AUTOMETRIC__|0.1.2|20848|crew_log_8350b8d5b5859fd5|0|1786327137.549|100.103|6.256|1926246400|1949253632|sim_data_341798b7487bf001|__AUTOMETRIC__
__AUTOMETRIC__|0.1.2|20848|crew_log_8350b8d5b5859fd5|0|1786327138.560|100.426|6.277|2058113024|2081636352|sim_data_341798b7487bf001|__AUTOMETRIC__
__AUTOMETRIC__|0.1.2|20848|crew_log_8350b8d5b5859fd5|0|1786327139.572|103.474|6.467|2022248448|2045636608|sim_data_341798b7487bf001|__AUTOMETRIC__
__AUTOMETRIC__|0.1.2|20848|crew_log_8350b8d5b5859fd5|0|1786327140.583|100.425|6.277|1936015360|1959587840|sim_data_341798b7487bf001|__AUTOMETRIC__
__AUTOMETRIC__|0.1.2|20848|crew_log_8350b8d5b5859fd5|0|1786327141.583|98.400|6.150|1956261888|1980456960|sim_data_341798b7487bf001|__AUTOMETRIC__
__AUTOMETRIC__|0.1.2|20848|crew_log_8350b8d5b5859fd5|0|1786327142.591|100.766|6.298|2009235456|2033422336|sim_data_341798b7487bf001|__AUTOMETRIC__
__AUTOMETRIC__|0.1.2|20848|crew_log_8350b8d5b5859fd5|0|1786327143.592|82.740|5.171|2015465472|2038243328|sim_data_341798b7487bf001|__AUTOMETRIC__
__AUTOMETRIC__|0.1.2|20848|crew_log_8350b8d5b5859fd5|0|1786327144.605|98.696|6.169|2014547968|2037002240|sim_data_341798b7487bf001|__AUTOMETRIC__
__AUTOMETRIC__|0.1.2|20848|crew_log_8350b8d5b5859fd5|0|1786327145.607|99.791|6.237|2014588928|2037047296|sim_data_341798b7487bf001|__AUTOMETRIC__
__AUTOMETRIC__|0.1.2|20848|crew_log_8350b8d5b5859fd5|0|1786327146.609|99.801|6.238|2015592448|2037985280|sim_data_341798b7487bf001|__AUTOMETRIC__
__AUTOMETRIC__|0.1.2|20848|crew_log_8350b8d5b5859fd5|0|1786327147.620|98.970|6.186|2015526912|2037915648|sim_data_341798b7487bf001|__AUTOMETRIC__
__AUTOMETRIC__|0.1.2|20848|crew_log_8350b8d5b5859fd5|0|1786327148.624|99.539|6.221|2015535104|2037923840|sim_data_341798b7487bf001|__AUTOMETRIC__
__AUTOMETRIC__|0.1.2|20848|crew_log_8350b8d5b5859fd5|0|1786327149.638|100.167|6.260|2015535104|2037923840|sim_data_341798b7487bf001|__AUTOMETRIC__
__AUTOMETRIC__|0.1.2|20848|crew_log_8350b8d5b5859fd5|0|1786327150.645|99.331|6.208|2015535104|2037923840|sim_data_341798b7487bf001|__AUTOMETRIC__
__AUTOMETRIC__|0.1.2|20848|crew_log_8350b8d5b5859fd5|0|1786327151.648|99.744|6.234|2016428032|2038812672|sim_data_341798b7487bf001|__AUTOMETRIC__
__AUTOMETRIC__|0.1.2|20848|crew_log_8350b8d5b5859fd5|0|1786327152.655|100.844|6.303|2016387072|2038771712|sim_data_341798b7487bf001|__AUTOMETRIC__
__AUTOMETRIC__|0.1.2|20848|crew_log_8350b8d5b5859fd5|0|1786327153.655|99.929|6.246|2016387072|2038771712|sim_data_341798b7487bf001|__AUTOMETRIC__
__AUTOMETRIC__|0.1.2|20848|crew_log_8350b8d5b5859fd5|0|1786327154.659|99.612|6.226|2016342016|2038693888|sim_data_341798b7487bf001|__AUTOMETRIC__
__AUTOMETRIC__|0.1.2|20848|crew_log_8350b8d5b5859fd5|0|1786327155.665|102.515|6.407|2016342016|2038693888|sim_data_341798b7487bf001|__AUTOMETRIC__
__AUTOMETRIC__|0.1.2|20848|crew_log_8350b8d5b5859fd5|0|1786327156.670|99.557|6.222|2016342016|2038693888|sim_data_341798b7487bf001|__AUTOMETRIC__
__AUTOMETRIC__|0.1.2|20848|crew_log_8350b8d5b5859fd5|0|1786327157.677|99.282|6.205|2017316864|2039668736|sim_data_341798b7487bf001|__AUTOMETRIC__
__AUTOMETRIC__|0.1.2|20848|crew_log_8350b8d5b5859fd5|0|1786327158.689|98.785|6.174|2017316864|2039668736|sim_data_341798b7487bf001|__AUTOMETRIC__
__AUTOMETRIC__|0.1.2|20848|crew_log_8350b8d5b5859fd5|0|1786327159.691|99.871|6.242|2017316864|2039668736|sim_data_341798b7487bf001|__AUTOMETRIC__
__AUTOMETRIC__|0.1.2|20848|crew_log_8350b8d5b5859fd5|0|1786327160.697|100.957|6.310|2017316864|2039668736|sim_data_341798b7487bf001|__AUTOMETRIC__
__AUTOMETRIC__|0.1.2|20848|crew_log_8350b8d5b5859fd5|0|1786327161.704|97.713|6.107|2017316864|2039668736|sim_data_341798b7487bf001|__AUTOMETRIC__
__AUTOMETRIC__|0.1.2|20848|crew_log_8350b8d5b5859fd5|0|1786327162.704|99.992|6.250|2052624384|2075009024|sim_data_341798b7487bf001|__AUTOMETRIC__
__AUTOMETRIC__|0.1.2|20848|crew_log_8350b8d5b5859fd5|0|1786327163.711|102.382|6.399|1844469760|1867177984|sim_data_341798b7487bf001|__AUTOMETRIC__
__AUTOMETRIC__|0.1.2|20848|crew_log_8350b8d5b5859fd5|0|1786327164.714|102.840|6.427|1835720704|1858265088|sim_data_341798b7487bf001|__AUTOMETRIC__
__AUTOMETRIC__|0.1.2|20848|crew_log_8350b8d5b5859fd5|0|1786327165.717|96.590|6.037|1838338048|1860882432|sim_data_341798b7487bf001|__AUTOMETRIC__
__AUTOMETRIC__|0.1.2|20848|crew_log_8350b8d5b5859fd5|0|1786327166.723|99.457|6.216|1821802496|1844625408|sim_data_341798b7487bf001|__AUTOMETRIC__
__AUTOMETRIC__|0.1.2|20848|crew_log_8350b8d5b5859fd5|0|1786327167.727|101.111|6.319|1959682048|1982480384|sim_data_341798b7487bf001|__AUTOMETRIC__
__AUTOMETRIC__|0.1.2|20848|crew_log_8350b8d5b5859fd5|0|1786327168.738|84.970|5.311|2025037824|2048106496|sim_data_341798b7487bf001|__AUTOMETRIC__
__AUTOMETRIC__|0.1.2|20848|crew_log_8350b8d5b5859fd5|0|1786327169.739|92.161|5.760|2012086272|2033823744|sim_data_341798b7487bf001|__AUTOMETRIC__
__AUTOMETRIC__|0.1.2|20848|crew_log_8350b8d5b5859fd5|0|1786327170.743|101.074|6.317|2011717632|2033254400|sim_data_341798b7487bf001|__AUTOMETRIC__
__AUTOMETRIC__|0.1.2|20848|crew_log_8350b8d5b5859fd5|0|1786327171.751|99.210|6.201|2011729920|2033262592|sim_data_341798b7487bf001|__AUTOMETRIC__
__AUTOMETRIC__|0.1.2|20848|crew_log_8350b8d5b5859fd5|0|1786327172.760|100.673|6.292|2011455488|2032984064|sim_data_341798b7487bf001|__AUTOMETRIC__
__AUTOMETRIC__|0.1.2|20848|crew_log_8350b8d5b5859fd5|0|1786327173.766|97.862|6.116|2011455488|2032984064|sim_data_341798b7487bf001|__AUTOMETRIC__
__AUTOMETRIC__|0.1.2|20848|crew_log_8350b8d5b5859fd5|0|1786327174.770|99.579|6.224|2012520448|2033979392|sim_data_341798b7487bf001|__AUTOMETRIC__
__AUTOMETRIC__|0.1.2|20848|crew_log_8350b8d5b5859fd5|0|1786327175.782|98.812|6.176|2012487680|2033950720|sim_data_341798b7487bf001|__AUTOMETRIC__
__AUTOMETRIC__|0.1.2|20848|crew_log_8350b8d5b5859fd5|0|1786327176.792|100.618|6.289|2012483584|2033946624|sim_data_341798b7487bf001|__AUTOMETRIC__
__AUTOMETRIC__|0.1.2|20848|crew_log_8350b8d5b5859fd5|0|1786327177.800|100.708|6.294|2013429760|2034888704|sim_data_341798b7487bf001|__AUTOMETRIC__
__AUTOMETRIC__|0.1.2|20848|crew_log_8350b8d5b5859fd5|0|1786327178.807|100.905|6.307|2013433856|2034892800|sim_data_341798b7487bf001|__AUTOMETRIC__
__AUTOMETRIC__|0.1.2|20848|crew_log_8350b8d5b5859fd5|0|1786327179.812|99.479|6.217|2013450240|2034909184|sim_data_341798b7487bf001|__AUTOMETRIC__
__AUTOMETRIC__|0.1.2|20848|crew_log_8350b8d5b5859fd5|0|1786327180.820|99.167|6.198|2014351360|2035810304|sim_data_341798b7487bf001|__AUTOMETRIC__
__AUTOMETRIC__|0.1.2|20848|crew_log_8350b8d5b5859fd5|0|1786327181.823|99.701|6.231|2014339072|2035798016|sim_data_341798b7487bf001|__AUTOMETRIC__
__AUTOMETRIC__|0.1.2|20848|crew_log_8350b8d5b5859fd5|0|1786327182.830|99.329|6.208|2014289920|2035744768|sim_data_341798b7487bf001|__AUTOMETRIC__
__AUTOMETRIC__|0.1.2|20848|crew_log_8350b8d5b5859fd5|0|1786327183.837|99.346|6.209|2014289920|2035744768|sim_data_341798b7487bf001|__AUTOMETRIC__
__AUTOMETRIC__|0.1.2|20848|crew_log_8350b8d5b5859fd5|0|1786327184.843|99.372|6.211|2023583744|2045014016|sim_data_341798b7487bf001|__AUTOMETRIC__
__AUTOMETRIC__|0.1.2|20848|crew_log_8350b8d5b5859fd5|0|1786327185.850|102.457|6.404|1844649984|1866047488|sim_data_341798b7487bf001|__AUTOMETRIC__
__AUTOMETRIC__|0.1.2|20848|crew_log_8350b8d5b5859fd5|0|1786327186.854|99.601|6.225|1889333248|1910824960|sim_data_341798b7487bf001|__AUTOMETRIC__
__AUTOMETRIC__|0.1.2|20848|crew_log_8350b8d5b5859fd5|0|1786327187.860|99.373|6.211|1855930368|1877475328|sim_data_341798b7487bf001|__AUTOMETRIC__
__AUTOMETRIC__|0.1.2|20848|crew_log_8350b8d5b5859fd5|0|1786327188.865|99.477|6.217|1975070720|1997119488|sim_data_341798b7487bf001|__AUTOMETRIC__
__AUTOMETRIC__|0.1.2|20848|crew_log_8350b8d5b5859fd5|0|1786327189.874|102.200|6.388|2073264128|2094948352|sim_data_341798b7487bf001|__AUTOMETRIC__
__AUTOMETRIC__|0.1.2|20848|crew_log_8350b8d5b5859fd5|0|1786327190.880|80.802|5.050|2018836480|2040750080|sim_data_341798b7487bf001|__AUTOMETRIC__
__AUTOMETRIC__|0.1.2|20848|crew_log_8350b8d5b5859fd5|0|1786327191.885|101.032|6.314|2014363648|2035048448|sim_data_341798b7487bf001|__AUTOMETRIC__
__AUTOMETRIC__|0.1.2|20848|crew_log_8350b8d5b5859fd5|0|1786327192.893|99.177|6.199|2013646848|2034057216|sim_data_341798b7487bf001|__AUTOMETRIC__
__AUTOMETRIC__|0.1.2|20848|crew_log_8350b8d5b5859fd5|0|1786327193.895|99.864|6.242|2013646848|2034057216|sim_data_341798b7487bf001|__AUTOMETRIC__
__AUTOMETRIC__|0.1.2|20848|crew_log_8350b8d5b5859fd5|0|1786327194.900|101.009|6.313|2014658560|2035003392|sim_data_341798b7487bf001|__AUTOMETRIC__
__AUTOMETRIC__|0.1.2|20848|crew_log_8350b8d5b5859fd5|0|1786327195.905|99.547|6.222|2014658560|2035003392|sim_data_341798b7487bf001|__AUTOMETRIC__
__AUTOMETRIC__|0.1.2|20848|crew_log_8350b8d5b5859fd5|0|1786327196.906|99.835|6.240|2014658560|2035003392|sim_data_341798b7487bf001|__AUTOMETRIC__
__AUTOMETRIC__|0.1.2|20848|crew_log_8350b8d5b5859fd5|0|1786327197.917|100.536|6.284|2015547392|2035892224|sim_data_341798b7487bf001|__AUTOMETRIC__
__AUTOMETRIC__|0.1.2|20848|crew_log_8350b8d5b5859fd5|0|1786327198.929|98.766|6.173|2015547392|2035892224|sim_data_341798b7487bf001|__AUTOMETRIC__
__AUTOMETRIC__|0.1.2|20848|crew_log_8350b8d5b5859fd5|0|1786327199.942|98.697|6.169|2015547392|2035892224|sim_data_341798b7487bf001|__AUTOMETRIC__
__AUTOMETRIC__|0.1.2|20848|crew_log_8350b8d5b5859fd5|0|1786327200.946|101.162|6.323|2016505856|2036850688|sim_data_341798b7487bf001|__AUTOMETRIC__
__AUTOMETRIC__|0.1.2|20848|crew_log_8350b8d5b5859fd5|0|1786327201.955|99.134|6.196|2016428032|2036768768|sim_data_341798b7487bf001|__AUTOMETRIC__
__AUTOMETRIC__|0.1.2|20848|crew_log_8350b8d5b5859fd5|0|1786327202.961|100.938|6.309|2016468992|2036813824|sim_data_341798b7487bf001|__AUTOMETRIC__
__AUTOMETRIC__|0.1.2|20848|crew_log_8350b8d5b5859fd5|0|1786327203.969|99.260|6.204|2016423936|2036764672|sim_data_341798b7487bf001|__AUTOMETRIC__
__AUTOMETRIC__|0.1.2|20848|crew_log_8350b8d5b5859fd5|0|1786327204.975|100.923|6.308|2071474176|2092032000|sim_data_341798b7487bf001|__AUTOMETRIC__
__AUTOMETRIC__|0.1.2|20848|crew_log_8350b8d5b5859fd5|0|1786327205.986|102.022|6.376|2164178944|2184732672|sim_data_341798b7487bf001|__AUTOMETRIC__
__AUTOMETRIC__|0.1.2|20848|crew_log_8350b8d5b5859fd5|0|1786327206.997|103.495|6.468|2008141824|2028683264|sim_data_341798b7487bf001|__AUTOMETRIC__
__AUTOMETRIC__|0.1.2|20848|crew_log_8350b8d5b5859fd5|0|1786327208.004|99.308|6.207|2014203904|2035023872|sim_data_341798b7487bf001|__AUTOMETRIC__
__AUTOMETRIC__|0.1.2|20848|crew_log_8350b8d5b5859fd5|0|1786327209.006|99.872|6.242|2020720640|2041761792|sim_data_341798b7487bf001|__AUTOMETRIC__
__AUTOMETRIC__|0.1.2|20848|crew_log_8350b8d5b5859fd5|0|1786327210.015|78.974|4.936|2046664704|2067271680|sim_data_341798b7487bf001|__AUTOMETRIC__
__AUTOMETRIC__|0.1.2|20848|crew_log_8350b8d5b5859fd5|0|1786327211.025|100.559|6.285|2020098048|2039939072|sim_data_341798b7487bf001|__AUTOMETRIC__
__AUTOMETRIC__|0.1.2|20848|crew_log_8350b8d5b5859fd5|0|1786327212.036|98.909|6.182|2020110336|2039951360|sim_data_341798b7487bf001|__AUTOMETRIC__
__AUTOMETRIC__|0.1.2|20848|crew_log_8350b8d5b5859fd5|0|1786327213.051|100.067|6.254|2019422208|2039029760|sim_data_341798b7487bf001|__AUTOMETRIC__
__AUTOMETRIC__|0.1.2|20848|crew_log_8350b8d5b5859fd5|0|1786327214.063|100.282|6.268|2020265984|2039717888|sim_data_341798b7487bf001|__AUTOMETRIC__
__AUTOMETRIC__|0.1.2|20848|crew_log_8350b8d5b5859fd5|0|1786327215.076|98.791|6.174|2020159488|2039607296|sim_data_341798b7487bf001|__AUTOMETRIC__
__AUTOMETRIC__|0.1.2|20848|crew_log_8350b8d5b5859fd5|0|1786327216.085|99.060|6.191|2020200448|2039652352|sim_data_341798b7487bf001|__AUTOMETRIC__
__AUTOMETRIC__|0.1.2|20848|crew_log_8350b8d5b5859fd5|0|1786327217.097|100.329|6.271|2020159488|2039607296|sim_data_341798b7487bf001|__AUTOMETRIC__
__AUTOMETRIC__|0.1.2|20848|crew_log_8350b8d5b5859fd5|0|1786327218.113|98.501|6.156|2021093376|2040541184|sim_data_341798b7487bf001|__AUTOMETRIC__
__AUTOMETRIC__|0.1.2|20848|crew_log_8350b8d5b5859fd5|0|1786327219.126|100.173|6.261|2021048320|2040496128|sim_data_341798b7487bf001|__AUTOMETRIC__
__AUTOMETRIC__|0.1.2|20848|crew_log_8350b8d5b5859fd5|0|1786327220.139|98.807|6.175|2021089280|2040541184|sim_data_341798b7487bf001|__AUTOMETRIC__
__AUTOMETRIC__|0.1.2|20848|crew_log_8350b8d5b5859fd5|0|1786327221.152|100.215|6.263|2021089280|2040541184|sim_data_341798b7487bf001|__AUTOMETRIC__
__AUTOMETRIC__|0.1.2|20848|crew_log_8350b8d5b5859fd5|0|1786327222.164|100.359|6.272|2021974016|2041425920|sim_data_341798b7487bf001|__AUTOMETRIC__
__AUTOMETRIC__|0.1.2|20848|crew_log_8350b8d5b5859fd5|0|1786327223.176|95.730|5.983|2021978112|2041430016|sim_data_341798b7487bf001|__AUTOMETRIC__
__AUTOMETRIC__|0.1.2|20848|crew_log_8350b8d5b5859fd5|0|1786327224.186|100.570|6.286|2052046848|2071498752|sim_data_341798b7487bf001|__AUTOMETRIC__
__AUTOMETRIC__|0.1.2|20848|crew_log_8350b8d5b5859fd5|0|1786327225.197|103.551|6.472|2138046464|2157760512|sim_data_341798b7487bf001|__AUTOMETRIC__
__AUTOMETRIC__|0.1.2|20848|crew_log_8350b8d5b5859fd5|0|1786327226.208|98.852|6.178|2174709760|2194235392|sim_data_341798b7487bf001|__AUTOMETRIC__
__AUTOMETRIC__|0.1.2|20848|crew_log_8350b8d5b5859fd5|0|1786327227.219|102.067|6.379|2032447488|2052345856|sim_data_341798b7487bf001|__AUTOMETRIC__
__AUTOMETRIC__|0.1.2|20848|crew_log_8350b8d5b5859fd5|0|1786327228.233|100.160|6.260|2039918592|2059988992|sim_data_341798b7487bf001|__AUTOMETRIC__
__AUTOMETRIC__|0.1.2|20848|crew_log_8350b8d5b5859fd5|0|1786327229.241|80.575|5.036|2053058560|2073653248|sim_data_341798b7487bf001|__AUTOMETRIC__
__AUTOMETRIC__|0.1.2|20848|crew_log_8350b8d5b5859fd5|0|1786327230.246|96.367|6.023|2052349952|2071474176|sim_data_341798b7487bf001|__AUTOMETRIC__
__AUTOMETRIC__|0.1.2|20848|crew_log_8350b8d5b5859fd5|0|1786327231.259|100.252|6.266|2051772416|2070261760|sim_data_341798b7487bf001|__AUTOMETRIC__
__AUTOMETRIC__|0.1.2|20848|crew_log_8350b8d5b5859fd5|0|1786327232.275|100.037|6.252|2051551232|2070040576|sim_data_341798b7487bf001|__AUTOMETRIC__
__AUTOMETRIC__|0.1.2|20848|crew_log_8350b8d5b5859fd5|0|1786327233.281|97.788|6.112|2052530176|2070953984|sim_data_341798b7487bf001|__AUTOMETRIC__
__AUTOMETRIC__|0.1.2|20848|crew_log_8350b8d5b5859fd5|0|1786327234.290|100.660|6.291|2052526080|2070949888|sim_data_341798b7487bf001|__AUTOMETRIC__
__AUTOMETRIC__|0.1.2|20848|crew_log_8350b8d5b5859fd5|0|1786327235.294|99.615|6.226|2052526080|2070949888|sim_data_341798b7487bf001|__AUTOMETRIC__
__AUTOMETRIC__|0.1.2|20848|crew_log_8350b8d5b5859fd5|0|1786327236.306|100.342|6.271|2052526080|2070949888|sim_data_341798b7487bf001|__AUTOMETRIC__
__AUTOMETRIC__|0.1.2|20848|crew_log_8350b8d5b5859fd5|0|1786327237.309|99.745|6.234|2052530176|2070953984|sim_data_341798b7487bf001|__AUTOMETRIC__
__AUTOMETRIC__|0.1.2|20848|crew_log_8350b8d5b5859fd5|0|1786327238.324|100.055|6.253|2052526080|2070949888|sim_data_341798b7487bf001|__AUTOMETRIC__
__AUTOMETRIC__|0.1.2|20848|crew_log_8350b8d5b5859fd5|0|1786327239.331|99.300|6.206|2053406720|2071830528|sim_data_341798b7487bf001|__AUTOMETRIC__
__AUTOMETRIC__|0.1.2|20848|crew_log_8350b8d5b5859fd5|0|1786327240.343|98.850|6.178|2053447680|2071875584|sim_data_341798b7487bf001|__AUTOMETRIC__
__AUTOMETRIC__|0.1.2|20848|crew_log_8350b8d5b5859fd5|0|1786327241.355|100.307|6.269|2053451776|2071879680|sim_data_341798b7487bf001|__AUTOMETRIC__
__AUTOMETRIC__|0.1.2|20848|crew_log_8350b8d5b5859fd5|0|1786327242.367|100.414|6.276|2053410816|2071834624|sim_data_341798b7487bf001|__AUTOMETRIC__
__AUTOMETRIC__|0.1.2|20848|crew_log_8350b8d5b5859fd5|0|1786327243.371|97.986|6.124|2054381568|2072805376|sim_data_341798b7487bf001|__AUTOMETRIC__
__AUTOMETRIC__|0.1.2|20848|crew_log_8350b8d5b5859fd5|0|1786327244.385|98.631|6.164|2054328320|2072752128|sim_data_341798b7487bf001|__AUTOMETRIC__
__AUTOMETRIC__|0.1.2|20848|crew_log_8350b8d5b5859fd5|0|1786327245.392|96.231|6.014|2054369280|2072797184|sim_data_341798b7487bf001|__AUTOMETRIC__
__AUTOMETRIC__|0.1.2|20848|crew_log_8350b8d5b5859fd5|0|1786327246.401|100.623|6.289|2054332416|2072756224|sim_data_341798b7487bf001|__AUTOMETRIC__
__AUTOMETRIC__|0.1.2|20848|crew_log_8350b8d5b5859fd5|0|1786327247.414|100.306|6.269|2187866112|2206294016|sim_data_341798b7487bf001|__AUTOMETRIC__
__AUTOMETRIC__|0.1.2|20848|crew_log_8350b8d5b5859fd5|0|1786327248.415|99.894|6.243|2216296448|2235117568|sim_data_341798b7487bf001|__AUTOMETRIC__
__AUTOMETRIC__|0.1.2|20848|crew_log_8350b8d5b5859fd5|0|1786327249.418|101.243|6.328|2147540992|2166030336|sim_data_341798b7487bf001|__AUTOMETRIC__
__AUTOMETRIC__|0.1.2|20848|crew_log_8350b8d5b5859fd5|0|1786327250.428|99.023|6.189|2154041344|2172956672|sim_data_341798b7487bf001|__AUTOMETRIC__
__AUTOMETRIC__|0.1.2|20848|crew_log_8350b8d5b5859fd5|0|1786327251.440|100.347|6.272|2156879872|2175705088|sim_data_341798b7487bf001|__AUTOMETRIC__
__AUTOMETRIC__|0.1.2|20848|crew_log_8350b8d5b5859fd5|0|1786327252.443|85.704|5.356|2067243008|2086285312|sim_data_341798b7487bf001|__AUTOMETRIC__
__AUTOMETRIC__|0.1.2|20848|crew_log_8350b8d5b5859fd5|0|1786327253.459|98.434|6.152|2060976128|2078785536|sim_data_341798b7487bf001|__AUTOMETRIC__
__AUTOMETRIC__|0.1.2|20848|crew_log_8350b8d5b5859fd5|0|1786327254.472|98.659|6.166|2059235328|2076676096|sim_data_341798b7487bf001|__AUTOMETRIC__
__AUTOMETRIC__|0.1.2|20848|crew_log_8350b8d5b5859fd5|0|1786327255.483|100.456|6.278|2059231232|2076672000|sim_data_341798b7487bf001|__AUTOMETRIC__
__AUTOMETRIC__|0.1.2|20848|crew_log_8350b8d5b5859fd5|0|1786327256.496|100.280|6.268|2059235328|2076676096|sim_data_341798b7487bf001|__AUTOMETRIC__
__AUTOMETRIC__|0.1.2|20848|crew_log_8350b8d5b5859fd5|0|1786327257.510|100.194|6.262|2059235328|2076676096|sim_data_341798b7487bf001|__AUTOMETRIC__
__AUTOMETRIC__|0.1.2|20848|crew_log_8350b8d5b5859fd5|0|1786327258.525|99.997|6.250|2059231232|2076672000|sim_data_341798b7487bf001|__AUTOMETRIC__
__AUTOMETRIC__|0.1.2|20848|crew_log_8350b8d5b5859fd5|0|1786327259.525|98.427|6.152|2060115968|2077491200|sim_data_341798b7487bf001|__AUTOMETRIC__
__AUTOMETRIC__|0.1.2|20848|crew_log_8350b8d5b5859fd5|0|1786327260.540|100.111|6.257|2060120064|2077495296|sim_data_341798b7487bf001|__AUTOMETRIC__
__AUTOMETRIC__|0.1.2|20848|crew_log_8350b8d5b5859fd5|0|1786327261.553|98.726|6.170|2060128256|2077503488|sim_data_341798b7487bf001|__AUTOMETRIC__
__AUTOMETRIC__|0.1.2|20848|crew_log_8350b8d5b5859fd5|0|1786327262.567|103.258|6.454|2060128256|2077503488|sim_data_341798b7487bf001|__AUTOMETRIC__
__AUTOMETRIC__|0.1.2|20848|crew_log_8350b8d5b5859fd5|0|1786327263.579|100.273|6.267|2060124160|2077499392|sim_data_341798b7487bf001|__AUTOMETRIC__
__AUTOMETRIC__|0.1.2|20848|crew_log_8350b8d5b5859fd5|0|1786327264.592|98.772|6.173|2061156352|2078531584|sim_data_341798b7487bf001|__AUTOMETRIC__
__AUTOMETRIC__|0.1.2|20848|crew_log_8350b8d5b5859fd5|0|1786327265.599|99.293|6.206|2061107200|2078482432|sim_data_341798b7487bf001|__AUTOMETRIC__
__AUTOMETRIC__|0.1.2|20848|crew_log_8350b8d5b5859fd5|0|1786327266.613|98.601|6.163|2061111296|2078486528|sim_data_341798b7487bf001|__AUTOMETRIC__
__AUTOMETRIC__|0.1.2|20848|crew_log_8350b8d5b5859fd5|0|1786327267.627|100.163|6.260|2061115392|2078490624|sim_data_341798b7487bf001|__AUTOMETRIC__
__AUTOMETRIC__|0.1.2|20848|crew_log_8350b8d5b5859fd5|0|1786327268.642|100.046|6.253|2061103104|2078478336|sim_data_341798b7487bf001|__AUTOMETRIC__
__AUTOMETRIC__|0.1.2|20848|crew_log_8350b8d5b5859fd5|0|1786327269.656|100.198|6.262|2061987840|2079363072|sim_data_341798b7487bf001|__AUTOMETRIC__
__AUTOMETRIC__|0.1.2|20848|crew_log_8350b8d5b5859fd5|0|1786327270.666|100.508|6.282|2061955072|2079330304|sim_data_341798b7487bf001|__AUTOMETRIC__
__AUTOMETRIC__|0.1.2|20848|crew_log_8350b8d5b5859fd5|0|1786327271.679|100.251|6.266|2061955072|2079330304|sim_data_341798b7487bf001|__AUTOMETRIC__
__AUTOMETRIC__|0.1.2|20848|crew_log_8350b8d5b5859fd5|0|1786327272.693|98.670|6.167|2061959168|2079334400|sim_data_341798b7487bf001|__AUTOMETRIC__
__AUTOMETRIC__|0.1.2|20848|crew_log_8350b8d5b5859fd5|0|1786327273.708|100.095|6.256|2061959168|2079334400|sim_data_341798b7487bf001|__AUTOMETRIC__
__AUTOMETRIC__|0.1.2|20848|crew_log_8350b8d5b5859fd5|0|1786327274.719|100.456|6.278|2061963264|2079338496|sim_data_341798b7487bf001|__AUTOMETRIC__
__AUTOMETRIC__|0.1.2|20848|crew_log_8350b8d5b5859fd5|0|1786327275.719|96.809|6.051|2194448384|2211831808|sim_data_341798b7487bf001|__AUTOMETRIC__
__AUTOMETRIC__|0.1.2|20848|crew_log_8350b8d5b5859fd5|0|1786327276.734|101.624|6.351|2207326208|2224996352|sim_data_341798b7487bf001|__AUTOMETRIC__
__AUTOMETRIC__|0.1.2|20848|crew_log_8350b8d5b5859fd5|0|1786327277.749|103.109|6.444|2089963520|2107432960|sim_data_341798b7487bf001|__AUTOMETRIC__
__AUTOMETRIC__|0.1.2|20848|crew_log_8350b8d5b5859fd5|0|1786327278.762|98.738|6.171|2094891008|2112835584|sim_data_341798b7487bf001|__AUTOMETRIC__
__AUTOMETRIC__|0.1.2|20848|crew_log_8350b8d5b5859fd5|0|1786327279.776|100.148|6.259|2097029120|2115067904|sim_data_341798b7487bf001|__AUTOMETRIC__
__AUTOMETRIC__|0.1.2|20848|crew_log_8350b8d5b5859fd5|0|1786327280.791|80.109|5.007|2075123712|2092695552|sim_data_341798b7487bf001|__AUTOMETRIC__
__AUTOMETRIC__|0.1.2|20848|crew_log_8350b8d5b5859fd5|0|1786327281.798|99.256|6.203|2066804736|2083344384|sim_data_341798b7487bf001|__AUTOMETRIC__
__AUTOMETRIC__|0.1.2|20848|crew_log_8350b8d5b5859fd5|0|1786327282.810|100.392|6.274|2066399232|2082816000|sim_data_341798b7487bf001|__AUTOMETRIC__
__AUTOMETRIC__|0.1.2|20848|crew_log_8350b8d5b5859fd5|0|1786327283.825|100.013|6.251|2066399232|2082816000|sim_data_341798b7487bf001|__AUTOMETRIC__
__AUTOMETRIC__|0.1.2|20848|crew_log_8350b8d5b5859fd5|0|1786327284.837|100.385|6.274|2067394560|2083749888|sim_data_341798b7487bf001|__AUTOMETRIC__
__AUTOMETRIC__|0.1.2|20848|crew_log_8350b8d5b5859fd5|0|1786327285.849|98.837|6.177|2067324928|2083680256|sim_data_341798b7487bf001|__AUTOMETRIC__
__AUTOMETRIC__|0.1.2|20848|crew_log_8350b8d5b5859fd5|0|1786327286.859|100.535|6.283|2067324928|2083680256|sim_data_341798b7487bf001|__AUTOMETRIC__
__AUTOMETRIC__|0.1.2|20848|crew_log_8350b8d5b5859fd5|0|1786327287.872|100.224|6.264|2068348928|2084704256|sim_data_341798b7487bf001|__AUTOMETRIC__
__AUTOMETRIC__|0.1.2|20848|crew_log_8350b8d5b5859fd5|0|1786327288.886|100.220|6.264|2068267008|2084618240|sim_data_341798b7487bf001|__AUTOMETRIC__
__AUTOMETRIC__|0.1.2|20848|crew_log_8350b8d5b5859fd5|0|1786327289.887|99.919|6.245|2068303872|2084663296|sim_data_341798b7487bf001|__AUTOMETRIC__
__AUTOMETRIC__|0.1.2|20848|crew_log_8350b8d5b5859fd5|0|1786327290.901|100.136|6.259|2068307968|2084663296|sim_data_341798b7487bf001|__AUTOMETRIC__
__AUTOMETRIC__|0.1.2|20848|crew_log_8350b8d5b5859fd5|0|1786327291.915|100.095|6.256|2069168128|2085523456|sim_data_341798b7487bf001|__AUTOMETRIC__
__AUTOMETRIC__|0.1.2|20848|crew_log_8350b8d5b5859fd5|0|1786327292.918|98.169|6.136|2069127168|2085478400|sim_data_341798b7487bf001|__AUTOMETRIC__
__AUTOMETRIC__|0.1.2|20848|crew_log_8350b8d5b5859fd5|0|1786327293.926|99.172|6.198|2069168128|2085523456|sim_data_341798b7487bf001|__AUTOMETRIC__
__AUTOMETRIC__|0.1.2|20848|crew_log_8350b8d5b5859fd5|0|1786327294.937|98.933|6.183|2200215552|2216574976|sim_data_341798b7487bf001|__AUTOMETRIC__
__AUTOMETRIC__|0.1.2|20848|crew_log_8350b8d5b5859fd5|0|1786327295.947|102.180|6.386|2208837632|2225446912|sim_data_341798b7487bf001|__AUTOMETRIC__
__AUTOMETRIC__|0.1.2|20848|crew_log_8350b8d5b5859fd5|0|1786327296.959|98.739|6.171|2103877632|2120298496|sim_data_341798b7487bf001|__AUTOMETRIC__
__AUTOMETRIC__|0.1.2|20848|crew_log_8350b8d5b5859fd5|0|1786327297.970|102.027|6.377|2111967232|2128887808|sim_data_341798b7487bf001|__AUTOMETRIC__
__AUTOMETRIC__|0.1.2|20848|crew_log_8350b8d5b5859fd5|0|1786327298.984|100.183|6.261|2070921216|2087776256|sim_data_341798b7487bf001|__AUTOMETRIC__
__AUTOMETRIC__|0.1.2|20848|crew_log_8350b8d5b5859fd5|0|1786327299.996|84.924|5.308|2078646272|2094501888|sim_data_341798b7487bf001|__AUTOMETRIC__
__AUTOMETRIC__|0.1.2|20848|crew_log_8350b8d5b5859fd5|0|1786327301.011|100.081|6.255|2077188096|2092830720|sim_data_341798b7487bf001|__AUTOMETRIC__
__AUTOMETRIC__|0.1.2|20848|crew_log_8350b8d5b5859fd5|0|1786327302.022|98.892|6.181|2077114368|2092601344|sim_data_341798b7487bf001|__AUTOMETRIC__
__AUTOMETRIC__|0.1.2|20848|crew_log_8350b8d5b5859fd5|0|1786327303.037|103.067|6.442|2077073408|2092556288|sim_data_341798b7487bf001|__AUTOMETRIC__
__AUTOMETRIC__|0.1.2|20848|crew_log_8350b8d5b5859fd5|0|1786327304.048|102.008|6.375|2078031872|2093449216|sim_data_341798b7487bf001|__AUTOMETRIC__
__AUTOMETRIC__|0.1.2|20848|crew_log_8350b8d5b5859fd5|0|1786327305.055|99.359|6.210|2078048256|2093465600|sim_data_341798b7487bf001|__AUTOMETRIC__
__AUTOMETRIC__|0.1.2|20848|crew_log_8350b8d5b5859fd5|0|1786327306.064|97.521|6.095|2078101504|2093522944|sim_data_341798b7487bf001|__AUTOMETRIC__
__AUTOMETRIC__|0.1.2|20848|crew_log_8350b8d5b5859fd5|0|1786327307.077|100.300|6.269|2078076928|2093498368|sim_data_341798b7487bf001|__AUTOMETRIC__
__AUTOMETRIC__|0.1.2|20848|crew_log_8350b8d5b5859fd5|0|1786327308.089|100.381|6.274|2079068160|2094489600|sim_data_341798b7487bf001|__AUTOMETRIC__
__AUTOMETRIC__|0.1.2|20848|crew_log_8350b8d5b5859fd5|0|1786327309.094|99.493|6.218|2078982144|2094399488|sim_data_341798b7487bf001|__AUTOMETRIC__
__AUTOMETRIC__|0.1.2|20848|crew_log_8350b8d5b5859fd5|0|1786327310.106|100.340|6.271|2079019008|2094440448|sim_data_341798b7487bf001|__AUTOMETRIC__
__AUTOMETRIC__|0.1.2|20848|crew_log_8350b8d5b5859fd5|0|1786327311.107|96.805|6.050|2079006720|2094428160|sim_data_341798b7487bf001|__AUTOMETRIC__
__AUTOMETRIC__|0.1.2|20848|crew_log_8350b8d5b5859fd5|0|1786327312.109|98.204|6.138|2080047104|2095468544|sim_data_341798b7487bf001|__AUTOMETRIC__
__AUTOMETRIC__|0.1.2|20848|crew_log_8350b8d5b5859fd5|0|1786327313.124|100.035|6.252|2079985664|2095407104|sim_data_341798b7487bf001|__AUTOMETRIC__
__AUTOMETRIC__|0.1.2|20848|crew_log_8350b8d5b5859fd5|0|1786327314.133|100.722|6.295|2079985664|2095407104|sim_data_341798b7487bf001|__AUTOMETRIC__
__AUTOMETRIC__|0.1.2|20848|crew_log_8350b8d5b5859fd5|0|1786327315.140|99.266|6.204|2079928320|2095345664|sim_data_341798b7487bf001|__AUTOMETRIC__
__AUTOMETRIC__|0.1.2|20848|crew_log_8350b8d5b5859fd5|0|1786327316.144|99.560|6.223|2215161856|2230726656|sim_data_341798b7487bf001|__AUTOMETRIC__
__AUTOMETRIC__|0.1.2|20848|crew_log_8350b8d5b5859fd5|0|1786327317.157|101.867|6.367|2253922304|2269675520|sim_data_341798b7487bf001|__AUTOMETRIC__
__AUTOMETRIC__|0.1.2|20848|crew_log_8350b8d5b5859fd5|0|1786327318.171|103.179|6.449|2145923072|2161475584|sim_data_341798b7487bf001|__AUTOMETRIC__
__AUTOMETRIC__|0.1.2|20848|crew_log_8350b8d5b5859fd5|0|1786327319.179|100.812|6.301|2152325120|2168303616|sim_data_341798b7487bf001|__AUTOMETRIC__
__AUTOMETRIC__|0.1.2|20848|crew_log_8350b8d5b5859fd5|0|1786327320.192|98.742|6.171|2153984000|2169933824|sim_data_341798b7487bf001|__AUTOMETRIC__
__AUTOMETRIC__|0.1.2|20848|crew_log_8350b8d5b5859fd5|0|1786327321.204|89.534|5.596|2096001024|2112626688|sim_data_341798b7487bf001|__AUTOMETRIC__
__AUTOMETRIC__|0.1.2|20848|crew_log_8350b8d5b5859fd5|0|1786327322.215|92.741|5.796|2089181184|2104086528|sim_data_341798b7487bf001|__AUTOMETRIC__
__AUTOMETRIC__|0.1.2|20848|crew_log_8350b8d5b5859fd5|0|1786327323.228|100.215|6.263|2087215104|2101723136|sim_data_341798b7487bf001|__AUTOMETRIC__
__AUTOMETRIC__|0.1.2|20848|crew_log_8350b8d5b5859fd5|0|1786327324.243|100.036|6.252|2087215104|2101723136|sim_data_341798b7487bf001|__AUTOMETRIC__
__AUTOMETRIC__|0.1.2|20848|crew_log_8350b8d5b5859fd5|0|1786327325.254|98.998|6.187|2088247296|2102689792|sim_data_341798b7487bf001|__AUTOMETRIC__
__AUTOMETRIC__|0.1.2|20848|crew_log_8350b8d5b5859fd5|0|1786327326.269|99.979|6.249|2088165376|2102607872|sim_data_341798b7487bf001|__AUTOMETRIC__
__AUTOMETRIC__|0.1.2|20848|crew_log_8350b8d5b5859fd5|0|1786327327.282|98.712|6.170|2088148992|2102591488|sim_data_341798b7487bf001|__AUTOMETRIC__
__AUTOMETRIC__|0.1.2|20848|crew_log_8350b8d5b5859fd5|0|1786327328.293|98.952|6.185|2088189952|2102636544|sim_data_341798b7487bf001|__AUTOMETRIC__
__AUTOMETRIC__|0.1.2|20848|crew_log_8350b8d5b5859fd5|0|1786327329.308|98.528|6.158|2089103360|2103549952|sim_data_341798b7487bf001|__AUTOMETRIC__
__AUTOMETRIC__|0.1.2|20848|crew_log_8350b8d5b5859fd5|0|1786327330.319|98.918|6.182|2089086976|2103529472|sim_data_341798b7487bf001|__AUTOMETRIC__
__AUTOMETRIC__|0.1.2|20848|crew_log_8350b8d5b5859fd5|0|1786327331.331|101.900|6.369|2089115648|2103562240|sim_data_341798b7487bf001|__AUTOMETRIC__
__AUTOMETRIC__|0.1.2|20848|crew_log_8350b8d5b5859fd5|0|1786327332.343|100.332|6.271|2089062400|2103504896|sim_data_341798b7487bf001|__AUTOMETRIC__
__AUTOMETRIC__|0.1.2|20848|crew_log_8350b8d5b5859fd5|0|1786327333.356|100.234|6.265|2090139648|2104582144|sim_data_341798b7487bf001|__AUTOMETRIC__
__AUTOMETRIC__|0.1.2|20848|crew_log_8350b8d5b5859fd5|0|1786327334.369|100.278|6.267|2090110976|2104557568|sim_data_341798b7487bf001|__AUTOMETRIC__
__AUTOMETRIC__|0.1.2|20848|crew_log_8350b8d5b5859fd5|0|1786327335.383|100.198|6.262|2090110976|2104557568|sim_data_341798b7487bf001|__AUTOMETRIC__
__AUTOMETRIC__|0.1.2|20848|crew_log_8350b8d5b5859fd5|0|1786327336.397|98.602|6.163|2197393408|2211844096|sim_data_341798b7487bf001|__AUTOMETRIC__
__AUTOMETRIC__|0.1.2|20848|crew_log_8350b8d5b5859fd5|0|1786327337.410|101.811|6.363|2261360640|2276200448|sim_data_341798b7487bf001|__AUTOMETRIC__
__AUTOMETRIC__|0.1.2|20848|crew_log_8350b8d5b5859fd5|0|1786327338.421|106.625|6.664|1875800064|1890308096|sim_data_341798b7487bf001|__AUTOMETRIC__
__AUTOMETRIC__|0.1.2|20848|crew_log_8350b8d5b5859fd5|0|1786327339.435|101.704|6.356|1988595712|2003570688|sim_data_341798b7487bf001|__AUTOMETRIC__
__AUTOMETRIC__|0.1.2|20848|crew_log_8350b8d5b5859fd5|0|1786327340.450|100.094|6.256|2106331136|2121228288|sim_data_341798b7487bf001|__AUTOMETRIC__
__AUTOMETRIC__|0.1.2|20848|crew_log_8350b8d5b5859fd5|0|1786327341.462|101.832|6.365|2064908288|2080194560|sim_data_341798b7487bf001|__AUTOMETRIC__
__AUTOMETRIC__|0.1.2|20848|crew_log_8350b8d5b5859fd5|0|1786327342.464|82.674|5.167|2062110720|2075983872|sim_data_341798b7487bf001|__AUTOMETRIC__
__AUTOMETRIC__|0.1.2|20848|crew_log_8350b8d5b5859fd5|0|1786327343.477|100.309|6.269|2059411456|2072875008|sim_data_341798b7487bf001|__AUTOMETRIC__
__AUTOMETRIC__|0.1.2|20848|crew_log_8350b8d5b5859fd5|0|1786327344.490|98.653|6.166|2059411456|2072875008|sim_data_341798b7487bf001|__AUTOMETRIC__
__AUTOMETRIC__|0.1.2|20848|crew_log_8350b8d5b5859fd5|0|1786327345.502|101.886|6.368|2060431360|2073829376|sim_data_341798b7487bf001|__AUTOMETRIC__
__AUTOMETRIC__|0.1.2|20848|crew_log_8350b8d5b5859fd5|0|1786327346.517|100.145|6.259|2060435456|2073833472|sim_data_341798b7487bf001|__AUTOMETRIC__
__AUTOMETRIC__|0.1.2|20848|crew_log_8350b8d5b5859fd5|0|1786327347.529|101.841|6.365|2060431360|2073829376|sim_data_341798b7487bf001|__AUTOMETRIC__
__AUTOMETRIC__|0.1.2|20848|crew_log_8350b8d5b5859fd5|0|1786327348.541|100.377|6.274|2061258752|2074656768|sim_data_341798b7487bf001|__AUTOMETRIC__
__AUTOMETRIC__|0.1.2|20848|crew_log_8350b8d5b5859fd5|0|1786327349.553|98.849|6.178|2061258752|2074656768|sim_data_341798b7487bf001|__AUTOMETRIC__
__AUTOMETRIC__|0.1.2|20848|crew_log_8350b8d5b5859fd5|0|1786327350.566|100.195|6.262|2062331904|2075725824|sim_data_341798b7487bf001|__AUTOMETRIC__
__AUTOMETRIC__|0.1.2|20848|crew_log_8350b8d5b5859fd5|0|1786327351.579|100.251|6.266|2062241792|2075635712|sim_data_341798b7487bf001|__AUTOMETRIC__
__AUTOMETRIC__|0.1.2|20848|crew_log_8350b8d5b5859fd5|0|1786327352.580|98.321|6.145|2062241792|2075635712|sim_data_341798b7487bf001|__AUTOMETRIC__
__AUTOMETRIC__|0.1.2|20848|crew_log_8350b8d5b5859fd5|0|1786327353.593|100.322|6.270|2097160192|2110582784|sim_data_341798b7487bf001|__AUTOMETRIC__
