__AUTOMETRIC__|0.1.2|30400|crew_log_4f2a959118ac35e6|0|1786327096.132|100.373|6.273|181350400|207556608|sim_data_aaf7239b1c98d314|__AUTOMETRIC__
__AUTOMETRIC__|0.1.2|30400|crew_log_4f2a959118ac35e6|0|1786327097.147|52.372|3.273|220250112|246145024|sim_data_aaf7239b1c98d314|__AUTOMETRIC__
__AUTOMETRIC__|0.1.2|30400|crew_log_4f2a959118ac35e6|0|1786327098.154|1.551|0.097|219963392|245858304|sim_data_aaf7239b1c98d314|__AUTOMETRIC__
__AUTOMETRIC__|0.1.2|30400|crew_log_4f2a959118ac35e6|0|1786327099.161|7.755|0.485|220102656|246013952|sim_data_aaf7239b1c98d314|__AUTOMETRIC__
__AUTOMETRIC__|0.1.2|30400|crew_log_4f2a959118ac35e6|0|1786327100.172|102.002|6.375|258195456|284307456|sim_data_aaf7239b1c98d314|__AUTOMETRIC__
__AUTOMETRIC__|0.1.2|30400|crew_log_4f2a959118ac35e6|0|1786327101.185|100.294|6.268|392495104|425099264|sim_data_aaf7239b1c98d314|__AUTOMETRIC__
__AUTOMETRIC__|0.1.2|30400|crew_log_4f2a959118ac35e6|0|1786327102.199|141.761|8.860|481931264|503947264|sim_data_aaf7239b1c98d314|__AUTOMETRIC__
__AUTOMETRIC__|0.1.2|30400|crew_log_4f2a959118ac35e6|0|1786327103.209|100.549|6.284|544030720|566276096|sim_data_aaf7239b1c98d314|__AUTOMETRIC__
__AUTOMETRIC__|0.1.2|30400|crew_log_4f2a959118ac35e6|0|1786327104.216|102.416|6.401|764235776|787349504|sim_data_aaf7239b1c98d314|__AUTOMETRIC__
__AUTOMETRIC__|0.1.2|30400|crew_log_4f2a959118ac35e6|0|1786327105.229|100.256|6.266|919535616|942776320|sim_data_aaf7239b1c98d314|__AUTOMETRIC__
__AUTOMETRIC__|0.1.2|30400|crew_log_4f2a959118ac35e6|0|1786327106.233|96.532|6.033|1109864448|1133776896|sim_data_aaf7239b1c98d314|__AUTOMETRIC__
__AUTOMETRIC__|0.1.2|30400|crew_log_4f2a959118ac35e6|0|1786327107.237|99.591|6.224|1300692992|1325305856|sim_data_aaf7239b1c98d314|__AUTOMETRIC__
__AUTOMETRIC__|0.1.2|30400|crew_log_4f2a959118ac35e6|0|1786327108.251|100.146|6.259|1493938176|1517826048|sim_data_aaf7239b1c98d314|__AUTOMETRIC__
__AUTOMETRIC__|0.1.2|30400|crew_log_4f2a959118ac35e6|0|1786327109.261|102.086|6.380|1510141952|1533681664|sim_data_aaf7239b1c98d314|__AUTOMETRIC__
__AUTOMETRIC__|0.1.2|30400|crew_log_4f2a959118ac35e6|0|1786327110.273|100.362|6.273|1571045376|1594163200|sim_data_aaf7239b1c98d314|__AUTOMETRIC__
__AUTOMETRIC__|0.1.2|30400|crew_log_4f2a959118ac35e6|0|1786327111.286|98.694|6.168|1798111232|1821618176|sim_data_aaf7239b1c98d314|__AUTOMETRIC__
__AUTOMETRIC__|0.1.2|30400|crew_log_4f2a959118ac35e6|0|1786327112.299|100.298|6.269|1854914560|1878933504|sim_data_aaf7239b1c98d314|__AUTOMETRIC__
__AUTOMETRIC__|0.1.2|30400|crew_log_4f2a959118ac35e6|0|1786327113.309|100.554|6.285|1866522624|1890529280|sim_data_aaf7239b1c98d314|__AUTOMETRIC__
__AUTOMETRIC__|0.1.2|30400|crew_log_4f2a959118ac35e6|0|1786327114.323|80.087|5.005|1873428480|1896177664|sim_data_aaf7239b1c98d314|__AUTOMETRIC__
__AUTOMETRIC__|0.1.2|30400|crew_log_4f2a959118ac35e6|0|1786327115.334|98.978|6.186|1872932864|1895682048|sim_data_aaf7239b1c98d314|__AUTOMETRIC__
__AUTOMETRIC__|0.1.2|30400|crew_log_4f2a959118ac35e6|0|1786327116.343|97.500|6.094|1872998400|1895747584|sim_data_aaf7239b1c98d314|__AUTOMETRIC__
__AUTOMETRIC__|0.1.2|30400|crew_log_4f2a959118ac35e6|0|1786327117.354|100.511|6.282|1873907712|1896591360|sim_data_aaf7239b1c98d314|__AUTOMETRIC__
__AUTOMETRIC__|0.1.2|30400|crew_log_4f2a959118ac35e6|0|1786327118.367|94.116|5.882|1873915904|1896599552|sim_data_aaf7239b1c98d314|__AUTOMETRIC__
__AUTOMETRIC__|0.1.2|30400|crew_log_4f2a959118ac35e6|0|1786327119.376|97.553|6.097|1873915904|1896599552|sim_data_aaf7239b1c98d314|__AUTOMETRIC__
__AUTOMETRIC__|0.1.2|30400|crew_log_4f2a959118ac35e6|0|1786327120.385|99.022|6.189|1873907712|1896591360|sim_data_aaf7239b1c98d314|__AUTOMETRIC__
__AUTOMETRIC__|0.1.2|30400|crew_log_4f2a959118ac35e6|0|1786327121.396|97.376|6.086|1873907712|1896591360|sim_data_aaf7239b1c98d314|__AUTOMETRIC__
__AUTOMETRIC__|0.1.2|30400|crew_log_4f2a959118ac35e6|0|1786327122.409|103.333|6.458|1874935808|1897619456|sim_data_aaf7239b1c98d314|__AUTOMETRIC__
__AUTOMETRIC__|0.1.2|30400|crew_log_4f2a959118ac35e6|0|1786327123.420|100.496|6.281|1874882560|1897566208|sim_data_aaf7239b1c98d314|__AUTOMETRIC__
__AUTOMETRIC__|0.1.2|30400|crew_log_4f2a959118ac35e6|0|1786327124.436|96.922|6.058|1874890752|1897574400|sim_data_aaf7239b1c98d314|__AUTOMETRIC__
__AUTOMETRIC__|0.1.2|30400|crew_log_4f2a959118ac35e6|0|1786327125.451|99.992|6.250|1874882560|1897566208|sim_data_aaf7239b1c98d314|__AUTOMETRIC__
__AUTOMETRIC__|0.1.2|30400|crew_log_4f2a959118ac35e6|0|1786327126.461|99.064|6.192|1875816448|1898500096|sim_data_aaf7239b1c98d314|__AUTOMETRIC__
__AUTOMETRIC__|0.1.2|30400|crew_log_4f2a959118ac35e6|0|1786327127.474|100.233|6.265|1875804160|1898487808|sim_data_aaf7239b1c98d314|__AUTOMETRIC__
__AUTOMETRIC__|0.1.2|30400|crew_log_4f2a959118ac35e6|0|1786327128.488|100.219|6.264|1875804160|1898487808|sim_data_aaf7239b1c98d314|__AUTOMETRIC__
__AUTOMETRIC__|0.1.2|30400|crew_log_4f2a959118ac35e6|0|1786327129.500|101.869|6.367|1981157376|2003898368|sim_data_aaf7239b1c98d314|__AUTOMETRIC__
__AUTOMETRIC__|0.1.2|30400|crew_log_4f2a959118ac35e6|0|1786327130.508|100.741|6.296|2014437376|2037456896|sim_data_aaf7239b1c98d314|__AUTOMETRIC__
__AUTOMETRIC__|0.1.2|30400|crew_log_4f2a959118ac35e6|0|1786327131.521|101.775|6.361|1901318144|1924333568|sim_data_aaf7239b1c98d314|__AUTOMETRIC__
__AUTOMETRIC__|0.1.2|30400|crew_log_4f2a959118ac35e6|0|1786327132.522|99.942|6.246|1903116288|1926209536|sim_data_aaf7239b1c98d314|__AUTOMETRIC__
__AUTOMETRIC__|0.1.2|30400|crew_log_4f2a959118ac35e6|0|1786327133.537|100.031|6.252|2018832384|2042494976|sim_data_aaf7239b1c98d314|__AUTOMETRIC__
__AUTOMETRIC__|0.1.2|30400|crew_log_4f2a959118ac35e6|0|1786327134.551|101.672|6.355|2011799552|2035523584|sim_data_aaf7239b1c98d314|__AUTOMETRIC__
__AUTOMETRIC__|0.1.2|30400|crew_log_4f2a959118ac35e6|0|1786327135.567|81.584|5.099|2021814272|2044682240|sim_data_aaf7239b1c98d314|__AUTOMETRIC__
__AUTOMETRIC__|0.1.2|30400|crew_log_4f2a959118ac35e6|0|1786327136.581|100.079|6.255|2017173504|2039300096|sim_data_aaf7239b1c98d314|__AUTOMETRIC__
__AUTOMETRIC__|0.1.2|30400|crew_log_4f2a959118ac35e6|0|1786327137.596|100.116|6.257|2016858112|2038910976|sim_data_aaf7239b1c98d314|__AUTOMETRIC__
__AUTOMETRIC__|0.1.2|30400|crew_log_4f2a959118ac35e6|0|1786327138.608|100.383|6.274|2016612352|2038665216|sim_data_aaf7239b1c98d314|__AUTOMETRIC__
__AUTOMETRIC__|0.1.2|30400|crew_log_4f2a959118ac35e6|0|1786327139.618|100.481|6.280|2016612352|2038665216|sim_data_aaf7239b1c98d314|__AUTOMETRIC__
__AUTOMETRIC__|0.1.2|30400|crew_log_4f2a959118ac35e6|0|1786327140.631|98.711|6.169|2016612352|2038665216|sim_data_aaf7239b1c98d314|__AUTOMETRIC__
__AUTOMETRIC__|0.1.2|30400|crew_log_4f2a959118ac35e6|0|1786327141.646|100.127|6.258|2017619968|2039607296|sim_data_aaf7239b1c98d314|__AUTOMETRIC__
__AUTOMETRIC__|0.1.2|30400|crew_log_4f2a959118ac35e6|0|1786327142.654|100.743|6.296|2017611776|2039599104|sim_data_aaf7239b1c98d314|__AUTOMETRIC__
__AUTOMETRIC__|0.1.2|30400|crew_log_4f2a959118ac35e6|0|1786327143.654|98.381|6.149|2017546240|2039533568|sim_data_aaf7239b1c98d314|__AUTOMETRIC__
__AUTOMETRIC__|0.1.2|30400|crew_log_4f2a959118ac35e6|0|1786327144.668|100.223|6.264|2017546240|2039533568|sim_data_aaf7239b1c98d314|__AUTOMETRIC__
__AUTOMETRIC__|0.1.2|30400|crew_log_4f2a959118ac35e6|0|1786327145.671|99.648|6.228|2017546240|2039533568|sim_data_aaf7239b1c98d314|__AUTOMETRIC__
__AUTOMETRIC__|0.1.2|30400|crew_log_4f2a959118ac35e6|0|1786327146.672|98.365|6.148|2018557952|2040545280|sim_data_aaf7239b1c98d314|__AUTOMETRIC__
__AUTOMETRIC__|0.1.2|30400|crew_log_4f2a959118ac35e6|0|1786327147.683|100.509|6.282|2018504704|2040492032|sim_data_aaf7239b1c98d314|__AUTOMETRIC__
__AUTOMETRIC__|0.1.2|30400|crew_log_4f2a959118ac35e6|0|1786327148.687|99.531|6.221|2018504704|2040492032|sim_data_aaf7239b1c98d314|__AUTOMETRIC__
__AUTOMETRIC__|0.1.2|30400|crew_log_4f2a959118ac35e6|0|1786327149.701|100.191|6.262|2018570240|2040557568|sim_data_aaf7239b1c98d314|__AUTOMETRIC__
__AUTOMETRIC__|0.1.2|30400|crew_log_4f2a959118ac35e6|0|1786327150.707|99.391|6.212|2019500032|2041487360|sim_data_aaf7239b1c98d314|__AUTOMETRIC__
__AUTOMETRIC__|0.1.2|30400|crew_log_4f2a959118ac35e6|0|1786327151.711|99.608|6.226|2019364864|2041352192|sim_data_aaf7239b1c98d314|__AUTOMETRIC__
__AUTOMETRIC__|0.1.2|30400|crew_log_4f2a959118ac35e6|0|1786327152.718|99.343|6.209|2019364864|2041352192|sim_data_aaf7239b1c98d314|__AUTOMETRIC__
__AUTOMETRIC__|0.1.2|30400|crew_log_4f2a959118ac35e6|0|1786327153.728|100.494|6.281|2019319808|2041274368|sim_data_aaf7239b1c98d314|__AUTOMETRIC__
__AUTOMETRIC__|0.1.2|30400|crew_log_4f2a959118ac35e6|0|1786327154.738|99.080|6.193|2019319808|2041274368|sim_data_aaf7239b1c98d314|__AUTOMETRIC__
__AUTOMETRIC__|0.1.2|30400|crew_log_4f2a959118ac35e6|0|1786327155.744|100.903|6.306|2019319808|2041274368|sim_data_aaf7239b1c98d314|__AUTOMETRIC__
__AUTOMETRIC__|0.1.2|30400|crew_log_4f2a959118ac35e6|0|1786327156.749|96.383|6.024|2019319808|2041274368|sim_data_aaf7239b1c98d314|__AUTOMETRIC__
__AUTOMETRIC__|0.1.2|30400|crew_log_4f2a959118ac35e6|0|1786327157.756|99.326|6.208|2097258496|2119303168|sim_data_aaf7239b1c98d314|__AUTOMETRIC__
__AUTOMETRIC__|0.1.2|30400|crew_log_4f2a959118ac35e6|0|1786327158.767|108.128|6.758|1801990144|1824407552|sim_data_aaf7239b1c98d314|__AUTOMETRIC__
__AUTOMETRIC__|0.1.2|30400|crew_log_4f2a959118ac35e6|0|1786327159.769|99.831|6.239|1772085248|1794756608|sim_data_aaf7239b1c98d314|__AUTOMETRIC__
__AUTOMETRIC__|0.1.2|30400|crew_log_4f2a959118ac35e6|0|1786327160.776|99.318|6.207|1879052288|1901613056|sim_data_aaf7239b1c98d314|__AUTOMETRIC__
__AUTOMETRIC__|0.1.2|30400|crew_log_4f2a959118ac35e6|0|1786327161.777|98.331|6.146|1991663616|2013982720|sim_data_aaf7239b1c98d314|__AUTOMETRIC__
__AUTOMETRIC__|0.1.2|30400|crew_log_4f2a959118ac35e6|0|1786327162.789|101.894|6.368|2011893760|2034565120|sim_data_aaf7239b1c98d314|__AUTOMETRIC__
__AUTOMETRIC__|0.1.2|30400|crew_log_4f2a959118ac35e6|0|1786327163.796|79.126|4.945|2016370688|2037813248|sim_data_aaf7239b1c98d314|__AUTOMETRIC__
__AUTOMETRIC__|0.1.2|30400|crew_log_4f2a959118ac35e6|0|1786327164.799|99.698|6.231|2015776768|2037153792|sim_data_aaf7239b1c98d314|__AUTOMETRIC__
__AUTOMETRIC__|0.1.2|30400|crew_log_4f2a959118ac35e6|0|1786327165.801|99.829|6.239|2015850496|2037227520|sim_data_aaf7239b1c98d314|__AUTOMETRIC__
__AUTOMETRIC__|0.1.2|30400|crew_log_4f2a959118ac35e6|0|1786327166.806|101.057|6.316|2016858112|2038054912|sim_data_aaf7239b1c98d314|__AUTOMETRIC__
__AUTOMETRIC__|0.1.2|30400|crew_log_4f2a959118ac35e6|0|1786327167.812|99.430|6.214|2016784384|2037981184|sim_data_aaf7239b1c98d314|__AUTOMETRIC__
__AUTOMETRIC__|0.1.2|30400|crew_log_4f2a959118ac35e6|0|1786327168.823|100.461|6.279|2016776192|2037972992|sim_data_aaf7239b1c98d314|__AUTOMETRIC__
__AUTOMETRIC__|0.1.2|30400|crew_log_4f2a959118ac35e6|0|1786327169.823|96.835|6.052|2017722368|2038919168|sim_data_aaf7239b1c98d314|__AUTOMETRIC__
__AUTOMETRIC__|0.1.2|30400|crew_log_4f2a959118ac35e6|0|1786327170.829|99.398|6.212|2017603584|2038800384|sim_data_aaf7239b1c98d314|__AUTOMETRIC__
__AUTOMETRIC__|0.1.2|30400|crew_log_4f2a959118ac35e6|0|1786327171.836|100.842|6.303|2017660928|2038857728|sim_data_aaf7239b1c98d314|__AUTOMETRIC__
__AUTOMETRIC__|0.1.2|30400|crew_log_4f2a959118ac35e6|0|1786327172.845|97.595|6.100|2018656256|2039853056|sim_data_aaf7239b1c98d314|__AUTOMETRIC__
__AUTOMETRIC__|0.1.2|30400|crew_log_4f2a959118ac35e6|0|1786327173.851|100.931|6.308|2018619392|2039816192|sim_data_aaf7239b1c98d314|__AUTOMETRIC__
__AUTOMETRIC__|0.1.2|30400|crew_log_4f2a959118ac35e6|0|1786327174.856|99.536|6.221|2018619392|2039816192|sim_data_aaf7239b1c98d314|__AUTOMETRIC__
__AUTOMETRIC__|0.1.2|30400|crew_log_4f2a959118ac35e6|0|1786327175.868|98.810|6.176|2087350272|2108547072|sim_data_aaf7239b1c98d314|__AUTOMETRIC__
__AUTOMETRIC__|0.1.2|30400|crew_log_4f2a959118ac35e6|0|1786327176.877|100.637|6.290|2105958400|2127470592|sim_data_aaf7239b1c98d314|__AUTOMETRIC__
__AUTOMETRIC__|0.1.2|30400|crew_log_4f2a959118ac35e6|0|1786327177.885|106.999|6.687|1926864896|1948114944|sim_data_aaf7239b1c98d314|__AUTOMETRIC__
__AUTOMETRIC__|0.1.2|30400|crew_log_4f2a959118ac35e6|0|1786327178.891|99.357|6.210|1850716160|1872183296|sim_data_aaf7239b1c98d314|__AUTOMETRIC__
__AUTOMETRIC__|0.1.2|30400|crew_log_4f2a959118ac35e6|0|1786327179.898|99.363|6.210|1966432256|1987911680|sim_data_aaf7239b1c98d314|__AUTOMETRIC__
__AUTOMETRIC__|0.1.2|30400|crew_log_4f2a959118ac35e6|0|1786327180.905|100.839|6.302|2087370752|2108653568|sim_data_aaf7239b1c98d314|__AUTOMETRIC__
__AUTOMETRIC__|0.1.2|30400|crew_log_4f2a959118ac35e6|0|1786327181.909|99.607|6.225|2014355456|2035970048|sim_data_aaf7239b1c98d314|__AUTOMETRIC__
__AUTOMETRIC__|0.1.2|30400|crew_log_4f2a959118ac35e6|0|1786327182.914|79.279|4.955|2015956992|2036248576|sim_data_aaf7239b1c98d314|__AUTOMETRIC__
__AUTOMETRIC__|0.1.2|30400|crew_log_4f2a959118ac35e6|0|1786327183.922|97.665|6.104|2015416320|2035707904|sim_data_aaf7239b1c98d314|__AUTOMETRIC__
__AUTOMETRIC__|0.1.2|30400|crew_log_4f2a959118ac35e6|0|1786327184.928|99.366|6.210|2015416320|2035707904|sim_data_aaf7239b1c98d314|__AUTOMETRIC__
__AUTOMETRIC__|0.1.2|30400|crew_log_4f2a959118ac35e6|0|1786327185.935|102.418|6.401|2016505856|2036633600|sim_data_aaf7239b1c98d314|__AUTOMETRIC__
__AUTOMETRIC__|0.1.2|30400|crew_log_4f2a959118ac35e6|0|1786327186.938|98.166|6.135|2016423936|2036551680|sim_data_aaf7239b1c98d314|__AUTOMETRIC__
__AUTOMETRIC__|0.1.2|30400|crew_log_4f2a959118ac35e6|0|1786327187.945|99.289|6.206|2016423936|2036551680|sim_data_aaf7239b1c98d314|__AUTOMETRIC__
__AUTOMETRIC__|0.1.2|30400|crew_log_4f2a959118ac35e6|0|1786327188.951|99.368|6.210|2017443840|2037571584|sim_data_aaf7239b1c98d314|__AUTOMETRIC__
__AUTOMETRIC__|0.1.2|30400|crew_log_4f2a959118ac35e6|0|1786327189.960|99.132|6.196|2017300480|2037428224|sim_data_aaf7239b1c98d314|__AUTOMETRIC__
__AUTOMETRIC__|0.1.2|30400|crew_log_4f2a959118ac35e6|0|1786327190.964|101.145|6.322|2017366016|2037493760|sim_data_aaf7239b1c98d314|__AUTOMETRIC__
__AUTOMETRIC__|0.1.2|30400|crew_log_4f2a959118ac35e6|0|1786327191.970|99.398|6.212|2018369536|2038497280|sim_data_aaf7239b1c98d314|__AUTOMETRIC__
__AUTOMETRIC__|0.1.2|30400|crew_log_4f2a959118ac35e6|0|1786327192.978|100.827|6.302|2018295808|2038423552|sim_data_aaf7239b1c98d314|__AUTOMETRIC__
__AUTOMETRIC__|0.1.2|30400|crew_log_4f2a959118ac35e6|0|1786327193.980|99.780|6.236|2039111680|2059386880|sim_data_aaf7239b1c98d314|__AUTOMETRIC__
__AUTOMETRIC__|0.1.2|30400|crew_log_4f2a959118ac35e6|0|1786327194.984|99.580|6.224|2183954432|2204487680|sim_data_aaf7239b1c98d314|__AUTOMETRIC__
__AUTOMETRIC__|0.1.2|30400|crew_log_4f2a959118ac35e6|0|1786327195.990|99.416|6.213|2168160256|2188365824|sim_data_aaf7239b1c98d314|__AUTOMETRIC__
__AUTOMETRIC__|0.1.2|30400|crew_log_4f2a959118ac35e6|0|1786327197.002|101.933|6.371|2011590656|2031804416|sim_data_aaf7239b1c98d314|__AUTOMETRIC__
__AUTOMETRIC__|0.1.2|30400|crew_log_4f2a959118ac35e6|0|1786327198.011|100.606|6.288|2018615296|2039148544|sim_data_aaf7239b1c98d314|__AUTOMETRIC__
__AUTOMETRIC__|0.1.2|30400|crew_log_4f2a959118ac35e6|0|1786327199.024|101.838|6.365|2029416448|2050179072|sim_data_aaf7239b1c98d314|__AUTOMETRIC__
__AUTOMETRIC__|0.1.2|30400|crew_log_4f2a959118ac35e6|0|1786327200.038|80.087|5.005|2020524032|2039754752|sim_data_aaf7239b1c98d314|__AUTOMETRIC__
__AUTOMETRIC__|0.1.2|30400|crew_log_4f2a959118ac35e6|0|1786327201.041|99.723|6.233|2020597760|2039828480|sim_data_aaf7239b1c98d314|__AUTOMETRIC__
__AUTOMETRIC__|0.1.2|30400|crew_log_4f2a959118ac35e6|0|1786327202.050|99.129|6.196|2019303424|2038521856|sim_data_aaf7239b1c98d314|__AUTOMETRIC__
__AUTOMETRIC__|0.1.2|30400|crew_log_4f2a959118ac35e6|0|1786327203.056|100.943|6.309|2019094528|2038312960|sim_data_aaf7239b1c98d314|__AUTOMETRIC__
__AUTOMETRIC__|0.1.2|30400|crew_log_4f2a959118ac35e6|0|1786327204.063|96.163|6.010|2020216832|2039369728|sim_data_aaf7239b1c98d314|__AUTOMETRIC__
__AUTOMETRIC__|0.1.2|30400|crew_log_4f2a959118ac35e6|0|1786327205.070|100.939|6.309|2020184064|2039336960|sim_data_aaf7239b1c98d314|__AUTOMETRIC__
__AUTOMETRIC__|0.1.2|30400|crew_log_4f2a959118ac35e6|0|1786327206.081|98.862|6.179|2020110336|2039263232|sim_data_aaf7239b1c98d314|__AUTOMETRIC__
__AUTOMETRIC__|0.1.2|30400|crew_log_4f2a959118ac35e6|0|1786327207.093|100.414|6.276|2021031936|2040184832|sim_data_aaf7239b1c98d314|__AUTOMETRIC__
__AUTOMETRIC__|0.1.2|30400|crew_log_4f2a959118ac35e6|0|1786327208.098|99.414|6.213|2020958208|2040111104|sim_data_aaf7239b1c98d314|__AUTOMETRIC__
__AUTOMETRIC__|0.1.2|30400|crew_log_4f2a959118ac35e6|0|1786327209.100|99.883|6.243|2021023744|2040176640|sim_data_aaf7239b1c98d314|__AUTOMETRIC__
__AUTOMETRIC__|0.1.2|30400|crew_log_4f2a959118ac35e6|0|1786327210.109|102.183|6.386|2020958208|2040111104|sim_data_aaf7239b1c98d314|__AUTOMETRIC__
__AUTOMETRIC__|0.1.2|30400|crew_log_4f2a959118ac35e6|0|1786327211.119|97.399|6.087|2021949440|2041102336|sim_data_aaf7239b1c98d314|__AUTOMETRIC__
__AUTOMETRIC__|0.1.2|30400|crew_log_4f2a959118ac35e6|0|1786327212.131|97.333|6.083|2021871616|2041024512|sim_data_aaf7239b1c98d314|__AUTOMETRIC__
__AUTOMETRIC__|0.1.2|30400|crew_log_4f2a959118ac35e6|0|1786327213.146|98.544|6.159|2021937152|2041090048|sim_data_aaf7239b1c98d314|__AUTOMETRIC__
__AUTOMETRIC__|0.1.2|30400|crew_log_4f2a959118ac35e6|0|1786327214.158|100.289|6.268|2051063808|2070245376|sim_data_aaf7239b1c98d314|__AUTOMETRIC__
__AUTOMETRIC__|0.1.2|30400|crew_log_4f2a959118ac35e6|0|1786327215.171|101.833|6.365|2132299776|2151882752|sim_data_aaf7239b1c98d314|__AUTOMETRIC__
__AUTOMETRIC__|0.1.2|30400|crew_log_4f2a959118ac35e6|0|1786327216.180|103.773|6.486|2034593792|2053873664|sim_data_aaf7239b1c98d314|__AUTOMETRIC__
__AUTOMETRIC__|0.1.2|30400|crew_log_4f2a959118ac35e6|0|1786327217.192|98.772|6.173|2038206464|2057510912|sim_data_aaf7239b1c98d314|__AUTOMETRIC__
__AUTOMETRIC__|0.1.2|30400|crew_log_4f2a959118ac35e6|0|1786327218.208|100.008|6.250|2045100032|2064994304|sim_data_aaf7239b1c98d314|__AUTOMETRIC__
__AUTOMETRIC__|0.1.2|30400|crew_log_4f2a959118ac35e6|0|1786327219.221|100.244|6.265|2047246336|2067124224|sim_data_aaf7239b1c98d314|__AUTOMETRIC__
