__AUTOMETRIC__|0.1.2|21284|crew_log_f4b3f61865b6202b|0|1786393229.809|85.793|2.681|232599552|257867776|sim_data_341798b7487bf001|__AUTOMETRIC__
__AUTOMETRIC__|0.1.2|21284|crew_log_f4b3f61865b6202b|0|1786393230.814|93.247|2.914|413528064|444469248|sim_data_341798b7487bf001|__AUTOMETRIC__
__AUTOMETRIC__|0.1.2|21284|crew_log_f4b3f61865b6202b|0|1786393231.817|98.204|3.069|810631168|842158080|sim_data_341798b7487bf001|__AUTOMETRIC__
__AUTOMETRIC__|0.1.2|21284|crew_log_f4b3f61865b6202b|0|1786393232.827|91.245|2.851|1178546176|1209745408|sim_data_341798b7487bf001|__AUTOMETRIC__
__AUTOMETRIC__|0.1.2|21284|crew_log_f4b3f61865b6202b|0|1786393233.829|95.111|2.972|1692889088|1725849600|sim_data_341798b7487bf001|__AUTOMETRIC__
__AUTOMETRIC__|0.1.2|21284|crew_log_f4b3f61865b6202b|0|1786393234.832|102.845|3.214|1944432640|1969684480|sim_data_341798b7487bf001|__AUTOMETRIC__
__AUTOMETRIC__|0.1.2|21284|crew_log_f4b3f61865b6202b|0|1786393235.836|99.557|3.111|2343550976|2370289664|sim_data_341798b7487bf001|__AUTOMETRIC__
__AUTOMETRIC__|0.1.2|21284|crew_log_f4b3f61865b6202b|0|1786393236.838|99.827|3.120|2834059264|2861801472|sim_data_341798b7487bf001|__AUTOMETRIC__
__AUTOMETRIC__|0.1.2|21284|crew_log_f4b3f61865b6202b|0|1786393237.842|98.070|3.065|3413868544|3442970624|sim_data_341798b7487bf001|__AUTOMETRIC__
__AUTOMETRIC__|0.1.2|21284|crew_log_f4b3f61865b6202b|0|1786393238.843|96.773|3.024|3823149056|3853365248|sim_data_341798b7487bf001|__AUTOMETRIC__
__AUTOMETRIC__|0.1.2|21284|crew_log_f4b3f61865b6202b|0|1786393239.846|99.705|3.116|4110585856|4141547520|sim_data_341798b7487bf001|__AUTOMETRIC__
__AUTOMETRIC__|0.1.2|21284|crew_log_f4b3f61865b6202b|0|1786393240.847|96.763|3.024|652382208|685891584|sim_data_341798b7487bf001|__AUTOMETRIC__
__AUTOMETRIC__|0.1.2|21284|crew_log_f4b3f61865b6202b|0|1786393241.850|101.260|3.164|654532608|688046080|sim_data_341798b7487bf001|__AUTOMETRIC__
__AUTOMETRIC__|0.1.2|21284|crew_log_f4b3f61865b6202b|0|1786393242.860|97.444|3.045|1526312960|1561681920|sim_data_341798b7487bf001|__AUTOMETRIC__
__AUTOMETRIC__|0.1.2|21284|crew_log_f4b3f61865b6202b|0|1786393243.865|101.057|3.158|1663275008|1699000320|sim_data_341798b7487bf001|__AUTOMETRIC__
__AUTOMETRIC__|0.1.2|21284|crew_log_f4b3f61865b6202b|0|1786393244.869|97.999|3.062|2132738048|2169868288|sim_data_341798b7487bf001|__AUTOMETRIC__
__AUTOMETRIC__|0.1.2|21284|crew_log_f4b3f61865b6202b|0|1786393245.875|96.369|3.012|2870878208|2909712384|sim_data_341798b7487bf001|__AUTOMETRIC__
__AUTOMETRIC__|0.1.2|21284|crew_log_f4b3f61865b6202b|0|1786393246.889|100.123|3.129|2870280192|2908983296|sim_data_341798b7487bf001|__AUTOMETRIC__
__AUTOMETRIC__|0.1.2|21284|crew_log_f4b3f61865b6202b|0|1786393247.892|99.704|3.116|3563532288|3604021248|sim_data_341798b7487bf001|__AUTOMETRIC__
__AUTOMETRIC__|0.1.2|21284|crew_log_f4b3f61865b6202b|0|1786393248.907|100.049|3.127|35840000|78819328|sim_data_341798b7487bf001|__AUTOMETRIC__
__AUTOMETRIC__|0.1.2|21284|crew_log_f4b3f61865b6202b|0|1786393249.913|100.972|3.155|35479552|77946880|sim_data_341798b7487bf001|__AUTOMETRIC__
__AUTOMETRIC__|0.1.2|21284|crew_log_f4b3f61865b6202b|0|1786393250.927|97.096|3.034|522579968|566300672|sim_data_341798b7487bf001|__AUTOMETRIC__
__AUTOMETRIC__|0.1.2|21284|crew_log_f4b3f61865b6202b|0|1786393251.931|101.154|3.161|1775800320|1822883840|sim_data_341798b7487bf001|__AUTOMETRIC__
__AUTOMETRIC__|0.1.2|21284|crew_log_f4b3f61865b6202b|0|1786393252.942|97.347|3.042|1781415936|1828384768|sim_data_341798b7487bf001|__AUTOMETRIC__
__AUTOMETRIC__|0.1.2|21284|crew_log_f4b3f61865b6202b|0|1786393253.948|99.372|3.105|1781424128|1828392960|sim_data_341798b7487bf001|__AUTOMETRIC__
__AUTOMETRIC__|0.1.2|21284|crew_log_f4b3f61865b6202b|0|1786393254.964|98.507|3.078|2200444928|2248708096|sim_data_341798b7487bf001|__AUTOMETRIC__
__AUTOMETRIC__|0.1.2|21284|crew_log_f4b3f61865b6202b|0|1786393255.970|96.268|3.008|3429076992|3480424448|sim_data_341798b7487bf001|__AUTOMETRIC__
__AUTOMETRIC__|0.1.2|21284|crew_log_f4b3f61865b6202b|0|1786393256.985|100.054|3.127|3875692544|3928252416|sim_data_341798b7487bf001|__AUTOMETRIC__
__AUTOMETRIC__|0.1.2|21284|crew_log_f4b3f61865b6202b|0|1786393257.990|99.491|3.109|3875389440|3927752704|sim_data_341798b7487bf001|__AUTOMETRIC__
__AUTOMETRIC__|0.1.2|21284|crew_log_f4b3f61865b6202b|0|1786393259.003|100.281|3.134|3875434496|3927826432|sim_data_341798b7487bf001|__AUTOMETRIC__
__AUTOMETRIC__|0.1.2|21284|crew_log_f4b3f61865b6202b|0|1786393260.018|101.590|3.175|4243091456|1466368|sim_data_341798b7487bf001|__AUTOMETRIC__
__AUTOMETRIC__|0.1.2|21284|crew_log_f4b3f61865b6202b|0|1786393261.023|97.959|3.061|1245790208|1302470656|sim_data_341798b7487bf001|__AUTOMETRIC__
__AUTOMETRIC__|0.1.2|21284|crew_log_f4b3f61865b6202b|0|1786393262.027|98.034|3.064|2097631232|2156638208|sim_data_341798b7487bf001|__AUTOMETRIC__
__AUTOMETRIC__|0.1.2|21284|crew_log_f4b3f61865b6202b|0|1786393263.027|99.988|3.125|2097270784|2156146688|sim_data_341798b7487bf001|__AUTOMETRIC__
__AUTOMETRIC__|0.1.2|21284|crew_log_f4b3f61865b6202b|0|1786393264.042|98.547|3.080|2097278976|2156154880|sim_data_341798b7487bf001|__AUTOMETRIC__
__AUTOMETRIC__|0.1.2|21284|crew_log_f4b3f61865b6202b|0|1786393265.057|98.482|3.078|2097037312|2155913216|sim_data_341798b7487bf001|__AUTOMETRIC__
__AUTOMETRIC__|0.1.2|21284|crew_log_f4b3f61865b6202b|0|1786393266.070|98.688|3.084|2577883136|2638004224|sim_data_341798b7487bf001|__AUTOMETRIC__
__AUTOMETRIC__|0.1.2|21284|crew_log_f4b3f61865b6202b|0|1786393267.074|101.257|3.164|3843944448|3907452928|sim_data_341798b7487bf001|__AUTOMETRIC__
__AUTOMETRIC__|0.1.2|21284|crew_log_f4b3f61865b6202b|0|1786393268.077|99.693|3.115|754077696|820764672|sim_data_341798b7487bf001|__AUTOMETRIC__
__AUTOMETRIC__|0.1.2|21284|crew_log_f4b3f61865b6202b|0|1786393269.093|99.903|3.122|829677568|896561152|sim_data_341798b7487bf001|__AUTOMETRIC__
__AUTOMETRIC__|0.1.2|21284|crew_log_f4b3f61865b6202b|0|1786393270.096|99.691|3.115|829685760|896569344|sim_data_341798b7487bf001|__AUTOMETRIC__
__AUTOMETRIC__|0.1.2|21284|crew_log_f4b3f61865b6202b|0|1786393271.106|102.146|3.192|829386752|896073728|sim_data_341798b7487bf001|__AUTOMETRIC__
__AUTOMETRIC__|0.1.2|21284|crew_log_f4b3f61865b6202b|0|1786393272.109|99.734|3.117|829394944|896081920|sim_data_341798b7487bf001|__AUTOMETRIC__
__AUTOMETRIC__|0.1.2|21284|crew_log_f4b3f61865b6202b|0|1786393273.114|101.048|3.158|829353984|896040960|sim_data_341798b7487bf001|__AUTOMETRIC__
__AUTOMETRIC__|0.1.2|21284|crew_log_f4b3f61865b6202b|0|1786393274.120|100.967|3.155|1316028416|1384099840|sim_data_341798b7487bf001|__AUTOMETRIC__
__AUTOMETRIC__|0.1.2|21284|crew_log_f4b3f61865b6202b|0|1786393275.126|102.426|3.201|2588717056|2659938304|sim_data_341798b7487bf001|__AUTOMETRIC__
__AUTOMETRIC__|0.1.2|21284|crew_log_f4b3f61865b6202b|0|1786393276.128|96.745|3.023|3729657856|3804274688|sim_data_341798b7487bf001|__AUTOMETRIC__
__AUTOMETRIC__|0.1.2|21284|crew_log_f4b3f61865b6202b|0|1786393277.142|100.159|3.130|168943616|245194752|sim_data_341798b7487bf001|__AUTOMETRIC__
__AUTOMETRIC__|0.1.2|21284|crew_log_f4b3f61865b6202b|0|1786393278.155|101.737|3.179|168472576|244527104|sim_data_341798b7487bf001|__AUTOMETRIC__
__AUTOMETRIC__|0.1.2|21284|crew_log_f4b3f61865b6202b|0|1786393279.156|99.926|3.123|168472576|244527104|sim_data_341798b7487bf001|__AUTOMETRIC__
__AUTOMETRIC__|0.1.2|21284|crew_log_f4b3f61865b6202b|0|1786393280.170|101.687|3.178|168386560|244441088|sim_data_341798b7487bf001|__AUTOMETRIC__
__AUTOMETRIC__|0.1.2|21284|crew_log_f4b3f61865b6202b|0|1786393281.183|98.714|3.085|168386560|244441088|sim_data_341798b7487bf001|__AUTOMETRIC__
__AUTOMETRIC__|0.1.2|21284|crew_log_f4b3f61865b6202b|0|1786393282.198|98.522|3.079|168398848|244453376|sim_data_341798b7487bf001|__AUTOMETRIC__
__AUTOMETRIC__|0.1.2|21284|crew_log_f4b3f61865b6202b|0|1786393283.213|100.105|3.128|168407040|244461568|sim_data_341798b7487bf001|__AUTOMETRIC__
__AUTOMETRIC__|0.1.2|21284|crew_log_f4b3f61865b6202b|0|1786393284.216|98.095|3.065|545157120|622444544|sim_data_341798b7487bf001|__AUTOMETRIC__
__AUTOMETRIC__|0.1.2|21284|crew_log_f4b3f61865b6202b|0|1786393285.217|101.503|3.172|1769992192|1850306560|sim_data_341798b7487bf001|__AUTOMETRIC__
__AUTOMETRIC__|0.1.2|21284|crew_log_f4b3f61865b6202b|0|1786393286.219|84.161|2.630|2521808896|2603257856|sim_data_341798b7487bf001|__AUTOMETRIC__
__AUTOMETRIC__|0.1.2|21284|crew_log_f4b3f61865b6202b|0|1786393287.223|99.687|3.115|2989117440|3069894656|sim_data_341798b7487bf001|__AUTOMETRIC__
__AUTOMETRIC__|0.1.2|21284|crew_log_f4b3f61865b6202b|0|1786393288.226|104.296|3.259|3268247552|3350794240|sim_data_341798b7487bf001|__AUTOMETRIC__
__AUTOMETRIC__|0.1.2|21284|crew_log_f4b3f61865b6202b|0|1786393289.236|99.057|3.096|3366981632|3448471552|sim_data_341798b7487bf001|__AUTOMETRIC__
__AUTOMETRIC__|0.1.2|21284|crew_log_f4b3f61865b6202b|0|1786393290.241|99.498|3.109|3365117952|3446497280|sim_data_341798b7487bf001|__AUTOMETRIC__
__AUTOMETRIC__|0.1.2|21284|crew_log_f4b3f61865b6202b|0|1786393291.245|99.606|3.113|3364872192|3446251520|sim_data_341798b7487bf001|__AUTOMETRIC__
__AUTOMETRIC__|0.1.2|21284|crew_log_f4b3f61865b6202b|0|1786393292.253|102.291|3.197|3367997440|3449327616|sim_data_341798b7487bf001|__AUTOMETRIC__
__AUTOMETRIC__|0.1.2|21284|crew_log_f4b3f61865b6202b|0|1786393293.260|99.307|3.103|3367997440|3449327616|sim_data_341798b7487bf001|__AUTOMETRIC__
__AUTOMETRIC__|0.1.2|21284|crew_log_f4b3f61865b6202b|0|1786393294.268|100.797|3.150|3368251392|3449581568|sim_data_341798b7487bf001|__AUTOMETRIC__
__AUTOMETRIC__|0.1.2|21284|crew_log_f4b3f61865b6202b|0|1786393295.273|99.452|3.108|3370909696|3452243968|sim_data_341798b7487bf001|__AUTOMETRIC__
__AUTOMETRIC__|0.1.2|21284|crew_log_f4b3f61865b6202b|0|1786393296.284|98.968|3.093|3370971136|3452305408|sim_data_341798b7487bf001|__AUTOMETRIC__
__AUTOMETRIC__|0.1.2|21284|crew_log_f4b3f61865b6202b|0|1786393297.288|99.558|3.111|3374268416|3455619072|sim_data_341798b7487bf001|__AUTOMETRIC__
__AUTOMETRIC__|0.1.2|21284|crew_log_f4b3f61865b6202b|0|1786393298.296|99.204|3.100|3374194688|3455537152|sim_data_341798b7487bf001|__AUTOMETRIC__
__AUTOMETRIC__|0.1.2|21284|crew_log_f4b3f61865b6202b|0|1786393299.307|100.466|3.140|3374194688|3455537152|sim_data_341798b7487bf001|__AUTOMETRIC__
__AUTOMETRIC__|0.1.2|21284|crew_log_f4b3f61865b6202b|0|1786393300.318|100.490|3.140|3756429312|3838627840|sim_data_341798b7487bf001|__AUTOMETRIC__
__AUTOMETRIC__|0.1.2|21284|crew_log_f4b3f61865b6202b|0|1786393301.323|99.499|3.109|3756142592|3838476288|sim_data_341798b7487bf001|__AUTOMETRIC__
__AUTOMETRIC__|0.1.2|21284|crew_log_f4b3f61865b6202b|0|1786393302.338|100.004|3.125|3756142592|3838476288|sim_data_341798b7487bf001|__AUTOMETRIC__
__AUTOMETRIC__|0.1.2|21284|crew_log_f4b3f61865b6202b|0|1786393303.345|99.306|3.103|3754889216|3836895232|sim_data_341798b7487bf001|__AUTOMETRIC__
__AUTOMETRIC__|0.1.2|21284|crew_log_f4b3f61865b6202b|0|1786393304.349|101.174|3.162|3754889216|3836895232|sim_data_341798b7487bf001|__AUTOMETRIC__
__AUTOMETRIC__|0.1.2|21284|crew_log_f4b3f61865b6202b|0|1786393305.356|99.338|3.104|3754889216|3836895232|sim_data_341798b7487bf001|__AUTOMETRIC__
__AUTOMETRIC__|0.1.2|21284|crew_log_f4b3f61865b6202b|0|1786393306.368|98.812|3.088|3754889216|3836895232|sim_data_341798b7487bf001|__AUTOMETRIC__
__AUTOMETRIC__|0.1.2|21284|crew_log_f4b3f61865b6202b|0|1786393307.375|105.524|3.298|3915735040|3998302208|sim_data_341798b7487bf001|__AUTOMETRIC__
__AUTOMETRIC__|0.1.2|21284|crew_log_f4b3f61865b6202b|0|1786393308.383|99.146|3.098|225652736|308703232|sim_data_341798b7487bf001|__AUTOMETRIC__
__AUTOMETRIC__|0.1.2|21284|crew_log_f4b3f61865b6202b|0|1786393309.386|101.237|3.164|468013056|551075840|sim_data_341798b7487bf001|__AUTOMETRIC__
__AUTOMETRIC__|0.1.2|21284|crew_log_f4b3f61865b6202b|0|1786393310.390|99.630|3.113|468230144|551292928|sim_data_341798b7487bf001|__AUTOMETRIC__
__AUTOMETRIC__|0.1.2|21284|crew_log_f4b3f61865b6202b|0|1786393311.392|99.830|3.120|467431424|550412288|sim_data_341798b7487bf001|__AUTOMETRIC__
__AUTOMETRIC__|0.1.2|21284|crew_log_f4b3f61865b6202b|0|1786393312.400|102.276|3.196|470491136|553431040|sim_data_341798b7487bf001|__AUTOMETRIC__
__AUTOMETRIC__|0.1.2|21284|crew_log_f4b3f61865b6202b|0|1786393313.405|99.495|3.109|470380544|553312256|sim_data_341798b7487bf001|__AUTOMETRIC__
__AUTOMETRIC__|0.1.2|21284|crew_log_f4b3f61865b6202b|0|1786393314.412|102.426|3.201|473436160|556380160|sim_data_341798b7487bf001|__AUTOMETRIC__
__AUTOMETRIC__|0.1.2|21284|crew_log_f4b3f61865b6202b|0|1786393315.415|99.664|3.114|473354240|556290048|sim_data_341798b7487bf001|__AUTOMETRIC__
__AUTOMETRIC__|0.1.2|21284|crew_log_f4b3f61865b6202b|0|1786393316.424|100.713|3.147|473333760|556269568|sim_data_341798b7487bf001|__AUTOMETRIC__
__AUTOMETRIC__|0.1.2|21284|crew_log_f4b3f61865b6202b|0|1786393317.432|100.746|3.148|476327936|559083520|sim_data_341798b7487bf001|__AUTOMETRIC__
__AUTOMETRIC__|0.1.2|21284|crew_log_f4b3f61865b6202b|0|1786393318.442|102.052|3.189|476356608|559300608|sim_data_341798b7487bf001|__AUTOMETRIC__
__AUTOMETRIC__|0.1.2|21284|crew_log_f4b3f61865b6202b|0|1786393319.449|99.329|3.104|825327616|908812288|sim_data_341798b7487bf001|__AUTOMETRIC__
__AUTOMETRIC__|0.1.2|21284|crew_log_f4b3f61865b6202b|0|1786393320.455|110.306|3.447|291180544|375582720|sim_data_341798b7487bf001|__AUTOMETRIC__
__AUTOMETRIC__|0.1.2|21284|crew_log_f4b3f61865b6202b|0|1786393321.465|98.970|3.093|409747456|494153728|sim_data_341798b7487bf001|__AUTOMETRIC__
__AUTOMETRIC__|0.1.2|21284|crew_log_f4b3f61865b6202b|0|1786393322.472|99.293|3.103|408911872|492871680|sim_data_341798b7487bf001|__AUTOMETRIC__
__AUTOMETRIC__|0.1.2|21284|crew_log_f4b3f61865b6202b|0|1786393323.480|97.720|3.054|404480000|487878656|sim_data_341798b7487bf001|__AUTOMETRIC__
__AUTOMETRIC__|0.1.2|21284|crew_log_f4b3f61865b6202b|0|1786393324.485|97.901|3.059|404217856|487567360|sim_data_341798b7487bf001|__AUTOMETRIC__
__AUTOMETRIC__|0.1.2|21284|crew_log_f4b3f61865b6202b|0|1786393325.495|102.169|3.193|407130112|490315776|sim_data_341798b7487bf001|__AUTOMETRIC__
__AUTOMETRIC__|0.1.2|21284|crew_log_f4b3f61865b6202b|0|1786393326.500|99.459|3.108|407011328|490184704|sim_data_341798b7487bf001|__AUTOMETRIC__
__AUTOMETRIC__|0.1.2|21284|crew_log_f4b3f61865b6202b|0|1786393327.508|102.361|3.199|407023616|490303488|sim_data_341798b7487bf001|__AUTOMETRIC__
__AUTOMETRIC__|0.1.2|21284|crew_log_f4b3f61865b6202b|0|1786393328.517|97.510|3.047|409743360|492916736|sim_data_341798b7487bf001|__AUTOMETRIC__
__AUTOMETRIC__|0.1.2|21284|crew_log_f4b3f61865b6202b|0|1786393329.528|100.512|3.141|409948160|493121536|sim_data_341798b7487bf001|__AUTOMETRIC__
__AUTOMETRIC__|0.1.2|21284|crew_log_f4b3f61865b6202b|0|1786393330.542|100.122|3.129|409849856|493129728|sim_data_341798b7487bf001|__AUTOMETRIC__
__AUTOMETRIC__|0.1.2|21284|crew_log_f4b3f61865b6202b|0|1786393331.548|99.372|3.105|412712960|496001024|sim_data_341798b7487bf001|__AUTOMETRIC__
__AUTOMETRIC__|0.1.2|21284|crew_log_f4b3f61865b6202b|0|1786393332.556|100.782|3.149|412631040|495910912|sim_data_341798b7487bf001|__AUTOMETRIC__
__AUTOMETRIC__|0.1.2|21284|crew_log_f4b3f61865b6202b|0|1786393333.565|99.110|3.097|530604032|613900288|sim_data_341798b7487bf001|__AUTOMETRIC__
__AUTOMETRIC__|0.1.2|21284|crew_log_f4b3f61865b6202b|0|1786393334.576|100.426|3.138|1242664960|1326321664|sim_data_341798b7487bf001|__AUTOMETRIC__
__AUTOMETRIC__|0.1.2|21284|crew_log_f4b3f61865b6202b|0|1786393335.581|110.397|3.450|160935936|244453376|sim_data_341798b7487bf001|__AUTOMETRIC__
__AUTOMETRIC__|0.1.2|21284|crew_log_f4b3f61865b6202b|0|1786393336.584|98.137|3.067|157147136|239841280|sim_data_341798b7487bf001|__AUTOMETRIC__
__AUTOMETRIC__|0.1.2|21284|crew_log_f4b3f61865b6202b|0|1786393337.585|98.366|3.074|157351936|240046080|sim_data_341798b7487bf001|__AUTOMETRIC__
__AUTOMETRIC__|0.1.2|21284|crew_log_f4b3f61865b6202b|0|1786393338.596|100.414|3.138|156594176|238764032|sim_data_341798b7487bf001|__AUTOMETRIC__
__AUTOMETRIC__|0.1.2|21284|crew_log_f4b3f61865b6202b|0|1786393339.605|99.154|3.099|159203328|241319936|sim_data_341798b7487bf001|__AUTOMETRIC__
__AUTOMETRIC__|0.1.2|21284|crew_log_f4b3f61865b6202b|0|1786393340.616|98.929|3.092|159141888|241250304|sim_data_341798b7487bf001|__AUTOMETRIC__
__AUTOMETRIC__|0.1.2|21284|crew_log_f4b3f61865b6202b|0|1786393341.625|100.656|3.146|162029568|244146176|sim_data_341798b7487bf001|__AUTOMETRIC__
__AUTOMETRIC__|0.1.2|21284|crew_log_f4b3f61865b6202b|0|1786393342.625|99.984|3.124|161947648|244056064|sim_data_341798b7487bf001|__AUTOMETRIC__
__AUTOMETRIC__|0.1.2|21284|crew_log_f4b3f61865b6202b|0|1786393343.627|99.747|3.117|161923072|244031488|sim_data_341798b7487bf001|__AUTOMETRIC__
__AUTOMETRIC__|0.1.2|21284|crew_log_f4b3f61865b6202b|0|1786393344.630|101.265|3.165|164831232|246939648|sim_data_341798b7487bf001|__AUTOMETRIC__
__AUTOMETRIC__|0.1.2|21284|crew_log_f4b3f61865b6202b|0|1786393345.645|101.682|3.178|164843520|246951936|sim_data_341798b7487bf001|__AUTOMETRIC__
__AUTOMETRIC__|0.1.2|21284|crew_log_f4b3f61865b6202b|0|1786393346.657|100.348|3.136|248889344|331235328|sim_data_341798b7487bf001|__AUTOMETRIC__
__AUTOMETRIC__|0.1.2|21284|crew_log_f4b3f61865b6202b|0|1786393347.667|106.680|3.334|538234880|621047808|sim_data_341798b7487bf001|__AUTOMETRIC__
__AUTOMETRIC__|0.1.2|21284|crew_log_f4b3f61865b6202b|0|1786393348.672|105.747|3.305|4192829440|4275351552|sim_data_341798b7487bf001|__AUTOMETRIC__
__AUTOMETRIC__|0.1.2|21284|crew_log_f4b3f61865b6202b|0|1786393349.674|98.270|3.071|4213874688|1191936|sim_data_341798b7487bf001|__AUTOMETRIC__
__AUTOMETRIC__|0.1.2|21284|crew_log_f4b3f61865b6202b|0|1786393350.688|101.645|3.176|4209512448|4291133440|sim_data_341798b7487bf001|__AUTOMETRIC__
__AUTOMETRIC__|0.1.2|21284|crew_log_f4b3f61865b6202b|0|1786393351.695|100.841|3.151|4208381952|4289933312|sim_data_341798b7487bf001|__AUTOMETRIC__
__AUTOMETRIC__|0.1.2|21284|crew_log_f4b3f61865b6202b|0|1786393352.707|98.871|3.090|4211236864|4292534272|sim_data_341798b7487bf001|__AUTOMETRIC__
__AUTOMETRIC__|0.1.2|21284|crew_log_f4b3f61865b6202b|0|1786393353.716|97.560|3.049|4211240960|4292538368|sim_data_341798b7487bf001|__AUTOMETRIC__
__AUTOMETRIC__|0.1.2|21284|crew_log_f4b3f61865b6202b|0|1786393354.726|102.044|3.189|4214046720|581632|sim_data_341798b7487bf001|__AUTOMETRIC__
__AUTOMETRIC__|0.1.2|21284|crew_log_f4b3f61865b6202b|0|1786393355.732|97.916|3.060|4213956608|286720|sim_data_341798b7487bf001|__AUTOMETRIC__
__AUTOMETRIC__|0.1.2|21284|crew_log_f4b3f61865b6202b|0|1786393356.746|100.137|3.129|4213993472|323584|sim_data_341798b7487bf001|__AUTOMETRIC__
__AUTOMETRIC__|0.1.2|21284|crew_log_f4b3f61865b6202b|0|1786393357.751|99.554|3.111|4216918016|3452928|sim_data_341798b7487bf001|__AUTOMETRIC__
__AUTOMETRIC__|0.1.2|21284|crew_log_f4b3f61865b6202b|0|1786393358.751|99.978|3.124|4216832000|3162112|sim_data_341798b7487bf001|__AUTOMETRIC__
__AUTOMETRIC__|0.1.2|21284|crew_log_f4b3f61865b6202b|0|1786393359.763|100.342|3.136|4216864768|3387392|sim_data_341798b7487bf001|__AUTOMETRIC__
__AUTOMETRIC__|0.1.2|21284|crew_log_f4b3f61865b6202b|0|1786393360.764|96.796|3.025|657432576|739102720|sim_data_341798b7487bf001|__AUTOMETRIC__
__AUTOMETRIC__|0.1.2|21284|crew_log_f4b3f61865b6202b|0|1786393361.773|100.614|3.144|1231806464|1313419264|sim_data_341798b7487bf001|__AUTOMETRIC__
__AUTOMETRIC__|0.1.2|21284|crew_log_f4b3f61865b6202b|0|1786393362.776|112.234|3.507|4041191424|4122202112|sim_data_341798b7487bf001|__AUTOMETRIC__
__AUTOMETRIC__|0.1.2|21284|crew_log_f4b3f61865b6202b|0|1786393363.779|99.645|3.114|4036435968|4116844544|sim_data_341798b7487bf001|__AUTOMETRIC__
__AUTOMETRIC__|0.1.2|21284|crew_log_f4b3f61865b6202b|0|1786393364.784|101.107|3.160|4035584000|4115836928|sim_data_341798b7487bf001|__AUTOMETRIC__
__AUTOMETRIC__|0.1.2|21284|crew_log_f4b3f61865b6202b|0|1786393365.784|99.914|3.122|4035551232|4115804160|sim_data_341798b7487bf001|__AUTOMETRIC__
__AUTOMETRIC__|0.1.2|21284|crew_log_f4b3f61865b6202b|0|1786393366.789|97.963|3.061|4038569984|4118777856|sim_data_341798b7487bf001|__AUTOMETRIC__
__AUTOMETRIC__|0.1.2|21284|crew_log_f4b3f61865b6202b|0|1786393367.793|99.583|3.112|4038492160|4118687744|sim_data_341798b7487bf001|__AUTOMETRIC__
__AUTOMETRIC__|0.1.2|21284|crew_log_f4b3f61865b6202b|0|1786393368.803|97.475|3.046|4038504448|4118700032|sim_data_341798b7487bf001|__AUTOMETRIC__
__AUTOMETRIC__|0.1.2|21284|crew_log_f4b3f61865b6202b|0|1786393369.806|102.858|3.214|4041306112|4121501696|sim_data_341798b7487bf001|__AUTOMETRIC__
__AUTOMETRIC__|0.1.2|21284|crew_log_f4b3f61865b6202b|0|1786393370.811|99.500|3.109|4041269248|4121464832|sim_data_341798b7487bf001|__AUTOMETRIC__
__AUTOMETRIC__|0.1.2|21284|crew_log_f4b3f61865b6202b|0|1786393371.813|99.796|3.119|4041277440|4121473024|sim_data_341798b7487bf001|__AUTOMETRIC__
__AUTOMETRIC__|0.1.2|21284|crew_log_f4b3f61865b6202b|0|1786393372.819|99.448|3.108|4041252864|4121448448|sim_data_341798b7487bf001|__AUTOMETRIC__
__AUTOMETRIC__|0.1.2|21284|crew_log_f4b3f61865b6202b|0|1786393373.824|100.990|3.156|4043849728|4124045312|sim_data_341798b7487bf001|__AUTOMETRIC__
__AUTOMETRIC__|0.1.2|21284|crew_log_f4b3f61865b6202b|0|1786393374.830|99.426|3.107|4044066816|4124262400|sim_data_341798b7487bf001|__AUTOMETRIC__
__AUTOMETRIC__|0.1.2|21284|crew_log_f4b3f61865b6202b|0|1786393375.833|99.708|3.116|4044083200|4124278784|sim_data_341798b7487bf001|__AUTOMETRIC__
__AUTOMETRIC__|0.1.2|21284|crew_log_f4b3f61865b6202b|0|1786393376.833|98.386|3.075|4044050432|4124246016|sim_data_341798b7487bf001|__AUTOMETRIC__
__AUTOMETRIC__|0.1.2|21284|crew_log_f4b3f61865b6202b|0|1786393377.837|101.184|3.162|169246720|249683968|sim_data_341798b7487bf001|__AUTOMETRIC__
__AUTOMETRIC__|0.1.2|21284|crew_log_f4b3f61865b6202b|0|1786393378.841|99.634|3.114|1241731072|1322295296|sim_data_341798b7487bf001|__AUTOMETRIC__
__AUTOMETRIC__|0.1.2|21284|crew_log_f4b3f61865b6202b|0|1786393379.844|113.740|3.554|3787612160|3868372992|sim_data_341798b7487bf001|__AUTOMETRIC__
__AUTOMETRIC__|0.1.2|21284|crew_log_f4b3f61865b6202b|0|1786393380.859|101.541|3.173|3798851584|3878481920|sim_data_341798b7487bf001|__AUTOMETRIC__
__AUTOMETRIC__|0.1.2|21284|crew_log_f4b3f61865b6202b|0|1786393381.871|100.362|3.136|3797856256|3877318656|sim_data_341798b7487bf001|__AUTOMETRIC__
__AUTOMETRIC__|0.1.2|21284|crew_log_f4b3f61865b6202b|0|1786393382.885|100.182|3.131|3800682496|3879890944|sim_data_341798b7487bf001|__AUTOMETRIC__
__AUTOMETRIC__|0.1.2|21284|crew_log_f4b3f61865b6202b|0|1786393383.899|98.602|3.081|3800731648|3879940096|sim_data_341798b7487bf001|__AUTOMETRIC__
__AUTOMETRIC__|0.1.2|21284|crew_log_f4b3f61865b6202b|0|1786393384.914|100.060|3.127|3800731648|3879940096|sim_data_341798b7487bf001|__AUTOMETRIC__
__AUTOMETRIC__|0.1.2|21284|crew_log_f4b3f61865b6202b|0|1786393385.917|99.717|3.116|3803615232|3882835968|sim_data_341798b7487bf001|__AUTOMETRIC__
__AUTOMETRIC__|0.1.2|21284|crew_log_f4b3f61865b6202b|0|1786393386.918|98.363|3.074|3803525120|3882733568|sim_data_341798b7487bf001|__AUTOMETRIC__
__AUTOMETRIC__|0.1.2|21284|crew_log_f4b3f61865b6202b|0|1786393387.932|100.174|3.130|3806412800|3885813760|sim_data_341798b7487bf001|__AUTOMETRIC__
__AUTOMETRIC__|0.1.2|21284|crew_log_f4b3f61865b6202b|0|1786393388.945|100.240|3.132|3806384128|3885592576|sim_data_341798b7487bf001|__AUTOMETRIC__
__AUTOMETRIC__|0.1.2|21284|crew_log_f4b3f61865b6202b|0|1786393389.960|100.075|3.127|3806400512|3885608960|sim_data_341798b7487bf001|__AUTOMETRIC__
__AUTOMETRIC__|0.1.2|21284|crew_log_f4b3f61865b6202b|0|1786393390.966|99.410|3.107|4253442048|37851136|sim_data_341798b7487bf001|__AUTOMETRIC__
__AUTOMETRIC__|0.1.2|21284|crew_log_f4b3f61865b6202b|0|1786393391.966|99.952|3.123|1093816320|1173491712|sim_data_341798b7487bf001|__AUTOMETRIC__
__AUTOMETRIC__|0.1.2|21284|crew_log_f4b3f61865b6202b|0|1786393392.974|96.146|3.005|1755373568|1837023232|sim_data_341798b7487bf001|__AUTOMETRIC__
__AUTOMETRIC__|0.1.2|21284|crew_log_f4b3f61865b6202b|0|1786393393.980|111.799|3.494|184991744|265666560|sim_data_341798b7487bf001|__AUTOMETRIC__
__AUTOMETRIC__|0.1.2|21284|crew_log_f4b3f61865b6202b|0|1786393394.984|98.045|3.064|185200640|265875456|sim_data_341798b7487bf001|__AUTOMETRIC__
__AUTOMETRIC__|0.1.2|21284|crew_log_f4b3f61865b6202b|0|1786393395.992|100.714|3.147|21291008|101335040|sim_data_341798b7487bf001|__AUTOMETRIC__
__AUTOMETRIC__|0.1.2|21284|crew_log_f4b3f61865b6202b|0|1786393396.998|99.484|3.109|23998464|103796736|sim_data_341798b7487bf001|__AUTOMETRIC__
__AUTOMETRIC__|0.1.2|21284|crew_log_f4b3f61865b6202b|0|1786393398.007|100.665|3.146|23875584|103665664|sim_data_341798b7487bf001|__AUTOMETRIC__
__AUTOMETRIC__|0.1.2|21284|crew_log_f4b3f61865b6202b|0|1786393399.010|101.225|3.163|26693632|106491904|sim_data_341798b7487bf001|__AUTOMETRIC__
__AUTOMETRIC__|0.1.2|21284|crew_log_f4b3f61865b6202b|0|1786393400.023|100.272|3.133|26599424|106389504|sim_data_341798b7487bf001|__AUTOMETRIC__
__AUTOMETRIC__|0.1.2|21284|crew_log_f4b3f61865b6202b|0|1786393401.025|99.759|3.117|26595328|106582016|sim_data_341798b7487bf001|__AUTOMETRIC__
__AUTOMETRIC__|0.1.2|21284|crew_log_f4b3f61865b6202b|0|1786393402.027|98.225|3.070|29364224|109154304|sim_data_341798b7487bf001|__AUTOMETRIC__
__AUTOMETRIC__|0.1.2|21284|crew_log_f4b3f61865b6202b|0|1786393403.033|100.946|3.155|29421568|109211648|sim_data_341798b7487bf001|__AUTOMETRIC__
__AUTOMETRIC__|0.1.2|21284|crew_log_f4b3f61865b6202b|0|1786393404.037|99.612|3.113|29417472|109207552|sim_data_341798b7487bf001|__AUTOMETRIC__
__AUTOMETRIC__|0.1.2|21284|crew_log_f4b3f61865b6202b|0|1786393405.040|102.878|3.215|674672640|754749440|sim_data_341798b7487bf001|__AUTOMETRIC__
__AUTOMETRIC__|0.1.2|21284|crew_log_f4b3f61865b6202b|0|1786393406.044|99.612|3.113|1671065600|1751007232|sim_data_341798b7487bf001|__AUTOMETRIC__
__AUTOMETRIC__|0.1.2|21284|crew_log_f4b3f61865b6202b|0|1786393407.057|98.717|3.085|1757200384|1837805568|sim_data_341798b7487bf001|__AUTOMETRIC__
__AUTOMETRIC__|0.1.2|21284|crew_log_f4b3f61865b6202b|0|1786393408.071|100.129|3.129|1765306368|1845338112|sim_data_341798b7487bf001|__AUTOMETRIC__
__AUTOMETRIC__|0.1.2|21284|crew_log_f4b3f61865b6202b|0|1786393409.079|99.214|3.100|1761087488|1840218112|sim_data_341798b7487bf001|__AUTOMETRIC__
__AUTOMETRIC__|0.1.2|21284|crew_log_f4b3f61865b6202b|0|1786393410.082|101.274|3.165|1760755712|1839886336|sim_data_341798b7487bf001|__AUTOMETRIC__
__AUTOMETRIC__|0.1.2|21284|crew_log_f4b3f61865b6202b|0|1786393411.082|96.860|3.027|1763733504|1842806784|sim_data_341798b7487bf001|__AUTOMETRIC__
__AUTOMETRIC__|0.1.2|21284|crew_log_f4b3f61865b6202b|0|1786393412.095|101.819|3.182|1763524608|1842597888|sim_data_341798b7487bf001|__AUTOMETRIC__
__AUTOMETRIC__|0.1.2|21284|crew_log_f4b3f61865b6202b|0|1786393413.102|100.825|3.151|1763631104|1842704384|sim_data_341798b7487bf001|__AUTOMETRIC__
__AUTOMETRIC__|0.1.2|21284|crew_log_f4b3f61865b6202b|0|1786393414.103|99.911|3.122|1763524608|1842597888|sim_data_341798b7487bf001|__AUTOMETRIC__
__AUTOMETRIC__|0.1.2|21284|crew_log_f4b3f61865b6202b|0|1786393415.106|99.649|3.114|1763393536|1842466816|sim_data_341798b7487bf001|__AUTOMETRIC__
__AUTOMETRIC__|0.1.2|21284|crew_log_f4b3f61865b6202b|0|1786393416.109|99.767|3.118|1763389440|1842462720|sim_data_341798b7487bf001|__AUTOMETRIC__
__AUTOMETRIC__|0.1.2|21284|crew_log_f4b3f61865b6202b|0|1786393417.118|99.121|3.098|1766350848|1845424128|sim_data_341798b7487bf001|__AUTOMETRIC__
__AUTOMETRIC__|0.1.2|21284|crew_log_f4b3f61865b6202b|0|1786393418.122|99.590|3.112|1766342656|1845415936|sim_data_341798b7487bf001|__AUTOMETRIC__
__AUTOMETRIC__|0.1.2|21284|crew_log_f4b3f61865b6202b|0|1786393419.128|99.374|3.105|1766354944|1845428224|sim_data_341798b7487bf001|__AUTOMETRIC__
__AUTOMETRIC__|0.1.2|21284|crew_log_f4b3f61865b6202b|0|1786393420.135|100.883|3.153|1766395904|1845469184|sim_data_341798b7487bf001|__AUTOMETRIC__
__AUTOMETRIC__|0.1.2|21284|crew_log_f4b3f61865b6202b|0|1786393421.135|99.937|3.123|1766187008|1845260288|sim_data_341798b7487bf001|__AUTOMETRIC__
__AUTOMETRIC__|0.1.2|21284|crew_log_f4b3f61865b6202b|0|1786393422.149|100.182|3.131|1766400000|1845473280|sim_data_341798b7487bf001|__AUTOMETRIC__
__AUTOMETRIC__|0.1.2|21284|crew_log_f4b3f61865b6202b|0|1786393423.155|99.448|3.108|1769373696|1848455168|sim_data_341798b7487bf001|__AUTOMETRIC__
__AUTOMETRIC__|0.1.2|21284|crew_log_f4b3f61865b6202b|0|1786393424.156|99.909|3.122|1769201664|1848274944|sim_data_341798b7487bf001|__AUTOMETRIC__
__AUTOMETRIC__|0.1.2|21284|crew_log_f4b3f61865b6202b|0|1786393425.158|96.689|3.022|1769259008|1848524800|sim_data_341798b7487bf001|__AUTOMETRIC__
__AUTOMETRIC__|0.1.2|21284|crew_log_f4b3f61865b6202b|0|1786393426.159|101.448|3.170|1898479616|1977659392|sim_data_341798b7487bf001|__AUTOMETRIC__
__AUTOMETRIC__|0.1.2|21284|crew_log_f4b3f61865b6202b|0|1786393427.161|109.148|3.411|1443676160|1523052544|sim_data_341798b7487bf001|__AUTOMETRIC__
__AUTOMETRIC__|0.1.2|21284|crew_log_f4b3f61865b6202b|0|1786393428.163|102.912|3.216|1590509568|1670078464|sim_data_341798b7487bf001|__AUTOMETRIC__
__AUTOMETRIC__|0.1.2|21284|crew_log_f4b3f61865b6202b|0|1786393429.163|98.428|3.076|1614753792|1693818880|sim_data_341798b7487bf001|__AUTOMETRIC__
__AUTOMETRIC__|0.1.2|21284|crew_log_f4b3f61865b6202b|0|1786393430.166|98.117|3.066|1613987840|1692389376|sim_data_341798b7487bf001|__AUTOMETRIC__
__AUTOMETRIC__|0.1.2|21284|crew_log_f4b3f61865b6202b|0|1786393431.181|98.571|3.080|1616867328|1695363072|sim_data_341798b7487bf001|__AUTOMETRIC__
__AUTOMETRIC__|0.1.2|21284|crew_log_f4b3f61865b6202b|0|1786393432.186|99.454|3.108|1616900096|1695395840|sim_data_341798b7487bf001|__AUTOMETRIC__
__AUTOMETRIC__|0.1.2|21284|crew_log_f4b3f61865b6202b|0|1786393433.196|100.596|3.144|1616932864|1695428608|sim_data_341798b7487bf001|__AUTOMETRIC__
__AUTOMETRIC__|0.1.2|21284|crew_log_f4b3f61865b6202b|0|1786393434.203|99.294|3.103|1619726336|1698226176|sim_data_341798b7487bf001|__AUTOMETRIC__
__AUTOMETRIC__|0.1.2|21284|crew_log_f4b3f61865b6202b|0|1786393435.207|99.609|3.113|1619578880|1697918976|sim_data_341798b7487bf001|__AUTOMETRIC__
__AUTOMETRIC__|0.1.2|21284|crew_log_f4b3f61865b6202b|0|1786393436.215|100.771|3.149|1619652608|1698144256|sim_data_341798b7487bf001|__AUTOMETRIC__
__AUTOMETRIC__|0.1.2|21284|crew_log_f4b3f61865b6202b|0|1786393437.228|100.185|3.131|1622532096|1700880384|sim_data_341798b7487bf001|__AUTOMETRIC__
__AUTOMETRIC__|0.1.2|21284|crew_log_f4b3f61865b6202b|0|1786393438.230|99.827|3.120|1622503424|1700995072|sim_data_341798b7487bf001|__AUTOMETRIC__
__AUTOMETRIC__|0.1.2|21284|crew_log_f4b3f61865b6202b|0|1786393439.233|99.745|3.117|1909891072|1988456448|sim_data_341798b7487bf001|__AUTOMETRIC__
__AUTOMETRIC__|0.1.2|21284|crew_log_f4b3f61865b6202b|0|1786393440.247|107.866|3.371|1471791104|1550360576|sim_data_341798b7487bf001|__AUTOMETRIC__
__AUTOMETRIC__|0.1.2|21284|crew_log_f4b3f61865b6202b|0|1786393441.250|96.533|3.017|1564258304|1643397120|sim_data_341798b7487bf001|__AUTOMETRIC__
__AUTOMETRIC__|0.1.2|21284|crew_log_f4b3f61865b6202b|0|1786393442.260|100.628|3.145|1572909056|1650671616|sim_data_341798b7487bf001|__AUTOMETRIC__
__AUTOMETRIC__|0.1.2|21284|crew_log_f4b3f61865b6202b|0|1786393443.262|99.717|3.116|1573007360|1650806784|sim_data_341798b7487bf001|__AUTOMETRIC__
__AUTOMETRIC__|0.1.2|21284|crew_log_f4b3f61865b6202b|0|1786393444.273|100.460|3.139|1574998016|1652432896|sim_data_341798b7487bf001|__AUTOMETRIC__
__AUTOMETRIC__|0.1.2|21284|crew_log_f4b3f61865b6202b|0|1786393445.288|100.132|3.129|1574895616|1652322304|sim_data_341798b7487bf001|__AUTOMETRIC__
__AUTOMETRIC__|0.1.2|21284|crew_log_f4b3f61865b6202b|0|1786393446.301|98.655|3.083|1574895616|1652322304|sim_data_341798b7487bf001|__AUTOMETRIC__
__AUTOMETRIC__|0.1.2|21284|crew_log_f4b3f61865b6202b|0|1786393447.305|101.164|3.161|1577930752|1655365632|sim_data_341798b7487bf001|__AUTOMETRIC__
__AUTOMETRIC__|0.1.2|21284|crew_log_f4b3f61865b6202b|0|1786393448.306|99.922|3.123|1577734144|1655123968|sim_data_341798b7487bf001|__AUTOMETRIC__
__AUTOMETRIC__|0.1.2|21284|crew_log_f4b3f61865b6202b|0|1786393449.312|99.430|3.107|1577779200|1655205888|sim_data_341798b7487bf001|__AUTOMETRIC__
__AUTOMETRIC__|0.1.2|21284|crew_log_f4b3f61865b6202b|0|1786393450.315|98.158|3.067|1580732416|1658130432|sim_data_341798b7487bf001|__AUTOMETRIC__
__AUTOMETRIC__|0.1.2|21284|crew_log_f4b3f61865b6202b|0|1786393451.325|102.108|3.191|1580572672|1657962496|sim_data_341798b7487bf001|__AUTOMETRIC__
__AUTOMETRIC__|0.1.2|21284|crew_log_f4b3f61865b6202b|0|1786393452.326|99.857|3.121|1908674560|1986101248|sim_data_341798b7487bf001|__AUTOMETRIC__
__AUTOMETRIC__|0.1.2|21284|crew_log_f4b3f61865b6202b|0|1786393453.329|110.554|3.455|1362464768|1440194560|sim_data_341798b7487bf001|__AUTOMETRIC__
__AUTOMETRIC__|0.1.2|21284|crew_log_f4b3f61865b6202b|0|1786393454.336|102.441|3.201|1477566464|1555415040|sim_data_341798b7487bf001|__AUTOMETRIC__
__AUTOMETRIC__|0.1.2|21284|crew_log_f4b3f61865b6202b|0|1786393455.344|97.706|3.053|1489399808|1566806016|sim_data_341798b7487bf001|__AUTOMETRIC__
__AUTOMETRIC__|0.1.2|21284|crew_log_f4b3f61865b6202b|0|1786393456.349|99.503|3.109|1489637376|1567117312|sim_data_341798b7487bf001|__AUTOMETRIC__
__AUTOMETRIC__|0.1.2|21284|crew_log_f4b3f61865b6202b|0|1786393457.353|98.029|3.063|1489031168|1565626368|sim_data_341798b7487bf001|__AUTOMETRIC__
__AUTOMETRIC__|0.1.2|21284|crew_log_f4b3f61865b6202b|0|1786393458.364|98.917|3.091|1492037632|1568583680|sim_data_341798b7487bf001|__AUTOMETRIC__
__AUTOMETRIC__|0.1.2|21284|crew_log_f4b3f61865b6202b|0|1786393459.366|102.862|3.214|1491955712|1568493568|sim_data_341798b7487bf001|__AUTOMETRIC__
__AUTOMETRIC__|0.1.2|21284|crew_log_f4b3f61865b6202b|0|1786393460.374|99.235|3.101|1491877888|1568415744|sim_data_341798b7487bf001|__AUTOMETRIC__
__AUTOMETRIC__|0.1.2|21284|crew_log_f4b3f61865b6202b|0|1786393461.376|99.774|3.118|1494700032|1571164160|sim_data_341798b7487bf001|__AUTOMETRIC__
__AUTOMETRIC__|0.1.2|21284|crew_log_f4b3f61865b6202b|0|1786393462.381|101.042|3.158|1494728704|1571266560|sim_data_341798b7487bf001|__AUTOMETRIC__
__AUTOMETRIC__|0.1.2|21284|crew_log_f4b3f61865b6202b|0|1786393463.393|101.916|3.185|1497636864|1574182912|sim_data_341798b7487bf001|__AUTOMETRIC__
__AUTOMETRIC__|0.1.2|21284|crew_log_f4b3f61865b6202b|0|1786393464.399|100.935|3.154|1497505792|1573969920|sim_data_341798b7487bf001|__AUTOMETRIC__
__AUTOMETRIC__|0.1.2|21284|crew_log_f4b3f61865b6202b|0|1786393465.401|98.310|3.072|1497513984|1574051840|sim_data_341798b7487bf001|__AUTOMETRIC__
__AUTOMETRIC__|0.1.2|21284|crew_log_f4b3f61865b6202b|0|1786393466.416|100.076|3.127|1669091328|1745719296|sim_data_341798b7487bf001|__AUTOMETRIC__
__AUTOMETRIC__|0.1.2|21284|crew_log_f4b3f61865b6202b|0|1786393467.430|98.617|3.082|1960452096|2037362688|sim_data_341798b7487bf001|__AUTOMETRIC__
__AUTOMETRIC__|0.1.2|21284|crew_log_f4b3f61865b6202b|0|1786393468.433|104.336|3.261|1395978240|1472884736|sim_data_341798b7487bf001|__AUTOMETRIC__
__AUTOMETRIC__|0.1.2|21284|crew_log_f4b3f61865b6202b|0|1786393469.439|101.006|3.156|1404805120|1481297920|sim_data_341798b7487bf001|__AUTOMETRIC__
__AUTOMETRIC__|0.1.2|21284|crew_log_f4b3f61865b6202b|0|1786393470.443|99.558|3.111|1405083648|1481576448|sim_data_341798b7487bf001|__AUTOMETRIC__
__AUTOMETRIC__|0.1.2|21284|crew_log_f4b3f61865b6202b|0|1786393471.452|100.688|3.147|1407094784|1482665984|sim_data_341798b7487bf001|__AUTOMETRIC__
__AUTOMETRIC__|0.1.2|21284|crew_log_f4b3f61865b6202b|0|1786393472.464|100.280|3.134|1406779392|1482559488|sim_data_341798b7487bf001|__AUTOMETRIC__
__AUTOMETRIC__|0.1.2|21284|crew_log_f4b3f61865b6202b|0|1786393473.476|100.411|3.138|1406799872|1482579968|sim_data_341798b7487bf001|__AUTOMETRIC__
__AUTOMETRIC__|0.1.2|21284|crew_log_f4b3f61865b6202b|0|1786393474.486|98.980|3.093|1409695744|1485484032|sim_data_341798b7487bf001|__AUTOMETRIC__
__AUTOMETRIC__|0.1.2|21284|crew_log_f4b3f61865b6202b|0|1786393475.493|100.922|3.154|1409605632|1485385728|sim_data_341798b7487bf001|__AUTOMETRIC__
__AUTOMETRIC__|0.1.2|21284|crew_log_f4b3f61865b6202b|0|1786393476.502|100.633|3.145|1412452352|1488240640|sim_data_341798b7487bf001|__AUTOMETRIC__
__AUTOMETRIC__|0.1.2|21284|crew_log_f4b3f61865b6202b|0|1786393477.510|100.700|3.147|1412321280|1487884288|sim_data_341798b7487bf001|__AUTOMETRIC__
__AUTOMETRIC__|0.1.2|21284|crew_log_f4b3f61865b6202b|0|1786393478.523|98.716|3.085|1412370432|1488150528|sim_data_341798b7487bf001|__AUTOMETRIC__
__AUTOMETRIC__|0.1.2|21284|crew_log_f4b3f61865b6202b|0|1786393479.531|99.194|3.100|1962807296|2038939648|sim_data_341798b7487bf001|__AUTOMETRIC__
__AUTOMETRIC__|0.1.2|21284|crew_log_f4b3f61865b6202b|0|1786393480.534|105.962|3.311|1389473792|1465360384|sim_data_341798b7487bf001|__AUTOMETRIC__
__AUTOMETRIC__|0.1.2|21284|crew_log_f4b3f61865b6202b|0|1786393481.549|101.579|3.174|1391661056|1467539456|sim_data_341798b7487bf001|__AUTOMETRIC__
__AUTOMETRIC__|0.1.2|21284|crew_log_f4b3f61865b6202b|0|1786393482.559|102.106|3.191|1387393024|1462280192|sim_data_341798b7487bf001|__AUTOMETRIC__
__AUTOMETRIC__|0.1.2|21284|crew_log_f4b3f61865b6202b|0|1786393483.564|99.507|3.110|1387204608|1462013952|sim_data_341798b7487bf001|__AUTOMETRIC__
__AUTOMETRIC__|0.1.2|21284|crew_log_f4b3f61865b6202b|0|1786393484.578|100.176|3.131|1390059520|1464811520|sim_data_341798b7487bf001|__AUTOMETRIC__
__AUTOMETRIC__|0.1.2|21284|crew_log_f4b3f61865b6202b|0|1786393485.583|99.479|3.109|1390096384|1464848384|sim_data_341798b7487bf001|__AUTOMETRIC__
__AUTOMETRIC__|0.1.2|21284|crew_log_f4b3f61865b6202b|0|1786393486.586|102.879|3.215|1393033216|1468014592|sim_data_341798b7487bf001|__AUTOMETRIC__
__AUTOMETRIC__|0.1.2|21284|crew_log_f4b3f61865b6202b|0|1786393487.596|98.986|3.093|1392914432|1467883520|sim_data_341798b7487bf001|__AUTOMETRIC__
__AUTOMETRIC__|0.1.2|21284|crew_log_f4b3f61865b6202b|0|1786393488.607|98.884|3.090|1392910336|1467879424|sim_data_341798b7487bf001|__AUTOMETRIC__
__AUTOMETRIC__|0.1.2|21284|crew_log_f4b3f61865b6202b|0|1786393489.621|98.697|3.084|1395814400|1470791680|sim_data_341798b7487bf001|__AUTOMETRIC__
__AUTOMETRIC__|0.1.2|21284|crew_log_f4b3f61865b6202b|0|1786393490.633|101.818|3.182|1395691520|1470439424|sim_data_341798b7487bf001|__AUTOMETRIC__
__AUTOMETRIC__|0.1.2|21284|crew_log_f4b3f61865b6202b|0|1786393491.637|98.089|3.065|1395666944|1470414848|sim_data_341798b7487bf001|__AUTOMETRIC__
__AUTOMETRIC__|0.1.2|21284|crew_log_f4b3f61865b6202b|0|1786393492.640|99.691|3.115|1973530624|2048319488|sim_data_341798b7487bf001|__AUTOMETRIC__
__AUTOMETRIC__|0.1.2|21284|crew_log_f4b3f61865b6202b|0|1786393493.655|103.106|3.222|1736671232|1811333120|sim_data_341798b7487bf001|__AUTOMETRIC__
__AUTOMETRIC__|0.1.2|21284|crew_log_f4b3f61865b6202b|0|1786393494.668|103.429|3.232|1397354496|1472389120|sim_data_341798b7487bf001|__AUTOMETRIC__
__AUTOMETRIC__|0.1.2|21284|crew_log_f4b3f61865b6202b|0|1786393495.668|101.542|3.173|1371971584|1446486016|sim_data_341798b7487bf001|__AUTOMETRIC__
__AUTOMETRIC__|0.1.2|21284|crew_log_f4b3f61865b6202b|0|1786393496.671|101.207|3.163|1371099136|1445122048|sim_data_341798b7487bf001|__AUTOMETRIC__
__AUTOMETRIC__|0.1.2|21284|crew_log_f4b3f61865b6202b|0|1786393497.680|99.127|3.098|1374031872|1448005632|sim_data_341798b7487bf001|__AUTOMETRIC__
__AUTOMETRIC__|0.1.2|21284|crew_log_f4b3f61865b6202b|0|1786393498.684|98.016|3.063|1373904896|1447690240|sim_data_341798b7487bf001|__AUTOMETRIC__
__AUTOMETRIC__|0.1.2|21284|crew_log_f4b3f61865b6202b|0|1786393499.692|99.253|3.102|1373941760|1447907328|sim_data_341798b7487bf001|__AUTOMETRIC__
__AUTOMETRIC__|0.1.2|21284|crew_log_f4b3f61865b6202b|0|1786393500.707|98.535|3.079|1376870400|1450840064|sim_data_341798b7487bf001|__AUTOMETRIC__
__AUTOMETRIC__|0.1.2|21284|crew_log_f4b3f61865b6202b|0|1786393501.721|101.692|3.178|1376735232|1450516480|sim_data_341798b7487bf001|__AUTOMETRIC__
__AUTOMETRIC__|0.1.2|21284|crew_log_f4b3f61865b6202b|0|1786393502.727|99.394|3.106|1376796672|1450758144|sim_data_341798b7487bf001|__AUTOMETRIC__
__AUTOMETRIC__|0.1.2|21284|crew_log_f4b3f61865b6202b|0|1786393503.742|98.535|3.079|1379692544|1453658112|sim_data_341798b7487bf001|__AUTOMETRIC__
__AUTOMETRIC__|0.1.2|21284|crew_log_f4b3f61865b6202b|0|1786393504.755|98.738|3.086|1379545088|1453322240|sim_data_341798b7487bf001|__AUTOMETRIC__
__AUTOMETRIC__|0.1.2|21284|crew_log_f4b3f61865b6202b|0|1786393505.755|98.397|3.075|1379553280|1453510656|sim_data_341798b7487bf001|__AUTOMETRIC__
__AUTOMETRIC__|0.1.2|21284|crew_log_f4b3f61865b6202b|0|1786393506.770|113.937|3.561|473796608|547995648|sim_data_341798b7487bf001|__AUTOMETRIC__
__AUTOMETRIC__|0.1.2|21284|crew_log_f4b3f61865b6202b|0|1786393507.772|96.658|3.021|1299410944|1373274112|sim_data_341798b7487bf001|__AUTOMETRIC__
__AUTOMETRIC__|0.1.2|21284|crew_log_f4b3f61865b6202b|0|1786393508.787|100.079|3.127|1344872448|1418739712|sim_data_341798b7487bf001|__AUTOMETRIC__
__AUTOMETRIC__|0.1.2|21284|crew_log_f4b3f61865b6202b|0|1786393509.789|99.751|3.117|1345077248|1418944512|sim_data_341798b7487bf001|__AUTOMETRIC__
__AUTOMETRIC__|0.1.2|21284|crew_log_f4b3f61865b6202b|0|1786393510.805|100.023|3.126|1343754240|1416888320|sim_data_341798b7487bf001|__AUTOMETRIC__
__AUTOMETRIC__|0.1.2|21284|crew_log_f4b3f61865b6202b|0|1786393511.807|99.793|3.119|1346686976|1419771904|sim_data_341798b7487bf001|__AUTOMETRIC__
__AUTOMETRIC__|0.1.2|21284|crew_log_f4b3f61865b6202b|0|1786393512.808|99.933|3.123|1346596864|1419669504|sim_data_341798b7487bf001|__AUTOMETRIC__
__AUTOMETRIC__|0.1.2|21284|crew_log_f4b3f61865b6202b|0|1786393513.812|101.117|3.160|1346572288|1419644928|sim_data_341798b7487bf001|__AUTOMETRIC__
__AUTOMETRIC__|0.1.2|21284|crew_log_f4b3f61865b6202b|0|1786393514.814|101.374|3.168|1349464064|1422536704|sim_data_341798b7487bf001|__AUTOMETRIC__
__AUTOMETRIC__|0.1.2|21284|crew_log_f4b3f61865b6202b|0|1786393515.829|101.619|3.176|1349435392|1422508032|sim_data_341798b7487bf001|__AUTOMETRIC__
__AUTOMETRIC__|0.1.2|21284|crew_log_f4b3f61865b6202b|0|1786393516.833|99.581|3.112|1349451776|1422524416|sim_data_341798b7487bf001|__AUTOMETRIC__
__AUTOMETRIC__|0.1.2|21284|crew_log_f4b3f61865b6202b|0|1786393517.837|101.125|3.160|1352323072|1425403904|sim_data_341798b7487bf001|__AUTOMETRIC__
__AUTOMETRIC__|0.1.2|21284|crew_log_f4b3f61865b6202b|0|1786393518.838|99.918|3.122|1352196096|1425268736|sim_data_341798b7487bf001|__AUTOMETRIC__
__AUTOMETRIC__|0.1.2|21284|crew_log_f4b3f61865b6202b|0|1786393519.850|98.822|3.088|1670258688|1743355904|sim_data_341798b7487bf001|__AUTOMETRIC__
__AUTOMETRIC__|0.1.2|21284|crew_log_f4b3f61865b6202b|0|1786393520.866|112.279|3.509|1163124736|1236316160|sim_data_341798b7487bf001|__AUTOMETRIC__
__AUTOMETRIC__|0.1.2|21284|crew_log_f4b3f61865b6202b|0|1786393521.867|99.871|3.121|1351430144|1424785408|sim_data_341798b7487bf001|__AUTOMETRIC__
__AUTOMETRIC__|0.1.2|21284|crew_log_f4b3f61865b6202b|0|1786393522.882|98.488|3.078|1364283392|1437282304|sim_data_341798b7487bf001|__AUTOMETRIC__
__AUTOMETRIC__|0.1.2|21284|crew_log_f4b3f61865b6202b|0|1786393523.886|99.617|3.113|1363652608|1435693056|sim_data_341798b7487bf001|__AUTOMETRIC__
__AUTOMETRIC__|0.1.2|21284|crew_log_f4b3f61865b6202b|0|1786393524.899|98.702|3.084|1363689472|1435836416|sim_data_341798b7487bf001|__AUTOMETRIC__
__AUTOMETRIC__|0.1.2|21284|crew_log_f4b3f61865b6202b|0|1786393525.902|99.754|3.117|1366683648|1438781440|sim_data_341798b7487bf001|__AUTOMETRIC__
__AUTOMETRIC__|0.1.2|21284|crew_log_f4b3f61865b6202b|0|1786393526.914|100.377|3.137|1366503424|1438593024|sim_data_341798b7487bf001|__AUTOMETRIC__
__AUTOMETRIC__|0.1.2|21284|crew_log_f4b3f61865b6202b|0|1786393527.914|99.949|3.123|1366491136|1438474240|sim_data_341798b7487bf001|__AUTOMETRIC__
__AUTOMETRIC__|0.1.2|21284|crew_log_f4b3f61865b6202b|0|1786393528.917|99.708|3.116|1369702400|1441636352|sim_data_341798b7487bf001|__AUTOMETRIC__
__AUTOMETRIC__|0.1.2|21284|crew_log_f4b3f61865b6202b|0|1786393529.920|99.676|3.115|1369505792|1441431552|sim_data_341798b7487bf001|__AUTOMETRIC__
__AUTOMETRIC__|0.1.2|21284|crew_log_f4b3f61865b6202b|0|1786393530.923|101.267|3.165|1369501696|1441533952|sim_data_341798b7487bf001|__AUTOMETRIC__
__AUTOMETRIC__|0.1.2|21284|crew_log_f4b3f61865b6202b|0|1786393531.924|101.506|3.172|1372323840|1444249600|sim_data_341798b7487bf001|__AUTOMETRIC__
__AUTOMETRIC__|0.1.2|21284|crew_log_f4b3f61865b6202b|0|1786393532.932|100.761|3.149|1372266496|1444192256|sim_data_341798b7487bf001|__AUTOMETRIC__
__AUTOMETRIC__|0.1.2|21284|crew_log_f4b3f61865b6202b|0|1786393533.937|96.366|3.011|1372307456|1444233216|sim_data_341798b7487bf001|__AUTOMETRIC__
__AUTOMETRIC__|0.1.2|21284|crew_log_f4b3f61865b6202b|0|1786393534.938|99.862|3.121|1372356608|1444388864|sim_data_341798b7487bf001|__AUTOMETRIC__
__AUTOMETRIC__|0.1.2|21284|crew_log_f4b3f61865b6202b|0|1786393535.944|102.514|3.204|1952444416|2024685568|sim_data_341798b7487bf001|__AUTOMETRIC__
__AUTOMETRIC__|0.1.2|21284|crew_log_f4b3f61865b6202b|0|1786393536.948|104.320|3.260|1460191232|1532559360|sim_data_341798b7487bf001|__AUTOMETRIC__
__AUTOMETRIC__|0.1.2|21284|crew_log_f4b3f61865b6202b|0|1786393537.953|99.459|3.108|1466777600|1539096576|sim_data_341798b7487bf001|__AUTOMETRIC__
__AUTOMETRIC__|0.1.2|21284|crew_log_f4b3f61865b6202b|0|1786393538.965|101.953|3.186|1462079488|1533374464|sim_data_341798b7487bf001|__AUTOMETRIC__
__AUTOMETRIC__|0.1.2|21284|crew_log_f4b3f61865b6202b|0|1786393539.977|100.312|3.135|1461800960|1533018112|sim_data_341798b7487bf001|__AUTOMETRIC__
__AUTOMETRIC__|0.1.2|21284|crew_log_f4b3f61865b6202b|0|1786393540.982|99.498|3.109|1464750080|1535913984|sim_data_341798b7487bf001|__AUTOMETRIC__
__AUTOMETRIC__|0.1.2|21284|crew_log_f4b3f61865b6202b|0|1786393541.987|101.103|3.159|1464569856|1535725568|sim_data_341798b7487bf001|__AUTOMETRIC__
__AUTOMETRIC__|0.1.2|21284|crew_log_f4b3f61865b6202b|0|1786393543.001|101.695|3.178|1464827904|1535983616|sim_data_341798b7487bf001|__AUTOMETRIC__
__AUTOMETRIC__|0.1.2|21284|crew_log_f4b3f61865b6202b|0|1786393544.016|100.025|3.126|1467871232|1539026944|sim_data_341798b7487bf001|__AUTOMETRIC__
__AUTOMETRIC__|0.1.2|21284|crew_log_f4b3f61865b6202b|0|1786393545.030|101.709|3.178|1467527168|1538682880|sim_data_341798b7487bf001|__AUTOMETRIC__
__AUTOMETRIC__|0.1.2|21284|crew_log_f4b3f61865b6202b|0|1786393546.044|100.206|3.131|1467527168|1538899968|sim_data_341798b7487bf001|__AUTOMETRIC__
__AUTOMETRIC__|0.1.2|21284|crew_log_f4b3f61865b6202b|0|1786393547.047|101.222|3.163|1467502592|1538658304|sim_data_341798b7487bf001|__AUTOMETRIC__
__AUTOMETRIC__|0.1.2|21284|crew_log_f4b3f61865b6202b|0|1786393548.051|99.616|3.113|1470263296|1541419008|sim_data_341798b7487bf001|__AUTOMETRIC__
__AUTOMETRIC__|0.1.2|21284|crew_log_f4b3f61865b6202b|0|1786393549.066|100.081|3.128|1470341120|1541713920|sim_data_341798b7487bf001|__AUTOMETRIC__
__AUTOMETRIC__|0.1.2|21284|crew_log_f4b3f61865b6202b|0|1786393550.069|99.664|3.114|1544720384|1616183296|sim_data_341798b7487bf001|__AUTOMETRIC__
__AUTOMETRIC__|0.1.2|21284|crew_log_f4b3f61865b6202b|0|1786393551.071|104.468|3.265|1485631488|1556930560|sim_data_341798b7487bf001|__AUTOMETRIC__
__AUTOMETRIC__|0.1.2|21284|crew_log_f4b3f61865b6202b|0|1786393552.074|101.288|3.165|1503154176|1574662144|sim_data_341798b7487bf001|__AUTOMETRIC__
__AUTOMETRIC__|0.1.2|21284|crew_log_f4b3f61865b6202b|0|1786393553.081|99.318|3.104|1511264256|1582768128|sim_data_341798b7487bf001|__AUTOMETRIC__
__AUTOMETRIC__|0.1.2|21284|crew_log_f4b3f61865b6202b|0|1786393554.092|100.433|3.139|1507233792|1577824256|sim_data_341798b7487bf001|__AUTOMETRIC__
__AUTOMETRIC__|0.1.2|21284|crew_log_f4b3f61865b6202b|0|1786393555.098|97.864|3.058|1509507072|1579962368|sim_data_341798b7487bf001|__AUTOMETRIC__
__AUTOMETRIC__|0.1.2|21284|crew_log_f4b3f61865b6202b|0|1786393556.104|100.932|3.154|1509408768|1579737088|sim_data_341798b7487bf001|__AUTOMETRIC__
__AUTOMETRIC__|0.1.2|21284|crew_log_f4b3f61865b6202b|0|1786393557.120|100.041|3.126|1509396480|1579724800|sim_data_341798b7487bf001|__AUTOMETRIC__
__AUTOMETRIC__|0.1.2|21284|crew_log_f4b3f61865b6202b|0|1786393558.125|99.428|3.107|1512304640|1582632960|sim_data_341798b7487bf001|__AUTOMETRIC__
__AUTOMETRIC__|0.1.2|21284|crew_log_f4b3f61865b6202b|0|1786393559.138|100.260|3.133|1512284160|1582612480|sim_data_341798b7487bf001|__AUTOMETRIC__
__AUTOMETRIC__|0.1.2|21284|crew_log_f4b3f61865b6202b|0|1786393560.141|99.763|3.118|1515225088|1585561600|sim_data_341798b7487bf001|__AUTOMETRIC__
__AUTOMETRIC__|0.1.2|21284|crew_log_f4b3f61865b6202b|0|1786393561.143|98.162|3.068|1515106304|1585328128|sim_data_341798b7487bf001|__AUTOMETRIC__
__AUTOMETRIC__|0.1.2|21284|crew_log_f4b3f61865b6202b|0|1786393562.153|100.612|3.144|1515098112|1585426432|sim_data_341798b7487bf001|__AUTOMETRIC__
__AUTOMETRIC__|0.1.2|21284|crew_log_f4b3f61865b6202b|0|1786393563.156|99.723|3.116|1979174912|2049495040|sim_data_341798b7487bf001|__AUTOMETRIC__
__AUTOMETRIC__|0.1.2|21284|crew_log_f4b3f61865b6202b|0|1786393564.156|103.044|3.220|1575612416|1645953024|sim_data_341798b7487bf001|__AUTOMETRIC__
__AUTOMETRIC__|0.1.2|21284|crew_log_f4b3f61865b6202b|0|1786393565.164|99.218|3.101|1618911232|1689243648|sim_data_341798b7487bf001|__AUTOMETRIC__
__AUTOMETRIC__|0.1.2|21284|crew_log_f4b3f61865b6202b|0|1786393566.169|101.050|3.158|1615126528|1684791296|sim_data_341798b7487bf001|__AUTOMETRIC__
__AUTOMETRIC__|0.1.2|21284|crew_log_f4b3f61865b6202b|0|1786393567.182|98.749|3.086|1614966784|1684492288|sim_data_341798b7487bf001|__AUTOMETRIC__
__AUTOMETRIC__|0.1.2|21284|crew_log_f4b3f61865b6202b|0|1786393568.189|99.307|3.103|1617883136|1687236608|sim_data_341798b7487bf001|__AUTOMETRIC__
__AUTOMETRIC__|0.1.2|21284|crew_log_f4b3f61865b6202b|0|1786393569.200|100.503|3.141|1617842176|1687195648|sim_data_341798b7487bf001|__AUTOMETRIC__
__AUTOMETRIC__|0.1.2|21284|crew_log_f4b3f61865b6202b|0|1786393570.201|99.901|3.122|1620910080|1690382336|sim_data_341798b7487bf001|__AUTOMETRIC__
__AUTOMETRIC__|0.1.2|21284|crew_log_f4b3f61865b6202b|0|1786393571.206|101.045|3.158|1620766720|1690120192|sim_data_341798b7487bf001|__AUTOMETRIC__
__AUTOMETRIC__|0.1.2|21284|crew_log_f4b3f61865b6202b|0|1786393572.221|100.068|3.127|1620762624|1690116096|sim_data_341798b7487bf001|__AUTOMETRIC__
__AUTOMETRIC__|0.1.2|21284|crew_log_f4b3f61865b6202b|0|1786393573.229|100.718|3.147|1623719936|1693192192|sim_data_341798b7487bf001|__AUTOMETRIC__
__AUTOMETRIC__|0.1.2|21284|crew_log_f4b3f61865b6202b|0|1786393574.234|101.020|3.157|1623568384|1692921856|sim_data_341798b7487bf001|__AUTOMETRIC__
__AUTOMETRIC__|0.1.2|21284|crew_log_f4b3f61865b6202b|0|1786393575.235|99.952|3.123|1623568384|1693032448|sim_data_341798b7487bf001|__AUTOMETRIC__
__AUTOMETRIC__|0.1.2|21284|crew_log_f4b3f61865b6202b|0|1786393576.240|99.522|3.110|1989468160|2059218944|sim_data_341798b7487bf001|__AUTOMETRIC__
__AUTOMETRIC__|0.1.2|21284|crew_log_f4b3f61865b6202b|0|1786393577.243|99.636|3.114|1595117568|1664434176|sim_data_341798b7487bf001|__AUTOMETRIC__
__AUTOMETRIC__|0.1.2|21284|crew_log_f4b3f61865b6202b|0|1786393578.258|97.022|3.032|1617866752|1686900736|sim_data_341798b7487bf001|__AUTOMETRIC__
__AUTOMETRIC__|0.1.2|21284|crew_log_f4b3f61865b6202b|0|1786393579.261|99.666|3.115|1617317888|1685581824|sim_data_341798b7487bf001|__AUTOMETRIC__
__AUTOMETRIC__|0.1.2|21284|crew_log_f4b3f61865b6202b|0|1786393580.268|97.746|3.055|1617350656|1685794816|sim_data_341798b7487bf001|__AUTOMETRIC__
__AUTOMETRIC__|0.1.2|21284|crew_log_f4b3f61865b6202b|0|1786393581.284|101.529|3.173|1620365312|1688760320|sim_data_341798b7487bf001|__AUTOMETRIC__
__AUTOMETRIC__|0.1.2|21284|crew_log_f4b3f61865b6202b|0|1786393582.286|101.377|3.168|1620185088|1688383488|sim_data_341798b7487bf001|__AUTOMETRIC__
__AUTOMETRIC__|0.1.2|21284|crew_log_f4b3f61865b6202b|0|1786393583.300|100.103|3.128|1623207936|1691594752|sim_data_341798b7487bf001|__AUTOMETRIC__
__AUTOMETRIC__|0.1.2|21284|crew_log_f4b3f61865b6202b|0|1786393584.315|101.685|3.178|1623068672|1691267072|sim_data_341798b7487bf001|__AUTOMETRIC__
__AUTOMETRIC__|0.1.2|21284|crew_log_f4b3f61865b6202b|0|1786393585.330|101.535|3.173|1623064576|1691443200|sim_data_341798b7487bf001|__AUTOMETRIC__
__AUTOMETRIC__|0.1.2|21284|crew_log_f4b3f61865b6202b|0|1786393586.330|96.889|3.028|1625874432|1694072832|sim_data_341798b7487bf001|__AUTOMETRIC__
__AUTOMETRIC__|0.1.2|21284|crew_log_f4b3f61865b6202b|0|1786393587.344|100.221|3.132|1625866240|1694244864|sim_data_341798b7487bf001|__AUTOMETRIC__
__AUTOMETRIC__|0.1.2|21284|crew_log_f4b3f61865b6202b|0|1786393588.344|99.982|3.124|1625853952|1694232576|sim_data_341798b7487bf001|__AUTOMETRIC__
__AUTOMETRIC__|0.1.2|21284|crew_log_f4b3f61865b6202b|0|1786393589.358|106.246|3.320|1221181440|1289854976|sim_data_341798b7487bf001|__AUTOMETRIC__
__AUTOMETRIC__|0.1.2|21284|crew_log_f4b3f61865b6202b|0|1786393590.370|101.958|3.186|1570312192|1639100416|sim_data_341798b7487bf001|__AUTOMETRIC__
__AUTOMETRIC__|0.1.2|21284|crew_log_f4b3f61865b6202b|0|1786393591.383|100.280|3.134|1561796608|1630130176|sim_data_341798b7487bf001|__AUTOMETRIC__
__AUTOMETRIC__|0.1.2|21284|crew_log_f4b3f61865b6202b|0|1786393592.386|99.703|3.116|1557913600|1625399296|sim_data_341798b7487bf001|__AUTOMETRIC__
__AUTOMETRIC__|0.1.2|21284|crew_log_f4b3f61865b6202b|0|1786393593.388|99.727|3.116|1557917696|1625583616|sim_data_341798b7487bf001|__AUTOMETRIC__
__AUTOMETRIC__|0.1.2|21284|crew_log_f4b3f61865b6202b|0|1786393594.394|100.971|3.155|1560702976|1628196864|sim_data_341798b7487bf001|__AUTOMETRIC__
__AUTOMETRIC__|0.1.2|21284|crew_log_f4b3f61865b6202b|0|1786393595.397|101.329|3.167|1560580096|1628065792|sim_data_341798b7487bf001|__AUTOMETRIC__
__AUTOMETRIC__|0.1.2|21284|crew_log_f4b3f61865b6202b|0|1786393596.398|99.867|3.121|1563398144|1630892032|sim_data_341798b7487bf001|__AUTOMETRIC__
__AUTOMETRIC__|0.1.2|21284|crew_log_f4b3f61865b6202b|0|1786393597.409|98.952|3.092|1563291648|1630638080|sim_data_341798b7487bf001|__AUTOMETRIC__
__AUTOMETRIC__|0.1.2|21284|crew_log_f4b3f61865b6202b|0|1786393598.416|100.788|3.150|1563299840|1630785536|sim_data_341798b7487bf001|__AUTOMETRIC__
__AUTOMETRIC__|0.1.2|21284|crew_log_f4b3f61865b6202b|0|1786393599.425|99.112|3.097|1566130176|1633615872|sim_data_341798b7487bf001|__AUTOMETRIC__
__AUTOMETRIC__|0.1.2|21284|crew_log_f4b3f61865b6202b|0|1786393600.438|101.828|3.182|1566101504|1633587200|sim_data_341798b7487bf001|__AUTOMETRIC__
__AUTOMETRIC__|0.1.2|21284|crew_log_f4b3f61865b6202b|0|1786393601.439|99.875|3.121|1849630720|1917235200|sim_data_341798b7487bf001|__AUTOMETRIC__
__AUTOMETRIC__|0.1.2|21284|crew_log_f4b3f61865b6202b|0|1786393602.442|96.638|3.020|1982713856|2050744320|sim_data_341798b7487bf001|__AUTOMETRIC__
__AUTOMETRIC__|0.1.2|21284|crew_log_f4b3f61865b6202b|0|1786393603.442|101.503|3.172|1624301568|1692704768|sim_data_341798b7487bf001|__AUTOMETRIC__
__AUTOMETRIC__|0.1.2|21284|crew_log_f4b3f61865b6202b|0|1786393604.456|101.692|3.178|1618567168|1685942272|sim_data_341798b7487bf001|__AUTOMETRIC__
__AUTOMETRIC__|0.1.2|21284|crew_log_f4b3f61865b6202b|0|1786393605.460|101.157|3.161|1618112512|1684860928|sim_data_341798b7487bf001|__AUTOMETRIC__
__AUTOMETRIC__|0.1.2|21284|crew_log_f4b3f61865b6202b|0|1786393606.469|99.182|3.099|1618124800|1684873216|sim_data_341798b7487bf001|__AUTOMETRIC__
__AUTOMETRIC__|0.1.2|21284|crew_log_f4b3f61865b6202b|0|1786393607.482|101.796|3.181|1621045248|1687453696|sim_data_341798b7487bf001|__AUTOMETRIC__
__AUTOMETRIC__|0.1.2|21284|crew_log_f4b3f61865b6202b|0|1786393608.489|100.855|3.152|1620926464|1687465984|sim_data_341798b7487bf001|__AUTOMETRIC__
__AUTOMETRIC__|0.1.2|21284|crew_log_f4b3f61865b6202b|0|1786393609.496|100.782|3.149|1623826432|1690374144|sim_data_341798b7487bf001|__AUTOMETRIC__
__AUTOMETRIC__|0.1.2|21284|crew_log_f4b3f61865b6202b|0|1786393610.501|101.134|3.160|1623707648|1690107904|sim_data_341798b7487bf001|__AUTOMETRIC__
__AUTOMETRIC__|0.1.2|21284|crew_log_f4b3f61865b6202b|0|1786393611.516|99.992|3.125|1623719936|1690259456|sim_data_341798b7487bf001|__AUTOMETRIC__
__AUTOMETRIC__|0.1.2|21284|crew_log_f4b3f61865b6202b|0|1786393612.519|101.297|3.166|1626537984|1692938240|sim_data_341798b7487bf001|__AUTOMETRIC__
__AUTOMETRIC__|0.1.2|21284|crew_log_f4b3f61865b6202b|0|1786393613.531|100.351|3.136|1626509312|1693048832|sim_data_341798b7487bf001|__AUTOMETRIC__
__AUTOMETRIC__|0.1.2|21284|crew_log_f4b3f61865b6202b|0|1786393614.537|97.818|3.057|1844850688|1911271424|sim_data_341798b7487bf001|__AUTOMETRIC__
__AUTOMETRIC__|0.1.2|21284|crew_log_f4b3f61865b6202b|0|1786393615.546|103.739|3.242|1592463360|1658773504|sim_data_341798b7487bf001|__AUTOMETRIC__
__AUTOMETRIC__|0.1.2|21284|crew_log_f4b3f61865b6202b|0|1786393616.555|99.161|3.099|1672912896|1739395072|sim_data_341798b7487bf001|__AUTOMETRIC__
__AUTOMETRIC__|0.1.2|21284|crew_log_f4b3f61865b6202b|0|1786393617.560|99.523|3.110|1639624704|1706061824|sim_data_341798b7487bf001|__AUTOMETRIC__
__AUTOMETRIC__|0.1.2|21284|crew_log_f4b3f61865b6202b|0|1786393618.572|97.285|3.040|1639653376|1706196992|sim_data_341798b7487bf001|__AUTOMETRIC__
__AUTOMETRIC__|0.1.2|21284|crew_log_f4b3f61865b6202b|0|1786393619.579|99.256|3.102|1641103360|1706713088|sim_data_341798b7487bf001|__AUTOMETRIC__
__AUTOMETRIC__|0.1.2|21284|crew_log_f4b3f61865b6202b|0|1786393620.582|101.227|3.163|1640992768|1706487808|sim_data_341798b7487bf001|__AUTOMETRIC__
__AUTOMETRIC__|0.1.2|21284|crew_log_f4b3f61865b6202b|0|1786393621.593|100.500|3.141|1640980480|1706582016|sim_data_341798b7487bf001|__AUTOMETRIC__
__AUTOMETRIC__|0.1.2|21284|crew_log_f4b3f61865b6202b|0|1786393622.603|102.116|3.191|1643917312|1709527040|sim_data_341798b7487bf001|__AUTOMETRIC__
__AUTOMETRIC__|0.1.2|21284|crew_log_f4b3f61865b6202b|0|1786393623.608|99.517|3.110|1643806720|1709301760|sim_data_341798b7487bf001|__AUTOMETRIC__
__AUTOMETRIC__|0.1.2|21284|crew_log_f4b3f61865b6202b|0|1786393624.608|101.489|3.172|1646641152|1712250880|sim_data_341798b7487bf001|__AUTOMETRIC__
__AUTOMETRIC__|0.1.2|21284|crew_log_f4b3f61865b6202b|0|1786393625.612|101.168|3.161|1646579712|1712074752|sim_data_341798b7487bf001|__AUTOMETRIC__
__AUTOMETRIC__|0.1.2|21284|crew_log_f4b3f61865b6202b|0|1786393626.613|101.480|3.171|1646551040|1712046080|sim_data_341798b7487bf001|__AUTOMETRIC__
__AUTOMETRIC__|0.1.2|21284|crew_log_f4b3f61865b6202b|0|1786393627.625|98.790|3.087|1818750976|1884286976|sim_data_341798b7487bf001|__AUTOMETRIC__
__AUTOMETRIC__|0.1.2|21284|crew_log_f4b3f61865b6202b|0|1786393628.629|102.765|3.211|1626009600|1691693056|sim_data_341798b7487bf001|__AUTOMETRIC__
__AUTOMETRIC__|0.1.2|21284|crew_log_f4b3f61865b6202b|0|1786393629.632|101.274|3.165|1710985216|1777491968|sim_data_341798b7487bf001|__AUTOMETRIC__
__AUTOMETRIC__|0.1.2|21284|crew_log_f4b3f61865b6202b|0|1786393630.639|99.282|3.103|1711808512|1777528832|sim_data_341798b7487bf001|__AUTOMETRIC__
__AUTOMETRIC__|0.1.2|21284|crew_log_f4b3f61865b6202b|0|1786393631.644|101.068|3.158|1710276608|1775144960|sim_data_341798b7487bf001|__AUTOMETRIC__
__AUTOMETRIC__|0.1.2|21284|crew_log_f4b3f61865b6202b|0|1786393632.650|99.341|3.104|1713016832|1777811456|sim_data_341798b7487bf001|__AUTOMETRIC__
__AUTOMETRIC__|0.1.2|21284|crew_log_f4b3f61865b6202b|0|1786393633.661|100.524|3.141|1712816128|1777496064|sim_data_341798b7487bf001|__AUTOMETRIC__
__AUTOMETRIC__|0.1.2|21284|crew_log_f4b3f61865b6202b|0|1786393634.667|102.458|3.202|1712795648|1777582080|sim_data_341798b7487bf001|__AUTOMETRIC__
__AUTOMETRIC__|0.1.2|21284|crew_log_f4b3f61865b6202b|0|1786393635.673|101.013|3.157|1715601408|1780387840|sim_data_341798b7487bf001|__AUTOMETRIC__
__AUTOMETRIC__|0.1.2|21284|crew_log_f4b3f61865b6202b|0|1786393636.675|98.200|3.069|1715646464|1780432896|sim_data_341798b7487bf001|__AUTOMETRIC__
__AUTOMETRIC__|0.1.2|21284|crew_log_f4b3f61865b6202b|0|1786393637.683|100.737|3.148|1718382592|1783169024|sim_data_341798b7487bf001|__AUTOMETRIC__
__AUTOMETRIC__|0.1.2|21284|crew_log_f4b3f61865b6202b|0|1786393638.698|98.539|3.079|1718407168|1783193600|sim_data_341798b7487bf001|__AUTOMETRIC__
__AUTOMETRIC__|0.1.2|21284|crew_log_f4b3f61865b6202b|0|1786393639.708|99.031|3.095|1718382592|1783169024|sim_data_341798b7487bf001|__AUTOMETRIC__
__AUTOMETRIC__|0.1.2|21284|crew_log_f4b3f61865b6202b|0|1786393640.710|101.306|3.166|1718378496|1783164928|sim_data_341798b7487bf001|__AUTOMETRIC__
__AUTOMETRIC__|0.1.2|21284|crew_log_f4b3f61865b6202b|0|1786393641.722|98.847|3.089|1999482880|2064453632|sim_data_341798b7487bf001|__AUTOMETRIC__
__AUTOMETRIC__|0.1.2|21284|crew_log_f4b3f61865b6202b|0|1786393642.736|103.215|3.225|1760264192|1825300480|sim_data_341798b7487bf001|__AUTOMETRIC__
__AUTOMETRIC__|0.1.2|21284|crew_log_f4b3f61865b6202b|0|1786393643.739|101.274|3.165|1772036096|1836261376|sim_data_341798b7487bf001|__AUTOMETRIC__
__AUTOMETRIC__|0.1.2|21284|crew_log_f4b3f61865b6202b|0|1786393644.742|99.744|3.117|1771417600|1835323392|sim_data_341798b7487bf001|__AUTOMETRIC__
__AUTOMETRIC__|0.1.2|21284|crew_log_f4b3f61865b6202b|0|1786393645.752|99.001|3.094|1774477312|1838325760|sim_data_341798b7487bf001|__AUTOMETRIC__
__AUTOMETRIC__|0.1.2|21284|crew_log_f4b3f61865b6202b|0|1786393646.758|100.952|3.155|1774411776|1838153728|sim_data_341798b7487bf001|__AUTOMETRIC__
__AUTOMETRIC__|0.1.2|21284|crew_log_f4b3f61865b6202b|0|1786393647.769|97.367|3.043|1774391296|1838239744|sim_data_341798b7487bf001|__AUTOMETRIC__
__AUTOMETRIC__|0.1.2|21284|crew_log_f4b3f61865b6202b|0|1786393648.781|97.232|3.039|1777328128|1841184768|sim_data_341798b7487bf001|__AUTOMETRIC__
__AUTOMETRIC__|0.1.2|21284|crew_log_f4b3f61865b6202b|0|1786393649.783|99.801|3.119|1777221632|1841070080|sim_data_341798b7487bf001|__AUTOMETRIC__
__AUTOMETRIC__|0.1.2|21284|crew_log_f4b3f61865b6202b|0|1786393650.795|100.355|3.136|1780113408|1843937280|sim_data_341798b7487bf001|__AUTOMETRIC__
__AUTOMETRIC__|0.1.2|21284|crew_log_f4b3f61865b6202b|0|1786393651.797|101.377|3.168|1779982336|1843724288|sim_data_341798b7487bf001|__AUTOMETRIC__
__AUTOMETRIC__|0.1.2|21284|crew_log_f4b3f61865b6202b|0|1786393652.806|100.679|3.146|1780006912|1843818496|sim_data_341798b7487bf001|__AUTOMETRIC__
__AUTOMETRIC__|0.1.2|21284|crew_log_f4b3f61865b6202b|0|1786393653.815|97.586|3.050|2005630976|2069405696|sim_data_341798b7487bf001|__AUTOMETRIC__
__AUTOMETRIC__|0.1.2|21284|crew_log_f4b3f61865b6202b|0|1786393654.825|100.570|3.143|1886015488|1949966336|sim_data_341798b7487bf001|__AUTOMETRIC__
__AUTOMETRIC__|0.1.2|21284|crew_log_f4b3f61865b6202b|0|1786393655.827|98.210|3.069|1924579328|1988235264|sim_data_341798b7487bf001|__AUTOMETRIC__
__AUTOMETRIC__|0.1.2|21284|crew_log_f4b3f61865b6202b|0|1786393656.835|100.787|3.150|1920806912|1983909888|sim_data_341798b7487bf001|__AUTOMETRIC__
__AUTOMETRIC__|0.1.2|21284|crew_log_f4b3f61865b6202b|0|1786393657.839|97.970|3.062|1920430080|1983377408|sim_data_341798b7487bf001|__AUTOMETRIC__
__AUTOMETRIC__|0.1.2|21284|crew_log_f4b3f61865b6202b|0|1786393658.850|100.524|3.141|1923522560|1986490368|sim_data_341798b7487bf001|__AUTOMETRIC__
__AUTOMETRIC__|0.1.2|21284|crew_log_f4b3f61865b6202b|0|1786393659.863|98.734|3.085|1923366912|1986256896|sim_data_341798b7487bf001|__AUTOMETRIC__
__AUTOMETRIC__|0.1.2|21284|crew_log_f4b3f61865b6202b|0|1786393660.870|100.813|3.150|1923350528|1986240512|sim_data_341798b7487bf001|__AUTOMETRIC__
__AUTOMETRIC__|0.1.2|21284|crew_log_f4b3f61865b6202b|0|1786393661.877|97.726|3.054|1926262784|1989230592|sim_data_341798b7487bf001|__AUTOMETRIC__
__AUTOMETRIC__|0.1.2|21284|crew_log_f4b3f61865b6202b|0|1786393662.880|99.708|3.116|1926041600|1988931584|sim_data_341798b7487bf001|__AUTOMETRIC__
__AUTOMETRIC__|0.1.2|21284|crew_log_f4b3f61865b6202b|0|1786393663.893|101.807|3.181|1926094848|1988984832|sim_data_341798b7487bf001|__AUTOMETRIC__
__AUTOMETRIC__|0.1.2|21284|crew_log_f4b3f61865b6202b|0|1786393664.907|101.711|3.178|1926074368|1988964352|sim_data_341798b7487bf001|__AUTOMETRIC__
__AUTOMETRIC__|0.1.2|21284|crew_log_f4b3f61865b6202b|0|1786393665.912|99.513|3.110|1929146368|1992114176|sim_data_341798b7487bf001|__AUTOMETRIC__
__AUTOMETRIC__|0.1.2|21284|crew_log_f4b3f61865b6202b|0|1786393666.927|101.599|3.175|1928978432|1991868416|sim_data_341798b7487bf001|__AUTOMETRIC__
__AUTOMETRIC__|0.1.2|21284|crew_log_f4b3f61865b6202b|0|1786393667.943|99.973|3.124|1928966144|1991925760|sim_data_341798b7487bf001|__AUTOMETRIC__
__AUTOMETRIC__|0.1.2|21284|crew_log_f4b3f61865b6202b|0|1786393668.956|95.604|2.988|2024091648|2087235584|sim_data_341798b7487bf001|__AUTOMETRIC__
__AUTOMETRIC__|0.1.2|21284|crew_log_f4b3f61865b6202b|0|1786393669.958|101.373|3.168|1979301888|2042552320|sim_data_341798b7487bf001|__AUTOMETRIC__
__AUTOMETRIC__|0.1.2|21284|crew_log_f4b3f61865b6202b|0|1786393670.962|99.562|3.111|1998045184|2061864960|sim_data_341798b7487bf001|__AUTOMETRIC__
