__AUTOMETRIC__|0.1.2|2155861|crew_log_88d6f21be63448ee|0|1786749776.683|63.993|0.333|210120704|2893623296|sim_data_341798b7487bf001|__AUTOMETRIC__
__AUTOMETRIC__|0.1.2|2155861|crew_log_88d6f21be63448ee|0|1786749777.684|0.000|0.000|210120704|2893623296|sim_data_341798b7487bf001|__AUTOMETRIC__
__AUTOMETRIC__|0.1.2|2155861|crew_log_88d6f21be63448ee|0|1786749778.686|1.997|0.010|210120704|2893623296|sim_data_341798b7487bf001|__AUTOMETRIC__
__AUTOMETRIC__|0.1.2|2155861|crew_log_88d6f21be63448ee|0|1786749779.687|91.906|0.479|367812608|3059503104|sim_data_341798b7487bf001|__AUTOMETRIC__
__AUTOMETRIC__|0.1.2|2155861|crew_log_88d6f21be63448ee|0|1786749780.688|96.894|0.505|553410560|3246051328|sim_data_341798b7487bf001|__AUTOMETRIC__
__AUTOMETRIC__|0.1.2|2155861|crew_log_88d6f21be63448ee|0|1786749781.689|99.879|0.520|754737152|3447189504|sim_data_341798b7487bf001|__AUTOMETRIC__
__AUTOMETRIC__|0.1.2|2155861|crew_log_88d6f21be63448ee|0|1786749782.691|99.830|0.520|974938112|3667480576|sim_data_341798b7487bf001|__AUTOMETRIC__
__AUTOMETRIC__|0.1.2|2155861|crew_log_88d6f21be63448ee|0|1786749783.692|97.897|0.510|1168400384|3860525056|sim_data_341798b7487bf001|__AUTOMETRIC__
__AUTOMETRIC__|0.1.2|2155861|crew_log_88d6f21be63448ee|0|1786749784.693|98.832|0.515|1435787264|4127301632|sim_data_341798b7487bf001|__AUTOMETRIC__
__AUTOMETRIC__|0.1.2|2155861|crew_log_88d6f21be63448ee|0|1786749785.694|99.898|0.520|1758224384|4449800192|sim_data_341798b7487bf001|__AUTOMETRIC__
__AUTOMETRIC__|0.1.2|2155861|crew_log_88d6f21be63448ee|0|1786749786.697|98.730|0.514|1810128896|4502691840|sim_data_341798b7487bf001|__AUTOMETRIC__
__AUTOMETRIC__|0.1.2|2155861|crew_log_88d6f21be63448ee|0|1786749787.699|100.867|0.525|2145148928|4836638720|sim_data_341798b7487bf001|__AUTOMETRIC__
__AUTOMETRIC__|0.1.2|2155861|crew_log_88d6f21be63448ee|0|1786749788.700|98.866|0.515|2337038336|5029191680|sim_data_341798b7487bf001|__AUTOMETRIC__
__AUTOMETRIC__|0.1.2|2155861|crew_log_88d6f21be63448ee|0|1786749789.701|99.897|0.520|2609143808|5300809728|sim_data_341798b7487bf001|__AUTOMETRIC__
__AUTOMETRIC__|0.1.2|2155861|crew_log_88d6f21be63448ee|0|1786749790.702|99.887|0.520|2675204096|5367091200|sim_data_341798b7487bf001|__AUTOMETRIC__
__AUTOMETRIC__|0.1.2|2155861|crew_log_88d6f21be63448ee|0|1786749791.703|98.873|0.515|3165937664|5857959936|sim_data_341798b7487bf001|__AUTOMETRIC__
__AUTOMETRIC__|0.1.2|2155861|crew_log_88d6f21be63448ee|0|1786749792.705|99.859|0.520|3165937664|5857959936|sim_data_341798b7487bf001|__AUTOMETRIC__
__AUTOMETRIC__|0.1.2|2155861|crew_log_88d6f21be63448ee|0|1786749793.706|99.869|0.520|3500957696|6193229824|sim_data_341798b7487bf001|__AUTOMETRIC__
__AUTOMETRIC__|0.1.2|2155861|crew_log_88d6f21be63448ee|0|1786749794.708|98.849|0.515|3834404864|6526533632|sim_data_341798b7487bf001|__AUTOMETRIC__
__AUTOMETRIC__|0.1.2|2155861|crew_log_88d6f21be63448ee|0|1786749795.709|99.887|0.520|3834404864|6526533632|sim_data_341798b7487bf001|__AUTOMETRIC__
__AUTOMETRIC__|0.1.2|2155861|crew_log_88d6f21be63448ee|0|1786749796.710|99.873|0.520|4057751552|6750380032|sim_data_341798b7487bf001|__AUTOMETRIC__
__AUTOMETRIC__|0.1.2|2155861|crew_log_88d6f21be63448ee|0|1786749797.711|99.888|0.520|4636565504|7328739328|sim_data_341798b7487bf001|__AUTOMETRIC__
__AUTOMETRIC__|0.1.2|2155861|crew_log_88d6f21be63448ee|0|1786749798.713|99.843|0.520|4636565504|7328739328|sim_data_341798b7487bf001|__AUTOMETRIC__
__AUTOMETRIC__|0.1.2|2155861|crew_log_88d6f21be63448ee|0|1786749799.714|99.862|0.520|4636565504|7328739328|sim_data_341798b7487bf001|__AUTOMETRIC__
__AUTOMETRIC__|0.1.2|2155861|crew_log_88d6f21be63448ee|0|1786749800.715|99.869|0.520|5009334272|7701528576|sim_data_341798b7487bf001|__AUTOMETRIC__
__AUTOMETRIC__|0.1.2|2155861|crew_log_88d6f21be63448ee|0|1786749801.717|98.848|0.515|5599158272|8291311616|sim_data_341798b7487bf001|__AUTOMETRIC__
__AUTOMETRIC__|0.1.2|2155861|crew_log_88d6f21be63448ee|0|1786749802.719|99.806|0.520|5599158272|8291311616|sim_data_341798b7487bf001|__AUTOMETRIC__
__AUTOMETRIC__|0.1.2|2155861|crew_log_88d6f21be63448ee|0|1786749803.720|99.893|0.520|5599158272|8291311616|sim_data_341798b7487bf001|__AUTOMETRIC__
__AUTOMETRIC__|0.1.2|2155861|crew_log_88d6f21be63448ee|0|1786749804.721|98.850|0.515|5806776320|8498978816|sim_data_341798b7487bf001|__AUTOMETRIC__
__AUTOMETRIC__|0.1.2|2155861|crew_log_88d6f21be63448ee|0|1786749805.723|99.890|0.520|6489399296|9180872704|sim_data_341798b7487bf001|__AUTOMETRIC__
__AUTOMETRIC__|0.1.2|2155861|crew_log_88d6f21be63448ee|0|1786749806.724|99.873|0.520|6755213312|9446535168|sim_data_341798b7487bf001|__AUTOMETRIC__
__AUTOMETRIC__|0.1.2|2155861|crew_log_88d6f21be63448ee|0|1786749807.725|98.872|0.515|6755213312|9446535168|sim_data_341798b7487bf001|__AUTOMETRIC__
__AUTOMETRIC__|0.1.2|2155861|crew_log_88d6f21be63448ee|0|1786749808.726|99.860|0.520|6755213312|9446535168|sim_data_341798b7487bf001|__AUTOMETRIC__
__AUTOMETRIC__|0.1.2|2155861|crew_log_88d6f21be63448ee|0|1786749809.730|99.610|0.519|6755213312|9446535168|sim_data_341798b7487bf001|__AUTOMETRIC__
__AUTOMETRIC__|0.1.2|2155861|crew_log_88d6f21be63448ee|0|1786749810.731|99.903|0.520|7293132800|9985482752|sim_data_341798b7487bf001|__AUTOMETRIC__
__AUTOMETRIC__|0.1.2|2155861|crew_log_88d6f21be63448ee|0|1786749811.734|99.773|0.520|7989911552|10682445824|sim_data_341798b7487bf001|__AUTOMETRIC__
__AUTOMETRIC__|0.1.2|2155861|crew_log_88d6f21be63448ee|0|1786749812.735|99.874|0.520|8140906496|10832699392|sim_data_341798b7487bf001|__AUTOMETRIC__
__AUTOMETRIC__|0.1.2|2155861|crew_log_88d6f21be63448ee|0|1786749813.736|99.892|0.520|8140906496|10832699392|sim_data_341798b7487bf001|__AUTOMETRIC__
__AUTOMETRIC__|0.1.2|2155861|crew_log_88d6f21be63448ee|0|1786749814.737|99.854|0.520|8140906496|10832699392|sim_data_341798b7487bf001|__AUTOMETRIC__
__AUTOMETRIC__|0.1.2|2155861|crew_log_88d6f21be63448ee|0|1786749815.739|98.876|0.515|8140906496|10832699392|sim_data_341798b7487bf001|__AUTOMETRIC__
__AUTOMETRIC__|0.1.2|2155861|crew_log_88d6f21be63448ee|0|1786749816.740|98.894|0.515|8288755712|10980966400|sim_data_341798b7487bf001|__AUTOMETRIC__
__AUTOMETRIC__|0.1.2|2155861|crew_log_88d6f21be63448ee|0|1786749817.741|99.882|0.520|8990253056|11681705984|sim_data_341798b7487bf001|__AUTOMETRIC__
__AUTOMETRIC__|0.1.2|2155861|crew_log_88d6f21be63448ee|0|1786749818.742|100.865|0.525|9677594624|12369297408|sim_data_341798b7487bf001|__AUTOMETRIC__
__AUTOMETRIC__|0.1.2|2155861|crew_log_88d6f21be63448ee|0|1786749819.744|98.860|0.515|9804996608|12496384000|sim_data_341798b7487bf001|__AUTOMETRIC__
__AUTOMETRIC__|0.1.2|2155861|crew_log_88d6f21be63448ee|0|1786749820.745|99.881|0.520|9804996608|12496384000|sim_data_341798b7487bf001|__AUTOMETRIC__
__AUTOMETRIC__|0.1.2|2155861|crew_log_88d6f21be63448ee|0|1786749821.746|99.888|0.520|9804996608|12496384000|sim_data_341798b7487bf001|__AUTOMETRIC__
__AUTOMETRIC__|0.1.2|2155861|crew_log_88d6f21be63448ee|0|1786749822.747|99.889|0.520|9804996608|12496384000|sim_data_341798b7487bf001|__AUTOMETRIC__
__AUTOMETRIC__|0.1.2|2155861|crew_log_88d6f21be63448ee|0|1786749823.748|99.902|0.520|9804996608|12496384000|sim_data_341798b7487bf001|__AUTOMETRIC__
__AUTOMETRIC__|0.1.2|2155861|crew_log_88d6f21be63448ee|0|1786749824.750|98.855|0.515|10094403584|12786245632|sim_data_341798b7487bf001|__AUTOMETRIC__
__AUTOMETRIC__|0.1.2|2155861|crew_log_88d6f21be63448ee|0|1786749825.751|99.899|0.520|10769162240|13461299200|sim_data_341798b7487bf001|__AUTOMETRIC__
__AUTOMETRIC__|0.1.2|2155861|crew_log_88d6f21be63448ee|0|1786749826.752|98.890|0.515|11458076672|14149468160|sim_data_341798b7487bf001|__AUTOMETRIC__
__AUTOMETRIC__|0.1.2|2155861|crew_log_88d6f21be63448ee|0|1786749827.753|99.902|0.520|11800961024|14492737536|sim_data_341798b7487bf001|__AUTOMETRIC__
__AUTOMETRIC__|0.1.2|2155861|crew_log_88d6f21be63448ee|0|1786749828.754|99.861|0.520|11800961024|14492737536|sim_data_341798b7487bf001|__AUTOMETRIC__
__AUTOMETRIC__|0.1.2|2155861|crew_log_88d6f21be63448ee|0|1786749829.755|99.888|0.520|11800961024|14492737536|sim_data_341798b7487bf001|__AUTOMETRIC__
__AUTOMETRIC__|0.1.2|2155861|crew_log_88d6f21be63448ee|0|1786749830.757|99.867|0.520|11800961024|14492737536|sim_data_341798b7487bf001|__AUTOMETRIC__
__AUTOMETRIC__|0.1.2|2155861|crew_log_88d6f21be63448ee|0|1786749831.758|98.891|0.515|11800961024|14492737536|sim_data_341798b7487bf001|__AUTOMETRIC__
__AUTOMETRIC__|0.1.2|2155861|crew_log_88d6f21be63448ee|0|1786749832.759|99.859|0.520|11800961024|14492737536|sim_data_341798b7487bf001|__AUTOMETRIC__
__AUTOMETRIC__|0.1.2|2155861|crew_log_88d6f21be63448ee|0|1786749833.760|98.892|0.515|11876458496|14569123840|sim_data_341798b7487bf001|__AUTOMETRIC__
__AUTOMETRIC__|0.1.2|2155861|crew_log_88d6f21be63448ee|0|1786749834.762|100.823|0.525|12570091520|15261671424|sim_data_341798b7487bf001|__AUTOMETRIC__
__AUTOMETRIC__|0.1.2|2155861|crew_log_88d6f21be63448ee|0|1786749835.763|98.876|0.515|13257433088|15949389824|sim_data_341798b7487bf001|__AUTOMETRIC__
__AUTOMETRIC__|0.1.2|2155861|crew_log_88d6f21be63448ee|0|1786749836.764|99.879|0.520|13955784704|16647999488|sim_data_341798b7487bf001|__AUTOMETRIC__
__AUTOMETRIC__|0.1.2|2155861|crew_log_88d6f21be63448ee|0|1786749837.766|99.883|0.520|14196432896|16888356864|sim_data_341798b7487bf001|__AUTOMETRIC__
__AUTOMETRIC__|0.1.2|2155861|crew_log_88d6f21be63448ee|0|1786749838.767|99.862|0.520|14196432896|16888356864|sim_data_341798b7487bf001|__AUTOMETRIC__
__AUTOMETRIC__|0.1.2|2155861|crew_log_88d6f21be63448ee|0|1786749839.768|99.878|0.520|14196432896|16888356864|sim_data_341798b7487bf001|__AUTOMETRIC__
__AUTOMETRIC__|0.1.2|2155861|crew_log_88d6f21be63448ee|0|1786749840.769|98.893|0.515|14196432896|16888356864|sim_data_341798b7487bf001|__AUTOMETRIC__
__AUTOMETRIC__|0.1.2|2155861|crew_log_88d6f21be63448ee|0|1786749841.771|99.808|0.520|14196432896|16888356864|sim_data_341798b7487bf001|__AUTOMETRIC__
__AUTOMETRIC__|0.1.2|2155861|crew_log_88d6f21be63448ee|0|1786749842.772|99.881|0.520|14196432896|16888356864|sim_data_341798b7487bf001|__AUTOMETRIC__
__AUTOMETRIC__|0.1.2|2155861|crew_log_88d6f21be63448ee|0|1786749843.773|99.894|0.520|14196432896|16888356864|sim_data_341798b7487bf001|__AUTOMETRIC__
__AUTOMETRIC__|0.1.2|2155861|crew_log_88d6f21be63448ee|0|1786749844.775|98.799|0.515|14196432896|16888905728|sim_data_341798b7487bf001|__AUTOMETRIC__
__AUTOMETRIC__|0.1.2|2155861|crew_log_88d6f21be63448ee|0|1786749845.777|99.886|0.520|14883774464|17576394752|sim_data_341798b7487bf001|__AUTOMETRIC__
__AUTOMETRIC__|0.1.2|2155861|crew_log_88d6f21be63448ee|0|1786749846.779|98.786|0.515|15582126080|18273542144|sim_data_341798b7487bf001|__AUTOMETRIC__
__AUTOMETRIC__|0.1.2|2155861|crew_log_88d6f21be63448ee|0|1786749847.780|99.866|0.520|16282050560|18973511680|sim_data_341798b7487bf001|__AUTOMETRIC__
__AUTOMETRIC__|0.1.2|2155861|crew_log_88d6f21be63448ee|0|1786749848.782|99.841|0.520|16983547904|19675471872|sim_data_341798b7487bf001|__AUTOMETRIC__
__AUTOMETRIC__|0.1.2|2155861|crew_log_88d6f21be63448ee|0|1786749849.783|98.873|0.515|17071628288|19763064832|sim_data_341798b7487bf001|__AUTOMETRIC__
__AUTOMETRIC__|0.1.2|2155861|crew_log_88d6f21be63448ee|0|1786749850.784|99.874|0.520|17071628288|19763064832|sim_data_341798b7487bf001|__AUTOMETRIC__
__AUTOMETRIC__|0.1.2|2155861|crew_log_88d6f21be63448ee|0|1786749851.785|99.874|0.520|17071628288|19763064832|sim_data_341798b7487bf001|__AUTOMETRIC__
__AUTOMETRIC__|0.1.2|2155861|crew_log_88d6f21be63448ee|0|1786749852.787|99.874|0.520|17071628288|19763064832|sim_data_341798b7487bf001|__AUTOMETRIC__
__AUTOMETRIC__|0.1.2|2155861|crew_log_88d6f21be63448ee|0|1786749853.788|98.882|0.515|17071628288|19763064832|sim_data_341798b7487bf001|__AUTOMETRIC__
__AUTOMETRIC__|0.1.2|2155861|crew_log_88d6f21be63448ee|0|1786749854.790|99.815|0.520|17071628288|19763064832|sim_data_341798b7487bf001|__AUTOMETRIC__
__AUTOMETRIC__|0.1.2|2155861|crew_log_88d6f21be63448ee|0|1786749855.791|99.867|0.520|17071628288|19763064832|sim_data_341798b7487bf001|__AUTOMETRIC__
__AUTOMETRIC__|0.1.2|2155861|crew_log_88d6f21be63448ee|0|1786749856.793|99.856|0.520|17071628288|19763064832|sim_data_341798b7487bf001|__AUTOMETRIC__
__AUTOMETRIC__|0.1.2|2155861|crew_log_88d6f21be63448ee|0|1786749857.794|99.880|0.520|17082638336|19775094784|sim_data_341798b7487bf001|__AUTOMETRIC__
__AUTOMETRIC__|0.1.2|2155861|crew_log_88d6f21be63448ee|0|1786749858.795|99.864|0.520|17777844224|20470059008|sim_data_341798b7487bf001|__AUTOMETRIC__
__AUTOMETRIC__|0.1.2|2155861|crew_log_88d6f21be63448ee|0|1786749859.796|98.870|0.515|18484060160|21176500224|sim_data_341798b7487bf001|__AUTOMETRIC__
__AUTOMETRIC__|0.1.2|2155861|crew_log_88d6f21be63448ee|0|1786749860.798|99.875|0.520|19190276096|21881962496|sim_data_341798b7487bf001|__AUTOMETRIC__
__AUTOMETRIC__|0.1.2|2155861|crew_log_88d6f21be63448ee|0|1786749861.799|98.896|0.515|19891773440|22583816192|sim_data_341798b7487bf001|__AUTOMETRIC__
__AUTOMETRIC__|0.1.2|2155861|crew_log_88d6f21be63448ee|0|1786749862.800|99.892|0.520|20520919040|23212363776|sim_data_341798b7487bf001|__AUTOMETRIC__
__AUTOMETRIC__|0.1.2|2155861|crew_log_88d6f21be63448ee|0|1786749863.801|99.881|0.520|20520919040|23212773376|sim_data_341798b7487bf001|__AUTOMETRIC__
__AUTOMETRIC__|0.1.2|2155861|crew_log_88d6f21be63448ee|0|1786749864.803|99.821|0.520|20520919040|23212773376|sim_data_341798b7487bf001|__AUTOMETRIC__
__AUTOMETRIC__|0.1.2|2155861|crew_log_88d6f21be63448ee|0|1786749865.804|99.872|0.520|20520919040|23212773376|sim_data_341798b7487bf001|__AUTOMETRIC__
__AUTOMETRIC__|0.1.2|2155861|crew_log_88d6f21be63448ee|0|1786749866.805|98.862|0.515|20520919040|23212773376|sim_data_341798b7487bf001|__AUTOMETRIC__
__AUTOMETRIC__|0.1.2|2155861|crew_log_88d6f21be63448ee|0|1786749867.807|99.874|0.520|20520919040|23212773376|sim_data_341798b7487bf001|__AUTOMETRIC__
__AUTOMETRIC__|0.1.2|2155861|crew_log_88d6f21be63448ee|0|1786749868.808|99.838|0.520|20520919040|23212773376|sim_data_341798b7487bf001|__AUTOMETRIC__
__AUTOMETRIC__|0.1.2|2155861|crew_log_88d6f21be63448ee|0|1786749869.814|99.394|0.518|20520919040|23212773376|sim_data_341798b7487bf001|__AUTOMETRIC__
__AUTOMETRIC__|0.1.2|2155861|crew_log_88d6f21be63448ee|0|1786749870.816|99.890|0.520|20520919040|23212773376|sim_data_341798b7487bf001|__AUTOMETRIC__
__AUTOMETRIC__|0.1.2|2155861|crew_log_88d6f21be63448ee|0|1786749871.818|98.769|0.514|20520919040|23212773376|sim_data_341798b7487bf001|__AUTOMETRIC__
__AUTOMETRIC__|0.1.2|2155861|crew_log_88d6f21be63448ee|0|1786749872.819|99.895|0.520|20520919040|23212773376|sim_data_341798b7487bf001|__AUTOMETRIC__
__AUTOMETRIC__|0.1.2|2155861|crew_log_88d6f21be63448ee|0|1786749873.820|98.889|0.515|20563386368|23255011328|sim_data_341798b7487bf001|__AUTOMETRIC__
__AUTOMETRIC__|0.1.2|2155861|crew_log_88d6f21be63448ee|0|1786749874.822|100.839|0.525|21250727936|23942156288|sim_data_341798b7487bf001|__AUTOMETRIC__
