__AUTOMETRIC__|0.1.2|26872|crew_log_5a77cfb0b1dc89bb|0|1786324035.780|97.929|6.121|170921984|197263360|sim_data_b8000ed69b204c49|__AUTOMETRIC__
__AUTOMETRIC__|0.1.2|26872|crew_log_5a77cfb0b1dc89bb|0|1786324036.790|92.762|5.798|223838208|249868288|sim_data_b8000ed69b204c49|__AUTOMETRIC__
__AUTOMETRIC__|0.1.2|26872|crew_log_5a77cfb0b1dc89bb|0|1786324037.802|0.000|0.000|219922432|245948416|sim_data_b8000ed69b204c49|__AUTOMETRIC__
__AUTOMETRIC__|0.1.2|26872|crew_log_5a77cfb0b1dc89bb|0|1786324038.816|1.541|0.096|219643904|245669888|sim_data_b8000ed69b204c49|__AUTOMETRIC__
__AUTOMETRIC__|0.1.2|26872|crew_log_5a77cfb0b1dc89bb|0|1786324039.817|0.000|0.000|219648000|245669888|sim_data_b8000ed69b204c49|__AUTOMETRIC__
__AUTOMETRIC__|0.1.2|26872|crew_log_5a77cfb0b1dc89bb|0|1786324040.829|0.000|0.000|219648000|245669888|sim_data_b8000ed69b204c49|__AUTOMETRIC__
__AUTOMETRIC__|0.1.2|26872|crew_log_5a77cfb0b1dc89bb|0|1786324041.845|0.000|0.000|219648000|245669888|sim_data_b8000ed69b204c49|__AUTOMETRIC__
__AUTOMETRIC__|0.1.2|26872|crew_log_5a77cfb0b1dc89bb|0|1786324042.860|0.000|0.000|219648000|245669888|sim_data_b8000ed69b204c49|__AUTOMETRIC__
__AUTOMETRIC__|0.1.2|26872|crew_log_5a77cfb0b1dc89bb|0|1786324043.870|0.000|0.000|219648000|245669888|sim_data_b8000ed69b204c49|__AUTOMETRIC__
__AUTOMETRIC__|0.1.2|26872|crew_log_5a77cfb0b1dc89bb|0|1786324044.881|0.000|0.000|219648000|245669888|sim_data_b8000ed69b204c49|__AUTOMETRIC__
__AUTOMETRIC__|0.1.2|26872|crew_log_5a77cfb0b1dc89bb|0|1786324045.890|1.548|0.097|219648000|245669888|sim_data_b8000ed69b204c49|__AUTOMETRIC__
__AUTOMETRIC__|0.1.2|26872|crew_log_5a77cfb0b1dc89bb|0|1786324046.897|9.308|0.582|219820032|245837824|sim_data_b8000ed69b204c49|__AUTOMETRIC__
__AUTOMETRIC__|0.1.2|26872|crew_log_5a77cfb0b1dc89bb|0|1786324047.904|99.318|6.207|260034560|286117888|sim_data_b8000ed69b204c49|__AUTOMETRIC__
__AUTOMETRIC__|0.1.2|26872|crew_log_5a77cfb0b1dc89bb|0|1786324048.910|99.384|6.211|324898816|351064064|sim_data_b8000ed69b204c49|__AUTOMETRIC__
__AUTOMETRIC__|0.1.2|26872|crew_log_5a77cfb0b1dc89bb|0|1786324049.923|101.837|6.365|403013632|435752960|sim_data_b8000ed69b204c49|__AUTOMETRIC__
__AUTOMETRIC__|0.1.2|26872|crew_log_5a77cfb0b1dc89bb|0|1786324050.931|120.887|7.555|497541120|523264000|sim_data_b8000ed69b204c49|__AUTOMETRIC__
__AUTOMETRIC__|0.1.2|26872|crew_log_5a77cfb0b1dc89bb|0|1786324051.937|111.835|6.990|499302400|521572352|sim_data_b8000ed69b204c49|__AUTOMETRIC__
__AUTOMETRIC__|0.1.2|26872|crew_log_5a77cfb0b1dc89bb|0|1786324052.949|98.828|6.177|540520448|563613696|sim_data_b8000ed69b204c49|__AUTOMETRIC__
__AUTOMETRIC__|0.1.2|26872|crew_log_5a77cfb0b1dc89bb|0|1786324053.961|100.326|6.270|665079808|687955968|sim_data_b8000ed69b204c49|__AUTOMETRIC__
__AUTOMETRIC__|0.1.2|26872|crew_log_5a77cfb0b1dc89bb|0|1786324054.970|99.124|6.195|789929984|813117440|sim_data_b8000ed69b204c49|__AUTOMETRIC__
__AUTOMETRIC__|0.1.2|26872|crew_log_5a77cfb0b1dc89bb|0|1786324055.972|98.208|6.138|918335488|942170112|sim_data_b8000ed69b204c49|__AUTOMETRIC__
__AUTOMETRIC__|0.1.2|26872|crew_log_5a77cfb0b1dc89bb|0|1786324056.982|102.170|6.386|1109270528|1133125632|sim_data_b8000ed69b204c49|__AUTOMETRIC__
__AUTOMETRIC__|0.1.2|26872|crew_log_5a77cfb0b1dc89bb|0|1786324057.982|98.349|6.147|1310011392|1334284288|sim_data_b8000ed69b204c49|__AUTOMETRIC__
__AUTOMETRIC__|0.1.2|26872|crew_log_5a77cfb0b1dc89bb|0|1786324058.992|100.559|6.285|1521623040|1545723904|sim_data_b8000ed69b204c49|__AUTOMETRIC__
__AUTOMETRIC__|0.1.2|26872|crew_log_5a77cfb0b1dc89bb|0|1786324060.004|98.815|6.176|1534083072|1557377024|sim_data_b8000ed69b204c49|__AUTOMETRIC__
__AUTOMETRIC__|0.1.2|26872|crew_log_5a77cfb0b1dc89bb|0|1786324061.013|100.688|6.293|1639079936|1662582784|sim_data_b8000ed69b204c49|__AUTOMETRIC__
__AUTOMETRIC__|0.1.2|26872|crew_log_5a77cfb0b1dc89bb|0|1786324062.025|100.341|6.271|1879543808|1903837184|sim_data_b8000ed69b204c49|__AUTOMETRIC__
__AUTOMETRIC__|0.1.2|26872|crew_log_5a77cfb0b1dc89bb|0|1786324063.035|100.555|6.285|1830858752|1854840832|sim_data_b8000ed69b204c49|__AUTOMETRIC__
__AUTOMETRIC__|0.1.2|26872|crew_log_5a77cfb0b1dc89bb|0|1786324064.044|91.377|5.711|1844740096|1868886016|sim_data_b8000ed69b204c49|__AUTOMETRIC__
__AUTOMETRIC__|0.1.2|26872|crew_log_5a77cfb0b1dc89bb|0|1786324065.045|84.278|5.267|1843236864|1866178560|sim_data_b8000ed69b204c49|__AUTOMETRIC__
__AUTOMETRIC__|0.1.2|26872|crew_log_5a77cfb0b1dc89bb|0|1786324066.053|99.237|6.202|1842798592|1865740288|sim_data_b8000ed69b204c49|__AUTOMETRIC__
__AUTOMETRIC__|0.1.2|26872|crew_log_5a77cfb0b1dc89bb|0|1786324067.062|102.159|6.385|1842733056|1865674752|sim_data_b8000ed69b204c49|__AUTOMETRIC__
__AUTOMETRIC__|0.1.2|26872|crew_log_5a77cfb0b1dc89bb|0|1786324068.065|99.780|6.236|1843732480|1866608640|sim_data_b8000ed69b204c49|__AUTOMETRIC__
__AUTOMETRIC__|0.1.2|26872|crew_log_5a77cfb0b1dc89bb|0|1786324069.072|100.779|6.299|1843666944|1866543104|sim_data_b8000ed69b204c49|__AUTOMETRIC__
__AUTOMETRIC__|0.1.2|26872|crew_log_5a77cfb0b1dc89bb|0|1786324070.075|99.790|6.237|1843732480|1866608640|sim_data_b8000ed69b204c49|__AUTOMETRIC__
__AUTOMETRIC__|0.1.2|26872|crew_log_5a77cfb0b1dc89bb|0|1786324071.085|98.957|6.185|1843732480|1866608640|sim_data_b8000ed69b204c49|__AUTOMETRIC__
__AUTOMETRIC__|0.1.2|26872|crew_log_5a77cfb0b1dc89bb|0|1786324072.099|100.214|6.263|1844629504|1867505664|sim_data_b8000ed69b204c49|__AUTOMETRIC__
__AUTOMETRIC__|0.1.2|26872|crew_log_5a77cfb0b1dc89bb|0|1786324073.111|98.733|6.171|1844690944|1867567104|sim_data_b8000ed69b204c49|__AUTOMETRIC__
__AUTOMETRIC__|0.1.2|26872|crew_log_5a77cfb0b1dc89bb|0|1786324074.122|100.522|6.283|1844690944|1867567104|sim_data_b8000ed69b204c49|__AUTOMETRIC__
__AUTOMETRIC__|0.1.2|26872|crew_log_5a77cfb0b1dc89bb|0|1786324075.128|97.834|6.115|1845522432|1868398592|sim_data_b8000ed69b204c49|__AUTOMETRIC__
__AUTOMETRIC__|0.1.2|26872|crew_log_5a77cfb0b1dc89bb|0|1786324076.141|97.198|6.075|1845575680|1868451840|sim_data_b8000ed69b204c49|__AUTOMETRIC__
__AUTOMETRIC__|0.1.2|26872|crew_log_5a77cfb0b1dc89bb|0|1786324077.156|98.461|6.154|1845587968|1868464128|sim_data_b8000ed69b204c49|__AUTOMETRIC__
__AUTOMETRIC__|0.1.2|26872|crew_log_5a77cfb0b1dc89bb|0|1786324078.164|100.817|6.301|1899741184|1922666496|sim_data_b8000ed69b204c49|__AUTOMETRIC__
__AUTOMETRIC__|0.1.2|26872|crew_log_5a77cfb0b1dc89bb|0|1786324079.168|101.140|6.321|1908854784|1932177408|sim_data_b8000ed69b204c49|__AUTOMETRIC__
__AUTOMETRIC__|0.1.2|26872|crew_log_5a77cfb0b1dc89bb|0|1786324080.175|97.727|6.108|1913999360|1937403904|sim_data_b8000ed69b204c49|__AUTOMETRIC__
__AUTOMETRIC__|0.1.2|26872|crew_log_5a77cfb0b1dc89bb|0|1786324081.190|101.660|6.354|1841246208|1864896512|sim_data_b8000ed69b204c49|__AUTOMETRIC__
__AUTOMETRIC__|0.1.2|26872|crew_log_5a77cfb0b1dc89bb|0|1786324082.204|100.083|6.255|1897246720|1920802816|sim_data_b8000ed69b204c49|__AUTOMETRIC__
__AUTOMETRIC__|0.1.2|26872|crew_log_5a77cfb0b1dc89bb|0|1786324083.216|100.399|6.275|2017443840|2041098240|sim_data_b8000ed69b204c49|__AUTOMETRIC__
__AUTOMETRIC__|0.1.2|26872|crew_log_5a77cfb0b1dc89bb|0|1786324084.231|81.600|5.100|2006581248|2029158400|sim_data_b8000ed69b204c49|__AUTOMETRIC__
__AUTOMETRIC__|0.1.2|26872|crew_log_5a77cfb0b1dc89bb|0|1786324085.245|100.122|6.258|2005446656|2027712512|sim_data_b8000ed69b204c49|__AUTOMETRIC__
__AUTOMETRIC__|0.1.2|26872|crew_log_5a77cfb0b1dc89bb|0|1786324086.249|99.615|6.226|2006454272|2028654592|sim_data_b8000ed69b204c49|__AUTOMETRIC__
__AUTOMETRIC__|0.1.2|26872|crew_log_5a77cfb0b1dc89bb|0|1786324087.256|99.358|6.210|2006372352|2028572672|sim_data_b8000ed69b204c49|__AUTOMETRIC__
__AUTOMETRIC__|0.1.2|26872|crew_log_5a77cfb0b1dc89bb|0|1786324088.265|99.100|6.194|2006372352|2028572672|sim_data_b8000ed69b204c49|__AUTOMETRIC__
__AUTOMETRIC__|0.1.2|26872|crew_log_5a77cfb0b1dc89bb|0|1786324089.271|99.339|6.209|2007404544|2029604864|sim_data_b8000ed69b204c49|__AUTOMETRIC__
__AUTOMETRIC__|0.1.2|26872|crew_log_5a77cfb0b1dc89bb|0|1786324090.272|99.969|6.248|2007404544|2029604864|sim_data_b8000ed69b204c49|__AUTOMETRIC__
__AUTOMETRIC__|0.1.2|26872|crew_log_5a77cfb0b1dc89bb|0|1786324091.282|100.486|6.280|2008313856|2030514176|sim_data_b8000ed69b204c49|__AUTOMETRIC__
__AUTOMETRIC__|0.1.2|26872|crew_log_5a77cfb0b1dc89bb|0|1786324092.294|100.351|6.272|2008240128|2030440448|sim_data_b8000ed69b204c49|__AUTOMETRIC__
__AUTOMETRIC__|0.1.2|26872|crew_log_5a77cfb0b1dc89bb|0|1786324093.304|99.049|6.191|2008195072|2030362624|sim_data_b8000ed69b204c49|__AUTOMETRIC__
__AUTOMETRIC__|0.1.2|26872|crew_log_5a77cfb0b1dc89bb|0|1786324094.311|100.895|6.306|2096791552|2119131136|sim_data_b8000ed69b204c49|__AUTOMETRIC__
__AUTOMETRIC__|0.1.2|26872|crew_log_5a77cfb0b1dc89bb|0|1786324095.312|107.686|6.730|1848344576|1871089664|sim_data_b8000ed69b204c49|__AUTOMETRIC__
__AUTOMETRIC__|0.1.2|26872|crew_log_5a77cfb0b1dc89bb|0|1786324096.320|100.772|6.298|1861021696|1883627520|sim_data_b8000ed69b204c49|__AUTOMETRIC__
__AUTOMETRIC__|0.1.2|26872|crew_log_5a77cfb0b1dc89bb|0|1786324097.330|100.489|6.281|1922629632|1945489408|sim_data_b8000ed69b204c49|__AUTOMETRIC__
__AUTOMETRIC__|0.1.2|26872|crew_log_5a77cfb0b1dc89bb|0|1786324098.339|100.678|6.292|2016980992|2039750656|sim_data_b8000ed69b204c49|__AUTOMETRIC__
__AUTOMETRIC__|0.1.2|26872|crew_log_5a77cfb0b1dc89bb|0|1786324099.345|82.316|5.145|2018590720|2040565760|sim_data_b8000ed69b204c49|__AUTOMETRIC__
__AUTOMETRIC__|0.1.2|26872|crew_log_5a77cfb0b1dc89bb|0|1786324100.352|99.350|6.209|2014515200|2036019200|sim_data_b8000ed69b204c49|__AUTOMETRIC__
__AUTOMETRIC__|0.1.2|26872|crew_log_5a77cfb0b1dc89bb|0|1786324101.357|101.064|6.316|2014154752|2035658752|sim_data_b8000ed69b204c49|__AUTOMETRIC__
__AUTOMETRIC__|0.1.2|26872|crew_log_5a77cfb0b1dc89bb|0|1786324102.360|99.685|6.230|2015244288|2036682752|sim_data_b8000ed69b204c49|__AUTOMETRIC__
__AUTOMETRIC__|0.1.2|26872|crew_log_5a77cfb0b1dc89bb|0|1786324103.360|99.943|6.246|2015186944|2036625408|sim_data_b8000ed69b204c49|__AUTOMETRIC__
__AUTOMETRIC__|0.1.2|26872|crew_log_5a77cfb0b1dc89bb|0|1786324104.366|97.881|6.118|2015186944|2036625408|sim_data_b8000ed69b204c49|__AUTOMETRIC__
__AUTOMETRIC__|0.1.2|26872|crew_log_5a77cfb0b1dc89bb|0|1786324105.373|100.868|6.304|2016112640|2037551104|sim_data_b8000ed69b204c49|__AUTOMETRIC__
__AUTOMETRIC__|0.1.2|26872|crew_log_5a77cfb0b1dc89bb|0|1786324106.380|99.313|6.207|2016002048|2037440512|sim_data_b8000ed69b204c49|__AUTOMETRIC__
__AUTOMETRIC__|0.1.2|26872|crew_log_5a77cfb0b1dc89bb|0|1786324107.393|100.229|6.264|2016063488|2037501952|sim_data_b8000ed69b204c49|__AUTOMETRIC__
__AUTOMETRIC__|0.1.2|26872|crew_log_5a77cfb0b1dc89bb|0|1786324108.398|101.077|6.317|2017067008|2038505472|sim_data_b8000ed69b204c49|__AUTOMETRIC__
__AUTOMETRIC__|0.1.2|26872|crew_log_5a77cfb0b1dc89bb|0|1786324109.404|99.440|6.215|2017013760|2038452224|sim_data_b8000ed69b204c49|__AUTOMETRIC__
__AUTOMETRIC__|0.1.2|26872|crew_log_5a77cfb0b1dc89bb|0|1786324110.410|97.774|6.111|2017021952|2038460416|sim_data_b8000ed69b204c49|__AUTOMETRIC__
__AUTOMETRIC__|0.1.2|26872|crew_log_5a77cfb0b1dc89bb|0|1786324111.413|101.272|6.329|2125373440|2147123200|sim_data_b8000ed69b204c49|__AUTOMETRIC__
__AUTOMETRIC__|0.1.2|26872|crew_log_5a77cfb0b1dc89bb|0|1786324112.413|106.220|6.639|1950924800|1972641792|sim_data_b8000ed69b204c49|__AUTOMETRIC__
__AUTOMETRIC__|0.1.2|26872|crew_log_5a77cfb0b1dc89bb|0|1786324113.422|100.695|6.293|1884024832|1905561600|sim_data_b8000ed69b204c49|__AUTOMETRIC__
__AUTOMETRIC__|0.1.2|26872|crew_log_5a77cfb0b1dc89bb|0|1786324114.427|99.505|6.219|2024054784|2046246912|sim_data_b8000ed69b204c49|__AUTOMETRIC__
__AUTOMETRIC__|0.1.2|26872|crew_log_5a77cfb0b1dc89bb|0|1786324115.427|101.516|6.345|2005897216|2027630592|sim_data_b8000ed69b204c49|__AUTOMETRIC__
__AUTOMETRIC__|0.1.2|26872|crew_log_5a77cfb0b1dc89bb|0|1786324116.428|92.126|5.758|2018418688|2040569856|sim_data_b8000ed69b204c49|__AUTOMETRIC__
__AUTOMETRIC__|0.1.2|26872|crew_log_5a77cfb0b1dc89bb|0|1786324117.431|88.810|5.551|2014937088|2035523584|sim_data_b8000ed69b204c49|__AUTOMETRIC__
__AUTOMETRIC__|0.1.2|26872|crew_log_5a77cfb0b1dc89bb|0|1786324118.443|98.805|6.175|2014543872|2035113984|sim_data_b8000ed69b204c49|__AUTOMETRIC__
__AUTOMETRIC__|0.1.2|26872|crew_log_5a77cfb0b1dc89bb|0|1786324119.446|101.226|6.327|2014543872|2035113984|sim_data_b8000ed69b204c49|__AUTOMETRIC__
__AUTOMETRIC__|0.1.2|26872|crew_log_5a77cfb0b1dc89bb|0|1786324120.453|99.313|6.207|2014543872|2035113984|sim_data_b8000ed69b204c49|__AUTOMETRIC__
__AUTOMETRIC__|0.1.2|26872|crew_log_5a77cfb0b1dc89bb|0|1786324121.461|97.736|6.109|2015485952|2035990528|sim_data_b8000ed69b204c49|__AUTOMETRIC__
__AUTOMETRIC__|0.1.2|26872|crew_log_5a77cfb0b1dc89bb|0|1786324122.469|100.733|6.296|2015481856|2035986432|sim_data_b8000ed69b204c49|__AUTOMETRIC__
__AUTOMETRIC__|0.1.2|26872|crew_log_5a77cfb0b1dc89bb|0|1786324123.469|98.383|6.149|2015481856|2035986432|sim_data_b8000ed69b204c49|__AUTOMETRIC__
__AUTOMETRIC__|0.1.2|26872|crew_log_5a77cfb0b1dc89bb|0|1786324124.481|100.409|6.276|2015481856|2035986432|sim_data_b8000ed69b204c49|__AUTOMETRIC__
__AUTOMETRIC__|0.1.2|26872|crew_log_5a77cfb0b1dc89bb|0|1786324125.495|98.611|6.163|2016407552|2036908032|sim_data_b8000ed69b204c49|__AUTOMETRIC__
__AUTOMETRIC__|0.1.2|26872|crew_log_5a77cfb0b1dc89bb|0|1786324126.498|99.690|6.231|2016407552|2036908032|sim_data_b8000ed69b204c49|__AUTOMETRIC__
__AUTOMETRIC__|0.1.2|26872|crew_log_5a77cfb0b1dc89bb|0|1786324127.499|99.880|6.242|2016407552|2036908032|sim_data_b8000ed69b204c49|__AUTOMETRIC__
__AUTOMETRIC__|0.1.2|26872|crew_log_5a77cfb0b1dc89bb|0|1786324128.513|100.215|6.263|2016407552|2036908032|sim_data_b8000ed69b204c49|__AUTOMETRIC__
__AUTOMETRIC__|0.1.2|26872|crew_log_5a77cfb0b1dc89bb|0|1786324129.514|99.905|6.244|2017308672|2037809152|sim_data_b8000ed69b204c49|__AUTOMETRIC__
__AUTOMETRIC__|0.1.2|26872|crew_log_5a77cfb0b1dc89bb|0|1786324130.528|100.140|6.259|2017308672|2037809152|sim_data_b8000ed69b204c49|__AUTOMETRIC__
__AUTOMETRIC__|0.1.2|26872|crew_log_5a77cfb0b1dc89bb|0|1786324131.535|99.289|6.206|2017308672|2037809152|sim_data_b8000ed69b204c49|__AUTOMETRIC__
__AUTOMETRIC__|0.1.2|26872|crew_log_5a77cfb0b1dc89bb|0|1786324132.535|99.993|6.250|2017308672|2037809152|sim_data_b8000ed69b204c49|__AUTOMETRIC__
__AUTOMETRIC__|0.1.2|26872|crew_log_5a77cfb0b1dc89bb|0|1786324133.536|99.897|6.244|2060234752|2080686080|sim_data_b8000ed69b204c49|__AUTOMETRIC__
__AUTOMETRIC__|0.1.2|26872|crew_log_5a77cfb0b1dc89bb|0|1786324134.551|98.527|6.158|2174922752|2195644416|sim_data_b8000ed69b204c49|__AUTOMETRIC__
__AUTOMETRIC__|0.1.2|26872|crew_log_5a77cfb0b1dc89bb|0|1786324135.552|99.903|6.244|2176299008|2196865024|sim_data_b8000ed69b204c49|__AUTOMETRIC__
__AUTOMETRIC__|0.1.2|26872|crew_log_5a77cfb0b1dc89bb|0|1786324136.553|103.038|6.440|2017931264|2038722560|sim_data_b8000ed69b204c49|__AUTOMETRIC__
__AUTOMETRIC__|0.1.2|26872|crew_log_5a77cfb0b1dc89bb|0|1786324137.556|101.273|6.330|2023591936|2044633088|sim_data_b8000ed69b204c49|__AUTOMETRIC__
__AUTOMETRIC__|0.1.2|26872|crew_log_5a77cfb0b1dc89bb|0|1786324138.557|81.166|5.073|2025930752|2046173184|sim_data_b8000ed69b204c49|__AUTOMETRIC__
__AUTOMETRIC__|0.1.2|26872|crew_log_5a77cfb0b1dc89bb|0|1786324139.559|101.314|6.332|2022277120|2041868288|sim_data_b8000ed69b204c49|__AUTOMETRIC__
__AUTOMETRIC__|0.1.2|26872|crew_log_5a77cfb0b1dc89bb|0|1786324140.571|101.884|6.368|2021736448|2041270272|sim_data_b8000ed69b204c49|__AUTOMETRIC__
__AUTOMETRIC__|0.1.2|26872|crew_log_5a77cfb0b1dc89bb|0|1786324141.572|99.965|6.248|2021732352|2041266176|sim_data_b8000ed69b204c49|__AUTOMETRIC__
__AUTOMETRIC__|0.1.2|26872|crew_log_5a77cfb0b1dc89bb|0|1786324142.584|98.804|6.175|2022686720|2042155008|sim_data_b8000ed69b204c49|__AUTOMETRIC__
__AUTOMETRIC__|0.1.2|26872|crew_log_5a77cfb0b1dc89bb|0|1786324143.587|99.700|6.231|2022752256|2042220544|sim_data_b8000ed69b204c49|__AUTOMETRIC__
__AUTOMETRIC__|0.1.2|26872|crew_log_5a77cfb0b1dc89bb|0|1786324144.599|98.758|6.172|2022748160|2042216448|sim_data_b8000ed69b204c49|__AUTOMETRIC__
__AUTOMETRIC__|0.1.2|26872|crew_log_5a77cfb0b1dc89bb|0|1786324145.609|100.583|6.286|2023690240|2043158528|sim_data_b8000ed69b204c49|__AUTOMETRIC__
__AUTOMETRIC__|0.1.2|26872|crew_log_5a77cfb0b1dc89bb|0|1786324146.622|100.317|6.270|2023608320|2043076608|sim_data_b8000ed69b204c49|__AUTOMETRIC__
__AUTOMETRIC__|0.1.2|26872|crew_log_5a77cfb0b1dc89bb|0|1786324147.626|99.546|6.222|2023608320|2043076608|sim_data_b8000ed69b204c49|__AUTOMETRIC__
__AUTOMETRIC__|0.1.2|26872|crew_log_5a77cfb0b1dc89bb|0|1786324148.628|96.646|6.040|2024660992|2044129280|sim_data_b8000ed69b204c49|__AUTOMETRIC__
__AUTOMETRIC__|0.1.2|26872|crew_log_5a77cfb0b1dc89bb|0|1786324149.629|99.928|6.245|2024579072|2044047360|sim_data_b8000ed69b204c49|__AUTOMETRIC__
__AUTOMETRIC__|0.1.2|26872|crew_log_5a77cfb0b1dc89bb|0|1786324150.640|98.934|6.183|2024591360|2044059648|sim_data_b8000ed69b204c49|__AUTOMETRIC__
__AUTOMETRIC__|0.1.2|26872|crew_log_5a77cfb0b1dc89bb|0|1786324151.640|99.993|6.250|2024521728|2043990016|sim_data_b8000ed69b204c49|__AUTOMETRIC__
__AUTOMETRIC__|0.1.2|26872|crew_log_5a77cfb0b1dc89bb|0|1786324152.650|100.548|6.284|2071285760|2090770432|sim_data_b8000ed69b204c49|__AUTOMETRIC__
__AUTOMETRIC__|0.1.2|26872|crew_log_5a77cfb0b1dc89bb|0|1786324153.661|97.375|6.086|2199048192|2218979328|sim_data_b8000ed69b204c49|__AUTOMETRIC__
__AUTOMETRIC__|0.1.2|26872|crew_log_5a77cfb0b1dc89bb|0|1786324154.675|100.170|6.261|2185736192|2205413376|sim_data_b8000ed69b204c49|__AUTOMETRIC__
__AUTOMETRIC__|0.1.2|26872|crew_log_5a77cfb0b1dc89bb|0|1786324155.687|101.883|6.368|2031083520|2050867200|sim_data_b8000ed69b204c49|__AUTOMETRIC__
