__AUTOMETRIC__|0.1.2|2163912|crew_log_b4e59b64c76381d1|0|1786756162.492|75.988|0.396|212795392|2960822272|sim_data_341798b7487bf001|__AUTOMETRIC__
__AUTOMETRIC__|0.1.2|2163912|crew_log_b4e59b64c76381d1|0|1786756163.494|0.000|0.000|212795392|2960822272|sim_data_341798b7487bf001|__AUTOMETRIC__
__AUTOMETRIC__|0.1.2|2163912|crew_log_b4e59b64c76381d1|0|1786756164.496|0.000|0.000|212795392|2960822272|sim_data_341798b7487bf001|__AUTOMETRIC__
__AUTOMETRIC__|0.1.2|2163912|crew_log_b4e59b64c76381d1|0|1786756165.498|0.000|0.000|212795392|2960822272|sim_data_341798b7487bf001|__AUTOMETRIC__
__AUTOMETRIC__|0.1.2|2163912|crew_log_b4e59b64c76381d1|0|1786756166.500|0.000|0.000|212795392|2960822272|sim_data_341798b7487bf001|__AUTOMETRIC__
__AUTOMETRIC__|0.1.2|2163912|crew_log_b4e59b64c76381d1|0|1786756167.504|0.000|0.000|212795392|2960822272|sim_data_341798b7487bf001|__AUTOMETRIC__
__AUTOMETRIC__|0.1.2|2163912|crew_log_b4e59b64c76381d1|0|1786756168.506|0.000|0.000|212795392|2960822272|sim_data_341798b7487bf001|__AUTOMETRIC__
__AUTOMETRIC__|0.1.2|2163912|crew_log_b4e59b64c76381d1|0|1786756169.508|0.000|0.000|212795392|2960822272|sim_data_341798b7487bf001|__AUTOMETRIC__
__AUTOMETRIC__|0.1.2|2163912|crew_log_b4e59b64c76381d1|0|1786756170.517|0.000|0.000|212795392|2960822272|sim_data_341798b7487bf001|__AUTOMETRIC__
__AUTOMETRIC__|0.1.2|2163912|crew_log_b4e59b64c76381d1|0|1786756171.519|0.000|0.000|212795392|2960822272|sim_data_341798b7487bf001|__AUTOMETRIC__
__AUTOMETRIC__|0.1.2|2163912|crew_log_b4e59b64c76381d1|0|1786756172.520|11.987|0.062|221724672|2971226112|sim_data_341798b7487bf001|__AUTOMETRIC__
__AUTOMETRIC__|0.1.2|2163912|crew_log_b4e59b64c76381d1|0|1786756173.524|94.624|0.493|370597888|3127189504|sim_data_341798b7487bf001|__AUTOMETRIC__
__AUTOMETRIC__|0.1.2|2163912|crew_log_b4e59b64c76381d1|0|1786756174.525|98.892|0.515|485416960|3241115648|sim_data_341798b7487bf001|__AUTOMETRIC__
__AUTOMETRIC__|0.1.2|2163912|crew_log_b4e59b64c76381d1|0|1786756175.527|98.751|0.514|757522432|3514306560|sim_data_341798b7487bf001|__AUTOMETRIC__
__AUTOMETRIC__|0.1.2|2163912|crew_log_b4e59b64c76381d1|0|1786756176.533|100.436|0.523|944693248|3700961280|sim_data_341798b7487bf001|__AUTOMETRIC__
__AUTOMETRIC__|0.1.2|2163912|crew_log_b4e59b64c76381d1|0|1786756177.535|96.824|0.504|1171185664|3927658496|sim_data_341798b7487bf001|__AUTOMETRIC__
__AUTOMETRIC__|0.1.2|2163912|crew_log_b4e59b64c76381d1|0|1786756178.536|99.826|0.520|1363075072|4120080384|sim_data_341798b7487bf001|__AUTOMETRIC__
__AUTOMETRIC__|0.1.2|2163912|crew_log_b4e59b64c76381d1|0|1786756179.541|99.558|0.519|1438572544|4194406400|sim_data_341798b7487bf001|__AUTOMETRIC__
__AUTOMETRIC__|0.1.2|2163912|crew_log_b4e59b64c76381d1|0|1786756180.542|99.890|0.520|1761009664|4516896768|sim_data_341798b7487bf001|__AUTOMETRIC__
__AUTOMETRIC__|0.1.2|2163912|crew_log_b4e59b64c76381d1|0|1786756181.543|98.865|0.515|1904140288|4659843072|sim_data_341798b7487bf001|__AUTOMETRIC__
__AUTOMETRIC__|0.1.2|2163912|crew_log_b4e59b64c76381d1|0|1786756182.550|100.295|0.522|2147934208|4903759872|sim_data_341798b7487bf001|__AUTOMETRIC__
__AUTOMETRIC__|0.1.2|2163912|crew_log_b4e59b64c76381d1|0|1786756183.552|99.861|0.520|2336677888|5093572608|sim_data_341798b7487bf001|__AUTOMETRIC__
__AUTOMETRIC__|0.1.2|2163912|crew_log_b4e59b64c76381d1|0|1786756184.556|99.570|0.519|2611929088|5367926784|sim_data_341798b7487bf001|__AUTOMETRIC__
__AUTOMETRIC__|0.1.2|2163912|crew_log_b4e59b64c76381d1|0|1786756185.564|99.226|0.517|2611929088|5367926784|sim_data_341798b7487bf001|__AUTOMETRIC__
__AUTOMETRIC__|0.1.2|2163912|crew_log_b4e59b64c76381d1|0|1786756186.565|99.856|0.520|3168722944|5925076992|sim_data_341798b7487bf001|__AUTOMETRIC__
__AUTOMETRIC__|0.1.2|2163912|crew_log_b4e59b64c76381d1|0|1786756187.568|98.782|0.514|3168722944|5925076992|sim_data_341798b7487bf001|__AUTOMETRIC__
__AUTOMETRIC__|0.1.2|2163912|crew_log_b4e59b64c76381d1|0|1786756188.578|99.928|0.520|3223773184|5979877376|sim_data_341798b7487bf001|__AUTOMETRIC__
__AUTOMETRIC__|0.1.2|2163912|crew_log_b4e59b64c76381d1|0|1786756189.580|98.875|0.515|3837190144|6593536000|sim_data_341798b7487bf001|__AUTOMETRIC__
__AUTOMETRIC__|0.1.2|2163912|crew_log_b4e59b64c76381d1|0|1786756190.581|99.864|0.520|3837190144|6593536000|sim_data_341798b7487bf001|__AUTOMETRIC__
__AUTOMETRIC__|0.1.2|2163912|crew_log_b4e59b64c76381d1|0|1786756191.589|99.200|0.517|3837190144|6593536000|sim_data_341798b7487bf001|__AUTOMETRIC__
__AUTOMETRIC__|0.1.2|2163912|crew_log_b4e59b64c76381d1|0|1786756192.590|99.859|0.520|4301185024|7058051072|sim_data_341798b7487bf001|__AUTOMETRIC__
__AUTOMETRIC__|0.1.2|2163912|crew_log_b4e59b64c76381d1|0|1786756193.592|99.845|0.520|4639350784|7395737600|sim_data_341798b7487bf001|__AUTOMETRIC__
__AUTOMETRIC__|0.1.2|2163912|crew_log_b4e59b64c76381d1|0|1786756194.595|99.728|0.519|4639350784|7395737600|sim_data_341798b7487bf001|__AUTOMETRIC__
__AUTOMETRIC__|0.1.2|2163912|crew_log_b4e59b64c76381d1|0|1786756195.596|99.848|0.520|4639350784|7395737600|sim_data_341798b7487bf001|__AUTOMETRIC__
__AUTOMETRIC__|0.1.2|2163912|crew_log_b4e59b64c76381d1|0|1786756196.598|98.858|0.515|5002682368|7758917632|sim_data_341798b7487bf001|__AUTOMETRIC__
__AUTOMETRIC__|0.1.2|2163912|crew_log_b4e59b64c76381d1|0|1786756197.600|99.777|0.520|5601943552|8358379520|sim_data_341798b7487bf001|__AUTOMETRIC__
__AUTOMETRIC__|0.1.2|2163912|crew_log_b4e59b64c76381d1|0|1786756198.602|99.827|0.520|5601943552|8358379520|sim_data_341798b7487bf001|__AUTOMETRIC__
__AUTOMETRIC__|0.1.2|2163912|crew_log_b4e59b64c76381d1|0|1786756199.603|99.873|0.520|5601943552|8358379520|sim_data_341798b7487bf001|__AUTOMETRIC__
__AUTOMETRIC__|0.1.2|2163912|crew_log_b4e59b64c76381d1|0|1786756200.604|98.863|0.515|5601943552|8358379520|sim_data_341798b7487bf001|__AUTOMETRIC__
__AUTOMETRIC__|0.1.2|2163912|crew_log_b4e59b64c76381d1|0|1786756201.606|99.868|0.520|6194913280|8951967744|sim_data_341798b7487bf001|__AUTOMETRIC__
__AUTOMETRIC__|0.1.2|2163912|crew_log_b4e59b64c76381d1|0|1786756202.607|98.890|0.515|6756425728|9513500672|sim_data_341798b7487bf001|__AUTOMETRIC__
__AUTOMETRIC__|0.1.2|2163912|crew_log_b4e59b64c76381d1|0|1786756203.608|99.877|0.520|6757998592|9513635840|sim_data_341798b7487bf001|__AUTOMETRIC__
__AUTOMETRIC__|0.1.2|2163912|crew_log_b4e59b64c76381d1|0|1786756204.609|99.886|0.520|6757998592|9513635840|sim_data_341798b7487bf001|__AUTOMETRIC__
__AUTOMETRIC__|0.1.2|2163912|crew_log_b4e59b64c76381d1|0|1786756205.610|98.858|0.515|6757998592|9513635840|sim_data_341798b7487bf001|__AUTOMETRIC__
__AUTOMETRIC__|0.1.2|2163912|crew_log_b4e59b64c76381d1|0|1786756206.612|99.884|0.520|6831923200|9588793344|sim_data_341798b7487bf001|__AUTOMETRIC__
__AUTOMETRIC__|0.1.2|2163912|crew_log_b4e59b64c76381d1|0|1786756207.614|98.777|0.514|7486234624|10242400256|sim_data_341798b7487bf001|__AUTOMETRIC__
__AUTOMETRIC__|0.1.2|2163912|crew_log_b4e59b64c76381d1|0|1786756208.615|100.848|0.525|8143691776|10899697664|sim_data_341798b7487bf001|__AUTOMETRIC__
__AUTOMETRIC__|0.1.2|2163912|crew_log_b4e59b64c76381d1|0|1786756209.617|98.888|0.515|8143691776|10899832832|sim_data_341798b7487bf001|__AUTOMETRIC__
__AUTOMETRIC__|0.1.2|2163912|crew_log_b4e59b64c76381d1|0|1786756210.618|99.877|0.520|8143691776|10899832832|sim_data_341798b7487bf001|__AUTOMETRIC__
__AUTOMETRIC__|0.1.2|2163912|crew_log_b4e59b64c76381d1|0|1786756211.619|99.863|0.520|8143691776|10899832832|sim_data_341798b7487bf001|__AUTOMETRIC__
__AUTOMETRIC__|0.1.2|2163912|crew_log_b4e59b64c76381d1|0|1786756212.620|99.882|0.520|8143691776|10899832832|sim_data_341798b7487bf001|__AUTOMETRIC__
__AUTOMETRIC__|0.1.2|2163912|crew_log_b4e59b64c76381d1|0|1786756213.622|98.859|0.515|8211324928|10968162304|sim_data_341798b7487bf001|__AUTOMETRIC__
__AUTOMETRIC__|0.1.2|2163912|crew_log_b4e59b64c76381d1|0|1786756214.623|99.897|0.520|8870354944|11627036672|sim_data_341798b7487bf001|__AUTOMETRIC__
__AUTOMETRIC__|0.1.2|2163912|crew_log_b4e59b64c76381d1|0|1786756215.624|98.885|0.515|9527812096|12284575744|sim_data_341798b7487bf001|__AUTOMETRIC__
__AUTOMETRIC__|0.1.2|2163912|crew_log_b4e59b64c76381d1|0|1786756216.628|99.619|0.519|9807781888|12563394560|sim_data_341798b7487bf001|__AUTOMETRIC__
__AUTOMETRIC__|0.1.2|2163912|crew_log_b4e59b64c76381d1|0|1786756217.630|98.800|0.515|9807781888|12563394560|sim_data_341798b7487bf001|__AUTOMETRIC__
__AUTOMETRIC__|0.1.2|2163912|crew_log_b4e59b64c76381d1|0|1786756218.631|99.842|0.520|9807781888|12563394560|sim_data_341798b7487bf001|__AUTOMETRIC__
__AUTOMETRIC__|0.1.2|2163912|crew_log_b4e59b64c76381d1|0|1786756219.638|99.306|0.517|9807781888|12563394560|sim_data_341798b7487bf001|__AUTOMETRIC__
__AUTOMETRIC__|0.1.2|2163912|crew_log_b4e59b64c76381d1|0|1786756220.640|99.876|0.520|9807781888|12563394560|sim_data_341798b7487bf001|__AUTOMETRIC__
__AUTOMETRIC__|0.1.2|2163912|crew_log_b4e59b64c76381d1|0|1786756221.641|99.840|0.520|9807781888|12563394560|sim_data_341798b7487bf001|__AUTOMETRIC__
__AUTOMETRIC__|0.1.2|2163912|crew_log_b4e59b64c76381d1|0|1786756222.643|99.775|0.520|10216726528|12972818432|sim_data_341798b7487bf001|__AUTOMETRIC__
__AUTOMETRIC__|0.1.2|2163912|crew_log_b4e59b64c76381d1|0|1786756223.645|99.882|0.520|10921369600|13677645824|sim_data_341798b7487bf001|__AUTOMETRIC__
__AUTOMETRIC__|0.1.2|2163912|crew_log_b4e59b64c76381d1|0|1786756224.646|98.890|0.515|11570962432|14327263232|sim_data_341798b7487bf001|__AUTOMETRIC__
__AUTOMETRIC__|0.1.2|2163912|crew_log_b4e59b64c76381d1|0|1786756225.647|99.874|0.520|11803746304|14559719424|sim_data_341798b7487bf001|__AUTOMETRIC__
__AUTOMETRIC__|0.1.2|2163912|crew_log_b4e59b64c76381d1|0|1786756226.648|98.906|0.515|11803746304|14559719424|sim_data_341798b7487bf001|__AUTOMETRIC__
__AUTOMETRIC__|0.1.2|2163912|crew_log_b4e59b64c76381d1|0|1786756227.650|99.814|0.520|11803746304|14559719424|sim_data_341798b7487bf001|__AUTOMETRIC__
__AUTOMETRIC__|0.1.2|2163912|crew_log_b4e59b64c76381d1|0|1786756228.652|99.761|0.520|11803746304|14559719424|sim_data_341798b7487bf001|__AUTOMETRIC__
__AUTOMETRIC__|0.1.2|2163912|crew_log_b4e59b64c76381d1|0|1786756229.653|98.874|0.515|11803746304|14559719424|sim_data_341798b7487bf001|__AUTOMETRIC__
__AUTOMETRIC__|0.1.2|2163912|crew_log_b4e59b64c76381d1|0|1786756230.655|99.859|0.520|11803746304|14559719424|sim_data_341798b7487bf001|__AUTOMETRIC__
__AUTOMETRIC__|0.1.2|2163912|crew_log_b4e59b64c76381d1|0|1786756231.657|99.785|0.520|11803746304|14559719424|sim_data_341798b7487bf001|__AUTOMETRIC__
__AUTOMETRIC__|0.1.2|2163912|crew_log_b4e59b64c76381d1|0|1786756232.658|98.853|0.515|11863515136|14620532736|sim_data_341798b7487bf001|__AUTOMETRIC__
__AUTOMETRIC__|0.1.2|2163912|crew_log_b4e59b64c76381d1|0|1786756233.660|100.874|0.525|12538273792|15294382080|sim_data_341798b7487bf001|__AUTOMETRIC__
__AUTOMETRIC__|0.1.2|2163912|crew_log_b4e59b64c76381d1|0|1786756234.661|98.857|0.515|13213032448|15969189888|sim_data_341798b7487bf001|__AUTOMETRIC__
__AUTOMETRIC__|0.1.2|2163912|crew_log_b4e59b64c76381d1|0|1786756235.663|99.855|0.520|13911384064|16667033600|sim_data_341798b7487bf001|__AUTOMETRIC__
__AUTOMETRIC__|0.1.2|2163912|crew_log_b4e59b64c76381d1|0|1786756236.664|98.874|0.515|14199218176|16955400192|sim_data_341798b7487bf001|__AUTOMETRIC__
__AUTOMETRIC__|0.1.2|2163912|crew_log_b4e59b64c76381d1|0|1786756237.669|99.504|0.518|14199218176|16955400192|sim_data_341798b7487bf001|__AUTOMETRIC__
__AUTOMETRIC__|0.1.2|2163912|crew_log_b4e59b64c76381d1|0|1786756238.671|99.769|0.520|14199218176|16955400192|sim_data_341798b7487bf001|__AUTOMETRIC__
__AUTOMETRIC__|0.1.2|2163912|crew_log_b4e59b64c76381d1|0|1786756239.673|98.821|0.515|14199218176|16955400192|sim_data_341798b7487bf001|__AUTOMETRIC__
__AUTOMETRIC__|0.1.2|2163912|crew_log_b4e59b64c76381d1|0|1786756240.677|99.629|0.519|14199218176|16955400192|sim_data_341798b7487bf001|__AUTOMETRIC__
__AUTOMETRIC__|0.1.2|2163912|crew_log_b4e59b64c76381d1|0|1786756241.678|99.863|0.520|14199218176|16955400192|sim_data_341798b7487bf001|__AUTOMETRIC__
__AUTOMETRIC__|0.1.2|2163912|crew_log_b4e59b64c76381d1|0|1786756242.680|99.855|0.520|14199218176|16955400192|sim_data_341798b7487bf001|__AUTOMETRIC__
__AUTOMETRIC__|0.1.2|2163912|crew_log_b4e59b64c76381d1|0|1786756243.681|99.854|0.520|14199218176|16955400192|sim_data_341798b7487bf001|__AUTOMETRIC__
__AUTOMETRIC__|0.1.2|2163912|crew_log_b4e59b64c76381d1|0|1786756244.682|98.878|0.515|14199218176|16955400192|sim_data_341798b7487bf001|__AUTOMETRIC__
__AUTOMETRIC__|0.1.2|2163912|crew_log_b4e59b64c76381d1|0|1786756245.684|99.834|0.520|14749720576|17505775616|sim_data_341798b7487bf001|__AUTOMETRIC__
__AUTOMETRIC__|0.1.2|2163912|crew_log_b4e59b64c76381d1|0|1786756246.686|99.815|0.520|15427624960|18183774208|sim_data_341798b7487bf001|__AUTOMETRIC__
__AUTOMETRIC__|0.1.2|2163912|crew_log_b4e59b64c76381d1|0|1786756247.688|99.809|0.520|16113393664|18869972992|sim_data_341798b7487bf001|__AUTOMETRIC__
__AUTOMETRIC__|0.1.2|2163912|crew_log_b4e59b64c76381d1|0|1786756248.689|98.861|0.515|16810172416|19567296512|sim_data_341798b7487bf001|__AUTOMETRIC__
__AUTOMETRIC__|0.1.2|2163912|crew_log_b4e59b64c76381d1|0|1786756249.691|99.789|0.520|17074413568|19830210560|sim_data_341798b7487bf001|__AUTOMETRIC__
__AUTOMETRIC__|0.1.2|2163912|crew_log_b4e59b64c76381d1|0|1786756250.692|99.884|0.520|17074413568|19830210560|sim_data_341798b7487bf001|__AUTOMETRIC__
__AUTOMETRIC__|0.1.2|2163912|crew_log_b4e59b64c76381d1|0|1786756251.694|99.851|0.520|17074413568|19830210560|sim_data_341798b7487bf001|__AUTOMETRIC__
__AUTOMETRIC__|0.1.2|2163912|crew_log_b4e59b64c76381d1|0|1786756252.698|98.579|0.513|17074413568|19830210560|sim_data_341798b7487bf001|__AUTOMETRIC__
__AUTOMETRIC__|0.1.2|2163912|crew_log_b4e59b64c76381d1|0|1786756253.700|99.863|0.520|17074413568|19830210560|sim_data_341798b7487bf001|__AUTOMETRIC__
__AUTOMETRIC__|0.1.2|2163912|crew_log_b4e59b64c76381d1|0|1786756254.701|99.882|0.520|17074413568|19830210560|sim_data_341798b7487bf001|__AUTOMETRIC__
__AUTOMETRIC__|0.1.2|2163912|crew_log_b4e59b64c76381d1|0|1786756255.703|99.726|0.519|17074413568|19830210560|sim_data_341798b7487bf001|__AUTOMETRIC__
__AUTOMETRIC__|0.1.2|2163912|crew_log_b4e59b64c76381d1|0|1786756256.705|98.805|0.515|17074413568|19830210560|sim_data_341798b7487bf001|__AUTOMETRIC__
__AUTOMETRIC__|0.1.2|2163912|crew_log_b4e59b64c76381d1|0|1786756257.707|99.832|0.520|17074413568|19830210560|sim_data_341798b7487bf001|__AUTOMETRIC__
__AUTOMETRIC__|0.1.2|2163912|crew_log_b4e59b64c76381d1|0|1786756258.709|99.826|0.520|17074413568|19830210560|sim_data_341798b7487bf001|__AUTOMETRIC__
__AUTOMETRIC__|0.1.2|2163912|crew_log_b4e59b64c76381d1|0|1786756259.710|98.891|0.515|17535262720|20292317184|sim_data_341798b7487bf001|__AUTOMETRIC__
__AUTOMETRIC__|0.1.2|2163912|crew_log_b4e59b64c76381d1|0|1786756260.711|99.875|0.520|18213167104|20970041344|sim_data_341798b7487bf001|__AUTOMETRIC__
__AUTOMETRIC__|0.1.2|2163912|crew_log_b4e59b64c76381d1|0|1786756261.714|99.732|0.519|18895790080|21652398080|sim_data_341798b7487bf001|__AUTOMETRIC__
__AUTOMETRIC__|0.1.2|2163912|crew_log_b4e59b64c76381d1|0|1786756262.715|98.879|0.515|19576840192|22332944384|sim_data_341798b7487bf001|__AUTOMETRIC__
__AUTOMETRIC__|0.1.2|2163912|crew_log_b4e59b64c76381d1|0|1786756263.716|98.873|0.515|20257890304|23014719488|sim_data_341798b7487bf001|__AUTOMETRIC__
__AUTOMETRIC__|0.1.2|2163912|crew_log_b4e59b64c76381d1|0|1786756264.720|99.601|0.519|20523704320|23279493120|sim_data_341798b7487bf001|__AUTOMETRIC__
__AUTOMETRIC__|0.1.2|2163912|crew_log_b4e59b64c76381d1|0|1786756265.722|98.880|0.515|20523704320|23279767552|sim_data_341798b7487bf001|__AUTOMETRIC__
__AUTOMETRIC__|0.1.2|2163912|crew_log_b4e59b64c76381d1|0|1786756266.723|99.874|0.520|20523704320|23279767552|sim_data_341798b7487bf001|__AUTOMETRIC__
__AUTOMETRIC__|0.1.2|2163912|crew_log_b4e59b64c76381d1|0|1786756267.727|98.626|0.514|20523704320|23279767552|sim_data_341798b7487bf001|__AUTOMETRIC__
__AUTOMETRIC__|0.1.2|2163912|crew_log_b4e59b64c76381d1|0|1786756268.728|99.847|0.520|20523704320|23279767552|sim_data_341798b7487bf001|__AUTOMETRIC__
__AUTOMETRIC__|0.1.2|2163912|crew_log_b4e59b64c76381d1|0|1786756269.730|98.870|0.515|20523704320|23279767552|sim_data_341798b7487bf001|__AUTOMETRIC__
__AUTOMETRIC__|0.1.2|2163912|crew_log_b4e59b64c76381d1|0|1786756270.732|99.717|0.519|20523704320|23279767552|sim_data_341798b7487bf001|__AUTOMETRIC__
__AUTOMETRIC__|0.1.2|2163912|crew_log_b4e59b64c76381d1|0|1786756271.734|98.840|0.515|20523704320|23279767552|sim_data_341798b7487bf001|__AUTOMETRIC__
__AUTOMETRIC__|0.1.2|2163912|crew_log_b4e59b64c76381d1|0|1786756272.735|99.857|0.520|20523704320|23279767552|sim_data_341798b7487bf001|__AUTOMETRIC__
__AUTOMETRIC__|0.1.2|2163912|crew_log_b4e59b64c76381d1|0|1786756273.739|99.623|0.519|20523704320|23279767552|sim_data_341798b7487bf001|__AUTOMETRIC__
__AUTOMETRIC__|0.1.2|2163912|crew_log_b4e59b64c76381d1|0|1786756274.740|98.877|0.515|20523704320|23279767552|sim_data_341798b7487bf001|__AUTOMETRIC__
__AUTOMETRIC__|0.1.2|2163912|crew_log_b4e59b64c76381d1|0|1786756275.742|99.886|0.520|20858724352|23614996480|sim_data_341798b7487bf001|__AUTOMETRIC__
__AUTOMETRIC__|0.1.2|2163912|crew_log_b4e59b64c76381d1|0|1786756276.743|98.875|0.515|21226774528|23983714304|sim_data_341798b7487bf001|__AUTOMETRIC__
__AUTOMETRIC__|0.1.2|2163912|crew_log_b4e59b64c76381d1|0|1786756277.745|99.798|0.520|21226774528|23983714304|sim_data_341798b7487bf001|__AUTOMETRIC__
__AUTOMETRIC__|0.1.2|2163912|crew_log_b4e59b64c76381d1|0|1786756278.746|98.867|0.515|21226774528|23983714304|sim_data_341798b7487bf001|__AUTOMETRIC__
__AUTOMETRIC__|0.1.2|2163912|crew_log_b4e59b64c76381d1|0|1786756279.747|98.885|0.515|21226774528|23983714304|sim_data_341798b7487bf001|__AUTOMETRIC__
__AUTOMETRIC__|0.1.2|2163912|crew_log_b4e59b64c76381d1|0|1786756280.749|99.869|0.520|21226774528|23983714304|sim_data_341798b7487bf001|__AUTOMETRIC__
__AUTOMETRIC__|0.1.2|2163912|crew_log_b4e59b64c76381d1|0|1786756281.750|98.856|0.515|21226774528|23983714304|sim_data_341798b7487bf001|__AUTOMETRIC__
__AUTOMETRIC__|0.1.2|2163912|crew_log_b4e59b64c76381d1|0|1786756282.755|99.548|0.518|21226774528|23983714304|sim_data_341798b7487bf001|__AUTOMETRIC__
__AUTOMETRIC__|0.1.2|2163912|crew_log_b4e59b64c76381d1|0|1786756283.756|98.878|0.515|21226774528|23983714304|sim_data_341798b7487bf001|__AUTOMETRIC__
__AUTOMETRIC__|0.1.2|2163912|crew_log_b4e59b64c76381d1|0|1786756284.757|99.877|0.520|21226774528|23983714304|sim_data_341798b7487bf001|__AUTOMETRIC__
__AUTOMETRIC__|0.1.2|2163912|crew_log_b4e59b64c76381d1|0|1786756285.758|98.879|0.515|21226774528|23983714304|sim_data_341798b7487bf001|__AUTOMETRIC__
__AUTOMETRIC__|0.1.2|2163912|crew_log_b4e59b64c76381d1|0|1786756286.760|99.875|0.520|21261377536|24017747968|sim_data_341798b7487bf001|__AUTOMETRIC__
__AUTOMETRIC__|0.1.2|2163912|crew_log_b4e59b64c76381d1|0|1786756287.766|579.261|3.017|21745184768|24624783360|sim_data_341798b7487bf001|__AUTOMETRIC__
__AUTOMETRIC__|0.1.2|2163912|crew_log_b4e59b64c76381d1|0|1786756288.768|1332.872|6.942|22383767552|25264193536|sim_data_341798b7487bf001|__AUTOMETRIC__
__AUTOMETRIC__|0.1.2|2163912|crew_log_b4e59b64c76381d1|0|1786756289.769|172.765|0.900|22940561408|25820393472|sim_data_341798b7487bf001|__AUTOMETRIC__
__AUTOMETRIC__|0.1.2|2163912|crew_log_b4e59b64c76381d1|0|1786756290.830|114.027|0.594|23491063808|26371579904|sim_data_341798b7487bf001|__AUTOMETRIC__
__AUTOMETRIC__|0.1.2|2163912|crew_log_b4e59b64c76381d1|0|1786756291.833|3.989|0.021|23519375360|26399412224|sim_data_341798b7487bf001|__AUTOMETRIC__
__AUTOMETRIC__|0.1.2|2163912|crew_log_b4e59b64c76381d1|0|1786756292.907|13.969|0.073|23524093952|26406146048|sim_data_341798b7487bf001|__AUTOMETRIC__
__AUTOMETRIC__|0.1.2|2163912|crew_log_b4e59b64c76381d1|0|1786756293.910|0.000|0.000|23528812544|26410352640|sim_data_341798b7487bf001|__AUTOMETRIC__
__AUTOMETRIC__|0.1.2|2163912|crew_log_b4e59b64c76381d1|0|1786756295.168|12.727|0.066|23533531136|26416652288|sim_data_341798b7487bf001|__AUTOMETRIC__
__AUTOMETRIC__|0.1.2|2163912|crew_log_b4e59b64c76381d1|0|1786756296.169|0.000|0.000|23536676864|26420903936|sim_data_341798b7487bf001|__AUTOMETRIC__
__AUTOMETRIC__|0.1.2|2163912|crew_log_b4e59b64c76381d1|0|1786756297.170|0.999|0.005|23541395456|26424213504|sim_data_341798b7487bf001|__AUTOMETRIC__
__AUTOMETRIC__|0.1.2|2163912|crew_log_b4e59b64c76381d1|0|1786756298.172|13.972|0.073|23546114048|26429480960|sim_data_341798b7487bf001|__AUTOMETRIC__
__AUTOMETRIC__|0.1.2|2163912|crew_log_b4e59b64c76381d1|0|1786756299.173|0.999|0.005|23549259776|26433425408|sim_data_341798b7487bf001|__AUTOMETRIC__
__AUTOMETRIC__|0.1.2|2163912|crew_log_b4e59b64c76381d1|0|1786756300.175|37.951|0.198|23717556224|26601594880|sim_data_341798b7487bf001|__AUTOMETRIC__
__AUTOMETRIC__|0.1.2|2163912|crew_log_b4e59b64c76381d1|0|1786756301.176|71.907|0.375|23990591488|34899152896|sim_data_341798b7487bf001|__AUTOMETRIC__
__AUTOMETRIC__|0.1.2|2163912|crew_log_b4e59b64c76381d1|0|1786756302.177|92.885|0.484|24671227904|35579523072|sim_data_341798b7487bf001|__AUTOMETRIC__
__AUTOMETRIC__|0.1.2|2163912|crew_log_b4e59b64c76381d1|0|1786756303.179|150.755|0.785|25375870976|36318515200|sim_data_341798b7487bf001|__AUTOMETRIC__
__AUTOMETRIC__|0.1.2|2163912|crew_log_b4e59b64c76381d1|0|1786756304.180|1166.312|6.075|25628966912|36569399296|sim_data_341798b7487bf001|__AUTOMETRIC__
__AUTOMETRIC__|0.1.2|2163912|crew_log_b4e59b64c76381d1|0|1786756305.182|134.810|0.702|25628966912|36569399296|sim_data_341798b7487bf001|__AUTOMETRIC__
__AUTOMETRIC__|0.1.2|2163912|crew_log_b4e59b64c76381d1|0|1786756306.184|92.783|0.483|25628966912|36569399296|sim_data_341798b7487bf001|__AUTOMETRIC__
__AUTOMETRIC__|0.1.2|2163912|crew_log_b4e59b64c76381d1|0|1786756307.186|0.999|0.005|25628966912|36569399296|sim_data_341798b7487bf001|__AUTOMETRIC__
__AUTOMETRIC__|0.1.2|2163912|crew_log_b4e59b64c76381d1|0|1786756308.188|13.965|0.073|25628966912|36569399296|sim_data_341798b7487bf001|__AUTOMETRIC__
__AUTOMETRIC__|0.1.2|2163912|crew_log_b4e59b64c76381d1|0|1786756309.189|0.999|0.005|25628966912|36569399296|sim_data_341798b7487bf001|__AUTOMETRIC__
__AUTOMETRIC__|0.1.2|2163912|crew_log_b4e59b64c76381d1|0|1786756310.191|0.999|0.005|25628966912|36569399296|sim_data_341798b7487bf001|__AUTOMETRIC__
__AUTOMETRIC__|0.1.2|2163912|crew_log_b4e59b64c76381d1|0|1786756311.192|15.980|0.083|25628966912|36569399296|sim_data_341798b7487bf001|__AUTOMETRIC__
__AUTOMETRIC__|0.1.2|2163912|crew_log_b4e59b64c76381d1|0|1786756312.194|0.998|0.005|25628966912|36569399296|sim_data_341798b7487bf001|__AUTOMETRIC__
__AUTOMETRIC__|0.1.2|2163912|crew_log_b4e59b64c76381d1|0|1786756313.203|15.857|0.083|25628966912|36569399296|sim_data_341798b7487bf001|__AUTOMETRIC__
__AUTOMETRIC__|0.1.2|2163912|crew_log_b4e59b64c76381d1|0|1786756314.204|0.999|0.005|25628966912|36569399296|sim_data_341798b7487bf001|__AUTOMETRIC__
__AUTOMETRIC__|0.1.2|2163912|crew_log_b4e59b64c76381d1|0|1786756315.205|30.956|0.161|25628966912|36569399296|sim_data_341798b7487bf001|__AUTOMETRIC__
__AUTOMETRIC__|0.1.2|2163912|crew_log_b4e59b64c76381d1|0|1786756316.211|86.553|0.451|25641603072|36579614720|sim_data_341798b7487bf001|__AUTOMETRIC__
__AUTOMETRIC__|0.1.2|2163912|crew_log_b4e59b64c76381d1|0|1786756317.212|99.865|0.520|25646321664|36579614720|sim_data_341798b7487bf001|__AUTOMETRIC__
__AUTOMETRIC__|0.1.2|2163912|crew_log_b4e59b64c76381d1|0|1786756318.214|1062.898|5.536|25646321664|36579614720|sim_data_341798b7487bf001|__AUTOMETRIC__
__AUTOMETRIC__|0.1.2|2163912|crew_log_b4e59b64c76381d1|0|1786756319.215|1159.468|6.039|25690361856|36623294464|sim_data_341798b7487bf001|__AUTOMETRIC__
__AUTOMETRIC__|0.1.2|2163912|crew_log_b4e59b64c76381d1|0|1786756320.217|134.801|0.702|25690361856|36623294464|sim_data_341798b7487bf001|__AUTOMETRIC__
__AUTOMETRIC__|0.1.2|2163912|crew_log_b4e59b64c76381d1|0|1786756321.218|89.887|0.468|25690361856|36623294464|sim_data_341798b7487bf001|__AUTOMETRIC__
__AUTOMETRIC__|0.1.2|2163912|crew_log_b4e59b64c76381d1|0|1786756322.219|0.999|0.005|25690361856|36623294464|sim_data_341798b7487bf001|__AUTOMETRIC__
__AUTOMETRIC__|0.1.2|2163912|crew_log_b4e59b64c76381d1|0|1786756323.220|0.000|0.000|25690361856|36623294464|sim_data_341798b7487bf001|__AUTOMETRIC__
__AUTOMETRIC__|0.1.2|2163912|crew_log_b4e59b64c76381d1|0|1786756324.222|15.978|0.083|25690361856|36623294464|sim_data_341798b7487bf001|__AUTOMETRIC__
__AUTOMETRIC__|0.1.2|2163912|crew_log_b4e59b64c76381d1|0|1786756325.223|0.000|0.000|25690361856|36623294464|sim_data_341798b7487bf001|__AUTOMETRIC__
__AUTOMETRIC__|0.1.2|2163912|crew_log_b4e59b64c76381d1|0|1786756326.225|16.978|0.088|25690361856|36623294464|sim_data_341798b7487bf001|__AUTOMETRIC__
__AUTOMETRIC__|0.1.2|2163912|crew_log_b4e59b64c76381d1|0|1786756327.228|0.996|0.005|25690361856|36623294464|sim_data_341798b7487bf001|__AUTOMETRIC__
__AUTOMETRIC__|0.1.2|2163912|crew_log_b4e59b64c76381d1|0|1786756328.231|16.958|0.088|25690361856|36623294464|sim_data_341798b7487bf001|__AUTOMETRIC__
__AUTOMETRIC__|0.1.2|2163912|crew_log_b4e59b64c76381d1|0|1786756329.232|0.000|0.000|25690361856|36623294464|sim_data_341798b7487bf001|__AUTOMETRIC__
__AUTOMETRIC__|0.1.2|2163912|crew_log_b4e59b64c76381d1|0|1786756330.234|4.993|0.026|25690361856|36623294464|sim_data_341798b7487bf001|__AUTOMETRIC__
__AUTOMETRIC__|0.1.2|2163912|crew_log_b4e59b64c76381d1|0|1786756331.235|65.905|0.343|25690361856|36623294464|sim_data_341798b7487bf001|__AUTOMETRIC__
__AUTOMETRIC__|0.1.2|2163912|crew_log_b4e59b64c76381d1|0|1786756332.236|99.883|0.520|25690361856|36623294464|sim_data_341798b7487bf001|__AUTOMETRIC__
__AUTOMETRIC__|0.1.2|2163912|crew_log_b4e59b64c76381d1|0|1786756333.238|504.290|2.627|25690361856|36623294464|sim_data_341798b7487bf001|__AUTOMETRIC__
__AUTOMETRIC__|0.1.2|2163912|crew_log_b4e59b64c76381d1|0|1786756334.239|691.112|3.600|25690361856|36623294464|sim_data_341798b7487bf001|__AUTOMETRIC__
__AUTOMETRIC__|0.1.2|2163912|crew_log_b4e59b64c76381d1|0|1786756335.241|134.730|0.702|25690361856|36623294464|sim_data_341798b7487bf001|__AUTOMETRIC__
__AUTOMETRIC__|0.1.2|2163912|crew_log_b4e59b64c76381d1|0|1786756336.242|59.914|0.312|25690361856|36623294464|sim_data_341798b7487bf001|__AUTOMETRIC__
__AUTOMETRIC__|0.1.2|2163912|crew_log_b4e59b64c76381d1|0|1786756337.244|0.000|0.000|25690361856|36623294464|sim_data_341798b7487bf001|__AUTOMETRIC__
__AUTOMETRIC__|0.1.2|2163912|crew_log_b4e59b64c76381d1|0|1786756338.246|16.970|0.088|25690361856|36623294464|sim_data_341798b7487bf001|__AUTOMETRIC__
__AUTOMETRIC__|0.1.2|2163912|crew_log_b4e59b64c76381d1|0|1786756339.247|0.998|0.005|25690361856|36623294464|sim_data_341798b7487bf001|__AUTOMETRIC__
__AUTOMETRIC__|0.1.2|2163912|crew_log_b4e59b64c76381d1|0|1786756340.429|12.691|0.066|25690361856|36623294464|sim_data_341798b7487bf001|__AUTOMETRIC__
__AUTOMETRIC__|0.1.2|2163912|crew_log_b4e59b64c76381d1|0|1786756341.431|0.998|0.005|25690361856|36623294464|sim_data_341798b7487bf001|__AUTOMETRIC__
__AUTOMETRIC__|0.1.2|2163912|crew_log_b4e59b64c76381d1|0|1786756342.501|14.963|0.078|25690361856|36623294464|sim_data_341798b7487bf001|__AUTOMETRIC__
__AUTOMETRIC__|0.1.2|2163912|crew_log_b4e59b64c76381d1|0|1786756343.502|0.998|0.005|25690361856|36623294464|sim_data_341798b7487bf001|__AUTOMETRIC__
__AUTOMETRIC__|0.1.2|2163912|crew_log_b4e59b64c76381d1|0|1786756344.504|0.000|0.000|25690361856|36623294464|sim_data_341798b7487bf001|__AUTOMETRIC__
__AUTOMETRIC__|0.1.2|2163912|crew_log_b4e59b64c76381d1|0|1786756345.506|61.900|0.322|25693507584|36623294464|sim_data_341798b7487bf001|__AUTOMETRIC__
__AUTOMETRIC__|0.1.2|2163912|crew_log_b4e59b64c76381d1|0|1786756346.507|99.864|0.520|25693507584|36623294464|sim_data_341798b7487bf001|__AUTOMETRIC__
__AUTOMETRIC__|0.1.2|2163912|crew_log_b4e59b64c76381d1|0|1786756347.508|430.429|2.242|25693507584|36623294464|sim_data_341798b7487bf001|__AUTOMETRIC__
__AUTOMETRIC__|0.1.2|2163912|crew_log_b4e59b64c76381d1|0|1786756348.511|987.338|5.142|25693507584|36623294464|sim_data_341798b7487bf001|__AUTOMETRIC__
__AUTOMETRIC__|0.1.2|2163912|crew_log_b4e59b64c76381d1|0|1786756349.513|135.734|0.707|25693507584|36623294464|sim_data_341798b7487bf001|__AUTOMETRIC__
__AUTOMETRIC__|0.1.2|2163912|crew_log_b4e59b64c76381d1|0|1786756350.514|68.906|0.359|25693507584|36623294464|sim_data_341798b7487bf001|__AUTOMETRIC__
__AUTOMETRIC__|0.1.2|2163912|crew_log_b4e59b64c76381d1|0|1786756351.516|0.000|0.000|25693507584|36623294464|sim_data_341798b7487bf001|__AUTOMETRIC__
__AUTOMETRIC__|0.1.2|2163912|crew_log_b4e59b64c76381d1|0|1786756352.518|15.957|0.083|25693507584|36623294464|sim_data_341798b7487bf001|__AUTOMETRIC__
__AUTOMETRIC__|0.1.2|2163912|crew_log_b4e59b64c76381d1|0|1786756353.520|0.999|0.005|25693507584|36623294464|sim_data_341798b7487bf001|__AUTOMETRIC__
__AUTOMETRIC__|0.1.2|2163912|crew_log_b4e59b64c76381d1|0|1786756354.634|12.561|0.065|25693507584|36623294464|sim_data_341798b7487bf001|__AUTOMETRIC__
__AUTOMETRIC__|0.1.2|2163912|crew_log_b4e59b64c76381d1|0|1786756355.636|0.999|0.005|25693507584|36623294464|sim_data_341798b7487bf001|__AUTOMETRIC__
__AUTOMETRIC__|0.1.2|2163912|crew_log_b4e59b64c76381d1|0|1786756356.637|0.999|0.005|25693507584|36623294464|sim_data_341798b7487bf001|__AUTOMETRIC__
__AUTOMETRIC__|0.1.2|2163912|crew_log_b4e59b64c76381d1|0|1786756357.638|16.977|0.088|25693507584|36623294464|sim_data_341798b7487bf001|__AUTOMETRIC__
__AUTOMETRIC__|0.1.2|2163912|crew_log_b4e59b64c76381d1|0|1786756358.640|0.000|0.000|25693507584|36623294464|sim_data_341798b7487bf001|__AUTOMETRIC__
__AUTOMETRIC__|0.1.2|2163912|crew_log_b4e59b64c76381d1|0|1786756359.643|29.925|0.156|25693507584|36623294464|sim_data_341798b7487bf001|__AUTOMETRIC__
__AUTOMETRIC__|0.1.2|2163912|crew_log_b4e59b64c76381d1|0|1786756360.644|90.891|0.473|25983328256|36914257920|sim_data_341798b7487bf001|__AUTOMETRIC__
__AUTOMETRIC__|0.1.2|2163912|crew_log_b4e59b64c76381d1|0|1786756361.645|97.876|0.510|25983328256|36914257920|sim_data_341798b7487bf001|__AUTOMETRIC__
__AUTOMETRIC__|0.1.2|2163912|crew_log_b4e59b64c76381d1|0|1786756362.646|929.841|4.843|25984901120|36914257920|sim_data_341798b7487bf001|__AUTOMETRIC__
__AUTOMETRIC__|0.1.2|2163912|crew_log_b4e59b64c76381d1|0|1786756363.648|269.661|1.404|25984901120|36914257920|sim_data_341798b7487bf001|__AUTOMETRIC__
__AUTOMETRIC__|0.1.2|2163912|crew_log_b4e59b64c76381d1|0|1786756364.736|133.217|0.694|25984901120|36914257920|sim_data_341798b7487bf001|__AUTOMETRIC__
__AUTOMETRIC__|0.1.2|2163912|crew_log_b4e59b64c76381d1|0|1786756365.738|0.000|0.000|25984901120|36914257920|sim_data_341798b7487bf001|__AUTOMETRIC__
__AUTOMETRIC__|0.1.2|2163912|crew_log_b4e59b64c76381d1|0|1786756366.739|0.998|0.005|25984901120|36914257920|sim_data_341798b7487bf001|__AUTOMETRIC__
__AUTOMETRIC__|0.1.2|2163912|crew_log_b4e59b64c76381d1|0|1786756367.741|14.969|0.078|25984901120|36914257920|sim_data_341798b7487bf001|__AUTOMETRIC__
__AUTOMETRIC__|0.1.2|2163912|crew_log_b4e59b64c76381d1|0|1786756368.743|0.998|0.005|25984901120|36914257920|sim_data_341798b7487bf001|__AUTOMETRIC__
__AUTOMETRIC__|0.1.2|2163912|crew_log_b4e59b64c76381d1|0|1786756369.745|0.000|0.000|25984901120|36914257920|sim_data_341798b7487bf001|__AUTOMETRIC__
__AUTOMETRIC__|0.1.2|2163912|crew_log_b4e59b64c76381d1|0|1786756370.747|16.979|0.088|25984901120|36914257920|sim_data_341798b7487bf001|__AUTOMETRIC__
__AUTOMETRIC__|0.1.2|2163912|crew_log_b4e59b64c76381d1|0|1786756371.749|0.998|0.005|25984901120|36914257920|sim_data_341798b7487bf001|__AUTOMETRIC__
__AUTOMETRIC__|0.1.2|2163912|crew_log_b4e59b64c76381d1|0|1786756372.751|14.974|0.078|25984901120|36914257920|sim_data_341798b7487bf001|__AUTOMETRIC__
__AUTOMETRIC__|0.1.2|2163912|crew_log_b4e59b64c76381d1|0|1786756373.753|0.998|0.005|25984901120|36914257920|sim_data_341798b7487bf001|__AUTOMETRIC__
__AUTOMETRIC__|0.1.2|2163912|crew_log_b4e59b64c76381d1|0|1786756374.754|1.997|0.010|25984901120|36914257920|sim_data_341798b7487bf001|__AUTOMETRIC__
__AUTOMETRIC__|0.1.2|2163912|crew_log_b4e59b64c76381d1|0|1786756375.756|82.885|0.432|25984901120|36914257920|sim_data_341798b7487bf001|__AUTOMETRIC__
__AUTOMETRIC__|0.1.2|2163912|crew_log_b4e59b64c76381d1|0|1786756376.764|99.126|0.516|26016358400|36946894848|sim_data_341798b7487bf001|__AUTOMETRIC__
__AUTOMETRIC__|0.1.2|2163912|crew_log_b4e59b64c76381d1|0|1786756377.766|502.286|2.616|26016358400|36946894848|sim_data_341798b7487bf001|__AUTOMETRIC__
__AUTOMETRIC__|0.1.2|2163912|crew_log_b4e59b64c76381d1|0|1786756378.773|833.760|4.342|26016358400|36946894848|sim_data_341798b7487bf001|__AUTOMETRIC__
__AUTOMETRIC__|0.1.2|2163912|crew_log_b4e59b64c76381d1|0|1786756379.775|133.810|0.697|26016358400|36946894848|sim_data_341798b7487bf001|__AUTOMETRIC__
__AUTOMETRIC__|0.1.2|2163912|crew_log_b4e59b64c76381d1|0|1786756380.776|58.925|0.307|26016358400|36946894848|sim_data_341798b7487bf001|__AUTOMETRIC__
__AUTOMETRIC__|0.1.2|2163912|crew_log_b4e59b64c76381d1|0|1786756381.777|0.999|0.005|26016358400|36946894848|sim_data_341798b7487bf001|__AUTOMETRIC__
__AUTOMETRIC__|0.1.2|2163912|crew_log_b4e59b64c76381d1|0|1786756382.779|14.979|0.078|26016358400|36946894848|sim_data_341798b7487bf001|__AUTOMETRIC__
__AUTOMETRIC__|0.1.2|2163912|crew_log_b4e59b64c76381d1|0|1786756383.780|0.999|0.005|26016358400|36946894848|sim_data_341798b7487bf001|__AUTOMETRIC__
__AUTOMETRIC__|0.1.2|2163912|crew_log_b4e59b64c76381d1|0|1786756384.781|16.978|0.088|26016358400|36946894848|sim_data_341798b7487bf001|__AUTOMETRIC__
__AUTOMETRIC__|0.1.2|2163912|crew_log_b4e59b64c76381d1|0|1786756385.783|0.999|0.005|26016358400|36946894848|sim_data_341798b7487bf001|__AUTOMETRIC__
__AUTOMETRIC__|0.1.2|2163912|crew_log_b4e59b64c76381d1|0|1786756386.875|13.729|0.072|26016358400|36946894848|sim_data_341798b7487bf001|__AUTOMETRIC__
__AUTOMETRIC__|0.1.2|2163912|crew_log_b4e59b64c76381d1|0|1786756387.877|0.998|0.005|26016358400|36946894848|sim_data_341798b7487bf001|__AUTOMETRIC__
__AUTOMETRIC__|0.1.2|2163912|crew_log_b4e59b64c76381d1|0|1786756388.879|0.998|0.005|26016358400|36946894848|sim_data_341798b7487bf001|__AUTOMETRIC__
__AUTOMETRIC__|0.1.2|2163912|crew_log_b4e59b64c76381d1|0|1786756389.881|85.867|0.447|26016358400|36946894848|sim_data_341798b7487bf001|__AUTOMETRIC__
__AUTOMETRIC__|0.1.2|2163912|crew_log_b4e59b64c76381d1|0|1786756390.882|99.875|0.520|26016358400|36946894848|sim_data_341798b7487bf001|__AUTOMETRIC__
__AUTOMETRIC__|0.1.2|2163912|crew_log_b4e59b64c76381d1|0|1786756391.883|526.316|2.741|26019504128|36949966848|sim_data_341798b7487bf001|__AUTOMETRIC__
__AUTOMETRIC__|0.1.2|2163912|crew_log_b4e59b64c76381d1|0|1786756392.885|696.096|3.626|26019504128|36949966848|sim_data_341798b7487bf001|__AUTOMETRIC__
__AUTOMETRIC__|0.1.2|2163912|crew_log_b4e59b64c76381d1|0|1786756393.887|134.627|0.701|26019504128|36949966848|sim_data_341798b7487bf001|__AUTOMETRIC__
__AUTOMETRIC__|0.1.2|2163912|crew_log_b4e59b64c76381d1|0|1786756394.889|47.907|0.250|26019504128|36949966848|sim_data_341798b7487bf001|__AUTOMETRIC__
__AUTOMETRIC__|0.1.2|2163912|crew_log_b4e59b64c76381d1|0|1786756395.891|0.000|0.000|26019504128|36949966848|sim_data_341798b7487bf001|__AUTOMETRIC__
__AUTOMETRIC__|0.1.2|2163912|crew_log_b4e59b64c76381d1|0|1786756396.892|15.979|0.083|26019504128|36949966848|sim_data_341798b7487bf001|__AUTOMETRIC__
__AUTOMETRIC__|0.1.2|2163912|crew_log_b4e59b64c76381d1|0|1786756397.893|0.000|0.000|26019504128|36949966848|sim_data_341798b7487bf001|__AUTOMETRIC__
__AUTOMETRIC__|0.1.2|2163912|crew_log_b4e59b64c76381d1|0|1786756398.895|15.968|0.083|26019504128|36949966848|sim_data_341798b7487bf001|__AUTOMETRIC__
__AUTOMETRIC__|0.1.2|2163912|crew_log_b4e59b64c76381d1|0|1786756399.897|0.000|0.000|26019504128|36949966848|sim_data_341798b7487bf001|__AUTOMETRIC__
__AUTOMETRIC__|0.1.2|2163912|crew_log_b4e59b64c76381d1|0|1786756401.068|14.515|0.076|26019504128|36949966848|sim_data_341798b7487bf001|__AUTOMETRIC__
__AUTOMETRIC__|0.1.2|2163912|crew_log_b4e59b64c76381d1|0|1786756402.069|0.999|0.005|26019504128|36949966848|sim_data_341798b7487bf001|__AUTOMETRIC__
__AUTOMETRIC__|0.1.2|2163912|crew_log_b4e59b64c76381d1|0|1786756403.071|0.999|0.005|26019504128|36949966848|sim_data_341798b7487bf001|__AUTOMETRIC__
__AUTOMETRIC__|0.1.2|2163912|crew_log_b4e59b64c76381d1|0|1786756404.072|51.941|0.271|26021076992|36951728128|sim_data_341798b7487bf001|__AUTOMETRIC__
__AUTOMETRIC__|0.1.2|2163912|crew_log_b4e59b64c76381d1|0|1786756405.074|98.785|0.515|26021076992|36949966848|sim_data_341798b7487bf001|__AUTOMETRIC__
__AUTOMETRIC__|0.1.2|2163912|crew_log_b4e59b64c76381d1|0|1786756406.075|333.588|1.737|26030514176|36958277632|sim_data_341798b7487bf001|__AUTOMETRIC__
__AUTOMETRIC__|0.1.2|2163912|crew_log_b4e59b64c76381d1|0|1786756407.077|1037.626|5.404|26030514176|36958437376|sim_data_341798b7487bf001|__AUTOMETRIC__
__AUTOMETRIC__|0.1.2|2163912|crew_log_b4e59b64c76381d1|0|1786756408.078|133.826|0.697|26030514176|36958437376|sim_data_341798b7487bf001|__AUTOMETRIC__
__AUTOMETRIC__|0.1.2|2163912|crew_log_b4e59b64c76381d1|0|1786756409.088|80.154|0.417|26030514176|36958437376|sim_data_341798b7487bf001|__AUTOMETRIC__
__AUTOMETRIC__|0.1.2|2163912|crew_log_b4e59b64c76381d1|0|1786756410.090|0.998|0.005|26030514176|36958437376|sim_data_341798b7487bf001|__AUTOMETRIC__
__AUTOMETRIC__|0.1.2|2163912|crew_log_b4e59b64c76381d1|0|1786756411.092|0.000|0.000|26030514176|36958437376|sim_data_341798b7487bf001|__AUTOMETRIC__
__AUTOMETRIC__|0.1.2|2163912|crew_log_b4e59b64c76381d1|0|1786756412.094|15.972|0.083|26030514176|36958437376|sim_data_341798b7487bf001|__AUTOMETRIC__
__AUTOMETRIC__|0.1.2|2163912|crew_log_b4e59b64c76381d1|0|1786756413.095|0.999|0.005|26030514176|36958437376|sim_data_341798b7487bf001|__AUTOMETRIC__
__AUTOMETRIC__|0.1.2|2163912|crew_log_b4e59b64c76381d1|0|1786756414.099|0.000|0.000|26030514176|36958437376|sim_data_341798b7487bf001|__AUTOMETRIC__
__AUTOMETRIC__|0.1.2|2163912|crew_log_b4e59b64c76381d1|0|1786756415.158|15.109|0.079|26030514176|36958437376|sim_data_341798b7487bf001|__AUTOMETRIC__
__AUTOMETRIC__|0.1.2|2163912|crew_log_b4e59b64c76381d1|0|1786756416.159|0.999|0.005|26030514176|36958437376|sim_data_341798b7487bf001|__AUTOMETRIC__
__AUTOMETRIC__|0.1.2|2163912|crew_log_b4e59b64c76381d1|0|1786756417.162|0.997|0.005|26030514176|36958437376|sim_data_341798b7487bf001|__AUTOMETRIC__
__AUTOMETRIC__|0.1.2|2163912|crew_log_b4e59b64c76381d1|0|1786756418.163|0.000|0.000|26030514176|36958437376|sim_data_341798b7487bf001|__AUTOMETRIC__
__AUTOMETRIC__|0.1.2|2163912|crew_log_b4e59b64c76381d1|0|1786756419.165|0.998|0.005|26030514176|36958437376|sim_data_341798b7487bf001|__AUTOMETRIC__
__AUTOMETRIC__|0.1.2|2163912|crew_log_b4e59b64c76381d1|0|1786756420.169|16.944|0.088|26030514176|36958437376|sim_data_341798b7487bf001|__AUTOMETRIC__
__AUTOMETRIC__|0.1.2|2163912|crew_log_b4e59b64c76381d1|0|1786756421.170|0.000|0.000|26030514176|36958437376|sim_data_341798b7487bf001|__AUTOMETRIC__
__AUTOMETRIC__|0.1.2|2163912|crew_log_b4e59b64c76381d1|0|1786756422.171|16.979|0.088|26030514176|36958437376|sim_data_341798b7487bf001|__AUTOMETRIC__
__AUTOMETRIC__|0.1.2|2163912|crew_log_b4e59b64c76381d1|0|1786756423.174|56.820|0.296|26030514176|36958437376|sim_data_341798b7487bf001|__AUTOMETRIC__
__AUTOMETRIC__|0.1.2|2163912|crew_log_b4e59b64c76381d1|0|1786756424.176|98.853|0.515|26030514176|36958437376|sim_data_341798b7487bf001|__AUTOMETRIC__
__AUTOMETRIC__|0.1.2|2163912|crew_log_b4e59b64c76381d1|0|1786756425.178|296.513|1.544|26030514176|36958437376|sim_data_341798b7487bf001|__AUTOMETRIC__
__AUTOMETRIC__|0.1.2|2163912|crew_log_b4e59b64c76381d1|0|1786756426.186|1267.378|6.601|26030514176|36958437376|sim_data_341798b7487bf001|__AUTOMETRIC__
__AUTOMETRIC__|0.1.2|2163912|crew_log_b4e59b64c76381d1|0|1786756427.187|318.620|1.659|26030514176|36958437376|sim_data_341798b7487bf001|__AUTOMETRIC__
__AUTOMETRIC__|0.1.2|2163912|crew_log_b4e59b64c76381d1|0|1786756428.188|110.863|0.577|26030514176|36958437376|sim_data_341798b7487bf001|__AUTOMETRIC__
__AUTOMETRIC__|0.1.2|2163912|crew_log_b4e59b64c76381d1|0|1786756429.191|30.929|0.161|26030514176|36958437376|sim_data_341798b7487bf001|__AUTOMETRIC__
__AUTOMETRIC__|0.1.2|2163912|crew_log_b4e59b64c76381d1|0|1786756430.192|0.999|0.005|26030514176|36958437376|sim_data_341798b7487bf001|__AUTOMETRIC__
__AUTOMETRIC__|0.1.2|2163912|crew_log_b4e59b64c76381d1|0|1786756431.193|15.980|0.083|26030514176|36958437376|sim_data_341798b7487bf001|__AUTOMETRIC__
__AUTOMETRIC__|0.1.2|2163912|crew_log_b4e59b64c76381d1|0|1786756432.194|0.999|0.005|26030514176|36958437376|sim_data_341798b7487bf001|__AUTOMETRIC__
__AUTOMETRIC__|0.1.2|2163912|crew_log_b4e59b64c76381d1|0|1786756433.196|15.972|0.083|26030514176|36958437376|sim_data_341798b7487bf001|__AUTOMETRIC__
__AUTOMETRIC__|0.1.2|2163912|crew_log_b4e59b64c76381d1|0|1786756434.197|0.999|0.005|26030514176|36958437376|sim_data_341798b7487bf001|__AUTOMETRIC__
__AUTOMETRIC__|0.1.2|2163912|crew_log_b4e59b64c76381d1|0|1786756435.202|15.926|0.083|26030514176|36958437376|sim_data_341798b7487bf001|__AUTOMETRIC__
__AUTOMETRIC__|0.1.2|2163912|crew_log_b4e59b64c76381d1|0|1786756436.203|0.000|0.000|26030514176|36958437376|sim_data_341798b7487bf001|__AUTOMETRIC__
__AUTOMETRIC__|0.1.2|2163912|crew_log_b4e59b64c76381d1|0|1786756437.204|2.996|0.016|26030514176|36958437376|sim_data_341798b7487bf001|__AUTOMETRIC__
__AUTOMETRIC__|0.1.2|2163912|crew_log_b4e59b64c76381d1|0|1786756438.207|81.767|0.426|26032087040|36958437376|sim_data_341798b7487bf001|__AUTOMETRIC__
__AUTOMETRIC__|0.1.2|2163912|crew_log_b4e59b64c76381d1|0|1786756439.209|98.840|0.515|26032087040|36958437376|sim_data_341798b7487bf001|__AUTOMETRIC__
__AUTOMETRIC__|0.1.2|2163912|crew_log_b4e59b64c76381d1|0|1786756440.210|609.135|3.173|26032087040|36958437376|sim_data_341798b7487bf001|__AUTOMETRIC__
__AUTOMETRIC__|0.1.2|2163912|crew_log_b4e59b64c76381d1|0|1786756441.215|1002.316|5.220|26047815680|36974485504|sim_data_341798b7487bf001|__AUTOMETRIC__
__AUTOMETRIC__|0.1.2|2163912|crew_log_b4e59b64c76381d1|0|1786756442.216|106.868|0.557|26047815680|36974485504|sim_data_341798b7487bf001|__AUTOMETRIC__
__AUTOMETRIC__|0.1.2|2163912|crew_log_b4e59b64c76381d1|0|1786756443.218|93.877|0.489|26047815680|36974485504|sim_data_341798b7487bf001|__AUTOMETRIC__
__AUTOMETRIC__|0.1.2|2163912|crew_log_b4e59b64c76381d1|0|1786756444.219|0.000|0.000|26047815680|36974485504|sim_data_341798b7487bf001|__AUTOMETRIC__
__AUTOMETRIC__|0.1.2|2163912|crew_log_b4e59b64c76381d1|0|1786756445.220|0.999|0.005|26047815680|36974485504|sim_data_341798b7487bf001|__AUTOMETRIC__
__AUTOMETRIC__|0.1.2|2163912|crew_log_b4e59b64c76381d1|0|1786756446.221|16.978|0.088|26047815680|36974485504|sim_data_341798b7487bf001|__AUTOMETRIC__
__AUTOMETRIC__|0.1.2|2163912|crew_log_b4e59b64c76381d1|0|1786756447.223|0.000|0.000|26047815680|36974485504|sim_data_341798b7487bf001|__AUTOMETRIC__
__AUTOMETRIC__|0.1.2|2163912|crew_log_b4e59b64c76381d1|0|1786756448.224|16.981|0.088|26047815680|36974485504|sim_data_341798b7487bf001|__AUTOMETRIC__
__AUTOMETRIC__|0.1.2|2163912|crew_log_b4e59b64c76381d1|0|1786756449.225|0.000|0.000|26047815680|36974485504|sim_data_341798b7487bf001|__AUTOMETRIC__
__AUTOMETRIC__|0.1.2|2163912|crew_log_b4e59b64c76381d1|0|1786756450.228|15.965|0.083|26047815680|36974485504|sim_data_341798b7487bf001|__AUTOMETRIC__
__AUTOMETRIC__|0.1.2|2163912|crew_log_b4e59b64c76381d1|0|1786756451.229|0.999|0.005|26047815680|36974485504|sim_data_341798b7487bf001|__AUTOMETRIC__
__AUTOMETRIC__|0.1.2|2163912|crew_log_b4e59b64c76381d1|0|1786756452.230|0.999|0.005|26047815680|36974485504|sim_data_341798b7487bf001|__AUTOMETRIC__
__AUTOMETRIC__|0.1.2|2163912|crew_log_b4e59b64c76381d1|0|1786756453.232|76.869|0.400|26047815680|36974485504|sim_data_341798b7487bf001|__AUTOMETRIC__
__AUTOMETRIC__|0.1.2|2163912|crew_log_b4e59b64c76381d1|0|1786756454.233|98.878|0.515|26047815680|36974485504|sim_data_341798b7487bf001|__AUTOMETRIC__
__AUTOMETRIC__|0.1.2|2163912|crew_log_b4e59b64c76381d1|0|1786756455.234|543.327|2.830|26047815680|36974485504|sim_data_341798b7487bf001|__AUTOMETRIC__
__AUTOMETRIC__|0.1.2|2163912|crew_log_b4e59b64c76381d1|0|1786756456.235|710.104|3.698|26047815680|36974485504|sim_data_341798b7487bf001|__AUTOMETRIC__
__AUTOMETRIC__|0.1.2|2163912|crew_log_b4e59b64c76381d1|0|1786756457.237|135.822|0.707|26047815680|36974485504|sim_data_341798b7487bf001|__AUTOMETRIC__
__AUTOMETRIC__|0.1.2|2163912|crew_log_b4e59b64c76381d1|0|1786756458.238|64.926|0.338|26047815680|36974485504|sim_data_341798b7487bf001|__AUTOMETRIC__
__AUTOMETRIC__|0.1.2|2163912|crew_log_b4e59b64c76381d1|0|1786756459.240|0.000|0.000|26047815680|36974485504|sim_data_341798b7487bf001|__AUTOMETRIC__
__AUTOMETRIC__|0.1.2|2163912|crew_log_b4e59b64c76381d1|0|1786756460.242|13.980|0.073|26047815680|36974485504|sim_data_341798b7487bf001|__AUTOMETRIC__
__AUTOMETRIC__|0.1.2|2163912|crew_log_b4e59b64c76381d1|0|1786756461.243|0.999|0.005|26047815680|36974485504|sim_data_341798b7487bf001|__AUTOMETRIC__
__AUTOMETRIC__|0.1.2|2163912|crew_log_b4e59b64c76381d1|0|1786756462.244|0.998|0.005|26047815680|36974485504|sim_data_341798b7487bf001|__AUTOMETRIC__
__AUTOMETRIC__|0.1.2|2163912|crew_log_b4e59b64c76381d1|0|1786756463.246|14.982|0.078|26047815680|36974485504|sim_data_341798b7487bf001|__AUTOMETRIC__
__AUTOMETRIC__|0.1.2|2163912|crew_log_b4e59b64c76381d1|0|1786756464.247|0.999|0.005|26047815680|36974485504|sim_data_341798b7487bf001|__AUTOMETRIC__
__AUTOMETRIC__|0.1.2|2163912|crew_log_b4e59b64c76381d1|0|1786756465.251|14.933|0.078|26047815680|36974485504|sim_data_341798b7487bf001|__AUTOMETRIC__
__AUTOMETRIC__|0.1.2|2163912|crew_log_b4e59b64c76381d1|0|1786756466.253|0.999|0.005|26047815680|36974485504|sim_data_341798b7487bf001|__AUTOMETRIC__
__AUTOMETRIC__|0.1.2|2163912|crew_log_b4e59b64c76381d1|0|1786756467.254|0.999|0.005|26047815680|36974485504|sim_data_341798b7487bf001|__AUTOMETRIC__
__AUTOMETRIC__|0.1.2|2163912|crew_log_b4e59b64c76381d1|0|1786756468.256|76.882|0.400|26049388544|36974485504|sim_data_341798b7487bf001|__AUTOMETRIC__
__AUTOMETRIC__|0.1.2|2163912|crew_log_b4e59b64c76381d1|0|1786756469.257|99.839|0.520|26049388544|36974485504|sim_data_341798b7487bf001|__AUTOMETRIC__
__AUTOMETRIC__|0.1.2|2163912|crew_log_b4e59b64c76381d1|0|1786756470.258|512.385|2.669|26049388544|36974485504|sim_data_341798b7487bf001|__AUTOMETRIC__
__AUTOMETRIC__|0.1.2|2163912|crew_log_b4e59b64c76381d1|0|1786756471.260|708.060|3.688|26049388544|36974485504|sim_data_341798b7487bf001|__AUTOMETRIC__
__AUTOMETRIC__|0.1.2|2163912|crew_log_b4e59b64c76381d1|0|1786756472.261|134.831|0.702|26049388544|36974485504|sim_data_341798b7487bf001|__AUTOMETRIC__
__AUTOMETRIC__|0.1.2|2163912|crew_log_b4e59b64c76381d1|0|1786756473.262|49.937|0.260|26049388544|36974485504|sim_data_341798b7487bf001|__AUTOMETRIC__
__AUTOMETRIC__|0.1.2|2163912|crew_log_b4e59b64c76381d1|0|1786756474.264|0.999|0.005|26049388544|36974485504|sim_data_341798b7487bf001|__AUTOMETRIC__
__AUTOMETRIC__|0.1.2|2163912|crew_log_b4e59b64c76381d1|0|1786756475.265|14.984|0.078|26049388544|36974485504|sim_data_341798b7487bf001|__AUTOMETRIC__
__AUTOMETRIC__|0.1.2|2163912|crew_log_b4e59b64c76381d1|0|1786756476.266|0.999|0.005|26049388544|36974485504|sim_data_341798b7487bf001|__AUTOMETRIC__
__AUTOMETRIC__|0.1.2|2163912|crew_log_b4e59b64c76381d1|0|1786756477.315|15.253|0.079|26049388544|36974485504|sim_data_341798b7487bf001|__AUTOMETRIC__
__AUTOMETRIC__|0.1.2|2163912|crew_log_b4e59b64c76381d1|0|1786756478.316|0.000|0.000|26049388544|36974485504|sim_data_341798b7487bf001|__AUTOMETRIC__
__AUTOMETRIC__|0.1.2|2163912|crew_log_b4e59b64c76381d1|0|1786756479.318|0.998|0.005|26049388544|36974485504|sim_data_341798b7487bf001|__AUTOMETRIC__
__AUTOMETRIC__|0.1.2|2163912|crew_log_b4e59b64c76381d1|0|1786756480.319|15.978|0.083|26049388544|36974485504|sim_data_341798b7487bf001|__AUTOMETRIC__
__AUTOMETRIC__|0.1.2|2163912|crew_log_b4e59b64c76381d1|0|1786756481.320|0.999|0.005|26049388544|36974485504|sim_data_341798b7487bf001|__AUTOMETRIC__
__AUTOMETRIC__|0.1.2|2163912|crew_log_b4e59b64c76381d1|0|1786756482.322|56.889|0.296|26099261440|37024030720|sim_data_341798b7487bf001|__AUTOMETRIC__
__AUTOMETRIC__|0.1.2|2163912|crew_log_b4e59b64c76381d1|0|1786756483.324|99.862|0.520|26224963584|37150769152|sim_data_341798b7487bf001|__AUTOMETRIC__
__AUTOMETRIC__|0.1.2|2163912|crew_log_b4e59b64c76381d1|0|1786756484.325|97.893|0.510|26224963584|37150769152|sim_data_341798b7487bf001|__AUTOMETRIC__
__AUTOMETRIC__|0.1.2|2163912|crew_log_b4e59b64c76381d1|0|1786756485.326|1157.630|6.029|26224963584|37150769152|sim_data_341798b7487bf001|__AUTOMETRIC__
__AUTOMETRIC__|0.1.2|2163912|crew_log_b4e59b64c76381d1|0|1786756486.328|134.788|0.702|26224963584|37150769152|sim_data_341798b7487bf001|__AUTOMETRIC__
__AUTOMETRIC__|0.1.2|2163912|crew_log_b4e59b64c76381d1|0|1786756487.329|92.896|0.484|26224963584|37150769152|sim_data_341798b7487bf001|__AUTOMETRIC__
__AUTOMETRIC__|0.1.2|2163912|crew_log_b4e59b64c76381d1|0|1786756488.330|0.998|0.005|26224963584|37150769152|sim_data_341798b7487bf001|__AUTOMETRIC__
__AUTOMETRIC__|0.1.2|2163912|crew_log_b4e59b64c76381d1|0|1786756489.333|0.000|0.000|26224963584|37150769152|sim_data_341798b7487bf001|__AUTOMETRIC__
__AUTOMETRIC__|0.1.2|2163912|crew_log_b4e59b64c76381d1|0|1786756490.340|16.872|0.088|26224963584|37150769152|sim_data_341798b7487bf001|__AUTOMETRIC__
__AUTOMETRIC__|0.1.2|2163912|crew_log_b4e59b64c76381d1|0|1786756491.342|0.999|0.005|26224963584|37150769152|sim_data_341798b7487bf001|__AUTOMETRIC__
__AUTOMETRIC__|0.1.2|2163912|crew_log_b4e59b64c76381d1|0|1786756492.345|16.936|0.088|26224963584|37150769152|sim_data_341798b7487bf001|__AUTOMETRIC__
__AUTOMETRIC__|0.1.2|2163912|crew_log_b4e59b64c76381d1|0|1786756493.347|0.000|0.000|26224963584|37150769152|sim_data_341798b7487bf001|__AUTOMETRIC__
__AUTOMETRIC__|0.1.2|2163912|crew_log_b4e59b64c76381d1|0|1786756494.348|14.982|0.078|26224963584|37150769152|sim_data_341798b7487bf001|__AUTOMETRIC__
__AUTOMETRIC__|0.1.2|2163912|crew_log_b4e59b64c76381d1|0|1786756495.349|1.997|0.010|26224963584|37150769152|sim_data_341798b7487bf001|__AUTOMETRIC__
__AUTOMETRIC__|0.1.2|2163912|crew_log_b4e59b64c76381d1|0|1786756496.351|0.000|0.000|26224963584|37150769152|sim_data_341798b7487bf001|__AUTOMETRIC__
__AUTOMETRIC__|0.1.2|2163912|crew_log_b4e59b64c76381d1|0|1786756497.352|37.937|0.198|26224963584|37150769152|sim_data_341798b7487bf001|__AUTOMETRIC__
__AUTOMETRIC__|0.1.2|2163912|crew_log_b4e59b64c76381d1|0|1786756498.354|89.877|0.468|26257993728|37183614976|sim_data_341798b7487bf001|__AUTOMETRIC__
__AUTOMETRIC__|0.1.2|2163912|crew_log_b4e59b64c76381d1|0|1786756499.355|99.828|0.520|26257993728|37183614976|sim_data_341798b7487bf001|__AUTOMETRIC__
__AUTOMETRIC__|0.1.2|2163912|crew_log_b4e59b64c76381d1|0|1786756500.357|893.652|4.654|26257993728|37183614976|sim_data_341798b7487bf001|__AUTOMETRIC__
__AUTOMETRIC__|0.1.2|2163912|crew_log_b4e59b64c76381d1|0|1786756501.359|427.251|2.225|26257993728|37183614976|sim_data_341798b7487bf001|__AUTOMETRIC__
__AUTOMETRIC__|0.1.2|2163912|crew_log_b4e59b64c76381d1|0|1786756502.360|135.813|0.707|26257993728|37183614976|sim_data_341798b7487bf001|__AUTOMETRIC__
__AUTOMETRIC__|0.1.2|2163912|crew_log_b4e59b64c76381d1|0|1786756503.361|30.958|0.161|26257993728|37183614976|sim_data_341798b7487bf001|__AUTOMETRIC__
__AUTOMETRIC__|0.1.2|2163912|crew_log_b4e59b64c76381d1|0|1786756504.364|0.000|0.000|26257993728|37183614976|sim_data_341798b7487bf001|__AUTOMETRIC__
__AUTOMETRIC__|0.1.2|2163912|crew_log_b4e59b64c76381d1|0|1786756505.365|14.982|0.078|26257993728|37183614976|sim_data_341798b7487bf001|__AUTOMETRIC__
__AUTOMETRIC__|0.1.2|2163912|crew_log_b4e59b64c76381d1|0|1786756506.367|0.999|0.005|26257993728|37183614976|sim_data_341798b7487bf001|__AUTOMETRIC__
__AUTOMETRIC__|0.1.2|2163912|crew_log_b4e59b64c76381d1|0|1786756507.368|0.999|0.005|26257993728|37183614976|sim_data_341798b7487bf001|__AUTOMETRIC__
__AUTOMETRIC__|0.1.2|2163912|crew_log_b4e59b64c76381d1|0|1786756508.369|15.978|0.083|26257993728|37183614976|sim_data_341798b7487bf001|__AUTOMETRIC__
__AUTOMETRIC__|0.1.2|2163912|crew_log_b4e59b64c76381d1|0|1786756509.371|0.998|0.005|26257993728|37183614976|sim_data_341798b7487bf001|__AUTOMETRIC__
__AUTOMETRIC__|0.1.2|2163912|crew_log_b4e59b64c76381d1|0|1786756510.373|15.974|0.083|26257993728|37183614976|sim_data_341798b7487bf001|__AUTOMETRIC__
__AUTOMETRIC__|0.1.2|2163912|crew_log_b4e59b64c76381d1|0|1786756511.374|0.999|0.005|26257993728|37183614976|sim_data_341798b7487bf001|__AUTOMETRIC__
__AUTOMETRIC__|0.1.2|2163912|crew_log_b4e59b64c76381d1|0|1786756512.375|0.000|0.000|26257993728|37183614976|sim_data_341798b7487bf001|__AUTOMETRIC__
__AUTOMETRIC__|0.1.2|2163912|crew_log_b4e59b64c76381d1|0|1786756513.377|51.907|0.270|26257993728|37183651840|sim_data_341798b7487bf001|__AUTOMETRIC__
__AUTOMETRIC__|0.1.2|2163912|crew_log_b4e59b64c76381d1|0|1786756514.378|97.893|0.510|26261139456|37186465792|sim_data_341798b7487bf001|__AUTOMETRIC__
__AUTOMETRIC__|0.1.2|2163912|crew_log_b4e59b64c76381d1|0|1786756515.379|98.888|0.515|26261139456|37186465792|sim_data_341798b7487bf001|__AUTOMETRIC__
__AUTOMETRIC__|0.1.2|2163912|crew_log_b4e59b64c76381d1|0|1786756516.381|1164.322|6.064|26261139456|37186465792|sim_data_341798b7487bf001|__AUTOMETRIC__
__AUTOMETRIC__|0.1.2|2163912|crew_log_b4e59b64c76381d1|0|1786756517.382|134.836|0.702|26261139456|37186465792|sim_data_341798b7487bf001|__AUTOMETRIC__
__AUTOMETRIC__|0.1.2|2163912|crew_log_b4e59b64c76381d1|0|1786756518.384|93.867|0.489|26261139456|37186465792|sim_data_341798b7487bf001|__AUTOMETRIC__
__AUTOMETRIC__|0.1.2|2163912|crew_log_b4e59b64c76381d1|0|1786756519.386|1.996|0.010|26261139456|37186465792|sim_data_341798b7487bf001|__AUTOMETRIC__
__AUTOMETRIC__|0.1.2|2163912|crew_log_b4e59b64c76381d1|0|1786756520.387|0.000|0.000|26261139456|37186465792|sim_data_341798b7487bf001|__AUTOMETRIC__
__AUTOMETRIC__|0.1.2|2163912|crew_log_b4e59b64c76381d1|0|1786756521.388|16.978|0.088|26261139456|37186465792|sim_data_341798b7487bf001|__AUTOMETRIC__
__AUTOMETRIC__|0.1.2|2163912|crew_log_b4e59b64c76381d1|0|1786756522.390|0.000|0.000|26261139456|37186465792|sim_data_341798b7487bf001|__AUTOMETRIC__
__AUTOMETRIC__|0.1.2|2163912|crew_log_b4e59b64c76381d1|0|1786756523.391|15.974|0.083|26261139456|37186465792|sim_data_341798b7487bf001|__AUTOMETRIC__
__AUTOMETRIC__|0.1.2|2163912|crew_log_b4e59b64c76381d1|0|1786756524.393|0.999|0.005|26261139456|37186465792|sim_data_341798b7487bf001|__AUTOMETRIC__
__AUTOMETRIC__|0.1.2|2163912|crew_log_b4e59b64c76381d1|0|1786756525.483|15.590|0.081|26261139456|37186465792|sim_data_341798b7487bf001|__AUTOMETRIC__
__AUTOMETRIC__|0.1.2|2163912|crew_log_b4e59b64c76381d1|0|1786756526.485|0.998|0.005|26261139456|37186465792|sim_data_341798b7487bf001|__AUTOMETRIC__
__AUTOMETRIC__|0.1.2|2163912|crew_log_b4e59b64c76381d1|0|1786756527.486|0.999|0.005|26261139456|37186465792|sim_data_341798b7487bf001|__AUTOMETRIC__
__AUTOMETRIC__|0.1.2|2163912|crew_log_b4e59b64c76381d1|0|1786756528.487|69.918|0.364|26262712320|37186465792|sim_data_341798b7487bf001|__AUTOMETRIC__
__AUTOMETRIC__|0.1.2|2163912|crew_log_b4e59b64c76381d1|0|1786756529.489|98.804|0.515|26262712320|37186465792|sim_data_341798b7487bf001|__AUTOMETRIC__
__AUTOMETRIC__|0.1.2|2163912|crew_log_b4e59b64c76381d1|0|1786756530.491|325.532|1.695|26265858048|37188956160|sim_data_341798b7487bf001|__AUTOMETRIC__
__AUTOMETRIC__|0.1.2|2163912|crew_log_b4e59b64c76381d1|0|1786756531.492|1399.241|7.288|26265858048|37188956160|sim_data_341798b7487bf001|__AUTOMETRIC__
__AUTOMETRIC__|0.1.2|2163912|crew_log_b4e59b64c76381d1|0|1786756532.493|395.446|2.060|26265858048|37188956160|sim_data_341798b7487bf001|__AUTOMETRIC__
__AUTOMETRIC__|0.1.2|2163912|crew_log_b4e59b64c76381d1|0|1786756533.579|131.737|0.686|26265858048|37188956160|sim_data_341798b7487bf001|__AUTOMETRIC__
__AUTOMETRIC__|0.1.2|2163912|crew_log_b4e59b64c76381d1|0|1786756534.580|0.999|0.005|26265858048|37188956160|sim_data_341798b7487bf001|__AUTOMETRIC__
__AUTOMETRIC__|0.1.2|2163912|crew_log_b4e59b64c76381d1|0|1786756535.582|0.000|0.000|26265858048|37188956160|sim_data_341798b7487bf001|__AUTOMETRIC__
__AUTOMETRIC__|0.1.2|2163912|crew_log_b4e59b64c76381d1|0|1786756536.584|15.982|0.083|26265858048|37188956160|sim_data_341798b7487bf001|__AUTOMETRIC__
__AUTOMETRIC__|0.1.2|2163912|crew_log_b4e59b64c76381d1|0|1786756537.585|0.999|0.005|26265858048|37188956160|sim_data_341798b7487bf001|__AUTOMETRIC__
__AUTOMETRIC__|0.1.2|2163912|crew_log_b4e59b64c76381d1|0|1786756538.730|13.967|0.073|26265858048|37188956160|sim_data_341798b7487bf001|__AUTOMETRIC__
__AUTOMETRIC__|0.1.2|2163912|crew_log_b4e59b64c76381d1|0|1786756539.732|1.996|0.010|26265858048|37188956160|sim_data_341798b7487bf001|__AUTOMETRIC__
__AUTOMETRIC__|0.1.2|2163912|crew_log_b4e59b64c76381d1|0|1786756540.733|0.999|0.005|26265858048|37188956160|sim_data_341798b7487bf001|__AUTOMETRIC__
__AUTOMETRIC__|0.1.2|2163912|crew_log_b4e59b64c76381d1|0|1786756541.734|16.980|0.088|26265858048|37188956160|sim_data_341798b7487bf001|__AUTOMETRIC__
__AUTOMETRIC__|0.1.2|2163912|crew_log_b4e59b64c76381d1|0|1786756542.736|0.000|0.000|26265858048|37188956160|sim_data_341798b7487bf001|__AUTOMETRIC__
__AUTOMETRIC__|0.1.2|2163912|crew_log_b4e59b64c76381d1|0|1786756543.737|18.976|0.099|26265858048|37188956160|sim_data_341798b7487bf001|__AUTOMETRIC__
__AUTOMETRIC__|0.1.2|2163912|crew_log_b4e59b64c76381d1|0|1786756544.739|88.863|0.463|26265858048|37188956160|sim_data_341798b7487bf001|__AUTOMETRIC__
__AUTOMETRIC__|0.1.2|2163912|crew_log_b4e59b64c76381d1|0|1786756545.741|98.815|0.515|26265858048|37188956160|sim_data_341798b7487bf001|__AUTOMETRIC__
__AUTOMETRIC__|0.1.2|2163912|crew_log_b4e59b64c76381d1|0|1786756546.742|712.086|3.709|26270576640|37194469376|sim_data_341798b7487bf001|__AUTOMETRIC__
__AUTOMETRIC__|0.1.2|2163912|crew_log_b4e59b64c76381d1|0|1786756547.744|594.767|3.098|26270576640|37194469376|sim_data_341798b7487bf001|__AUTOMETRIC__
__AUTOMETRIC__|0.1.2|2163912|crew_log_b4e59b64c76381d1|0|1786756548.745|134.832|0.702|26270576640|37194469376|sim_data_341798b7487bf001|__AUTOMETRIC__
__AUTOMETRIC__|0.1.2|2163912|crew_log_b4e59b64c76381d1|0|1786756549.747|43.929|0.229|26270576640|37194469376|sim_data_341798b7487bf001|__AUTOMETRIC__
__AUTOMETRIC__|0.1.2|2163912|crew_log_b4e59b64c76381d1|0|1786756550.749|0.000|0.000|26270576640|37194469376|sim_data_341798b7487bf001|__AUTOMETRIC__
__AUTOMETRIC__|0.1.2|2163912|crew_log_b4e59b64c76381d1|0|1786756551.750|16.978|0.088|26270576640|37194469376|sim_data_341798b7487bf001|__AUTOMETRIC__
__AUTOMETRIC__|0.1.2|2163912|crew_log_b4e59b64c76381d1|0|1786756552.751|0.999|0.005|26270576640|37194469376|sim_data_341798b7487bf001|__AUTOMETRIC__
__AUTOMETRIC__|0.1.2|2163912|crew_log_b4e59b64c76381d1|0|1786756553.759|0.000|0.000|26270576640|37194469376|sim_data_341798b7487bf001|__AUTOMETRIC__
__AUTOMETRIC__|0.1.2|2163912|crew_log_b4e59b64c76381d1|0|1786756554.761|15.978|0.083|26270576640|37194469376|sim_data_341798b7487bf001|__AUTOMETRIC__
__AUTOMETRIC__|0.1.2|2163912|crew_log_b4e59b64c76381d1|0|1786756555.762|1.997|0.010|26270576640|37194469376|sim_data_341798b7487bf001|__AUTOMETRIC__
__AUTOMETRIC__|0.1.2|2163912|crew_log_b4e59b64c76381d1|0|1786756556.766|14.944|0.078|26270576640|37194469376|sim_data_341798b7487bf001|__AUTOMETRIC__
__AUTOMETRIC__|0.1.2|2163912|crew_log_b4e59b64c76381d1|0|1786756557.767|0.999|0.005|26270576640|37194469376|sim_data_341798b7487bf001|__AUTOMETRIC__
__AUTOMETRIC__|0.1.2|2163912|crew_log_b4e59b64c76381d1|0|1786756558.769|0.999|0.005|26270576640|37194469376|sim_data_341798b7487bf001|__AUTOMETRIC__
__AUTOMETRIC__|0.1.2|2163912|crew_log_b4e59b64c76381d1|0|1786756559.771|30.933|0.161|26270576640|37194469376|sim_data_341798b7487bf001|__AUTOMETRIC__
__AUTOMETRIC__|0.1.2|2163912|crew_log_b4e59b64c76381d1|0|1786756560.772|89.869|0.468|26270576640|37194469376|sim_data_341798b7487bf001|__AUTOMETRIC__
__AUTOMETRIC__|0.1.2|2163912|crew_log_b4e59b64c76381d1|0|1786756561.773|98.886|0.515|26270576640|37194469376|sim_data_341798b7487bf001|__AUTOMETRIC__
__AUTOMETRIC__|0.1.2|2163912|crew_log_b4e59b64c76381d1|0|1786756562.775|958.004|4.990|26270576640|37194616832|sim_data_341798b7487bf001|__AUTOMETRIC__
__AUTOMETRIC__|0.1.2|2163912|crew_log_b4e59b64c76381d1|0|1786756563.777|346.545|1.805|26270576640|37194616832|sim_data_341798b7487bf001|__AUTOMETRIC__
__AUTOMETRIC__|0.1.2|2163912|crew_log_b4e59b64c76381d1|0|1786756564.778|134.835|0.702|26270576640|37194616832|sim_data_341798b7487bf001|__AUTOMETRIC__
__AUTOMETRIC__|0.1.2|2163912|crew_log_b4e59b64c76381d1|0|1786756565.780|26.941|0.140|26270576640|37194616832|sim_data_341798b7487bf001|__AUTOMETRIC__
__AUTOMETRIC__|0.1.2|2163912|crew_log_b4e59b64c76381d1|0|1786756566.782|0.000|0.000|26270576640|37194616832|sim_data_341798b7487bf001|__AUTOMETRIC__
__AUTOMETRIC__|0.1.2|2163912|crew_log_b4e59b64c76381d1|0|1786756567.783|15.981|0.083|26270576640|37194616832|sim_data_341798b7487bf001|__AUTOMETRIC__
__AUTOMETRIC__|0.1.2|2163912|crew_log_b4e59b64c76381d1|0|1786756568.784|1.997|0.010|26270576640|37194616832|sim_data_341798b7487bf001|__AUTOMETRIC__
__AUTOMETRIC__|0.1.2|2163912|crew_log_b4e59b64c76381d1|0|1786756569.786|15.972|0.083|26270576640|37194616832|sim_data_341798b7487bf001|__AUTOMETRIC__
__AUTOMETRIC__|0.1.2|2163912|crew_log_b4e59b64c76381d1|0|1786756570.788|0.999|0.005|26270576640|37194616832|sim_data_341798b7487bf001|__AUTOMETRIC__
__AUTOMETRIC__|0.1.2|2163912|crew_log_b4e59b64c76381d1|0|1786756571.789|15.980|0.083|26270576640|37194616832|sim_data_341798b7487bf001|__AUTOMETRIC__
__AUTOMETRIC__|0.1.2|2163912|crew_log_b4e59b64c76381d1|0|1786756572.790|0.000|0.000|26270576640|37194616832|sim_data_341798b7487bf001|__AUTOMETRIC__
__AUTOMETRIC__|0.1.2|2163912|crew_log_b4e59b64c76381d1|0|1786756573.791|25.967|0.135|26270576640|37194616832|sim_data_341798b7487bf001|__AUTOMETRIC__
__AUTOMETRIC__|0.1.2|2163912|crew_log_b4e59b64c76381d1|0|1786756574.793|46.922|0.244|26270576640|37194616832|sim_data_341798b7487bf001|__AUTOMETRIC__
__AUTOMETRIC__|0.1.2|2163912|crew_log_b4e59b64c76381d1|0|1786756575.795|99.830|0.520|26270576640|37194616832|sim_data_341798b7487bf001|__AUTOMETRIC__
__AUTOMETRIC__|0.1.2|2163912|crew_log_b4e59b64c76381d1|0|1786756576.796|459.458|2.393|26280013824|37204819968|sim_data_341798b7487bf001|__AUTOMETRIC__
__AUTOMETRIC__|0.1.2|2163912|crew_log_b4e59b64c76381d1|0|1786756577.797|1144.623|5.962|26280013824|37204819968|sim_data_341798b7487bf001|__AUTOMETRIC__
__AUTOMETRIC__|0.1.2|2163912|crew_log_b4e59b64c76381d1|0|1786756578.801|134.441|0.700|26280013824|37204819968|sim_data_341798b7487bf001|__AUTOMETRIC__
__AUTOMETRIC__|0.1.2|2163912|crew_log_b4e59b64c76381d1|0|1786756579.803|95.847|0.499|26280013824|37204819968|sim_data_341798b7487bf001|__AUTOMETRIC__
__AUTOMETRIC__|0.1.2|2163912|crew_log_b4e59b64c76381d1|0|1786756580.805|0.997|0.005|26280013824|37204819968|sim_data_341798b7487bf001|__AUTOMETRIC__
__AUTOMETRIC__|0.1.2|2163912|crew_log_b4e59b64c76381d1|0|1786756581.807|0.000|0.000|26280013824|37204819968|sim_data_341798b7487bf001|__AUTOMETRIC__
__AUTOMETRIC__|0.1.2|2163912|crew_log_b4e59b64c76381d1|0|1786756582.808|17.976|0.094|26280013824|37204819968|sim_data_341798b7487bf001|__AUTOMETRIC__
__AUTOMETRIC__|0.1.2|2163912|crew_log_b4e59b64c76381d1|0|1786756583.809|0.000|0.000|26280013824|37204819968|sim_data_341798b7487bf001|__AUTOMETRIC__
__AUTOMETRIC__|0.1.2|2163912|crew_log_b4e59b64c76381d1|0|1786756584.812|16.964|0.088|26280013824|37204819968|sim_data_341798b7487bf001|__AUTOMETRIC__
__AUTOMETRIC__|0.1.2|2163912|crew_log_b4e59b64c76381d1|0|1786756585.813|0.999|0.005|26280013824|37204819968|sim_data_341798b7487bf001|__AUTOMETRIC__
__AUTOMETRIC__|0.1.2|2163912|crew_log_b4e59b64c76381d1|0|1786756586.816|14.957|0.078|26280013824|37204819968|sim_data_341798b7487bf001|__AUTOMETRIC__
__AUTOMETRIC__|0.1.2|2163912|crew_log_b4e59b64c76381d1|0|1786756587.817|0.998|0.005|26280013824|37204819968|sim_data_341798b7487bf001|__AUTOMETRIC__
__AUTOMETRIC__|0.1.2|2163912|crew_log_b4e59b64c76381d1|0|1786756588.819|26.965|0.140|26280013824|37204819968|sim_data_341798b7487bf001|__AUTOMETRIC__
__AUTOMETRIC__|0.1.2|2163912|crew_log_b4e59b64c76381d1|0|1786756589.820|80.849|0.421|26280013824|37204819968|sim_data_341798b7487bf001|__AUTOMETRIC__
__AUTOMETRIC__|0.1.2|2163912|crew_log_b4e59b64c76381d1|0|1786756590.822|98.863|0.515|26280013824|37204819968|sim_data_341798b7487bf001|__AUTOMETRIC__
__AUTOMETRIC__|0.1.2|2163912|crew_log_b4e59b64c76381d1|0|1786756591.823|870.945|4.536|26280013824|37204819968|sim_data_341798b7487bf001|__AUTOMETRIC__
__AUTOMETRIC__|0.1.2|2163912|crew_log_b4e59b64c76381d1|0|1786756592.824|1240.386|6.460|26281586688|37206118400|sim_data_341798b7487bf001|__AUTOMETRIC__
__AUTOMETRIC__|0.1.2|2163912|crew_log_b4e59b64c76381d1|0|1786756593.826|134.845|0.702|26281586688|37206118400|sim_data_341798b7487bf001|__AUTOMETRIC__
__AUTOMETRIC__|0.1.2|2163912|crew_log_b4e59b64c76381d1|0|1786756594.827|96.871|0.505|26281586688|37206118400|sim_data_341798b7487bf001|__AUTOMETRIC__
__AUTOMETRIC__|0.1.2|2163912|crew_log_b4e59b64c76381d1|0|1786756595.828|0.999|0.005|26281586688|37206118400|sim_data_341798b7487bf001|__AUTOMETRIC__
__AUTOMETRIC__|0.1.2|2163912|crew_log_b4e59b64c76381d1|0|1786756596.829|0.000|0.000|26281586688|37206118400|sim_data_341798b7487bf001|__AUTOMETRIC__
__AUTOMETRIC__|0.1.2|2163912|crew_log_b4e59b64c76381d1|0|1786756597.831|17.978|0.094|26281586688|37206118400|sim_data_341798b7487bf001|__AUTOMETRIC__
__AUTOMETRIC__|0.1.2|2163912|crew_log_b4e59b64c76381d1|0|1786756598.832|0.999|0.005|26281586688|37206118400|sim_data_341798b7487bf001|__AUTOMETRIC__
__AUTOMETRIC__|0.1.2|2163912|crew_log_b4e59b64c76381d1|0|1786756599.834|15.966|0.083|26281586688|37206118400|sim_data_341798b7487bf001|__AUTOMETRIC__
__AUTOMETRIC__|0.1.2|2163912|crew_log_b4e59b64c76381d1|0|1786756600.836|0.000|0.000|26281586688|37206118400|sim_data_341798b7487bf001|__AUTOMETRIC__
__AUTOMETRIC__|0.1.2|2163912|crew_log_b4e59b64c76381d1|0|1786756601.837|16.979|0.088|26281586688|37206118400|sim_data_341798b7487bf001|__AUTOMETRIC__
__AUTOMETRIC__|0.1.2|2163912|crew_log_b4e59b64c76381d1|0|1786756602.844|0.993|0.005|26281586688|37206118400|sim_data_341798b7487bf001|__AUTOMETRIC__
__AUTOMETRIC__|0.1.2|2163912|crew_log_b4e59b64c76381d1|0|1786756603.845|11.985|0.062|26281586688|37206118400|sim_data_341798b7487bf001|__AUTOMETRIC__
__AUTOMETRIC__|0.1.2|2163912|crew_log_b4e59b64c76381d1|0|1786756604.847|87.888|0.458|26281586688|37206118400|sim_data_341798b7487bf001|__AUTOMETRIC__
__AUTOMETRIC__|0.1.2|2163912|crew_log_b4e59b64c76381d1|0|1786756605.849|99.803|0.520|26281586688|37206118400|sim_data_341798b7487bf001|__AUTOMETRIC__
__AUTOMETRIC__|0.1.2|2163912|crew_log_b4e59b64c76381d1|0|1786756606.850|756.869|3.942|26284732416|37209288704|sim_data_341798b7487bf001|__AUTOMETRIC__
__AUTOMETRIC__|0.1.2|2163912|crew_log_b4e59b64c76381d1|0|1786756607.851|607.174|3.162|26284732416|37209288704|sim_data_341798b7487bf001|__AUTOMETRIC__
__AUTOMETRIC__|0.1.2|2163912|crew_log_b4e59b64c76381d1|0|1786756608.853|135.795|0.707|26284732416|37209288704|sim_data_341798b7487bf001|__AUTOMETRIC__
__AUTOMETRIC__|0.1.2|2163912|crew_log_b4e59b64c76381d1|0|1786756609.855|46.915|0.244|26284732416|37209288704|sim_data_341798b7487bf001|__AUTOMETRIC__
__AUTOMETRIC__|0.1.2|2163912|crew_log_b4e59b64c76381d1|0|1786756610.856|0.000|0.000|26284732416|37209288704|sim_data_341798b7487bf001|__AUTOMETRIC__
__AUTOMETRIC__|0.1.2|2163912|crew_log_b4e59b64c76381d1|0|1786756611.858|16.975|0.088|26284732416|37209288704|sim_data_341798b7487bf001|__AUTOMETRIC__
__AUTOMETRIC__|0.1.2|2163912|crew_log_b4e59b64c76381d1|0|1786756612.859|0.999|0.005|26284732416|37209288704|sim_data_341798b7487bf001|__AUTOMETRIC__
__AUTOMETRIC__|0.1.2|2163912|crew_log_b4e59b64c76381d1|0|1786756613.860|15.982|0.083|26284732416|37209288704|sim_data_341798b7487bf001|__AUTOMETRIC__
__AUTOMETRIC__|0.1.2|2163912|crew_log_b4e59b64c76381d1|0|1786756614.861|0.999|0.005|26284732416|37209288704|sim_data_341798b7487bf001|__AUTOMETRIC__
__AUTOMETRIC__|0.1.2|2163912|crew_log_b4e59b64c76381d1|0|1786756615.912|17.135|0.089|26284732416|37209288704|sim_data_341798b7487bf001|__AUTOMETRIC__
__AUTOMETRIC__|0.1.2|2163912|crew_log_b4e59b64c76381d1|0|1786756616.913|0.999|0.005|26284732416|37209288704|sim_data_341798b7487bf001|__AUTOMETRIC__
__AUTOMETRIC__|0.1.2|2163912|crew_log_b4e59b64c76381d1|0|1786756617.915|0.000|0.000|26284732416|37209288704|sim_data_341798b7487bf001|__AUTOMETRIC__
