__AUTOMETRIC__|0.1.2|13320|crew_log_411b6a4d241af90d|0|1786318827.504|96.270|6.017|158773248|184176640|gen_data_c698e3d710d5cb5d|__AUTOMETRIC__
__AUTOMETRIC__|0.1.2|13320|crew_log_411b6a4d241af90d|0|1786318828.504|99.979|6.249|260124672|285118464|gen_data_c698e3d710d5cb5d|__AUTOMETRIC__
__AUTOMETRIC__|0.1.2|13320|crew_log_411b6a4d241af90d|0|1786318829.515|101.985|6.374|356052992|381341696|gen_data_c698e3d710d5cb5d|__AUTOMETRIC__
__AUTOMETRIC__|0.1.2|13320|crew_log_411b6a4d241af90d|0|1786318830.520|94.839|5.927|413007872|446046208|gen_data_c698e3d710d5cb5d|__AUTOMETRIC__
__AUTOMETRIC__|0.1.2|13320|crew_log_411b6a4d241af90d|0|1786318831.532|103.530|6.471|397815808|430768128|gen_data_c698e3d710d5cb5d|__AUTOMETRIC__
__AUTOMETRIC__|0.1.2|13320|crew_log_411b6a4d241af90d|0|1786318832.539|100.820|6.301|396816384|429752320|gen_data_c698e3d710d5cb5d|__AUTOMETRIC__
__AUTOMETRIC__|0.1.2|13320|crew_log_411b6a4d241af90d|0|1786318833.543|99.598|6.225|396763136|429699072|gen_data_c698e3d710d5cb5d|__AUTOMETRIC__
__AUTOMETRIC__|0.1.2|13320|crew_log_411b6a4d241af90d|0|1786318834.558|98.520|6.157|396816384|429752320|gen_data_c698e3d710d5cb5d|__AUTOMETRIC__
__AUTOMETRIC__|0.1.2|13320|crew_log_411b6a4d241af90d|0|1786318835.558|99.983|6.249|396816384|429760512|gen_data_c698e3d710d5cb5d|__AUTOMETRIC__
__AUTOMETRIC__|0.1.2|13320|crew_log_411b6a4d241af90d|0|1786318836.564|96.331|6.021|396820480|429764608|gen_data_c698e3d710d5cb5d|__AUTOMETRIC__
__AUTOMETRIC__|0.1.2|13320|crew_log_411b6a4d241af90d|0|1786318837.583|99.702|6.231|396836864|429776896|gen_data_c698e3d710d5cb5d|__AUTOMETRIC__
__AUTOMETRIC__|0.1.2|13320|crew_log_411b6a4d241af90d|0|1786318838.584|99.847|6.240|396247040|429187072|gen_data_c698e3d710d5cb5d|__AUTOMETRIC__
__AUTOMETRIC__|0.1.2|13320|crew_log_411b6a4d241af90d|0|1786318839.594|102.138|6.384|396247040|429187072|gen_data_c698e3d710d5cb5d|__AUTOMETRIC__
__AUTOMETRIC__|0.1.2|13320|crew_log_411b6a4d241af90d|0|1786318840.594|99.982|6.249|396439552|429371392|gen_data_c698e3d710d5cb5d|__AUTOMETRIC__
__AUTOMETRIC__|0.1.2|13320|crew_log_411b6a4d241af90d|0|1786318841.605|100.443|6.278|396251136|429182976|gen_data_c698e3d710d5cb5d|__AUTOMETRIC__
__AUTOMETRIC__|0.1.2|13320|crew_log_411b6a4d241af90d|0|1786318842.616|100.427|6.277|396251136|429182976|gen_data_c698e3d710d5cb5d|__AUTOMETRIC__
__AUTOMETRIC__|0.1.2|13320|crew_log_411b6a4d241af90d|0|1786318843.627|98.907|6.182|396267520|429228032|gen_data_c698e3d710d5cb5d|__AUTOMETRIC__
__AUTOMETRIC__|0.1.2|13320|crew_log_411b6a4d241af90d|0|1786318844.638|100.542|6.284|396292096|429219840|gen_data_c698e3d710d5cb5d|__AUTOMETRIC__
__AUTOMETRIC__|0.1.2|13320|crew_log_411b6a4d241af90d|0|1786318845.640|98.215|6.138|396275712|429203456|gen_data_c698e3d710d5cb5d|__AUTOMETRIC__
__AUTOMETRIC__|0.1.2|13320|crew_log_411b6a4d241af90d|0|1786318846.651|100.430|6.277|395976704|428904448|gen_data_c698e3d710d5cb5d|__AUTOMETRIC__
__AUTOMETRIC__|0.1.2|13320|crew_log_411b6a4d241af90d|0|1786318847.656|99.549|6.222|396001280|428920832|gen_data_c698e3d710d5cb5d|__AUTOMETRIC__
__AUTOMETRIC__|0.1.2|13320|crew_log_411b6a4d241af90d|0|1786318848.662|99.351|6.209|396001280|428920832|gen_data_c698e3d710d5cb5d|__AUTOMETRIC__
__AUTOMETRIC__|0.1.2|13320|crew_log_411b6a4d241af90d|0|1786318849.664|102.884|6.430|396001280|428920832|gen_data_c698e3d710d5cb5d|__AUTOMETRIC__
__AUTOMETRIC__|0.1.2|13320|crew_log_411b6a4d241af90d|0|1786318850.671|97.838|6.115|395984896|428904448|gen_data_c698e3d710d5cb5d|__AUTOMETRIC__
__AUTOMETRIC__|0.1.2|13320|crew_log_411b6a4d241af90d|0|1786318851.676|97.869|6.117|396001280|428920832|gen_data_c698e3d710d5cb5d|__AUTOMETRIC__
__AUTOMETRIC__|0.1.2|13320|crew_log_411b6a4d241af90d|0|1786318852.689|100.282|6.268|396001280|428920832|gen_data_c698e3d710d5cb5d|__AUTOMETRIC__
__AUTOMETRIC__|0.1.2|13320|crew_log_411b6a4d241af90d|0|1786318853.698|100.721|6.295|395935744|428855296|gen_data_c698e3d710d5cb5d|__AUTOMETRIC__
__AUTOMETRIC__|0.1.2|13320|crew_log_411b6a4d241af90d|0|1786318854.700|99.707|6.232|396005376|428924928|gen_data_c698e3d710d5cb5d|__AUTOMETRIC__
__AUTOMETRIC__|0.1.2|13320|crew_log_411b6a4d241af90d|0|1786318855.715|98.594|6.162|396005376|428924928|gen_data_c698e3d710d5cb5d|__AUTOMETRIC__
__AUTOMETRIC__|0.1.2|13320|crew_log_411b6a4d241af90d|0|1786318856.720|99.504|6.219|396005376|428924928|gen_data_c698e3d710d5cb5d|__AUTOMETRIC__
__AUTOMETRIC__|0.1.2|13320|crew_log_411b6a4d241af90d|0|1786318857.733|98.685|6.168|396005376|428924928|gen_data_c698e3d710d5cb5d|__AUTOMETRIC__
__AUTOMETRIC__|0.1.2|13320|crew_log_411b6a4d241af90d|0|1786318858.740|99.348|6.209|396062720|429031424|gen_data_c698e3d710d5cb5d|__AUTOMETRIC__
__AUTOMETRIC__|0.1.2|13320|crew_log_411b6a4d241af90d|0|1786318859.741|101.445|6.340|396017664|428978176|gen_data_c698e3d710d5cb5d|__AUTOMETRIC__
__AUTOMETRIC__|0.1.2|13320|crew_log_411b6a4d241af90d|0|1786318860.743|93.538|5.846|396083200|429031424|gen_data_c698e3d710d5cb5d|__AUTOMETRIC__
__AUTOMETRIC__|0.1.2|13320|crew_log_411b6a4d241af90d|0|1786318861.750|97.799|6.112|396103680|429039616|gen_data_c698e3d710d5cb5d|__AUTOMETRIC__
__AUTOMETRIC__|0.1.2|13320|crew_log_411b6a4d241af90d|0|1786318862.767|99.870|6.242|395743232|428662784|gen_data_c698e3d710d5cb5d|__AUTOMETRIC__
__AUTOMETRIC__|0.1.2|13320|crew_log_411b6a4d241af90d|0|1786318863.777|100.485|6.280|395563008|428601344|gen_data_c698e3d710d5cb5d|__AUTOMETRIC__
__AUTOMETRIC__|0.1.2|13320|crew_log_411b6a4d241af90d|0|1786318864.791|97.087|6.068|395456512|428376064|gen_data_c698e3d710d5cb5d|__AUTOMETRIC__
__AUTOMETRIC__|0.1.2|13320|crew_log_411b6a4d241af90d|0|1786318865.796|99.526|6.220|395304960|428347392|gen_data_c698e3d710d5cb5d|__AUTOMETRIC__
__AUTOMETRIC__|0.1.2|13320|crew_log_411b6a4d241af90d|0|1786318866.798|99.839|6.240|395546624|428584960|gen_data_c698e3d710d5cb5d|__AUTOMETRIC__
__AUTOMETRIC__|0.1.2|13320|crew_log_411b6a4d241af90d|0|1786318867.804|97.821|6.114|395399168|428437504|gen_data_c698e3d710d5cb5d|__AUTOMETRIC__
__AUTOMETRIC__|0.1.2|13320|crew_log_411b6a4d241af90d|0|1786318868.806|98.187|6.137|395173888|428216320|gen_data_c698e3d710d5cb5d|__AUTOMETRIC__
__AUTOMETRIC__|0.1.2|13320|crew_log_411b6a4d241af90d|0|1786318869.809|96.654|6.041|395730944|428773376|gen_data_c698e3d710d5cb5d|__AUTOMETRIC__
__AUTOMETRIC__|0.1.2|13320|crew_log_411b6a4d241af90d|0|1786318870.819|97.475|6.092|395649024|428691456|gen_data_c698e3d710d5cb5d|__AUTOMETRIC__
__AUTOMETRIC__|0.1.2|13320|crew_log_411b6a4d241af90d|0|1786318871.829|100.506|6.282|395522048|428564480|gen_data_c698e3d710d5cb5d|__AUTOMETRIC__
__AUTOMETRIC__|0.1.2|13320|crew_log_411b6a4d241af90d|0|1786318872.835|88.513|5.532|395505664|428589056|gen_data_c698e3d710d5cb5d|__AUTOMETRIC__
__AUTOMETRIC__|0.1.2|13320|crew_log_411b6a4d241af90d|0|1786318873.842|97.819|6.114|395378688|428457984|gen_data_c698e3d710d5cb5d|__AUTOMETRIC__
__AUTOMETRIC__|0.1.2|13320|crew_log_411b6a4d241af90d|0|1786318874.846|97.966|6.123|395132928|428208128|gen_data_c698e3d710d5cb5d|__AUTOMETRIC__
__AUTOMETRIC__|0.1.2|13320|crew_log_411b6a4d241af90d|0|1786318875.848|99.810|6.238|395616256|428691456|gen_data_c698e3d710d5cb5d|__AUTOMETRIC__
__AUTOMETRIC__|0.1.2|13320|crew_log_411b6a4d241af90d|0|1786318876.852|101.233|6.327|395227136|428302336|gen_data_c698e3d710d5cb5d|__AUTOMETRIC__
__AUTOMETRIC__|0.1.2|13320|crew_log_411b6a4d241af90d|0|1786318877.862|98.967|6.185|395653120|428728320|gen_data_c698e3d710d5cb5d|__AUTOMETRIC__
__AUTOMETRIC__|0.1.2|13320|crew_log_411b6a4d241af90d|0|1786318878.867|93.254|5.828|395907072|428982272|gen_data_c698e3d710d5cb5d|__AUTOMETRIC__
__AUTOMETRIC__|0.1.2|13320|crew_log_411b6a4d241af90d|0|1786318879.871|99.676|6.230|395898880|428974080|gen_data_c698e3d710d5cb5d|__AUTOMETRIC__
__AUTOMETRIC__|0.1.2|13320|crew_log_411b6a4d241af90d|0|1786318880.871|96.881|6.055|395816960|428892160|gen_data_c698e3d710d5cb5d|__AUTOMETRIC__
__AUTOMETRIC__|0.1.2|13320|crew_log_411b6a4d241af90d|0|1786318881.876|97.911|6.119|395767808|428843008|gen_data_c698e3d710d5cb5d|__AUTOMETRIC__
__AUTOMETRIC__|0.1.2|13320|crew_log_411b6a4d241af90d|0|1786318882.883|99.295|6.206|395739136|428814336|gen_data_c698e3d710d5cb5d|__AUTOMETRIC__
__AUTOMETRIC__|0.1.2|13320|crew_log_411b6a4d241af90d|0|1786318883.885|98.251|6.141|395722752|428797952|gen_data_c698e3d710d5cb5d|__AUTOMETRIC__
__AUTOMETRIC__|0.1.2|13320|crew_log_411b6a4d241af90d|0|1786318884.897|98.799|6.175|395780096|428851200|gen_data_c698e3d710d5cb5d|__AUTOMETRIC__
__AUTOMETRIC__|0.1.2|13320|crew_log_411b6a4d241af90d|0|1786318885.905|97.699|6.106|395698176|428724224|gen_data_c698e3d710d5cb5d|__AUTOMETRIC__
__AUTOMETRIC__|0.1.2|13320|crew_log_411b6a4d241af90d|0|1786318886.918|100.186|6.262|395862016|428879872|gen_data_c698e3d710d5cb5d|__AUTOMETRIC__
__AUTOMETRIC__|0.1.2|13320|crew_log_411b6a4d241af90d|0|1786318887.935|98.400|6.150|395730944|428740608|gen_data_c698e3d710d5cb5d|__AUTOMETRIC__
__AUTOMETRIC__|0.1.2|13320|crew_log_411b6a4d241af90d|0|1786318888.946|100.373|6.273|395751424|428756992|gen_data_c698e3d710d5cb5d|__AUTOMETRIC__
__AUTOMETRIC__|0.1.2|13320|crew_log_411b6a4d241af90d|0|1786318889.958|98.858|6.179|395558912|428564480|gen_data_c698e3d710d5cb5d|__AUTOMETRIC__
__AUTOMETRIC__|0.1.2|13320|crew_log_411b6a4d241af90d|0|1786318890.971|100.301|6.269|395567104|428572672|gen_data_c698e3d710d5cb5d|__AUTOMETRIC__
__AUTOMETRIC__|0.1.2|13320|crew_log_411b6a4d241af90d|0|1786318891.978|99.255|6.203|395505664|428511232|gen_data_c698e3d710d5cb5d|__AUTOMETRIC__
__AUTOMETRIC__|0.1.2|13320|crew_log_411b6a4d241af90d|0|1786318892.984|99.414|6.213|395563008|428568576|gen_data_c698e3d710d5cb5d|__AUTOMETRIC__
__AUTOMETRIC__|0.1.2|13320|crew_log_411b6a4d241af90d|0|1786318893.994|99.007|6.188|395563008|428568576|gen_data_c698e3d710d5cb5d|__AUTOMETRIC__
__AUTOMETRIC__|0.1.2|13320|crew_log_411b6a4d241af90d|0|1786318895.008|98.659|6.166|395599872|428605440|gen_data_c698e3d710d5cb5d|__AUTOMETRIC__
__AUTOMETRIC__|0.1.2|13320|crew_log_411b6a4d241af90d|0|1786318896.011|96.536|6.033|395603968|428609536|gen_data_c698e3d710d5cb5d|__AUTOMETRIC__
__AUTOMETRIC__|0.1.2|13320|crew_log_411b6a4d241af90d|0|1786318897.021|99.058|6.191|395522048|428527616|gen_data_c698e3d710d5cb5d|__AUTOMETRIC__
__AUTOMETRIC__|0.1.2|13320|crew_log_411b6a4d241af90d|0|1786318898.028|102.361|6.398|395599872|428605440|gen_data_c698e3d710d5cb5d|__AUTOMETRIC__
__AUTOMETRIC__|0.1.2|13320|crew_log_411b6a4d241af90d|0|1786318899.041|100.224|6.264|395649024|428691456|gen_data_c698e3d710d5cb5d|__AUTOMETRIC__
__AUTOMETRIC__|0.1.2|13320|crew_log_411b6a4d241af90d|0|1786318900.056|100.127|6.258|395661312|428699648|gen_data_c698e3d710d5cb5d|__AUTOMETRIC__
__AUTOMETRIC__|0.1.2|13320|crew_log_411b6a4d241af90d|0|1786318901.070|100.099|6.256|395657216|428691456|gen_data_c698e3d710d5cb5d|__AUTOMETRIC__
__AUTOMETRIC__|0.1.2|13320|crew_log_411b6a4d241af90d|0|1786318902.075|98.018|6.126|395665408|428691456|gen_data_c698e3d710d5cb5d|__AUTOMETRIC__
__AUTOMETRIC__|0.1.2|13320|crew_log_411b6a4d241af90d|0|1786318903.076|99.843|6.240|395669504|428695552|gen_data_c698e3d710d5cb5d|__AUTOMETRIC__
__AUTOMETRIC__|0.1.2|13320|crew_log_411b6a4d241af90d|0|1786318904.091|95.497|5.969|400101376|433401856|__DEFAULT__|__AUTOMETRIC__
__AUTOMETRIC__|0.1.2|13320|crew_log_411b6a4d241af90d|0|1786318905.101|26.280|1.643|404307968|437133312|compiled_brms_models_78e7e860fcdcee83|__AUTOMETRIC__
__AUTOMETRIC__|0.1.2|13320|crew_log_411b6a4d241af90d|0|1786318906.115|98.696|6.168|412868608|445501440|compiled_brms_models_78e7e860fcdcee83|__AUTOMETRIC__
__AUTOMETRIC__|0.1.2|13320|crew_log_411b6a4d241af90d|0|1786318907.125|88.134|5.508|458293248|485933056|compiled_brms_models_78e7e860fcdcee83|__AUTOMETRIC__
__AUTOMETRIC__|0.1.2|13320|crew_log_411b6a4d241af90d|0|1786318908.128|118.372|7.398|481767424|502874112|compiled_brms_models_78e7e860fcdcee83|__AUTOMETRIC__
__AUTOMETRIC__|0.1.2|13320|crew_log_411b6a4d241af90d|0|1786318909.139|100.503|6.281|521551872|542236672|compiled_brms_models_78e7e860fcdcee83|__AUTOMETRIC__
__AUTOMETRIC__|0.1.2|13320|crew_log_411b6a4d241af90d|0|1786318910.154|93.941|5.871|542806016|563781632|compiled_brms_models_78e7e860fcdcee83|__AUTOMETRIC__
