__AUTOMETRIC__|0.1.2|12236|crew_log_3e1753482c43cba0|0|1786319313.934|13.986|0.874|133353472|159170560|compiled_brms_models_4de678c86f7ee0a2|__AUTOMETRIC__
__AUTOMETRIC__|0.1.2|12236|crew_log_3e1753482c43cba0|0|1786320890.453|0.013|0.001|141299712|166887424|compiled_brms_models_4de678c86f7ee0a2|__AUTOMETRIC__
__AUTOMETRIC__|0.1.2|12236|crew_log_3e1753482c43cba0|0|1786320891.457|68.453|4.278|168001536|193318912|compiled_brms_models_4de678c86f7ee0a2|__AUTOMETRIC__
__AUTOMETRIC__|0.1.2|12236|crew_log_3e1753482c43cba0|0|1786320892.465|38.749|2.422|158224384|183463936|compiled_brms_models_4de678c86f7ee0a2|__AUTOMETRIC__
__AUTOMETRIC__|0.1.2|12236|crew_log_3e1753482c43cba0|0|1786320893.506|73.531|4.596|218468352|243572736|compiled_brms_models_4de678c86f7ee0a2|__AUTOMETRIC__
__AUTOMETRIC__|0.1.2|12236|crew_log_3e1753482c43cba0|0|1786320894.516|43.313|2.707|220065792|245055488|compiled_brms_models_4de678c86f7ee0a2|__AUTOMETRIC__
__AUTOMETRIC__|0.1.2|12236|crew_log_3e1753482c43cba0|0|1786320895.528|0.000|0.000|220041216|245030912|compiled_brms_models_4de678c86f7ee0a2|__AUTOMETRIC__
__AUTOMETRIC__|0.1.2|12236|crew_log_3e1753482c43cba0|0|1786320896.542|0.000|0.000|220053504|245043200|compiled_brms_models_4de678c86f7ee0a2|__AUTOMETRIC__
__AUTOMETRIC__|0.1.2|12236|crew_log_3e1753482c43cba0|0|1786320897.555|0.000|0.000|220053504|245043200|compiled_brms_models_4de678c86f7ee0a2|__AUTOMETRIC__
__AUTOMETRIC__|0.1.2|12236|crew_log_3e1753482c43cba0|0|1786320898.565|0.000|0.000|220053504|245043200|compiled_brms_models_4de678c86f7ee0a2|__AUTOMETRIC__
__AUTOMETRIC__|0.1.2|12236|crew_log_3e1753482c43cba0|0|1786320899.575|68.100|4.256|234762240|259723264|compiled_brms_models_4de678c86f7ee0a2|__AUTOMETRIC__
__AUTOMETRIC__|0.1.2|12236|crew_log_3e1753482c43cba0|0|1786320900.585|100.474|6.280|272412672|297406464|compiled_brms_models_4de678c86f7ee0a2|__AUTOMETRIC__
__AUTOMETRIC__|0.1.2|12236|crew_log_3e1753482c43cba0|0|1786320901.600|95.451|5.966|388427776|420139008|compiled_brms_models_4de678c86f7ee0a2|__AUTOMETRIC__
__AUTOMETRIC__|0.1.2|12236|crew_log_3e1753482c43cba0|0|1786320902.612|100.397|6.275|419540992|450473984|compiled_brms_models_4de678c86f7ee0a2|__AUTOMETRIC__
__AUTOMETRIC__|0.1.2|12236|crew_log_3e1753482c43cba0|0|1786320903.623|100.428|6.277|420442112|450510848|compiled_brms_models_4de678c86f7ee0a2|__AUTOMETRIC__
__AUTOMETRIC__|0.1.2|12236|crew_log_3e1753482c43cba0|0|1786320904.634|131.366|8.210|509865984|533712896|compiled_brms_models_4de678c86f7ee0a2|__AUTOMETRIC__
__AUTOMETRIC__|0.1.2|12236|crew_log_3e1753482c43cba0|0|1786320905.642|134.842|8.428|532967424|552505344|compiled_brms_models_4de678c86f7ee0a2|__AUTOMETRIC__
__AUTOMETRIC__|0.1.2|12236|crew_log_3e1753482c43cba0|0|1786321009.739|46.402|2.900|540643328|559710208|compiled_brms_models_4de678c86f7ee0a2|__AUTOMETRIC__
__AUTOMETRIC__|0.1.2|12236|crew_log_3e1753482c43cba0|0|1786321010.751|98.790|6.174|659013632|677543936|compiled_brms_models_4de678c86f7ee0a2|__AUTOMETRIC__
__AUTOMETRIC__|0.1.2|12236|crew_log_3e1753482c43cba0|0|1786321011.759|94.598|5.912|652476416|670900224|compiled_brms_models_39354cb1948f9a23|__AUTOMETRIC__
__AUTOMETRIC__|0.1.2|12236|crew_log_3e1753482c43cba0|0|1786321012.773|98.607|6.163|679186432|697741312|compiled_brms_models_39354cb1948f9a23|__AUTOMETRIC__
__AUTOMETRIC__|0.1.2|12236|crew_log_3e1753482c43cba0|0|1786321099.740|7.714|0.482|675348480|693178368|compiled_brms_models_39354cb1948f9a23|__AUTOMETRIC__
__AUTOMETRIC__|0.1.2|12236|crew_log_3e1753482c43cba0|0|1786321100.754|78.607|4.913|684408832|701902848|compiled_brms_models_39354cb1948f9a23|__AUTOMETRIC__
__AUTOMETRIC__|0.1.2|12236|crew_log_3e1753482c43cba0|0|1786321101.765|81.915|5.120|708370432|726315008|__DEFAULT__|__AUTOMETRIC__
__AUTOMETRIC__|0.1.2|12236|crew_log_3e1753482c43cba0|0|1786321102.776|0.000|0.000|682135552|699043840|__DEFAULT__|__AUTOMETRIC__
__AUTOMETRIC__|0.1.2|12236|crew_log_3e1753482c43cba0|0|1786321103.788|0.000|0.000|682147840|699056128|__DEFAULT__|__AUTOMETRIC__
__AUTOMETRIC__|0.1.2|12236|crew_log_3e1753482c43cba0|0|1786321104.802|0.000|0.000|681787392|698695680|__DEFAULT__|__AUTOMETRIC__
__AUTOMETRIC__|0.1.2|12236|crew_log_3e1753482c43cba0|0|1786321105.802|0.000|0.000|681787392|698695680|__DEFAULT__|__AUTOMETRIC__
__AUTOMETRIC__|0.1.2|12236|crew_log_3e1753482c43cba0|0|1786321106.803|1.562|0.098|681795584|698703872|__DEFAULT__|__AUTOMETRIC__
__AUTOMETRIC__|0.1.2|12236|crew_log_3e1753482c43cba0|0|1786321107.813|1.547|0.097|681787392|698695680|__DEFAULT__|__AUTOMETRIC__
__AUTOMETRIC__|0.1.2|12236|crew_log_3e1753482c43cba0|0|1786321108.824|0.000|0.000|681791488|698699776|__DEFAULT__|__AUTOMETRIC__
__AUTOMETRIC__|0.1.2|12236|crew_log_3e1753482c43cba0|0|1786321109.835|0.000|0.000|681787392|698695680|__DEFAULT__|__AUTOMETRIC__
__AUTOMETRIC__|0.1.2|12236|crew_log_3e1753482c43cba0|0|1786321110.848|0.000|0.000|681787392|698695680|__DEFAULT__|__AUTOMETRIC__
__AUTOMETRIC__|0.1.2|12236|crew_log_3e1753482c43cba0|0|1786321111.861|0.000|0.000|681795584|698703872|__DEFAULT__|__AUTOMETRIC__
__AUTOMETRIC__|0.1.2|12236|crew_log_3e1753482c43cba0|0|1786321112.872|0.000|0.000|681795584|698703872|__DEFAULT__|__AUTOMETRIC__
__AUTOMETRIC__|0.1.2|12236|crew_log_3e1753482c43cba0|0|1786321113.883|0.000|0.000|681787392|698695680|__DEFAULT__|__AUTOMETRIC__
__AUTOMETRIC__|0.1.2|12236|crew_log_3e1753482c43cba0|0|1786321114.898|0.000|0.000|681783296|698691584|__DEFAULT__|__AUTOMETRIC__
__AUTOMETRIC__|0.1.2|12236|crew_log_3e1753482c43cba0|0|1786321115.900|0.000|0.000|681787392|698695680|__DEFAULT__|__AUTOMETRIC__
__AUTOMETRIC__|0.1.2|12236|crew_log_3e1753482c43cba0|0|1786321116.916|0.000|0.000|681787392|698695680|__DEFAULT__|__AUTOMETRIC__
__AUTOMETRIC__|0.1.2|12236|crew_log_3e1753482c43cba0|0|1786321117.929|0.000|0.000|681787392|698695680|__DEFAULT__|__AUTOMETRIC__
__AUTOMETRIC__|0.1.2|12236|crew_log_3e1753482c43cba0|0|1786321118.940|0.000|0.000|681787392|698695680|__DEFAULT__|__AUTOMETRIC__
__AUTOMETRIC__|0.1.2|12236|crew_log_3e1753482c43cba0|0|1786321119.952|0.000|0.000|681795584|698703872|__DEFAULT__|__AUTOMETRIC__
__AUTOMETRIC__|0.1.2|12236|crew_log_3e1753482c43cba0|0|1786321120.953|0.000|0.000|681787392|698695680|__DEFAULT__|__AUTOMETRIC__
__AUTOMETRIC__|0.1.2|12236|crew_log_3e1753482c43cba0|0|1786321121.967|0.000|0.000|681787392|698695680|__DEFAULT__|__AUTOMETRIC__
__AUTOMETRIC__|0.1.2|12236|crew_log_3e1753482c43cba0|0|1786321122.982|0.000|0.000|681787392|698695680|__DEFAULT__|__AUTOMETRIC__
__AUTOMETRIC__|0.1.2|12236|crew_log_3e1753482c43cba0|0|1786321123.998|0.000|0.000|681795584|698703872|__DEFAULT__|__AUTOMETRIC__
__AUTOMETRIC__|0.1.2|12236|crew_log_3e1753482c43cba0|0|1786321125.013|0.000|0.000|681783296|698691584|__DEFAULT__|__AUTOMETRIC__
__AUTOMETRIC__|0.1.2|12236|crew_log_3e1753482c43cba0|0|1786321126.027|0.000|0.000|681787392|698695680|__DEFAULT__|__AUTOMETRIC__
__AUTOMETRIC__|0.1.2|12236|crew_log_3e1753482c43cba0|0|1786321127.042|0.000|0.000|681787392|698695680|__DEFAULT__|__AUTOMETRIC__
__AUTOMETRIC__|0.1.2|12236|crew_log_3e1753482c43cba0|0|1786321128.044|0.000|0.000|681787392|698695680|__DEFAULT__|__AUTOMETRIC__
__AUTOMETRIC__|0.1.2|12236|crew_log_3e1753482c43cba0|0|1786321129.058|0.000|0.000|681787392|698695680|__DEFAULT__|__AUTOMETRIC__
__AUTOMETRIC__|0.1.2|12236|crew_log_3e1753482c43cba0|0|1786321130.058|0.000|0.000|681787392|698695680|__DEFAULT__|__AUTOMETRIC__
__AUTOMETRIC__|0.1.2|12236|crew_log_3e1753482c43cba0|0|1786321131.059|0.000|0.000|681771008|698662912|__DEFAULT__|__AUTOMETRIC__
__AUTOMETRIC__|0.1.2|12236|crew_log_3e1753482c43cba0|0|1786321132.072|0.000|0.000|681775104|698667008|__DEFAULT__|__AUTOMETRIC__
__AUTOMETRIC__|0.1.2|12236|crew_log_3e1753482c43cba0|0|1786321133.087|0.000|0.000|681766912|698658816|__DEFAULT__|__AUTOMETRIC__
__AUTOMETRIC__|0.1.2|12236|crew_log_3e1753482c43cba0|0|1786321134.100|0.000|0.000|681771008|698662912|__DEFAULT__|__AUTOMETRIC__
__AUTOMETRIC__|0.1.2|12236|crew_log_3e1753482c43cba0|0|1786321135.114|0.000|0.000|681779200|698671104|__DEFAULT__|__AUTOMETRIC__
__AUTOMETRIC__|0.1.2|12236|crew_log_3e1753482c43cba0|0|1786321136.130|0.000|0.000|681779200|698671104|__DEFAULT__|__AUTOMETRIC__
__AUTOMETRIC__|0.1.2|12236|crew_log_3e1753482c43cba0|0|1786321137.143|0.000|0.000|681779200|698671104|__DEFAULT__|__AUTOMETRIC__
__AUTOMETRIC__|0.1.2|12236|crew_log_3e1753482c43cba0|0|1786321138.157|0.000|0.000|681766912|698658816|__DEFAULT__|__AUTOMETRIC__
__AUTOMETRIC__|0.1.2|12236|crew_log_3e1753482c43cba0|0|1786321139.158|0.000|0.000|681779200|698671104|__DEFAULT__|__AUTOMETRIC__
__AUTOMETRIC__|0.1.2|12236|crew_log_3e1753482c43cba0|0|1786321140.159|0.000|0.000|681779200|698671104|__DEFAULT__|__AUTOMETRIC__
__AUTOMETRIC__|0.1.2|12236|crew_log_3e1753482c43cba0|0|1786321141.174|0.000|0.000|681771008|698662912|__DEFAULT__|__AUTOMETRIC__
__AUTOMETRIC__|0.1.2|12236|crew_log_3e1753482c43cba0|0|1786321142.189|0.000|0.000|681771008|698662912|__DEFAULT__|__AUTOMETRIC__
__AUTOMETRIC__|0.1.2|12236|crew_log_3e1753482c43cba0|0|1786321143.204|0.000|0.000|681775104|698667008|__DEFAULT__|__AUTOMETRIC__
__AUTOMETRIC__|0.1.2|12236|crew_log_3e1753482c43cba0|0|1786321144.217|0.000|0.000|681771008|698662912|__DEFAULT__|__AUTOMETRIC__
__AUTOMETRIC__|0.1.2|12236|crew_log_3e1753482c43cba0|0|1786321145.231|0.000|0.000|681766912|698658816|__DEFAULT__|__AUTOMETRIC__
__AUTOMETRIC__|0.1.2|12236|crew_log_3e1753482c43cba0|0|1786321146.232|0.000|0.000|681775104|698667008|__DEFAULT__|__AUTOMETRIC__
__AUTOMETRIC__|0.1.2|12236|crew_log_3e1753482c43cba0|0|1786321147.246|0.000|0.000|681775104|698667008|__DEFAULT__|__AUTOMETRIC__
__AUTOMETRIC__|0.1.2|12236|crew_log_3e1753482c43cba0|0|1786321148.258|0.000|0.000|681766912|698658816|__DEFAULT__|__AUTOMETRIC__
__AUTOMETRIC__|0.1.2|12236|crew_log_3e1753482c43cba0|0|1786321149.274|0.000|0.000|681771008|698662912|__DEFAULT__|__AUTOMETRIC__
__AUTOMETRIC__|0.1.2|12236|crew_log_3e1753482c43cba0|0|1786321150.289|0.000|0.000|681779200|698671104|__DEFAULT__|__AUTOMETRIC__
__AUTOMETRIC__|0.1.2|12236|crew_log_3e1753482c43cba0|0|1786321151.302|0.000|0.000|681771008|698662912|__DEFAULT__|__AUTOMETRIC__
__AUTOMETRIC__|0.1.2|12236|crew_log_3e1753482c43cba0|0|1786321152.318|1.538|0.096|681766912|698658816|__DEFAULT__|__AUTOMETRIC__
__AUTOMETRIC__|0.1.2|12236|crew_log_3e1753482c43cba0|0|1786321153.331|0.000|0.000|681771008|698662912|__DEFAULT__|__AUTOMETRIC__
__AUTOMETRIC__|0.1.2|12236|crew_log_3e1753482c43cba0|0|1786321154.344|0.000|0.000|681771008|698662912|__DEFAULT__|__AUTOMETRIC__
__AUTOMETRIC__|0.1.2|12236|crew_log_3e1753482c43cba0|0|1786321155.357|0.000|0.000|681779200|698671104|__DEFAULT__|__AUTOMETRIC__
__AUTOMETRIC__|0.1.2|12236|crew_log_3e1753482c43cba0|0|1786321156.370|0.000|0.000|681766912|698658816|__DEFAULT__|__AUTOMETRIC__
__AUTOMETRIC__|0.1.2|12236|crew_log_3e1753482c43cba0|0|1786321157.385|0.000|0.000|681766912|698658816|__DEFAULT__|__AUTOMETRIC__
__AUTOMETRIC__|0.1.2|12236|crew_log_3e1753482c43cba0|0|1786321158.400|0.000|0.000|681771008|698662912|__DEFAULT__|__AUTOMETRIC__
__AUTOMETRIC__|0.1.2|12236|crew_log_3e1753482c43cba0|0|1786321159.403|0.000|0.000|681771008|698662912|__DEFAULT__|__AUTOMETRIC__
__AUTOMETRIC__|0.1.2|12236|crew_log_3e1753482c43cba0|0|1786321160.417|0.000|0.000|681779200|698671104|__DEFAULT__|__AUTOMETRIC__
__AUTOMETRIC__|0.1.2|12236|crew_log_3e1753482c43cba0|0|1786321161.432|0.000|0.000|681779200|698671104|__DEFAULT__|__AUTOMETRIC__
__AUTOMETRIC__|0.1.2|12236|crew_log_3e1753482c43cba0|0|1786321162.446|0.000|0.000|681779200|698671104|__DEFAULT__|__AUTOMETRIC__
__AUTOMETRIC__|0.1.2|12236|crew_log_3e1753482c43cba0|0|1786321163.462|0.000|0.000|681779200|698671104|__DEFAULT__|__AUTOMETRIC__
__AUTOMETRIC__|0.1.2|12236|crew_log_3e1753482c43cba0|0|1786321164.476|0.000|0.000|681771008|698662912|__DEFAULT__|__AUTOMETRIC__
__AUTOMETRIC__|0.1.2|12236|crew_log_3e1753482c43cba0|0|1786321165.490|0.000|0.000|681771008|698662912|__DEFAULT__|__AUTOMETRIC__
__AUTOMETRIC__|0.1.2|12236|crew_log_3e1753482c43cba0|0|1786321166.502|0.000|0.000|681766912|698662912|__DEFAULT__|__AUTOMETRIC__
__AUTOMETRIC__|0.1.2|12236|crew_log_3e1753482c43cba0|0|1786321167.502|0.000|0.000|681766912|698658816|__DEFAULT__|__AUTOMETRIC__
__AUTOMETRIC__|0.1.2|12236|crew_log_3e1753482c43cba0|0|1786321168.514|0.000|0.000|681775104|698667008|__DEFAULT__|__AUTOMETRIC__
__AUTOMETRIC__|0.1.2|12236|crew_log_3e1753482c43cba0|0|1786321169.528|0.000|0.000|681775104|698667008|__DEFAULT__|__AUTOMETRIC__
__AUTOMETRIC__|0.1.2|12236|crew_log_3e1753482c43cba0|0|1786321170.540|0.000|0.000|681766912|698658816|__DEFAULT__|__AUTOMETRIC__
__AUTOMETRIC__|0.1.2|12236|crew_log_3e1753482c43cba0|0|1786321171.552|0.000|0.000|681771008|698662912|__DEFAULT__|__AUTOMETRIC__
__AUTOMETRIC__|0.1.2|12236|crew_log_3e1753482c43cba0|0|1786321172.564|1.544|0.097|681779200|698671104|__DEFAULT__|__AUTOMETRIC__
__AUTOMETRIC__|0.1.2|12236|crew_log_3e1753482c43cba0|0|1786321173.578|0.000|0.000|681783296|698675200|__DEFAULT__|__AUTOMETRIC__
__AUTOMETRIC__|0.1.2|12236|crew_log_3e1753482c43cba0|0|1786321174.593|0.000|0.000|681775104|698667008|__DEFAULT__|__AUTOMETRIC__
__AUTOMETRIC__|0.1.2|12236|crew_log_3e1753482c43cba0|0|1786321175.593|0.000|0.000|681779200|698671104|__DEFAULT__|__AUTOMETRIC__
__AUTOMETRIC__|0.1.2|12236|crew_log_3e1753482c43cba0|0|1786321176.607|0.000|0.000|681771008|698662912|__DEFAULT__|__AUTOMETRIC__
__AUTOMETRIC__|0.1.2|12236|crew_log_3e1753482c43cba0|0|1786321177.621|0.000|0.000|681771008|698662912|__DEFAULT__|__AUTOMETRIC__
__AUTOMETRIC__|0.1.2|12236|crew_log_3e1753482c43cba0|0|1786321178.635|0.000|0.000|681771008|698662912|__DEFAULT__|__AUTOMETRIC__
__AUTOMETRIC__|0.1.2|12236|crew_log_3e1753482c43cba0|0|1786321179.649|0.000|0.000|681779200|698671104|__DEFAULT__|__AUTOMETRIC__
__AUTOMETRIC__|0.1.2|12236|crew_log_3e1753482c43cba0|0|1786321180.664|0.000|0.000|681766912|698658816|__DEFAULT__|__AUTOMETRIC__
__AUTOMETRIC__|0.1.2|12236|crew_log_3e1753482c43cba0|0|1786321181.665|0.000|0.000|681771008|698662912|__DEFAULT__|__AUTOMETRIC__
__AUTOMETRIC__|0.1.2|12236|crew_log_3e1753482c43cba0|0|1786321182.679|0.000|0.000|681771008|698662912|__DEFAULT__|__AUTOMETRIC__
__AUTOMETRIC__|0.1.2|12236|crew_log_3e1753482c43cba0|0|1786321183.692|0.000|0.000|681771008|698662912|__DEFAULT__|__AUTOMETRIC__
__AUTOMETRIC__|0.1.2|12236|crew_log_3e1753482c43cba0|0|1786321184.694|0.000|0.000|681947136|698740736|__DEFAULT__|__AUTOMETRIC__
__AUTOMETRIC__|0.1.2|12236|crew_log_3e1753482c43cba0|0|1786321185.694|0.000|0.000|681947136|698740736|__DEFAULT__|__AUTOMETRIC__
__AUTOMETRIC__|0.1.2|12236|crew_log_3e1753482c43cba0|0|1786321186.709|0.000|0.000|681938944|698732544|__DEFAULT__|__AUTOMETRIC__
__AUTOMETRIC__|0.1.2|12236|crew_log_3e1753482c43cba0|0|1786321187.722|1.543|0.096|681938944|698732544|__DEFAULT__|__AUTOMETRIC__
__AUTOMETRIC__|0.1.2|12236|crew_log_3e1753482c43cba0|0|1786321188.735|0.000|0.000|681938944|698732544|__DEFAULT__|__AUTOMETRIC__
__AUTOMETRIC__|0.1.2|12236|crew_log_3e1753482c43cba0|0|1786321189.750|0.000|0.000|681938944|698732544|__DEFAULT__|__AUTOMETRIC__
__AUTOMETRIC__|0.1.2|12236|crew_log_3e1753482c43cba0|0|1786321190.763|0.000|0.000|681938944|698732544|__DEFAULT__|__AUTOMETRIC__
__AUTOMETRIC__|0.1.2|12236|crew_log_3e1753482c43cba0|0|1786321191.773|0.000|0.000|681938944|698732544|__DEFAULT__|__AUTOMETRIC__
__AUTOMETRIC__|0.1.2|12236|crew_log_3e1753482c43cba0|0|1786321192.784|0.000|0.000|681947136|698740736|__DEFAULT__|__AUTOMETRIC__
__AUTOMETRIC__|0.1.2|12236|crew_log_3e1753482c43cba0|0|1786321193.796|0.000|0.000|681947136|698740736|__DEFAULT__|__AUTOMETRIC__
__AUTOMETRIC__|0.1.2|12236|crew_log_3e1753482c43cba0|0|1786321194.811|0.000|0.000|681947136|698740736|__DEFAULT__|__AUTOMETRIC__
__AUTOMETRIC__|0.1.2|12236|crew_log_3e1753482c43cba0|0|1786321195.811|0.000|0.000|681938944|698732544|__DEFAULT__|__AUTOMETRIC__
__AUTOMETRIC__|0.1.2|12236|crew_log_3e1753482c43cba0|0|1786321196.826|0.000|0.000|681938944|698732544|__DEFAULT__|__AUTOMETRIC__
__AUTOMETRIC__|0.1.2|12236|crew_log_3e1753482c43cba0|0|1786321197.839|0.000|0.000|681938944|698732544|__DEFAULT__|__AUTOMETRIC__
__AUTOMETRIC__|0.1.2|12236|crew_log_3e1753482c43cba0|0|1786321198.840|0.000|0.000|681938944|698732544|__DEFAULT__|__AUTOMETRIC__
__AUTOMETRIC__|0.1.2|12236|crew_log_3e1753482c43cba0|0|1786321199.840|0.000|0.000|681934848|698728448|__DEFAULT__|__AUTOMETRIC__
__AUTOMETRIC__|0.1.2|12236|crew_log_3e1753482c43cba0|0|1786321200.853|0.000|0.000|681947136|698740736|__DEFAULT__|__AUTOMETRIC__
__AUTOMETRIC__|0.1.2|12236|crew_log_3e1753482c43cba0|0|1786321201.867|0.000|0.000|681938944|698732544|__DEFAULT__|__AUTOMETRIC__
__AUTOMETRIC__|0.1.2|12236|crew_log_3e1753482c43cba0|0|1786321202.880|0.000|0.000|681938944|698732544|__DEFAULT__|__AUTOMETRIC__
__AUTOMETRIC__|0.1.2|12236|crew_log_3e1753482c43cba0|0|1786321203.894|0.000|0.000|681938944|698732544|__DEFAULT__|__AUTOMETRIC__
__AUTOMETRIC__|0.1.2|12236|crew_log_3e1753482c43cba0|0|1786321204.895|0.000|0.000|681947136|698740736|__DEFAULT__|__AUTOMETRIC__
__AUTOMETRIC__|0.1.2|12236|crew_log_3e1753482c43cba0|0|1786321205.908|0.000|0.000|681938944|698732544|__DEFAULT__|__AUTOMETRIC__
__AUTOMETRIC__|0.1.2|12236|crew_log_3e1753482c43cba0|0|1786321206.921|0.000|0.000|681947136|698740736|__DEFAULT__|__AUTOMETRIC__
__AUTOMETRIC__|0.1.2|12236|crew_log_3e1753482c43cba0|0|1786321207.936|0.000|0.000|681943040|698736640|__DEFAULT__|__AUTOMETRIC__
__AUTOMETRIC__|0.1.2|12236|crew_log_3e1753482c43cba0|0|1786321208.953|0.000|0.000|681938944|698732544|__DEFAULT__|__AUTOMETRIC__
__AUTOMETRIC__|0.1.2|12236|crew_log_3e1753482c43cba0|0|1786321209.968|0.000|0.000|681934848|698728448|__DEFAULT__|__AUTOMETRIC__
__AUTOMETRIC__|0.1.2|12236|crew_log_3e1753482c43cba0|0|1786321210.981|0.000|0.000|681938944|698732544|__DEFAULT__|__AUTOMETRIC__
__AUTOMETRIC__|0.1.2|12236|crew_log_3e1753482c43cba0|0|1786321211.995|0.000|0.000|681938944|698732544|__DEFAULT__|__AUTOMETRIC__
__AUTOMETRIC__|0.1.2|12236|crew_log_3e1753482c43cba0|0|1786321212.996|0.000|0.000|681938944|698732544|__DEFAULT__|__AUTOMETRIC__
__AUTOMETRIC__|0.1.2|12236|crew_log_3e1753482c43cba0|0|1786321214.008|0.000|0.000|681938944|698732544|__DEFAULT__|__AUTOMETRIC__
__AUTOMETRIC__|0.1.2|12236|crew_log_3e1753482c43cba0|0|1786321215.021|0.000|0.000|681947136|698740736|__DEFAULT__|__AUTOMETRIC__
__AUTOMETRIC__|0.1.2|12236|crew_log_3e1753482c43cba0|0|1786321216.034|1.543|0.096|681947136|698740736|__DEFAULT__|__AUTOMETRIC__
__AUTOMETRIC__|0.1.2|12236|crew_log_3e1753482c43cba0|0|1786321217.049|0.000|0.000|681934848|698728448|__DEFAULT__|__AUTOMETRIC__
__AUTOMETRIC__|0.1.2|12236|crew_log_3e1753482c43cba0|0|1786321218.062|0.000|0.000|681938944|698732544|__DEFAULT__|__AUTOMETRIC__
__AUTOMETRIC__|0.1.2|12236|crew_log_3e1753482c43cba0|0|1786321219.074|0.000|0.000|681938944|698732544|__DEFAULT__|__AUTOMETRIC__
__AUTOMETRIC__|0.1.2|12236|crew_log_3e1753482c43cba0|0|1786321220.087|0.000|0.000|681938944|698732544|__DEFAULT__|__AUTOMETRIC__
__AUTOMETRIC__|0.1.2|12236|crew_log_3e1753482c43cba0|0|1786321221.088|0.000|0.000|681938944|698732544|__DEFAULT__|__AUTOMETRIC__
__AUTOMETRIC__|0.1.2|12236|crew_log_3e1753482c43cba0|0|1786321222.102|0.000|0.000|681947136|698740736|__DEFAULT__|__AUTOMETRIC__
__AUTOMETRIC__|0.1.2|12236|crew_log_3e1753482c43cba0|0|1786321223.103|0.000|0.000|681938944|698732544|__DEFAULT__|__AUTOMETRIC__
__AUTOMETRIC__|0.1.2|12236|crew_log_3e1753482c43cba0|0|1786321224.118|0.000|0.000|681938944|698732544|__DEFAULT__|__AUTOMETRIC__
__AUTOMETRIC__|0.1.2|12236|crew_log_3e1753482c43cba0|0|1786321225.128|0.000|0.000|681947136|698740736|__DEFAULT__|__AUTOMETRIC__
__AUTOMETRIC__|0.1.2|12236|crew_log_3e1753482c43cba0|0|1786321226.140|0.000|0.000|681943040|698736640|__DEFAULT__|__AUTOMETRIC__
__AUTOMETRIC__|0.1.2|12236|crew_log_3e1753482c43cba0|0|1786321227.155|0.000|0.000|681938944|698732544|__DEFAULT__|__AUTOMETRIC__
__AUTOMETRIC__|0.1.2|12236|crew_log_3e1753482c43cba0|0|1786321228.166|0.000|0.000|681938944|698732544|__DEFAULT__|__AUTOMETRIC__
__AUTOMETRIC__|0.1.2|12236|crew_log_3e1753482c43cba0|0|1786321229.181|0.000|0.000|681938944|698732544|__DEFAULT__|__AUTOMETRIC__
__AUTOMETRIC__|0.1.2|12236|crew_log_3e1753482c43cba0|0|1786321230.193|0.000|0.000|681938944|698732544|__DEFAULT__|__AUTOMETRIC__
__AUTOMETRIC__|0.1.2|12236|crew_log_3e1753482c43cba0|0|1786321231.208|1.540|0.096|681934848|698732544|__DEFAULT__|__AUTOMETRIC__
__AUTOMETRIC__|0.1.2|12236|crew_log_3e1753482c43cba0|0|1786321232.209|0.000|0.000|681951232|698744832|__DEFAULT__|__AUTOMETRIC__
__AUTOMETRIC__|0.1.2|12236|crew_log_3e1753482c43cba0|0|1786321233.224|1.540|0.096|681934848|698728448|__DEFAULT__|__AUTOMETRIC__
__AUTOMETRIC__|0.1.2|12236|crew_log_3e1753482c43cba0|0|1786321234.238|0.000|0.000|681934848|698728448|__DEFAULT__|__AUTOMETRIC__
__AUTOMETRIC__|0.1.2|12236|crew_log_3e1753482c43cba0|0|1786321235.252|0.000|0.000|681938944|698732544|__DEFAULT__|__AUTOMETRIC__
__AUTOMETRIC__|0.1.2|12236|crew_log_3e1753482c43cba0|0|1786321236.267|0.000|0.000|681934848|698728448|__DEFAULT__|__AUTOMETRIC__
__AUTOMETRIC__|0.1.2|12236|crew_log_3e1753482c43cba0|0|1786321237.281|0.000|0.000|681947136|698740736|__DEFAULT__|__AUTOMETRIC__
__AUTOMETRIC__|0.1.2|12236|crew_log_3e1753482c43cba0|0|1786321238.295|0.000|0.000|681938944|698732544|__DEFAULT__|__AUTOMETRIC__
__AUTOMETRIC__|0.1.2|12236|crew_log_3e1753482c43cba0|0|1786321239.310|0.000|0.000|681938944|698732544|__DEFAULT__|__AUTOMETRIC__
__AUTOMETRIC__|0.1.2|12236|crew_log_3e1753482c43cba0|0|1786321240.322|0.000|0.000|681947136|698740736|__DEFAULT__|__AUTOMETRIC__
__AUTOMETRIC__|0.1.2|12236|crew_log_3e1753482c43cba0|0|1786321241.336|0.000|0.000|681934848|698728448|__DEFAULT__|__AUTOMETRIC__
__AUTOMETRIC__|0.1.2|12236|crew_log_3e1753482c43cba0|0|1786321242.348|0.000|0.000|681938944|698732544|__DEFAULT__|__AUTOMETRIC__
__AUTOMETRIC__|0.1.2|12236|crew_log_3e1753482c43cba0|0|1786321243.363|0.000|0.000|681947136|698740736|__DEFAULT__|__AUTOMETRIC__
__AUTOMETRIC__|0.1.2|12236|crew_log_3e1753482c43cba0|0|1786321244.378|0.000|0.000|681947136|698740736|__DEFAULT__|__AUTOMETRIC__
__AUTOMETRIC__|0.1.2|12236|crew_log_3e1753482c43cba0|0|1786321245.392|0.000|0.000|681947136|698740736|__DEFAULT__|__AUTOMETRIC__
__AUTOMETRIC__|0.1.2|12236|crew_log_3e1753482c43cba0|0|1786321246.404|0.000|0.000|681947136|698740736|__DEFAULT__|__AUTOMETRIC__
__AUTOMETRIC__|0.1.2|12236|crew_log_3e1753482c43cba0|0|1786321247.418|0.000|0.000|681947136|698740736|__DEFAULT__|__AUTOMETRIC__
__AUTOMETRIC__|0.1.2|12236|crew_log_3e1753482c43cba0|0|1786321248.431|1.542|0.096|681934848|698728448|__DEFAULT__|__AUTOMETRIC__
__AUTOMETRIC__|0.1.2|12236|crew_log_3e1753482c43cba0|0|1786321249.444|0.000|0.000|681938944|698732544|__DEFAULT__|__AUTOMETRIC__
__AUTOMETRIC__|0.1.2|12236|crew_log_3e1753482c43cba0|0|1786321250.448|0.000|0.000|681938944|698732544|__DEFAULT__|__AUTOMETRIC__
__AUTOMETRIC__|0.1.2|12236|crew_log_3e1753482c43cba0|0|1786321251.461|0.000|0.000|681947136|698740736|__DEFAULT__|__AUTOMETRIC__
__AUTOMETRIC__|0.1.2|12236|crew_log_3e1753482c43cba0|0|1786321252.475|0.000|0.000|681934848|698728448|__DEFAULT__|__AUTOMETRIC__
__AUTOMETRIC__|0.1.2|12236|crew_log_3e1753482c43cba0|0|1786321253.487|3.088|0.193|681938944|698732544|__DEFAULT__|__AUTOMETRIC__
__AUTOMETRIC__|0.1.2|12236|crew_log_3e1753482c43cba0|0|1786321254.499|0.000|0.000|681938944|698732544|__DEFAULT__|__AUTOMETRIC__
__AUTOMETRIC__|0.1.2|12236|crew_log_3e1753482c43cba0|0|1786321255.512|0.000|0.000|681938944|698732544|__DEFAULT__|__AUTOMETRIC__
__AUTOMETRIC__|0.1.2|12236|crew_log_3e1753482c43cba0|0|1786321256.528|0.000|0.000|681938944|698732544|__DEFAULT__|__AUTOMETRIC__
__AUTOMETRIC__|0.1.2|12236|crew_log_3e1753482c43cba0|0|1786321257.541|0.000|0.000|681947136|698740736|__DEFAULT__|__AUTOMETRIC__
__AUTOMETRIC__|0.1.2|12236|crew_log_3e1753482c43cba0|0|1786321258.556|0.000|0.000|681938944|698732544|__DEFAULT__|__AUTOMETRIC__
__AUTOMETRIC__|0.1.2|12236|crew_log_3e1753482c43cba0|0|1786321259.570|0.000|0.000|681947136|698740736|__DEFAULT__|__AUTOMETRIC__
__AUTOMETRIC__|0.1.2|12236|crew_log_3e1753482c43cba0|0|1786321260.585|0.000|0.000|681938944|698732544|__DEFAULT__|__AUTOMETRIC__
__AUTOMETRIC__|0.1.2|12236|crew_log_3e1753482c43cba0|0|1786321261.600|0.000|0.000|681938944|698732544|__DEFAULT__|__AUTOMETRIC__
__AUTOMETRIC__|0.1.2|12236|crew_log_3e1753482c43cba0|0|1786321262.614|0.000|0.000|681947136|698740736|__DEFAULT__|__AUTOMETRIC__
__AUTOMETRIC__|0.1.2|12236|crew_log_3e1753482c43cba0|0|1786321263.627|0.000|0.000|681943040|698736640|__DEFAULT__|__AUTOMETRIC__
__AUTOMETRIC__|0.1.2|12236|crew_log_3e1753482c43cba0|0|1786321264.628|0.000|0.000|681902080|698662912|__DEFAULT__|__AUTOMETRIC__
__AUTOMETRIC__|0.1.2|12236|crew_log_3e1753482c43cba0|0|1786321265.643|0.000|0.000|681897984|698658816|__DEFAULT__|__AUTOMETRIC__
__AUTOMETRIC__|0.1.2|12236|crew_log_3e1753482c43cba0|0|1786321266.643|0.000|0.000|681902080|698662912|__DEFAULT__|__AUTOMETRIC__
__AUTOMETRIC__|0.1.2|12236|crew_log_3e1753482c43cba0|0|1786321267.643|0.000|0.000|681910272|698671104|__DEFAULT__|__AUTOMETRIC__
__AUTOMETRIC__|0.1.2|12236|crew_log_3e1753482c43cba0|0|1786321268.655|0.000|0.000|681902080|698662912|__DEFAULT__|__AUTOMETRIC__
__AUTOMETRIC__|0.1.2|12236|crew_log_3e1753482c43cba0|0|1786321269.669|0.000|0.000|681897984|698658816|__DEFAULT__|__AUTOMETRIC__
__AUTOMETRIC__|0.1.2|12236|crew_log_3e1753482c43cba0|0|1786321270.669|0.000|0.000|681902080|698662912|__DEFAULT__|__AUTOMETRIC__
__AUTOMETRIC__|0.1.2|12236|crew_log_3e1753482c43cba0|0|1786321271.685|0.000|0.000|681902080|698662912|__DEFAULT__|__AUTOMETRIC__
__AUTOMETRIC__|0.1.2|12236|crew_log_3e1753482c43cba0|0|1786321272.698|0.000|0.000|681902080|698662912|__DEFAULT__|__AUTOMETRIC__
__AUTOMETRIC__|0.1.2|12236|crew_log_3e1753482c43cba0|0|1786321273.711|0.000|0.000|681902080|698662912|__DEFAULT__|__AUTOMETRIC__
__AUTOMETRIC__|0.1.2|12236|crew_log_3e1753482c43cba0|0|1786321274.726|0.000|0.000|681897984|698658816|__DEFAULT__|__AUTOMETRIC__
__AUTOMETRIC__|0.1.2|12236|crew_log_3e1753482c43cba0|0|1786321275.740|0.000|0.000|681902080|698662912|__DEFAULT__|__AUTOMETRIC__
__AUTOMETRIC__|0.1.2|12236|crew_log_3e1753482c43cba0|0|1786321276.752|0.000|0.000|681910272|698671104|__DEFAULT__|__AUTOMETRIC__
__AUTOMETRIC__|0.1.2|12236|crew_log_3e1753482c43cba0|0|1786321277.763|0.000|0.000|681902080|698662912|__DEFAULT__|__AUTOMETRIC__
__AUTOMETRIC__|0.1.2|12236|crew_log_3e1753482c43cba0|0|1786321278.777|0.000|0.000|681902080|698662912|__DEFAULT__|__AUTOMETRIC__
__AUTOMETRIC__|0.1.2|12236|crew_log_3e1753482c43cba0|0|1786321279.779|0.000|0.000|681910272|698671104|__DEFAULT__|__AUTOMETRIC__
__AUTOMETRIC__|0.1.2|12236|crew_log_3e1753482c43cba0|0|1786321280.794|0.000|0.000|681902080|698662912|__DEFAULT__|__AUTOMETRIC__
__AUTOMETRIC__|0.1.2|12236|crew_log_3e1753482c43cba0|0|1786321281.808|0.000|0.000|681910272|698671104|__DEFAULT__|__AUTOMETRIC__
__AUTOMETRIC__|0.1.2|12236|crew_log_3e1753482c43cba0|0|1786321282.823|0.000|0.000|681897984|698658816|__DEFAULT__|__AUTOMETRIC__
__AUTOMETRIC__|0.1.2|12236|crew_log_3e1753482c43cba0|0|1786321283.836|0.000|0.000|681902080|698662912|__DEFAULT__|__AUTOMETRIC__
__AUTOMETRIC__|0.1.2|12236|crew_log_3e1753482c43cba0|0|1786321284.851|0.000|0.000|681902080|698662912|__DEFAULT__|__AUTOMETRIC__
__AUTOMETRIC__|0.1.2|12236|crew_log_3e1753482c43cba0|0|1786321285.863|0.000|0.000|681897984|698658816|__DEFAULT__|__AUTOMETRIC__
__AUTOMETRIC__|0.1.2|12236|crew_log_3e1753482c43cba0|0|1786321286.878|0.000|0.000|681910272|698671104|__DEFAULT__|__AUTOMETRIC__
__AUTOMETRIC__|0.1.2|12236|crew_log_3e1753482c43cba0|0|1786321287.892|0.000|0.000|681910272|698671104|__DEFAULT__|__AUTOMETRIC__
__AUTOMETRIC__|0.1.2|12236|crew_log_3e1753482c43cba0|0|1786321288.907|0.000|0.000|681910272|698671104|__DEFAULT__|__AUTOMETRIC__
__AUTOMETRIC__|0.1.2|12236|crew_log_3e1753482c43cba0|0|1786321289.909|0.000|0.000|681897984|698658816|__DEFAULT__|__AUTOMETRIC__
__AUTOMETRIC__|0.1.2|12236|crew_log_3e1753482c43cba0|0|1786321290.923|0.000|0.000|681902080|698662912|__DEFAULT__|__AUTOMETRIC__
__AUTOMETRIC__|0.1.2|12236|crew_log_3e1753482c43cba0|0|1786321291.936|0.000|0.000|681902080|698662912|__DEFAULT__|__AUTOMETRIC__
__AUTOMETRIC__|0.1.2|12236|crew_log_3e1753482c43cba0|0|1786321292.951|0.000|0.000|681910272|698671104|__DEFAULT__|__AUTOMETRIC__
__AUTOMETRIC__|0.1.2|12236|crew_log_3e1753482c43cba0|0|1786321293.967|0.000|0.000|681910272|698671104|__DEFAULT__|__AUTOMETRIC__
__AUTOMETRIC__|0.1.2|12236|crew_log_3e1753482c43cba0|0|1786321294.982|0.000|0.000|681906176|698667008|__DEFAULT__|__AUTOMETRIC__
__AUTOMETRIC__|0.1.2|12236|crew_log_3e1753482c43cba0|0|1786321295.996|0.000|0.000|681902080|698662912|__DEFAULT__|__AUTOMETRIC__
__AUTOMETRIC__|0.1.2|12236|crew_log_3e1753482c43cba0|0|1786321297.010|0.000|0.000|681910272|698671104|__DEFAULT__|__AUTOMETRIC__
__AUTOMETRIC__|0.1.2|12236|crew_log_3e1753482c43cba0|0|1786321298.025|0.000|0.000|681910272|698671104|__DEFAULT__|__AUTOMETRIC__
__AUTOMETRIC__|0.1.2|12236|crew_log_3e1753482c43cba0|0|1786321299.040|0.000|0.000|681902080|698662912|__DEFAULT__|__AUTOMETRIC__
__AUTOMETRIC__|0.1.2|12236|crew_log_3e1753482c43cba0|0|1786321300.053|0.000|0.000|681910272|698671104|__DEFAULT__|__AUTOMETRIC__
__AUTOMETRIC__|0.1.2|12236|crew_log_3e1753482c43cba0|0|1786321301.054|1.561|0.098|681902080|698662912|__DEFAULT__|__AUTOMETRIC__
__AUTOMETRIC__|0.1.2|12236|crew_log_3e1753482c43cba0|0|1786321302.054|0.000|0.000|681902080|698662912|__DEFAULT__|__AUTOMETRIC__
__AUTOMETRIC__|0.1.2|12236|crew_log_3e1753482c43cba0|0|1786321303.069|1.539|0.096|681914368|698675200|__DEFAULT__|__AUTOMETRIC__
__AUTOMETRIC__|0.1.2|12236|crew_log_3e1753482c43cba0|0|1786321304.083|1.541|0.096|681902080|698662912|__DEFAULT__|__AUTOMETRIC__
__AUTOMETRIC__|0.1.2|12236|crew_log_3e1753482c43cba0|0|1786321305.097|0.000|0.000|681902080|698662912|__DEFAULT__|__AUTOMETRIC__
__AUTOMETRIC__|0.1.2|12236|crew_log_3e1753482c43cba0|0|1786321306.111|0.000|0.000|681902080|698662912|__DEFAULT__|__AUTOMETRIC__
__AUTOMETRIC__|0.1.2|12236|crew_log_3e1753482c43cba0|0|1786321307.127|0.000|0.000|681897984|698658816|__DEFAULT__|__AUTOMETRIC__
__AUTOMETRIC__|0.1.2|12236|crew_log_3e1753482c43cba0|0|1786321308.142|0.000|0.000|681902080|698662912|__DEFAULT__|__AUTOMETRIC__
__AUTOMETRIC__|0.1.2|12236|crew_log_3e1753482c43cba0|0|1786321309.156|0.000|0.000|681902080|698662912|__DEFAULT__|__AUTOMETRIC__
__AUTOMETRIC__|0.1.2|12236|crew_log_3e1753482c43cba0|0|1786321310.168|0.000|0.000|681902080|698662912|__DEFAULT__|__AUTOMETRIC__
__AUTOMETRIC__|0.1.2|12236|crew_log_3e1753482c43cba0|0|1786321311.183|0.000|0.000|681897984|698658816|__DEFAULT__|__AUTOMETRIC__
__AUTOMETRIC__|0.1.2|12236|crew_log_3e1753482c43cba0|0|1786321312.195|0.000|0.000|681902080|698662912|__DEFAULT__|__AUTOMETRIC__
__AUTOMETRIC__|0.1.2|12236|crew_log_3e1753482c43cba0|0|1786321313.211|0.000|0.000|681910272|698671104|__DEFAULT__|__AUTOMETRIC__
__AUTOMETRIC__|0.1.2|12236|crew_log_3e1753482c43cba0|0|1786321314.211|0.000|0.000|681902080|698662912|__DEFAULT__|__AUTOMETRIC__
__AUTOMETRIC__|0.1.2|12236|crew_log_3e1753482c43cba0|0|1786321315.224|0.000|0.000|681910272|698671104|__DEFAULT__|__AUTOMETRIC__
__AUTOMETRIC__|0.1.2|12236|crew_log_3e1753482c43cba0|0|1786321316.239|1.539|0.096|681902080|698662912|__DEFAULT__|__AUTOMETRIC__
__AUTOMETRIC__|0.1.2|12236|crew_log_3e1753482c43cba0|0|1786321317.254|1.540|0.096|681910272|698671104|__DEFAULT__|__AUTOMETRIC__
__AUTOMETRIC__|0.1.2|12236|crew_log_3e1753482c43cba0|0|1786321318.268|0.000|0.000|681902080|698662912|__DEFAULT__|__AUTOMETRIC__
__AUTOMETRIC__|0.1.2|12236|crew_log_3e1753482c43cba0|0|1786321319.282|0.000|0.000|681910272|698671104|__DEFAULT__|__AUTOMETRIC__
__AUTOMETRIC__|0.1.2|12236|crew_log_3e1753482c43cba0|0|1786321320.294|0.000|0.000|681910272|698671104|__DEFAULT__|__AUTOMETRIC__
__AUTOMETRIC__|0.1.2|12236|crew_log_3e1753482c43cba0|0|1786321321.308|0.000|0.000|681902080|698662912|__DEFAULT__|__AUTOMETRIC__
__AUTOMETRIC__|0.1.2|12236|crew_log_3e1753482c43cba0|0|1786321322.323|0.000|0.000|681902080|698662912|__DEFAULT__|__AUTOMETRIC__
__AUTOMETRIC__|0.1.2|12236|crew_log_3e1753482c43cba0|0|1786321323.339|0.000|0.000|681910272|698671104|__DEFAULT__|__AUTOMETRIC__
__AUTOMETRIC__|0.1.2|12236|crew_log_3e1753482c43cba0|0|1786321324.350|0.000|0.000|681902080|698662912|__DEFAULT__|__AUTOMETRIC__
__AUTOMETRIC__|0.1.2|12236|crew_log_3e1753482c43cba0|0|1786321325.351|0.000|0.000|681910272|698671104|__DEFAULT__|__AUTOMETRIC__
__AUTOMETRIC__|0.1.2|12236|crew_log_3e1753482c43cba0|0|1786321326.366|0.000|0.000|681910272|698671104|__DEFAULT__|__AUTOMETRIC__
__AUTOMETRIC__|0.1.2|12236|crew_log_3e1753482c43cba0|0|1786321327.380|0.000|0.000|681902080|698662912|__DEFAULT__|__AUTOMETRIC__
__AUTOMETRIC__|0.1.2|12236|crew_log_3e1753482c43cba0|0|1786321328.395|1.540|0.096|681910272|698671104|__DEFAULT__|__AUTOMETRIC__
__AUTOMETRIC__|0.1.2|12236|crew_log_3e1753482c43cba0|0|1786321329.409|0.000|0.000|681910272|698671104|__DEFAULT__|__AUTOMETRIC__
__AUTOMETRIC__|0.1.2|12236|crew_log_3e1753482c43cba0|0|1786321330.425|0.000|0.000|681902080|698662912|__DEFAULT__|__AUTOMETRIC__
__AUTOMETRIC__|0.1.2|12236|crew_log_3e1753482c43cba0|0|1786321331.437|0.000|0.000|681910272|698671104|__DEFAULT__|__AUTOMETRIC__
__AUTOMETRIC__|0.1.2|12236|crew_log_3e1753482c43cba0|0|1786321332.450|0.000|0.000|681897984|698658816|__DEFAULT__|__AUTOMETRIC__
__AUTOMETRIC__|0.1.2|12236|crew_log_3e1753482c43cba0|0|1786321333.466|0.000|0.000|681902080|698662912|__DEFAULT__|__AUTOMETRIC__
__AUTOMETRIC__|0.1.2|12236|crew_log_3e1753482c43cba0|0|1786321334.481|0.000|0.000|681902080|698662912|__DEFAULT__|__AUTOMETRIC__
__AUTOMETRIC__|0.1.2|12236|crew_log_3e1753482c43cba0|0|1786321335.496|0.000|0.000|681902080|698662912|__DEFAULT__|__AUTOMETRIC__
__AUTOMETRIC__|0.1.2|12236|crew_log_3e1753482c43cba0|0|1786321336.509|0.000|0.000|681906176|698667008|__DEFAULT__|__AUTOMETRIC__
__AUTOMETRIC__|0.1.2|12236|crew_log_3e1753482c43cba0|0|1786321337.525|0.000|0.000|681902080|698662912|__DEFAULT__|__AUTOMETRIC__
__AUTOMETRIC__|0.1.2|12236|crew_log_3e1753482c43cba0|0|1786321338.538|0.000|0.000|681910272|698671104|__DEFAULT__|__AUTOMETRIC__
__AUTOMETRIC__|0.1.2|12236|crew_log_3e1753482c43cba0|0|1786321339.552|0.000|0.000|681902080|698662912|__DEFAULT__|__AUTOMETRIC__
__AUTOMETRIC__|0.1.2|12236|crew_log_3e1753482c43cba0|0|1786321340.553|0.000|0.000|681902080|698662912|__DEFAULT__|__AUTOMETRIC__
__AUTOMETRIC__|0.1.2|12236|crew_log_3e1753482c43cba0|0|1786321341.568|3.080|0.193|681910272|698671104|__DEFAULT__|__AUTOMETRIC__
__AUTOMETRIC__|0.1.2|12236|crew_log_3e1753482c43cba0|0|1786321342.582|0.000|0.000|681902080|698662912|__DEFAULT__|__AUTOMETRIC__
__AUTOMETRIC__|0.1.2|12236|crew_log_3e1753482c43cba0|0|1786321343.597|0.000|0.000|681910272|698671104|__DEFAULT__|__AUTOMETRIC__
__AUTOMETRIC__|0.1.2|12236|crew_log_3e1753482c43cba0|0|1786321344.611|0.000|0.000|681902080|698662912|__DEFAULT__|__AUTOMETRIC__
__AUTOMETRIC__|0.1.2|12236|crew_log_3e1753482c43cba0|0|1786321345.623|0.000|0.000|681902080|698662912|__DEFAULT__|__AUTOMETRIC__
__AUTOMETRIC__|0.1.2|12236|crew_log_3e1753482c43cba0|0|1786321346.636|0.000|0.000|681910272|698671104|__DEFAULT__|__AUTOMETRIC__
__AUTOMETRIC__|0.1.2|12236|crew_log_3e1753482c43cba0|0|1786321347.650|0.000|0.000|681902080|698662912|__DEFAULT__|__AUTOMETRIC__
__AUTOMETRIC__|0.1.2|12236|crew_log_3e1753482c43cba0|0|1786321348.666|0.000|0.000|681902080|698662912|__DEFAULT__|__AUTOMETRIC__
__AUTOMETRIC__|0.1.2|12236|crew_log_3e1753482c43cba0|0|1786321349.667|0.000|0.000|681906176|698667008|__DEFAULT__|__AUTOMETRIC__
__AUTOMETRIC__|0.1.2|12236|crew_log_3e1753482c43cba0|0|1786321350.681|0.000|0.000|681902080|698662912|__DEFAULT__|__AUTOMETRIC__
__AUTOMETRIC__|0.1.2|12236|crew_log_3e1753482c43cba0|0|1786321351.697|0.000|0.000|681902080|698662912|__DEFAULT__|__AUTOMETRIC__
__AUTOMETRIC__|0.1.2|12236|crew_log_3e1753482c43cba0|0|1786321352.710|0.000|0.000|681910272|698671104|__DEFAULT__|__AUTOMETRIC__
__AUTOMETRIC__|0.1.2|12236|crew_log_3e1753482c43cba0|0|1786321353.723|0.000|0.000|681910272|698671104|__DEFAULT__|__AUTOMETRIC__
__AUTOMETRIC__|0.1.2|12236|crew_log_3e1753482c43cba0|0|1786321354.734|0.000|0.000|681902080|698662912|__DEFAULT__|__AUTOMETRIC__
__AUTOMETRIC__|0.1.2|12236|crew_log_3e1753482c43cba0|0|1786321355.747|0.000|0.000|681906176|698667008|__DEFAULT__|__AUTOMETRIC__
__AUTOMETRIC__|0.1.2|12236|crew_log_3e1753482c43cba0|0|1786321356.760|0.000|0.000|681902080|698662912|__DEFAULT__|__AUTOMETRIC__
__AUTOMETRIC__|0.1.2|12236|crew_log_3e1753482c43cba0|0|1786321357.775|0.000|0.000|681902080|698662912|__DEFAULT__|__AUTOMETRIC__
__AUTOMETRIC__|0.1.2|12236|crew_log_3e1753482c43cba0|0|1786321358.789|0.000|0.000|681902080|698662912|__DEFAULT__|__AUTOMETRIC__
__AUTOMETRIC__|0.1.2|12236|crew_log_3e1753482c43cba0|0|1786321359.802|0.000|0.000|681902080|698662912|__DEFAULT__|__AUTOMETRIC__
__AUTOMETRIC__|0.1.2|12236|crew_log_3e1753482c43cba0|0|1786321360.817|1.540|0.096|681910272|698671104|__DEFAULT__|__AUTOMETRIC__
__AUTOMETRIC__|0.1.2|12236|crew_log_3e1753482c43cba0|0|1786321361.829|0.000|0.000|681897984|698658816|__DEFAULT__|__AUTOMETRIC__
__AUTOMETRIC__|0.1.2|12236|crew_log_3e1753482c43cba0|0|1786321362.830|0.000|0.000|681902080|698662912|__DEFAULT__|__AUTOMETRIC__
__AUTOMETRIC__|0.1.2|12236|crew_log_3e1753482c43cba0|0|1786321363.843|0.000|0.000|681902080|698662912|__DEFAULT__|__AUTOMETRIC__
__AUTOMETRIC__|0.1.2|12236|crew_log_3e1753482c43cba0|0|1786321364.844|0.000|0.000|681902080|698662912|__DEFAULT__|__AUTOMETRIC__
__AUTOMETRIC__|0.1.2|12236|crew_log_3e1753482c43cba0|0|1786321365.859|0.000|0.000|681902080|698662912|__DEFAULT__|__AUTOMETRIC__
__AUTOMETRIC__|0.1.2|12236|crew_log_3e1753482c43cba0|0|1786321366.859|0.000|0.000|681902080|698662912|__DEFAULT__|__AUTOMETRIC__
__AUTOMETRIC__|0.1.2|12236|crew_log_3e1753482c43cba0|0|1786321367.872|0.000|0.000|681902080|698662912|__DEFAULT__|__AUTOMETRIC__
__AUTOMETRIC__|0.1.2|12236|crew_log_3e1753482c43cba0|0|1786321368.885|0.000|0.000|681902080|698662912|__DEFAULT__|__AUTOMETRIC__
__AUTOMETRIC__|0.1.2|12236|crew_log_3e1753482c43cba0|0|1786321369.901|0.000|0.000|681910272|698671104|__DEFAULT__|__AUTOMETRIC__
__AUTOMETRIC__|0.1.2|12236|crew_log_3e1753482c43cba0|0|1786321370.916|0.000|0.000|681910272|698671104|__DEFAULT__|__AUTOMETRIC__
__AUTOMETRIC__|0.1.2|12236|crew_log_3e1753482c43cba0|0|1786321371.931|0.000|0.000|681902080|698662912|__DEFAULT__|__AUTOMETRIC__
__AUTOMETRIC__|0.1.2|12236|crew_log_3e1753482c43cba0|0|1786321372.947|0.000|0.000|681902080|698662912|__DEFAULT__|__AUTOMETRIC__
__AUTOMETRIC__|0.1.2|12236|crew_log_3e1753482c43cba0|0|1786321373.947|0.000|0.000|681902080|698662912|__DEFAULT__|__AUTOMETRIC__
__AUTOMETRIC__|0.1.2|12236|crew_log_3e1753482c43cba0|0|1786321374.958|0.000|0.000|681902080|698662912|__DEFAULT__|__AUTOMETRIC__
__AUTOMETRIC__|0.1.2|12236|crew_log_3e1753482c43cba0|0|1786321375.972|1.541|0.096|681897984|698658816|__DEFAULT__|__AUTOMETRIC__
__AUTOMETRIC__|0.1.2|12236|crew_log_3e1753482c43cba0|0|1786321376.986|0.000|0.000|681897984|698658816|__DEFAULT__|__AUTOMETRIC__
__AUTOMETRIC__|0.1.2|12236|crew_log_3e1753482c43cba0|0|1786321378.001|0.000|0.000|681910272|698671104|__DEFAULT__|__AUTOMETRIC__
__AUTOMETRIC__|0.1.2|12236|crew_log_3e1753482c43cba0|0|1786321379.015|0.000|0.000|681902080|698662912|__DEFAULT__|__AUTOMETRIC__
__AUTOMETRIC__|0.1.2|12236|crew_log_3e1753482c43cba0|0|1786321380.029|0.000|0.000|681902080|698662912|__DEFAULT__|__AUTOMETRIC__
__AUTOMETRIC__|0.1.2|12236|crew_log_3e1753482c43cba0|0|1786321381.042|0.000|0.000|681902080|698662912|__DEFAULT__|__AUTOMETRIC__
__AUTOMETRIC__|0.1.2|12236|crew_log_3e1753482c43cba0|0|1786321382.057|0.000|0.000|681902080|698662912|__DEFAULT__|__AUTOMETRIC__
__AUTOMETRIC__|0.1.2|12236|crew_log_3e1753482c43cba0|0|1786321383.073|0.000|0.000|681910272|698671104|__DEFAULT__|__AUTOMETRIC__
__AUTOMETRIC__|0.1.2|12236|crew_log_3e1753482c43cba0|0|1786321384.087|0.000|0.000|681910272|698671104|__DEFAULT__|__AUTOMETRIC__
__AUTOMETRIC__|0.1.2|12236|crew_log_3e1753482c43cba0|0|1786321385.098|0.000|0.000|681910272|698671104|__DEFAULT__|__AUTOMETRIC__
__AUTOMETRIC__|0.1.2|12236|crew_log_3e1753482c43cba0|0|1786321386.113|0.000|0.000|681902080|698662912|__DEFAULT__|__AUTOMETRIC__
__AUTOMETRIC__|0.1.2|12236|crew_log_3e1753482c43cba0|0|1786321387.126|0.000|0.000|681902080|698662912|__DEFAULT__|__AUTOMETRIC__
__AUTOMETRIC__|0.1.2|12236|crew_log_3e1753482c43cba0|0|1786321388.140|0.000|0.000|681902080|698662912|__DEFAULT__|__AUTOMETRIC__
__AUTOMETRIC__|0.1.2|12236|crew_log_3e1753482c43cba0|0|1786321389.154|0.000|0.000|681910272|698671104|__DEFAULT__|__AUTOMETRIC__
__AUTOMETRIC__|0.1.2|12236|crew_log_3e1753482c43cba0|0|1786321390.168|0.000|0.000|681902080|698662912|__DEFAULT__|__AUTOMETRIC__
__AUTOMETRIC__|0.1.2|12236|crew_log_3e1753482c43cba0|0|1786321391.181|0.000|0.000|681906176|698667008|__DEFAULT__|__AUTOMETRIC__
__AUTOMETRIC__|0.1.2|12236|crew_log_3e1753482c43cba0|0|1786321392.197|0.000|0.000|681902080|698662912|__DEFAULT__|__AUTOMETRIC__
__AUTOMETRIC__|0.1.2|12236|crew_log_3e1753482c43cba0|0|1786321393.197|0.000|0.000|681902080|698662912|__DEFAULT__|__AUTOMETRIC__
__AUTOMETRIC__|0.1.2|12236|crew_log_3e1753482c43cba0|0|1786321394.211|0.000|0.000|681902080|698662912|__DEFAULT__|__AUTOMETRIC__
__AUTOMETRIC__|0.1.2|12236|crew_log_3e1753482c43cba0|0|1786321395.225|0.000|0.000|681902080|698662912|__DEFAULT__|__AUTOMETRIC__
__AUTOMETRIC__|0.1.2|12236|crew_log_3e1753482c43cba0|0|1786321396.241|0.000|0.000|681902080|698662912|__DEFAULT__|__AUTOMETRIC__
__AUTOMETRIC__|0.1.2|12236|crew_log_3e1753482c43cba0|0|1786321397.253|3.086|0.193|681910272|698671104|__DEFAULT__|__AUTOMETRIC__
__AUTOMETRIC__|0.1.2|12236|crew_log_3e1753482c43cba0|0|1786321398.269|0.000|0.000|681910272|698671104|__DEFAULT__|__AUTOMETRIC__
__AUTOMETRIC__|0.1.2|12236|crew_log_3e1753482c43cba0|0|1786321399.283|0.000|0.000|681902080|698662912|__DEFAULT__|__AUTOMETRIC__
__AUTOMETRIC__|0.1.2|12236|crew_log_3e1753482c43cba0|0|1786321400.297|0.000|0.000|681902080|698662912|__DEFAULT__|__AUTOMETRIC__
__AUTOMETRIC__|0.1.2|12236|crew_log_3e1753482c43cba0|0|1786321401.311|0.000|0.000|681902080|698662912|__DEFAULT__|__AUTOMETRIC__
