__AUTOMETRIC__|0.1.2|25836|crew_log_d11faa9180b883e0|0|1786323911.883|49.816|3.114|147128320|173543424|sim_data_341798b7487bf001|__AUTOMETRIC__
__AUTOMETRIC__|0.1.2|25836|crew_log_d11faa9180b883e0|0|1786323912.897|80.148|5.009|157388800|183709696|sim_data_341798b7487bf001|__AUTOMETRIC__
__AUTOMETRIC__|0.1.2|25836|crew_log_d11faa9180b883e0|0|1786323913.907|71.166|4.448|217661440|243806208|sim_data_341798b7487bf001|__AUTOMETRIC__
__AUTOMETRIC__|0.1.2|25836|crew_log_d11faa9180b883e0|0|1786323914.918|81.944|5.121|233820160|259846144|sim_data_341798b7487bf001|__AUTOMETRIC__
__AUTOMETRIC__|0.1.2|25836|crew_log_d11faa9180b883e0|0|1786323915.926|91.405|5.713|246415360|272404480|sim_data_341798b7487bf001|__AUTOMETRIC__
__AUTOMETRIC__|0.1.2|25836|crew_log_d11faa9180b883e0|0|1786323916.936|82.046|5.128|361857024|394645504|sim_data_341798b7487bf001|__AUTOMETRIC__
__AUTOMETRIC__|0.1.2|25836|crew_log_d11faa9180b883e0|0|1786323917.949|49.360|3.085|405569536|437731328|sim_data_341798b7487bf001|__AUTOMETRIC__
__AUTOMETRIC__|0.1.2|25836|crew_log_d11faa9180b883e0|0|1786323918.959|27.844|1.740|418521088|447266816|sim_data_341798b7487bf001|__AUTOMETRIC__
__AUTOMETRIC__|0.1.2|25836|crew_log_d11faa9180b883e0|0|1786323919.973|3.081|0.193|422899712|451776512|sim_data_341798b7487bf001|__AUTOMETRIC__
__AUTOMETRIC__|0.1.2|25836|crew_log_d11faa9180b883e0|0|1786323920.983|126.828|7.927|509407232|532922368|sim_data_341798b7487bf001|__AUTOMETRIC__
__AUTOMETRIC__|0.1.2|25836|crew_log_d11faa9180b883e0|0|1786323921.987|99.639|6.227|543313920|565997568|sim_data_341798b7487bf001|__AUTOMETRIC__
__AUTOMETRIC__|0.1.2|25836|crew_log_d11faa9180b883e0|0|1786323922.999|100.318|6.270|642154496|664596480|sim_data_341798b7487bf001|__AUTOMETRIC__
__AUTOMETRIC__|0.1.2|25836|crew_log_d11faa9180b883e0|0|1786323924.006|99.279|6.205|763080704|786022400|sim_data_341798b7487bf001|__AUTOMETRIC__
__AUTOMETRIC__|0.1.2|25836|crew_log_d11faa9180b883e0|0|1786323925.015|100.656|6.291|919121920|942649344|sim_data_341798b7487bf001|__AUTOMETRIC__
__AUTOMETRIC__|0.1.2|25836|crew_log_d11faa9180b883e0|0|1786323926.027|98.800|6.175|1109172224|1133170688|sim_data_341798b7487bf001|__AUTOMETRIC__
__AUTOMETRIC__|0.1.2|25836|crew_log_d11faa9180b883e0|0|1786323927.041|100.249|6.266|1196253184|1219878912|sim_data_341798b7487bf001|__AUTOMETRIC__
__AUTOMETRIC__|0.1.2|25836|crew_log_d11faa9180b883e0|0|1786323928.053|97.224|6.076|1418596352|1442832384|sim_data_341798b7487bf001|__AUTOMETRIC__
__AUTOMETRIC__|0.1.2|25836|crew_log_d11faa9180b883e0|0|1786323929.063|100.559|6.285|1506877440|1530445824|sim_data_341798b7487bf001|__AUTOMETRIC__
__AUTOMETRIC__|0.1.2|25836|crew_log_d11faa9180b883e0|0|1786323930.070|96.246|6.015|1504423936|1527664640|sim_data_341798b7487bf001|__AUTOMETRIC__
__AUTOMETRIC__|0.1.2|25836|crew_log_d11faa9180b883e0|0|1786323931.071|99.870|6.242|1552842752|1575882752|sim_data_341798b7487bf001|__AUTOMETRIC__
__AUTOMETRIC__|0.1.2|25836|crew_log_d11faa9180b883e0|0|1786323932.081|95.946|5.997|1663369216|1686560768|sim_data_341798b7487bf001|__AUTOMETRIC__
__AUTOMETRIC__|0.1.2|25836|crew_log_d11faa9180b883e0|0|1786323933.088|102.393|6.400|1700417536|1724002304|sim_data_341798b7487bf001|__AUTOMETRIC__
__AUTOMETRIC__|0.1.2|25836|crew_log_d11faa9180b883e0|0|1786323934.094|99.418|6.214|1709932544|1733263360|sim_data_341798b7487bf001|__AUTOMETRIC__
__AUTOMETRIC__|0.1.2|25836|crew_log_d11faa9180b883e0|0|1786323935.105|100.438|6.277|1761026048|1784647680|sim_data_341798b7487bf001|__AUTOMETRIC__
__AUTOMETRIC__|0.1.2|25836|crew_log_d11faa9180b883e0|0|1786323936.117|78.729|4.921|1910661120|1934536704|sim_data_341798b7487bf001|__AUTOMETRIC__
__AUTOMETRIC__|0.1.2|25836|crew_log_d11faa9180b883e0|0|1786323937.121|96.500|6.031|1922732032|1945702400|sim_data_341798b7487bf001|__AUTOMETRIC__
__AUTOMETRIC__|0.1.2|25836|crew_log_d11faa9180b883e0|0|1786323938.127|96.265|6.017|1922760704|1945731072|sim_data_341798b7487bf001|__AUTOMETRIC__
__AUTOMETRIC__|0.1.2|25836|crew_log_d11faa9180b883e0|0|1786323939.142|97.038|6.065|1922613248|1945382912|sim_data_341798b7487bf001|__AUTOMETRIC__
__AUTOMETRIC__|0.1.2|25836|crew_log_d11faa9180b883e0|0|1786323940.149|94.606|5.913|1923796992|1946497024|sim_data_341798b7487bf001|__AUTOMETRIC__
__AUTOMETRIC__|0.1.2|25836|crew_log_d11faa9180b883e0|0|1786323941.151|95.085|5.943|1923678208|1946378240|sim_data_341798b7487bf001|__AUTOMETRIC__
__AUTOMETRIC__|0.1.2|25836|crew_log_d11faa9180b883e0|0|1786323942.163|97.336|6.084|1923678208|1946378240|sim_data_341798b7487bf001|__AUTOMETRIC__
__AUTOMETRIC__|0.1.2|25836|crew_log_d11faa9180b883e0|0|1786323943.171|96.073|6.005|1924702208|1947406336|sim_data_341798b7487bf001|__AUTOMETRIC__
__AUTOMETRIC__|0.1.2|25836|crew_log_d11faa9180b883e0|0|1786323944.183|100.362|6.273|1924673536|1947377664|sim_data_341798b7487bf001|__AUTOMETRIC__
__AUTOMETRIC__|0.1.2|25836|crew_log_d11faa9180b883e0|0|1786323945.195|97.250|6.078|1924673536|1947377664|sim_data_341798b7487bf001|__AUTOMETRIC__
__AUTOMETRIC__|0.1.2|25836|crew_log_d11faa9180b883e0|0|1786323946.201|94.801|5.925|1925718016|1948422144|sim_data_341798b7487bf001|__AUTOMETRIC__
__AUTOMETRIC__|0.1.2|25836|crew_log_d11faa9180b883e0|0|1786323947.205|99.561|6.223|1925627904|1948332032|sim_data_341798b7487bf001|__AUTOMETRIC__
__AUTOMETRIC__|0.1.2|25836|crew_log_d11faa9180b883e0|0|1786323948.209|99.627|6.227|1925697536|1948401664|sim_data_341798b7487bf001|__AUTOMETRIC__
__AUTOMETRIC__|0.1.2|25836|crew_log_d11faa9180b883e0|0|1786323949.220|101.984|6.374|1925693440|1948397568|sim_data_341798b7487bf001|__AUTOMETRIC__
__AUTOMETRIC__|0.1.2|25836|crew_log_d11faa9180b883e0|0|1786323950.222|99.753|6.235|2059862016|2083000320|sim_data_341798b7487bf001|__AUTOMETRIC__
__AUTOMETRIC__|0.1.2|25836|crew_log_d11faa9180b883e0|0|1786323951.236|101.739|6.359|2022281216|2045419520|sim_data_341798b7487bf001|__AUTOMETRIC__
__AUTOMETRIC__|0.1.2|25836|crew_log_d11faa9180b883e0|0|1786323952.248|101.948|6.372|1936109568|1959243776|sim_data_341798b7487bf001|__AUTOMETRIC__
__AUTOMETRIC__|0.1.2|25836|crew_log_d11faa9180b883e0|0|1786323953.255|96.206|6.013|1948422144|1972174848|sim_data_341798b7487bf001|__AUTOMETRIC__
__AUTOMETRIC__|0.1.2|25836|crew_log_d11faa9180b883e0|0|1786323954.267|98.811|6.176|2021343232|2045022208|sim_data_341798b7487bf001|__AUTOMETRIC__
__AUTOMETRIC__|0.1.2|25836|crew_log_d11faa9180b883e0|0|1786323955.279|101.872|6.367|2013315072|2036981760|sim_data_341798b7487bf001|__AUTOMETRIC__
__AUTOMETRIC__|0.1.2|25836|crew_log_d11faa9180b883e0|0|1786323956.287|80.602|5.038|2017316864|2039898112|sim_data_341798b7487bf001|__AUTOMETRIC__
__AUTOMETRIC__|0.1.2|25836|crew_log_d11faa9180b883e0|0|1786323957.299|101.872|6.367|2014334976|2036342784|sim_data_341798b7487bf001|__AUTOMETRIC__
__AUTOMETRIC__|0.1.2|25836|crew_log_d11faa9180b883e0|0|1786323958.303|98.063|6.129|2014089216|2036097024|sim_data_341798b7487bf001|__AUTOMETRIC__
__AUTOMETRIC__|0.1.2|25836|crew_log_d11faa9180b883e0|0|1786323959.316|100.268|6.267|2014023680|2036031488|sim_data_341798b7487bf001|__AUTOMETRIC__
__AUTOMETRIC__|0.1.2|25836|crew_log_d11faa9180b883e0|0|1786323960.327|100.429|6.277|2015051776|2036998144|sim_data_341798b7487bf001|__AUTOMETRIC__
__AUTOMETRIC__|0.1.2|25836|crew_log_d11faa9180b883e0|0|1786323961.340|100.333|6.271|2015035392|2036981760|sim_data_341798b7487bf001|__AUTOMETRIC__
__AUTOMETRIC__|0.1.2|25836|crew_log_d11faa9180b883e0|0|1786323962.350|97.404|6.088|2014998528|2036940800|sim_data_341798b7487bf001|__AUTOMETRIC__
__AUTOMETRIC__|0.1.2|25836|crew_log_d11faa9180b883e0|0|1786323963.361|100.439|6.277|2014998528|2036940800|sim_data_341798b7487bf001|__AUTOMETRIC__
__AUTOMETRIC__|0.1.2|25836|crew_log_d11faa9180b883e0|0|1786323964.374|100.286|6.268|2014998528|2036940800|sim_data_341798b7487bf001|__AUTOMETRIC__
__AUTOMETRIC__|0.1.2|25836|crew_log_d11faa9180b883e0|0|1786323965.387|100.261|6.266|2014998528|2036940800|sim_data_341798b7487bf001|__AUTOMETRIC__
__AUTOMETRIC__|0.1.2|25836|crew_log_d11faa9180b883e0|0|1786323966.397|98.989|6.187|2015858688|2037800960|sim_data_341798b7487bf001|__AUTOMETRIC__
__AUTOMETRIC__|0.1.2|25836|crew_log_d11faa9180b883e0|0|1786323967.408|100.455|6.278|2015850496|2037792768|sim_data_341798b7487bf001|__AUTOMETRIC__
__AUTOMETRIC__|0.1.2|25836|crew_log_d11faa9180b883e0|0|1786323968.411|99.738|6.234|2015850496|2037792768|sim_data_341798b7487bf001|__AUTOMETRIC__
__AUTOMETRIC__|0.1.2|25836|crew_log_d11faa9180b883e0|0|1786323969.426|100.049|6.253|2015805440|2037714944|sim_data_341798b7487bf001|__AUTOMETRIC__
__AUTOMETRIC__|0.1.2|25836|crew_log_d11faa9180b883e0|0|1786323970.438|100.404|6.275|2015805440|2037714944|sim_data_341798b7487bf001|__AUTOMETRIC__
__AUTOMETRIC__|0.1.2|25836|crew_log_d11faa9180b883e0|0|1786323971.453|100.057|6.254|2015805440|2037714944|sim_data_341798b7487bf001|__AUTOMETRIC__
__AUTOMETRIC__|0.1.2|25836|crew_log_d11faa9180b883e0|0|1786323972.466|100.223|6.264|2015805440|2037714944|sim_data_341798b7487bf001|__AUTOMETRIC__
__AUTOMETRIC__|0.1.2|25836|crew_log_d11faa9180b883e0|0|1786323973.479|100.219|6.264|2015805440|2037714944|sim_data_341798b7487bf001|__AUTOMETRIC__
__AUTOMETRIC__|0.1.2|25836|crew_log_d11faa9180b883e0|0|1786323974.480|99.972|6.248|2016784384|2038689792|sim_data_341798b7487bf001|__AUTOMETRIC__
__AUTOMETRIC__|0.1.2|25836|crew_log_d11faa9180b883e0|0|1786323975.493|100.273|6.267|2016759808|2038665216|sim_data_341798b7487bf001|__AUTOMETRIC__
__AUTOMETRIC__|0.1.2|25836|crew_log_d11faa9180b883e0|0|1786323976.503|98.960|6.185|2016759808|2038665216|sim_data_341798b7487bf001|__AUTOMETRIC__
__AUTOMETRIC__|0.1.2|25836|crew_log_d11faa9180b883e0|0|1786323977.517|100.181|6.261|2016759808|2038665216|sim_data_341798b7487bf001|__AUTOMETRIC__
__AUTOMETRIC__|0.1.2|25836|crew_log_d11faa9180b883e0|0|1786323978.530|98.727|6.170|2016759808|2038665216|sim_data_341798b7487bf001|__AUTOMETRIC__
__AUTOMETRIC__|0.1.2|25836|crew_log_d11faa9180b883e0|0|1786323979.545|100.012|6.251|2053107712|2075078656|sim_data_341798b7487bf001|__AUTOMETRIC__
__AUTOMETRIC__|0.1.2|25836|crew_log_d11faa9180b883e0|0|1786323980.549|99.670|6.229|2121011200|2143576064|sim_data_341798b7487bf001|__AUTOMETRIC__
__AUTOMETRIC__|0.1.2|25836|crew_log_d11faa9180b883e0|0|1786323981.555|107.119|6.695|1839476736|1861758976|sim_data_341798b7487bf001|__AUTOMETRIC__
__AUTOMETRIC__|0.1.2|25836|crew_log_d11faa9180b883e0|0|1786323982.560|101.077|6.317|1757528064|1779806208|sim_data_341798b7487bf001|__AUTOMETRIC__
__AUTOMETRIC__|0.1.2|25836|crew_log_d11faa9180b883e0|0|1786323983.572|100.308|6.269|1853464576|1876054016|sim_data_341798b7487bf001|__AUTOMETRIC__
__AUTOMETRIC__|0.1.2|25836|crew_log_d11faa9180b883e0|0|1786323984.578|97.884|6.118|1980248064|2002558976|sim_data_341798b7487bf001|__AUTOMETRIC__
__AUTOMETRIC__|0.1.2|25836|crew_log_d11faa9180b883e0|0|1786323985.587|86.684|5.418|2013249536|2035580928|sim_data_341798b7487bf001|__AUTOMETRIC__
__AUTOMETRIC__|0.1.2|25836|crew_log_d11faa9180b883e0|0|1786323986.602|100.097|6.256|2011496448|2032652288|sim_data_341798b7487bf001|__AUTOMETRIC__
__AUTOMETRIC__|0.1.2|25836|crew_log_d11faa9180b883e0|0|1786323987.607|99.500|6.219|2011058176|2032214016|sim_data_341798b7487bf001|__AUTOMETRIC__
__AUTOMETRIC__|0.1.2|25836|crew_log_d11faa9180b883e0|0|1786323988.614|97.770|6.111|2011058176|2032214016|sim_data_341798b7487bf001|__AUTOMETRIC__
__AUTOMETRIC__|0.1.2|25836|crew_log_d11faa9180b883e0|0|1786323989.627|101.774|6.361|2011058176|2032214016|sim_data_341798b7487bf001|__AUTOMETRIC__
__AUTOMETRIC__|0.1.2|25836|crew_log_d11faa9180b883e0|0|1786323990.635|99.205|6.200|2011058176|2032214016|sim_data_341798b7487bf001|__AUTOMETRIC__
__AUTOMETRIC__|0.1.2|25836|crew_log_d11faa9180b883e0|0|1786323991.645|99.004|6.188|2011058176|2032214016|sim_data_341798b7487bf001|__AUTOMETRIC__
__AUTOMETRIC__|0.1.2|25836|crew_log_d11faa9180b883e0|0|1786323992.652|100.917|6.307|2011066368|2032222208|sim_data_341798b7487bf001|__AUTOMETRIC__
__AUTOMETRIC__|0.1.2|25836|crew_log_d11faa9180b883e0|0|1786323993.657|99.461|6.216|2012098560|2033188864|sim_data_341798b7487bf001|__AUTOMETRIC__
__AUTOMETRIC__|0.1.2|25836|crew_log_d11faa9180b883e0|0|1786323994.657|99.991|6.249|2012020736|2033111040|sim_data_341798b7487bf001|__AUTOMETRIC__
__AUTOMETRIC__|0.1.2|25836|crew_log_d11faa9180b883e0|0|1786323995.669|100.411|6.276|2012020736|2033111040|sim_data_341798b7487bf001|__AUTOMETRIC__
__AUTOMETRIC__|0.1.2|25836|crew_log_d11faa9180b883e0|0|1786323996.680|98.891|6.181|2012012544|2033102848|sim_data_341798b7487bf001|__AUTOMETRIC__
__AUTOMETRIC__|0.1.2|25836|crew_log_d11faa9180b883e0|0|1786323997.693|100.277|6.267|2013032448|2034122752|sim_data_341798b7487bf001|__AUTOMETRIC__
__AUTOMETRIC__|0.1.2|25836|crew_log_d11faa9180b883e0|0|1786323998.704|103.558|6.472|2012975104|2034065408|sim_data_341798b7487bf001|__AUTOMETRIC__
__AUTOMETRIC__|0.1.2|25836|crew_log_d11faa9180b883e0|0|1786323999.717|98.641|6.165|2012962816|2034053120|sim_data_341798b7487bf001|__AUTOMETRIC__
__AUTOMETRIC__|0.1.2|25836|crew_log_d11faa9180b883e0|0|1786324000.732|98.505|6.157|2012966912|2034057216|sim_data_341798b7487bf001|__AUTOMETRIC__
__AUTOMETRIC__|0.1.2|25836|crew_log_d11faa9180b883e0|0|1786324001.747|100.145|6.259|2013884416|2034974720|sim_data_341798b7487bf001|__AUTOMETRIC__
__AUTOMETRIC__|0.1.2|25836|crew_log_d11faa9180b883e0|0|1786324002.758|95.814|5.988|2013822976|2034913280|sim_data_341798b7487bf001|__AUTOMETRIC__
__AUTOMETRIC__|0.1.2|25836|crew_log_d11faa9180b883e0|0|1786324003.764|97.786|6.112|2013818880|2034909184|sim_data_341798b7487bf001|__AUTOMETRIC__
__AUTOMETRIC__|0.1.2|25836|crew_log_d11faa9180b883e0|0|1786324004.776|100.435|6.277|2013822976|2034913280|sim_data_341798b7487bf001|__AUTOMETRIC__
__AUTOMETRIC__|0.1.2|25836|crew_log_d11faa9180b883e0|0|1786324005.788|100.341|6.271|2013814784|2034905088|sim_data_341798b7487bf001|__AUTOMETRIC__
__AUTOMETRIC__|0.1.2|25836|crew_log_d11faa9180b883e0|0|1786324006.800|97.296|6.081|2013818880|2034909184|sim_data_341798b7487bf001|__AUTOMETRIC__
__AUTOMETRIC__|0.1.2|25836|crew_log_d11faa9180b883e0|0|1786324007.812|98.777|6.174|2122964992|2144202752|sim_data_341798b7487bf001|__AUTOMETRIC__
__AUTOMETRIC__|0.1.2|25836|crew_log_d11faa9180b883e0|0|1786324008.825|111.087|6.943|1845952512|1867137024|sim_data_341798b7487bf001|__AUTOMETRIC__
__AUTOMETRIC__|0.1.2|25836|crew_log_d11faa9180b883e0|0|1786324009.835|100.488|6.280|1888776192|1909919744|sim_data_341798b7487bf001|__AUTOMETRIC__
__AUTOMETRIC__|0.1.2|25836|crew_log_d11faa9180b883e0|0|1786324010.846|100.490|6.281|1819779072|1840914432|sim_data_341798b7487bf001|__AUTOMETRIC__
__AUTOMETRIC__|0.1.2|25836|crew_log_d11faa9180b883e0|0|1786324011.855|99.148|6.197|1902706688|1923981312|sim_data_341798b7487bf001|__AUTOMETRIC__
__AUTOMETRIC__|0.1.2|25836|crew_log_d11faa9180b883e0|0|1786324012.866|98.911|6.182|2014375936|2036031488|sim_data_341798b7487bf001|__AUTOMETRIC__
__AUTOMETRIC__|0.1.2|25836|crew_log_d11faa9180b883e0|0|1786324013.878|97.202|6.075|2073427968|2094891008|sim_data_341798b7487bf001|__AUTOMETRIC__
__AUTOMETRIC__|0.1.2|25836|crew_log_d11faa9180b883e0|0|1786324014.886|100.790|6.299|2018156544|2039611392|sim_data_341798b7487bf001|__AUTOMETRIC__
__AUTOMETRIC__|0.1.2|25836|crew_log_d11faa9180b883e0|0|1786324015.893|74.507|4.657|2013978624|2034290688|sim_data_341798b7487bf001|__AUTOMETRIC__
__AUTOMETRIC__|0.1.2|25836|crew_log_d11faa9180b883e0|0|1786324016.894|99.811|6.238|2013302784|2033405952|sim_data_341798b7487bf001|__AUTOMETRIC__
__AUTOMETRIC__|0.1.2|25836|crew_log_d11faa9180b883e0|0|1786324017.903|99.162|6.198|2013188096|2033291264|sim_data_341798b7487bf001|__AUTOMETRIC__
__AUTOMETRIC__|0.1.2|25836|crew_log_d11faa9180b883e0|0|1786324018.916|97.184|6.074|2013224960|2033332224|sim_data_341798b7487bf001|__AUTOMETRIC__
__AUTOMETRIC__|0.1.2|25836|crew_log_d11faa9180b883e0|0|1786324019.929|97.184|6.074|2014232576|2034274304|sim_data_341798b7487bf001|__AUTOMETRIC__
__AUTOMETRIC__|0.1.2|25836|crew_log_d11faa9180b883e0|0|1786324020.935|97.787|6.112|2014195712|2034233344|sim_data_341798b7487bf001|__AUTOMETRIC__
__AUTOMETRIC__|0.1.2|25836|crew_log_d11faa9180b883e0|0|1786324021.944|97.562|6.098|2014195712|2034233344|sim_data_341798b7487bf001|__AUTOMETRIC__
__AUTOMETRIC__|0.1.2|25836|crew_log_d11faa9180b883e0|0|1786324022.952|97.737|6.109|2015145984|2035179520|sim_data_341798b7487bf001|__AUTOMETRIC__
__AUTOMETRIC__|0.1.2|25836|crew_log_d11faa9180b883e0|0|1786324023.954|99.725|6.233|2015088640|2035122176|sim_data_341798b7487bf001|__AUTOMETRIC__
__AUTOMETRIC__|0.1.2|25836|crew_log_d11faa9180b883e0|0|1786324024.967|100.334|6.271|2015129600|2035167232|sim_data_341798b7487bf001|__AUTOMETRIC__
__AUTOMETRIC__|0.1.2|25836|crew_log_d11faa9180b883e0|0|1786324025.979|98.783|6.174|2015092736|2035126272|sim_data_341798b7487bf001|__AUTOMETRIC__
__AUTOMETRIC__|0.1.2|25836|crew_log_d11faa9180b883e0|0|1786324026.992|100.265|6.267|2016051200|2036080640|sim_data_341798b7487bf001|__AUTOMETRIC__
__AUTOMETRIC__|0.1.2|25836|crew_log_d11faa9180b883e0|0|1786324028.006|97.069|6.067|2016051200|2036080640|sim_data_341798b7487bf001|__AUTOMETRIC__
__AUTOMETRIC__|0.1.2|25836|crew_log_d11faa9180b883e0|0|1786324029.016|98.968|6.186|2016055296|2036084736|sim_data_341798b7487bf001|__AUTOMETRIC__
__AUTOMETRIC__|0.1.2|25836|crew_log_d11faa9180b883e0|0|1786324030.029|98.753|6.172|2016055296|2036084736|sim_data_341798b7487bf001|__AUTOMETRIC__
__AUTOMETRIC__|0.1.2|25836|crew_log_d11faa9180b883e0|0|1786324031.030|98.379|6.149|2080550912|2100609024|sim_data_341798b7487bf001|__AUTOMETRIC__
__AUTOMETRIC__|0.1.2|25836|crew_log_d11faa9180b883e0|0|1786324032.043|100.178|6.261|2183233536|2203799552|sim_data_341798b7487bf001|__AUTOMETRIC__
