__AUTOMETRIC__|0.1.2|2440415|crew_log_3847f6319d1541d2|0|1786907055.502|90.984|2.843|196546560|1852555264|sim_data_84a06e0e62102782|__AUTOMETRIC__
__AUTOMETRIC__|0.1.2|2440415|crew_log_3847f6319d1541d2|0|1786907056.504|25.951|0.811|214110208|1870401536|sim_data_84a06e0e62102782|__AUTOMETRIC__
__AUTOMETRIC__|0.1.2|2440415|crew_log_3847f6319d1541d2|0|1786907057.505|0.000|0.000|214110208|1870401536|sim_data_84a06e0e62102782|__AUTOMETRIC__
__AUTOMETRIC__|0.1.2|2440415|crew_log_3847f6319d1541d2|0|1786907058.507|96.867|3.027|254492672|1912217600|sim_data_84a06e0e62102782|__AUTOMETRIC__
__AUTOMETRIC__|0.1.2|2440415|crew_log_3847f6319d1541d2|0|1786907059.508|89.868|2.808|392118272|2057375744|sim_data_84a06e0e62102782|__AUTOMETRIC__
__AUTOMETRIC__|0.1.2|2440415|crew_log_3847f6319d1541d2|0|1786907060.509|98.859|3.089|482820096|2148155392|sim_data_84a06e0e62102782|__AUTOMETRIC__
__AUTOMETRIC__|0.1.2|2440415|crew_log_3847f6319d1541d2|0|1786907061.511|100.873|3.152|696205312|2361499648|sim_data_84a06e0e62102782|__AUTOMETRIC__
__AUTOMETRIC__|0.1.2|2440415|crew_log_3847f6319d1541d2|0|1786907062.513|98.774|3.087|877346816|2542563328|sim_data_84a06e0e62102782|__AUTOMETRIC__
__AUTOMETRIC__|0.1.2|2440415|crew_log_3847f6319d1541d2|0|1786907063.514|99.873|3.121|1012088832|2677424128|sim_data_84a06e0e62102782|__AUTOMETRIC__
__AUTOMETRIC__|0.1.2|2440415|crew_log_3847f6319d1541d2|0|1786907064.516|96.874|3.027|1171734528|2837098496|sim_data_84a06e0e62102782|__AUTOMETRIC__
__AUTOMETRIC__|0.1.2|2440415|crew_log_3847f6319d1541d2|0|1786907065.517|99.876|3.121|1399537664|3064766464|sim_data_84a06e0e62102782|__AUTOMETRIC__
__AUTOMETRIC__|0.1.2|2440415|crew_log_3847f6319d1541d2|0|1786907066.518|99.865|3.121|1438597120|3103850496|sim_data_84a06e0e62102782|__AUTOMETRIC__
__AUTOMETRIC__|0.1.2|2440415|crew_log_3847f6319d1541d2|0|1786907067.520|98.867|3.090|1761034240|3426357248|sim_data_84a06e0e62102782|__AUTOMETRIC__
__AUTOMETRIC__|0.1.2|2440415|crew_log_3847f6319d1541d2|0|1786907068.521|100.869|3.152|1764442112|3429773312|sim_data_84a06e0e62102782|__AUTOMETRIC__
__AUTOMETRIC__|0.1.2|2440415|crew_log_3847f6319d1541d2|0|1786907069.522|98.871|3.090|2147696640|3813036032|sim_data_84a06e0e62102782|__AUTOMETRIC__
__AUTOMETRIC__|0.1.2|2440415|crew_log_3847f6319d1541d2|0|1786907070.523|98.878|3.090|2147696640|3813171200|sim_data_84a06e0e62102782|__AUTOMETRIC__
__AUTOMETRIC__|0.1.2|2440415|crew_log_3847f6319d1541d2|0|1786907071.525|100.859|3.152|2428452864|4093698048|sim_data_84a06e0e62102782|__AUTOMETRIC__
__AUTOMETRIC__|0.1.2|2440415|crew_log_3847f6319d1541d2|0|1786907072.526|99.850|3.120|2611953664|4277198848|sim_data_84a06e0e62102782|__AUTOMETRIC__
__AUTOMETRIC__|0.1.2|2440415|crew_log_3847f6319d1541d2|0|1786907073.528|98.866|3.090|2611953664|4277198848|sim_data_84a06e0e62102782|__AUTOMETRIC__
__AUTOMETRIC__|0.1.2|2440415|crew_log_3847f6319d1541d2|0|1786907074.529|99.840|3.120|2981576704|4646707200|sim_data_84a06e0e62102782|__AUTOMETRIC__
__AUTOMETRIC__|0.1.2|2440415|crew_log_3847f6319d1541d2|0|1786907075.531|99.833|3.120|3169009664|4834467840|sim_data_84a06e0e62102782|__AUTOMETRIC__
__AUTOMETRIC__|0.1.2|2440415|crew_log_3847f6319d1541d2|0|1786907076.532|99.850|3.120|3169009664|4834467840|sim_data_84a06e0e62102782|__AUTOMETRIC__
__AUTOMETRIC__|0.1.2|2440415|crew_log_3847f6319d1541d2|0|1786907077.534|99.860|3.121|3401269248|5066723328|sim_data_84a06e0e62102782|__AUTOMETRIC__
__AUTOMETRIC__|0.1.2|2440415|crew_log_3847f6319d1541d2|0|1786907078.535|99.848|3.120|3815456768|5480644608|sim_data_84a06e0e62102782|__AUTOMETRIC__
__AUTOMETRIC__|0.1.2|2440415|crew_log_3847f6319d1541d2|0|1786907079.537|99.815|3.119|3837739008|5502922752|sim_data_84a06e0e62102782|__AUTOMETRIC__
__AUTOMETRIC__|0.1.2|2440415|crew_log_3847f6319d1541d2|0|1786907080.539|99.826|3.120|3837739008|5502922752|sim_data_84a06e0e62102782|__AUTOMETRIC__
__AUTOMETRIC__|0.1.2|2440415|crew_log_3847f6319d1541d2|0|1786907081.541|98.822|3.088|4073144320|5738385408|sim_data_84a06e0e62102782|__AUTOMETRIC__
__AUTOMETRIC__|0.1.2|2440415|crew_log_3847f6319d1541d2|0|1786907082.542|99.832|3.120|4485496832|6150889472|sim_data_84a06e0e62102782|__AUTOMETRIC__
__AUTOMETRIC__|0.1.2|2440415|crew_log_3847f6319d1541d2|0|1786907083.544|98.814|3.088|4639899648|6305177600|sim_data_84a06e0e62102782|__AUTOMETRIC__
__AUTOMETRIC__|0.1.2|2440415|crew_log_3847f6319d1541d2|0|1786907084.546|99.841|3.120|4639899648|6305177600|sim_data_84a06e0e62102782|__AUTOMETRIC__
__AUTOMETRIC__|0.1.2|2440415|crew_log_3847f6319d1541d2|0|1786907085.548|99.830|3.120|4639899648|6372286464|sim_data_84a06e0e62102782|__AUTOMETRIC__
