__AUTOMETRIC__|0.1.2|2163898|crew_log_3a972830cf03a045|0|1786756162.557|76.991|0.401|211259392|2826747904|sim_data_345e031ce91f1b82|__AUTOMETRIC__
__AUTOMETRIC__|0.1.2|2163898|crew_log_3a972830cf03a045|0|1786756163.559|96.825|0.504|357371904|2973106176|sim_data_345e031ce91f1b82|__AUTOMETRIC__
__AUTOMETRIC__|0.1.2|2163898|crew_log_3a972830cf03a045|0|1786756164.560|90.904|0.473|476909568|3101315072|sim_data_345e031ce91f1b82|__AUTOMETRIC__
__AUTOMETRIC__|0.1.2|2163898|crew_log_3a972830cf03a045|0|1786756165.562|99.853|0.520|601165824|3224465408|sim_data_345e031ce91f1b82|__AUTOMETRIC__
__AUTOMETRIC__|0.1.2|2163898|crew_log_3a972830cf03a045|0|1786756166.563|99.888|0.520|866979840|3491741696|sim_data_345e031ce91f1b82|__AUTOMETRIC__
__AUTOMETRIC__|0.1.2|2163898|crew_log_3a972830cf03a045|0|1786756167.582|98.073|0.511|1044713472|3669487616|sim_data_345e031ce91f1b82|__AUTOMETRIC__
__AUTOMETRIC__|0.1.2|2163898|crew_log_3a972830cf03a045|0|1786756168.584|96.817|0.504|1168969728|3793494016|sim_data_345e031ce91f1b82|__AUTOMETRIC__
__AUTOMETRIC__|0.1.2|2163898|crew_log_3a972830cf03a045|0|1786756169.586|99.859|0.520|1436356608|4060250112|sim_data_345e031ce91f1b82|__AUTOMETRIC__
__AUTOMETRIC__|0.1.2|2163898|crew_log_3a972830cf03a045|0|1786756170.588|98.808|0.515|1637683200|4261687296|sim_data_345e031ce91f1b82|__AUTOMETRIC__
__AUTOMETRIC__|0.1.2|2163898|crew_log_3a972830cf03a045|0|1786756171.589|99.886|0.520|1758793728|4382732288|sim_data_345e031ce91f1b82|__AUTOMETRIC__
__AUTOMETRIC__|0.1.2|2163898|crew_log_3a972830cf03a045|0|1786756172.590|99.860|0.520|2145718272|4769546240|sim_data_345e031ce91f1b82|__AUTOMETRIC__
__AUTOMETRIC__|0.1.2|2163898|crew_log_3a972830cf03a045|0|1786756173.593|99.738|0.519|2145718272|4769546240|sim_data_345e031ce91f1b82|__AUTOMETRIC__
__AUTOMETRIC__|0.1.2|2163898|crew_log_3a972830cf03a045|0|1786756174.594|98.865|0.515|2504331264|5128130560|sim_data_345e031ce91f1b82|__AUTOMETRIC__
__AUTOMETRIC__|0.1.2|2163898|crew_log_3a972830cf03a045|0|1786756175.597|99.704|0.519|2609713152|5233573888|sim_data_345e031ce91f1b82|__AUTOMETRIC__
__AUTOMETRIC__|0.1.2|2163898|crew_log_3a972830cf03a045|0|1786756176.600|99.724|0.519|2700939264|5325127680|sim_data_345e031ce91f1b82|__AUTOMETRIC__
__AUTOMETRIC__|0.1.2|2163898|crew_log_3a972830cf03a045|0|1786756177.601|98.892|0.515|3166507008|5790834688|sim_data_345e031ce91f1b82|__AUTOMETRIC__
__AUTOMETRIC__|0.1.2|2163898|crew_log_3a972830cf03a045|0|1786756178.603|98.838|0.515|3166507008|5790834688|sim_data_345e031ce91f1b82|__AUTOMETRIC__
__AUTOMETRIC__|0.1.2|2163898|crew_log_3a972830cf03a045|0|1786756179.604|99.884|0.520|3317501952|5940871168|sim_data_345e031ce91f1b82|__AUTOMETRIC__
__AUTOMETRIC__|0.1.2|2163898|crew_log_3a972830cf03a045|0|1786756180.606|99.817|0.520|3834974208|6459400192|sim_data_345e031ce91f1b82|__AUTOMETRIC__
__AUTOMETRIC__|0.1.2|2163898|crew_log_3a972830cf03a045|0|1786756181.607|98.838|0.515|3834974208|6459400192|sim_data_345e031ce91f1b82|__AUTOMETRIC__
__AUTOMETRIC__|0.1.2|2163898|crew_log_3a972830cf03a045|0|1786756182.609|99.863|0.520|3834974208|6459400192|sim_data_345e031ce91f1b82|__AUTOMETRIC__
__AUTOMETRIC__|0.1.2|2163898|crew_log_3a972830cf03a045|0|1786756183.619|100.946|0.526|4355592192|6979063808|sim_data_345e031ce91f1b82|__AUTOMETRIC__
__AUTOMETRIC__|0.1.2|2163898|crew_log_3a972830cf03a045|0|1786756184.623|98.662|0.514|4637134848|7261503488|sim_data_345e031ce91f1b82|__AUTOMETRIC__
__AUTOMETRIC__|0.1.2|2163898|crew_log_3a972830cf03a045|0|1786756185.624|99.845|0.520|4637134848|7261503488|sim_data_345e031ce91f1b82|__AUTOMETRIC__
__AUTOMETRIC__|0.1.2|2163898|crew_log_3a972830cf03a045|0|1786756186.627|98.734|0.514|4637134848|7261503488|sim_data_345e031ce91f1b82|__AUTOMETRIC__
__AUTOMETRIC__|0.1.2|2163898|crew_log_3a972830cf03a045|0|1786756187.629|100.818|0.525|5071245312|7695925248|sim_data_345e031ce91f1b82|__AUTOMETRIC__
__AUTOMETRIC__|0.1.2|2163898|crew_log_3a972830cf03a045|0|1786756188.631|98.724|0.514|5599727616|8224088064|sim_data_345e031ce91f1b82|__AUTOMETRIC__
__AUTOMETRIC__|0.1.2|2163898|crew_log_3a972830cf03a045|0|1786756189.633|99.803|0.520|5599727616|8224088064|sim_data_345e031ce91f1b82|__AUTOMETRIC__
__AUTOMETRIC__|0.1.2|2163898|crew_log_3a972830cf03a045|0|1786756190.637|99.655|0.519|5599727616|8224088064|sim_data_345e031ce91f1b82|__AUTOMETRIC__
__AUTOMETRIC__|0.1.2|2163898|crew_log_3a972830cf03a045|0|1786756191.639|99.734|0.519|5653204992|8276967424|sim_data_345e031ce91f1b82|__AUTOMETRIC__
__AUTOMETRIC__|0.1.2|2163898|crew_log_3a972830cf03a045|0|1786756192.641|99.859|0.520|6326390784|8950775808|sim_data_345e031ce91f1b82|__AUTOMETRIC__
__AUTOMETRIC__|0.1.2|2163898|crew_log_3a972830cf03a045|0|1786756193.643|98.755|0.514|6755782656|9379315712|sim_data_345e031ce91f1b82|__AUTOMETRIC__
__AUTOMETRIC__|0.1.2|2163898|crew_log_3a972830cf03a045|0|1786756194.645|99.850|0.520|6755782656|9379315712|sim_data_345e031ce91f1b82|__AUTOMETRIC__
__AUTOMETRIC__|0.1.2|2163898|crew_log_3a972830cf03a045|0|1786756195.647|99.818|0.520|6755782656|9379315712|sim_data_345e031ce91f1b82|__AUTOMETRIC__
__AUTOMETRIC__|0.1.2|2163898|crew_log_3a972830cf03a045|0|1786756196.648|98.859|0.515|6755782656|9379315712|sim_data_345e031ce91f1b82|__AUTOMETRIC__
__AUTOMETRIC__|0.1.2|2163898|crew_log_3a972830cf03a045|0|1786756197.650|99.854|0.520|6862737408|9487265792|sim_data_345e031ce91f1b82|__AUTOMETRIC__
__AUTOMETRIC__|0.1.2|2163898|crew_log_3a972830cf03a045|0|1786756198.651|98.820|0.515|7543787520|10167910400|sim_data_345e031ce91f1b82|__AUTOMETRIC__
__AUTOMETRIC__|0.1.2|2163898|crew_log_3a972830cf03a045|0|1786756199.653|99.869|0.520|8141475840|10765369344|sim_data_345e031ce91f1b82|__AUTOMETRIC__
__AUTOMETRIC__|0.1.2|2163898|crew_log_3a972830cf03a045|0|1786756200.654|99.872|0.520|8141475840|10765504512|sim_data_345e031ce91f1b82|__AUTOMETRIC__
__AUTOMETRIC__|0.1.2|2163898|crew_log_3a972830cf03a045|0|1786756201.655|99.883|0.520|8141475840|10765504512|sim_data_345e031ce91f1b82|__AUTOMETRIC__
__AUTOMETRIC__|0.1.2|2163898|crew_log_3a972830cf03a045|0|1786756202.656|98.883|0.515|8141475840|10765504512|sim_data_345e031ce91f1b82|__AUTOMETRIC__
__AUTOMETRIC__|0.1.2|2163898|crew_log_3a972830cf03a045|0|1786756203.658|99.805|0.520|8141475840|10765504512|sim_data_345e031ce91f1b82|__AUTOMETRIC__
__AUTOMETRIC__|0.1.2|2163898|crew_log_3a972830cf03a045|0|1786756204.660|99.871|0.520|8191807488|10816208896|sim_data_345e031ce91f1b82|__AUTOMETRIC__
__AUTOMETRIC__|0.1.2|2163898|crew_log_3a972830cf03a045|0|1786756205.662|99.808|0.520|8864993280|11489013760|sim_data_345e031ce91f1b82|__AUTOMETRIC__
__AUTOMETRIC__|0.1.2|2163898|crew_log_3a972830cf03a045|0|1786756206.663|98.859|0.515|9553907712|12177956864|sim_data_345e031ce91f1b82|__AUTOMETRIC__
__AUTOMETRIC__|0.1.2|2163898|crew_log_3a972830cf03a045|0|1786756207.664|99.884|0.520|9805565952|12429156352|sim_data_345e031ce91f1b82|__AUTOMETRIC__
__AUTOMETRIC__|0.1.2|2163898|crew_log_3a972830cf03a045|0|1786756208.666|98.779|0.514|9805565952|12429156352|sim_data_345e031ce91f1b82|__AUTOMETRIC__
__AUTOMETRIC__|0.1.2|2163898|crew_log_3a972830cf03a045|0|1786756209.668|99.871|0.520|9805565952|12429156352|sim_data_345e031ce91f1b82|__AUTOMETRIC__
__AUTOMETRIC__|0.1.2|2163898|crew_log_3a972830cf03a045|0|1786756210.669|99.872|0.520|9805565952|12429156352|sim_data_345e031ce91f1b82|__AUTOMETRIC__
__AUTOMETRIC__|0.1.2|2163898|crew_log_3a972830cf03a045|0|1786756211.670|98.877|0.515|9805565952|12429156352|sim_data_345e031ce91f1b82|__AUTOMETRIC__
__AUTOMETRIC__|0.1.2|2163898|crew_log_3a972830cf03a045|0|1786756212.672|99.842|0.520|9805565952|12429156352|sim_data_345e031ce91f1b82|__AUTOMETRIC__
__AUTOMETRIC__|0.1.2|2163898|crew_log_3a972830cf03a045|0|1786756213.673|99.847|0.520|10181480448|12805664768|sim_data_345e031ce91f1b82|__AUTOMETRIC__
__AUTOMETRIC__|0.1.2|2163898|crew_log_3a972830cf03a045|0|1786756214.675|98.872|0.515|10832646144|13456916480|sim_data_345e031ce91f1b82|__AUTOMETRIC__
__AUTOMETRIC__|0.1.2|2163898|crew_log_3a972830cf03a045|0|1786756215.676|99.853|0.520|11479093248|14102724608|sim_data_345e031ce91f1b82|__AUTOMETRIC__
__AUTOMETRIC__|0.1.2|2163898|crew_log_3a972830cf03a045|0|1786756216.677|99.886|0.520|11801530368|14425341952|sim_data_345e031ce91f1b82|__AUTOMETRIC__
__AUTOMETRIC__|0.1.2|2163898|crew_log_3a972830cf03a045|0|1786756217.679|99.866|0.520|11801530368|14425341952|sim_data_345e031ce91f1b82|__AUTOMETRIC__
__AUTOMETRIC__|0.1.2|2163898|crew_log_3a972830cf03a045|0|1786756218.680|99.825|0.520|11801530368|14425341952|sim_data_345e031ce91f1b82|__AUTOMETRIC__
__AUTOMETRIC__|0.1.2|2163898|crew_log_3a972830cf03a045|0|1786756219.682|98.876|0.515|11801530368|14425341952|sim_data_345e031ce91f1b82|__AUTOMETRIC__
__AUTOMETRIC__|0.1.2|2163898|crew_log_3a972830cf03a045|0|1786756220.683|99.887|0.520|11801530368|14425341952|sim_data_345e031ce91f1b82|__AUTOMETRIC__
__AUTOMETRIC__|0.1.2|2163898|crew_log_3a972830cf03a045|0|1786756221.684|99.877|0.520|11801530368|14425341952|sim_data_345e031ce91f1b82|__AUTOMETRIC__
__AUTOMETRIC__|0.1.2|2163898|crew_log_3a972830cf03a045|0|1786756222.685|98.887|0.515|11801530368|14425341952|sim_data_345e031ce91f1b82|__AUTOMETRIC__
__AUTOMETRIC__|0.1.2|2163898|crew_log_3a972830cf03a045|0|1786756223.687|99.830|0.520|12053188608|14677368832|sim_data_345e031ce91f1b82|__AUTOMETRIC__
__AUTOMETRIC__|0.1.2|2163898|crew_log_3a972830cf03a045|0|1786756224.688|98.867|0.515|12696489984|15319826432|sim_data_345e031ce91f1b82|__AUTOMETRIC__
__AUTOMETRIC__|0.1.2|2163898|crew_log_3a972830cf03a045|0|1786756225.689|99.866|0.520|13346082816|15970521088|sim_data_345e031ce91f1b82|__AUTOMETRIC__
__AUTOMETRIC__|0.1.2|2163898|crew_log_3a972830cf03a045|0|1786756226.691|99.888|0.520|14001967104|16625700864|sim_data_345e031ce91f1b82|__AUTOMETRIC__
__AUTOMETRIC__|0.1.2|2163898|crew_log_3a972830cf03a045|0|1786756227.693|98.733|0.514|14197002240|16820985856|sim_data_345e031ce91f1b82|__AUTOMETRIC__
__AUTOMETRIC__|0.1.2|2163898|crew_log_3a972830cf03a045|0|1786756228.695|99.826|0.520|14197002240|16820985856|sim_data_345e031ce91f1b82|__AUTOMETRIC__
__AUTOMETRIC__|0.1.2|2163898|crew_log_3a972830cf03a045|0|1786756229.696|99.866|0.520|14197002240|16820985856|sim_data_345e031ce91f1b82|__AUTOMETRIC__
__AUTOMETRIC__|0.1.2|2163898|crew_log_3a972830cf03a045|0|1786756230.698|98.875|0.515|14197002240|16820985856|sim_data_345e031ce91f1b82|__AUTOMETRIC__
__AUTOMETRIC__|0.1.2|2163898|crew_log_3a972830cf03a045|0|1786756231.699|99.873|0.520|14197002240|16820985856|sim_data_345e031ce91f1b82|__AUTOMETRIC__
__AUTOMETRIC__|0.1.2|2163898|crew_log_3a972830cf03a045|0|1786756232.700|99.886|0.520|14197002240|16820985856|sim_data_345e031ce91f1b82|__AUTOMETRIC__
__AUTOMETRIC__|0.1.2|2163898|crew_log_3a972830cf03a045|0|1786756233.702|98.829|0.515|14197002240|16820985856|sim_data_345e031ce91f1b82|__AUTOMETRIC__
__AUTOMETRIC__|0.1.2|2163898|crew_log_3a972830cf03a045|0|1786756234.703|99.895|0.520|14197002240|16820985856|sim_data_345e031ce91f1b82|__AUTOMETRIC__
__AUTOMETRIC__|0.1.2|2163898|crew_log_3a972830cf03a045|0|1786756235.707|99.567|0.519|14225313792|16849485824|sim_data_345e031ce91f1b82|__AUTOMETRIC__
__AUTOMETRIC__|0.1.2|2163898|crew_log_3a972830cf03a045|0|1786756236.708|99.872|0.520|14904791040|17528274944|sim_data_345e031ce91f1b82|__AUTOMETRIC__
__AUTOMETRIC__|0.1.2|2163898|crew_log_3a972830cf03a045|0|1786756237.710|99.881|0.520|15563821056|18188414976|sim_data_345e031ce91f1b82|__AUTOMETRIC__
__AUTOMETRIC__|0.1.2|2163898|crew_log_3a972830cf03a045|0|1786756238.712|98.805|0.515|16238579712|18862383104|sim_data_345e031ce91f1b82|__AUTOMETRIC__
__AUTOMETRIC__|0.1.2|2163898|crew_log_3a972830cf03a045|0|1786756239.713|98.891|0.515|16913338368|19536752640|sim_data_345e031ce91f1b82|__AUTOMETRIC__
__AUTOMETRIC__|0.1.2|2163898|crew_log_3a972830cf03a045|0|1786756240.714|99.896|0.520|17072197632|19695796224|sim_data_345e031ce91f1b82|__AUTOMETRIC__
__AUTOMETRIC__|0.1.2|2163898|crew_log_3a972830cf03a045|0|1786756241.715|99.867|0.520|17072197632|19695796224|sim_data_345e031ce91f1b82|__AUTOMETRIC__
__AUTOMETRIC__|0.1.2|2163898|crew_log_3a972830cf03a045|0|1786756242.716|98.871|0.515|17072197632|19695796224|sim_data_345e031ce91f1b82|__AUTOMETRIC__
__AUTOMETRIC__|0.1.2|2163898|crew_log_3a972830cf03a045|0|1786756243.718|99.849|0.520|17072197632|19695796224|sim_data_345e031ce91f1b82|__AUTOMETRIC__
__AUTOMETRIC__|0.1.2|2163898|crew_log_3a972830cf03a045|0|1786756244.719|99.873|0.520|17072197632|19695796224|sim_data_345e031ce91f1b82|__AUTOMETRIC__
__AUTOMETRIC__|0.1.2|2163898|crew_log_3a972830cf03a045|0|1786756245.721|98.844|0.515|17072197632|19695796224|sim_data_345e031ce91f1b82|__AUTOMETRIC__
__AUTOMETRIC__|0.1.2|2163898|crew_log_3a972830cf03a045|0|1786756246.722|99.879|0.520|17072197632|19695796224|sim_data_345e031ce91f1b82|__AUTOMETRIC__
__AUTOMETRIC__|0.1.2|2163898|crew_log_3a972830cf03a045|0|1786756247.723|99.884|0.520|17072197632|19695796224|sim_data_345e031ce91f1b82|__AUTOMETRIC__
__AUTOMETRIC__|0.1.2|2163898|crew_log_3a972830cf03a045|0|1786756248.725|99.794|0.520|17072197632|19695796224|sim_data_345e031ce91f1b82|__AUTOMETRIC__
__AUTOMETRIC__|0.1.2|2163898|crew_log_3a972830cf03a045|0|1786756249.726|99.892|0.520|17385197568|20009185280|sim_data_345e031ce91f1b82|__AUTOMETRIC__
__AUTOMETRIC__|0.1.2|2163898|crew_log_3a972830cf03a045|0|1786756250.727|99.881|0.520|18053664768|20677840896|sim_data_345e031ce91f1b82|__AUTOMETRIC__
__AUTOMETRIC__|0.1.2|2163898|crew_log_3a972830cf03a045|0|1786756251.729|98.884|0.515|18714267648|21338845184|sim_data_345e031ce91f1b82|__AUTOMETRIC__
__AUTOMETRIC__|0.1.2|2163898|crew_log_3a972830cf03a045|0|1786756252.730|99.864|0.520|19384307712|22007865344|sim_data_345e031ce91f1b82|__AUTOMETRIC__
__AUTOMETRIC__|0.1.2|2163898|crew_log_3a972830cf03a045|0|1786756253.731|98.853|0.515|20041764864|22665297920|sim_data_345e031ce91f1b82|__AUTOMETRIC__
__AUTOMETRIC__|0.1.2|2163898|crew_log_3a972830cf03a045|0|1786756254.733|99.862|0.520|20521488384|23144996864|sim_data_345e031ce91f1b82|__AUTOMETRIC__
__AUTOMETRIC__|0.1.2|2163898|crew_log_3a972830cf03a045|0|1786756255.734|98.848|0.515|20521488384|23145271296|sim_data_345e031ce91f1b82|__AUTOMETRIC__
__AUTOMETRIC__|0.1.2|2163898|crew_log_3a972830cf03a045|0|1786756256.739|99.523|0.518|20521488384|23145271296|sim_data_345e031ce91f1b82|__AUTOMETRIC__
__AUTOMETRIC__|0.1.2|2163898|crew_log_3a972830cf03a045|0|1786756257.740|99.873|0.520|20521488384|23145271296|sim_data_345e031ce91f1b82|__AUTOMETRIC__
__AUTOMETRIC__|0.1.2|2163898|crew_log_3a972830cf03a045|0|1786756258.742|99.814|0.520|20521488384|23145271296|sim_data_345e031ce91f1b82|__AUTOMETRIC__
__AUTOMETRIC__|0.1.2|2163898|crew_log_3a972830cf03a045|0|1786756259.744|98.879|0.515|20521488384|23145271296|sim_data_345e031ce91f1b82|__AUTOMETRIC__
__AUTOMETRIC__|0.1.2|2163898|crew_log_3a972830cf03a045|0|1786756260.745|99.883|0.520|20521488384|23145271296|sim_data_345e031ce91f1b82|__AUTOMETRIC__
__AUTOMETRIC__|0.1.2|2163898|crew_log_3a972830cf03a045|0|1786756261.746|98.884|0.515|20521488384|23145271296|sim_data_345e031ce91f1b82|__AUTOMETRIC__
__AUTOMETRIC__|0.1.2|2163898|crew_log_3a972830cf03a045|0|1786756262.747|99.846|0.520|20521488384|23145271296|sim_data_345e031ce91f1b82|__AUTOMETRIC__
__AUTOMETRIC__|0.1.2|2163898|crew_log_3a972830cf03a045|0|1786756263.749|98.827|0.515|20521488384|23145271296|sim_data_345e031ce91f1b82|__AUTOMETRIC__
__AUTOMETRIC__|0.1.2|2163898|crew_log_3a972830cf03a045|0|1786756264.751|98.866|0.515|20521488384|23145271296|sim_data_345e031ce91f1b82|__AUTOMETRIC__
__AUTOMETRIC__|0.1.2|2163898|crew_log_3a972830cf03a045|0|1786756265.752|99.858|0.520|20521488384|23145271296|sim_data_345e031ce91f1b82|__AUTOMETRIC__
__AUTOMETRIC__|0.1.2|2163898|crew_log_3a972830cf03a045|0|1786756266.753|99.880|0.520|21117603840|23741210624|sim_data_345e031ce91f1b82|__AUTOMETRIC__
__AUTOMETRIC__|0.1.2|2163898|crew_log_3a972830cf03a045|0|1786756267.755|98.868|0.515|21226131456|23849484288|sim_data_345e031ce91f1b82|__AUTOMETRIC__
__AUTOMETRIC__|0.1.2|2163898|crew_log_3a972830cf03a045|0|1786756268.756|99.822|0.520|21226131456|23849484288|sim_data_345e031ce91f1b82|__AUTOMETRIC__
__AUTOMETRIC__|0.1.2|2163898|crew_log_3a972830cf03a045|0|1786756269.758|98.879|0.515|21226131456|23849484288|sim_data_345e031ce91f1b82|__AUTOMETRIC__
__AUTOMETRIC__|0.1.2|2163898|crew_log_3a972830cf03a045|0|1786756270.759|99.852|0.520|21226131456|23849484288|sim_data_345e031ce91f1b82|__AUTOMETRIC__
__AUTOMETRIC__|0.1.2|2163898|crew_log_3a972830cf03a045|0|1786756271.761|98.780|0.514|21226131456|23849484288|sim_data_345e031ce91f1b82|__AUTOMETRIC__
__AUTOMETRIC__|0.1.2|2163898|crew_log_3a972830cf03a045|0|1786756272.763|99.860|0.520|21226131456|23849484288|sim_data_345e031ce91f1b82|__AUTOMETRIC__
__AUTOMETRIC__|0.1.2|2163898|crew_log_3a972830cf03a045|0|1786756273.764|98.864|0.515|21226131456|23849484288|sim_data_345e031ce91f1b82|__AUTOMETRIC__
__AUTOMETRIC__|0.1.2|2163898|crew_log_3a972830cf03a045|0|1786756274.765|99.881|0.520|21226131456|23849484288|sim_data_345e031ce91f1b82|__AUTOMETRIC__
__AUTOMETRIC__|0.1.2|2163898|crew_log_3a972830cf03a045|0|1786756275.767|99.854|0.520|21226131456|23849484288|sim_data_345e031ce91f1b82|__AUTOMETRIC__
__AUTOMETRIC__|0.1.2|2163898|crew_log_3a972830cf03a045|0|1786756276.768|98.861|0.515|21226131456|23849484288|sim_data_345e031ce91f1b82|__AUTOMETRIC__
__AUTOMETRIC__|0.1.2|2163898|crew_log_3a972830cf03a045|0|1786756277.770|225.549|1.175|21309493248|23935160320|sim_data_345e031ce91f1b82|__AUTOMETRIC__
__AUTOMETRIC__|0.1.2|2163898|crew_log_3a972830cf03a045|0|1786756278.772|546.943|2.849|21948076032|24711610368|sim_data_345e031ce91f1b82|__AUTOMETRIC__
__AUTOMETRIC__|0.1.2|2163898|crew_log_3a972830cf03a045|0|1786756279.773|467.403|2.434|22648000512|25409617920|sim_data_345e031ce91f1b82|__AUTOMETRIC__
__AUTOMETRIC__|0.1.2|2163898|crew_log_3a972830cf03a045|0|1786756280.775|100.861|0.525|23156035584|25918312448|sim_data_345e031ce91f1b82|__AUTOMETRIC__
__AUTOMETRIC__|0.1.2|2163898|crew_log_3a972830cf03a045|0|1786756281.776|68.918|0.359|23465889792|26227974144|sim_data_345e031ce91f1b82|__AUTOMETRIC__
__AUTOMETRIC__|0.1.2|2163898|crew_log_3a972830cf03a045|0|1786756282.777|3.995|0.021|23491055616|26253484032|sim_data_345e031ce91f1b82|__AUTOMETRIC__
__AUTOMETRIC__|0.1.2|2163898|crew_log_3a972830cf03a045|0|1786756283.778|16.979|0.088|23497347072|26259804160|sim_data_345e031ce91f1b82|__AUTOMETRIC__
__AUTOMETRIC__|0.1.2|2163898|crew_log_3a972830cf03a045|0|1786756284.780|0.999|0.005|23500492800|26263998464|sim_data_345e031ce91f1b82|__AUTOMETRIC__
__AUTOMETRIC__|0.1.2|2163898|crew_log_3a972830cf03a045|0|1786756285.839|13.212|0.069|23506784256|26270306304|sim_data_345e031ce91f1b82|__AUTOMETRIC__
__AUTOMETRIC__|0.1.2|2163898|crew_log_3a972830cf03a045|0|1786756286.840|0.999|0.005|23511502848|26274906112|sim_data_345e031ce91f1b82|__AUTOMETRIC__
__AUTOMETRIC__|0.1.2|2163898|crew_log_3a972830cf03a045|0|1786756287.842|0.000|0.000|23514648576|26278371328|sim_data_345e031ce91f1b82|__AUTOMETRIC__
__AUTOMETRIC__|0.1.2|2163898|crew_log_3a972830cf03a045|0|1786756288.844|16.967|0.088|23517794304|26281828352|sim_data_345e031ce91f1b82|__AUTOMETRIC__
__AUTOMETRIC__|0.1.2|2163898|crew_log_3a972830cf03a045|0|1786756289.845|0.999|0.005|23520940032|26285670400|sim_data_345e031ce91f1b82|__AUTOMETRIC__
__AUTOMETRIC__|0.1.2|2163898|crew_log_3a972830cf03a045|0|1786756290.846|6.991|0.036|23547678720|26313404416|sim_data_345e031ce91f1b82|__AUTOMETRIC__
__AUTOMETRIC__|0.1.2|2163898|crew_log_3a972830cf03a045|0|1786756291.848|76.880|0.400|23906787328|34014715904|sim_data_345e031ce91f1b82|__AUTOMETRIC__
__AUTOMETRIC__|0.1.2|2163898|crew_log_3a972830cf03a045|0|1786756292.849|109.868|0.572|24422223872|35143278592|sim_data_345e031ce91f1b82|__AUTOMETRIC__
__AUTOMETRIC__|0.1.2|2163898|crew_log_3a972830cf03a045|0|1786756293.851|97.841|0.510|25111138304|35836399616|sim_data_345e031ce91f1b82|__AUTOMETRIC__
__AUTOMETRIC__|0.1.2|2163898|crew_log_3a972830cf03a045|0|1786756294.852|802.967|4.182|25615720448|36369985536|sim_data_345e031ce91f1b82|__AUTOMETRIC__
__AUTOMETRIC__|0.1.2|2163898|crew_log_3a972830cf03a045|0|1786756295.855|537.218|2.798|25615720448|36369985536|sim_data_345e031ce91f1b82|__AUTOMETRIC__
__AUTOMETRIC__|0.1.2|2163898|crew_log_3a972830cf03a045|0|1786756296.856|51.939|0.271|25615720448|36369985536|sim_data_345e031ce91f1b82|__AUTOMETRIC__
__AUTOMETRIC__|0.1.2|2163898|crew_log_3a972830cf03a045|0|1786756297.858|96.866|0.505|25615720448|36369985536|sim_data_345e031ce91f1b82|__AUTOMETRIC__
__AUTOMETRIC__|0.1.2|2163898|crew_log_3a972830cf03a045|0|1786756298.860|32.931|0.172|25615720448|36369985536|sim_data_345e031ce91f1b82|__AUTOMETRIC__
__AUTOMETRIC__|0.1.2|2163898|crew_log_3a972830cf03a045|0|1786756299.861|0.000|0.000|25615720448|36369985536|sim_data_345e031ce91f1b82|__AUTOMETRIC__
__AUTOMETRIC__|0.1.2|2163898|crew_log_3a972830cf03a045|0|1786756300.862|19.974|0.104|25615720448|36369985536|sim_data_345e031ce91f1b82|__AUTOMETRIC__
__AUTOMETRIC__|0.1.2|2163898|crew_log_3a972830cf03a045|0|1786756301.864|0.000|0.000|25615720448|36369985536|sim_data_345e031ce91f1b82|__AUTOMETRIC__
__AUTOMETRIC__|0.1.2|2163898|crew_log_3a972830cf03a045|0|1786756302.865|17.978|0.094|25615720448|36369985536|sim_data_345e031ce91f1b82|__AUTOMETRIC__
__AUTOMETRIC__|0.1.2|2163898|crew_log_3a972830cf03a045|0|1786756303.866|0.000|0.000|25615720448|36369985536|sim_data_345e031ce91f1b82|__AUTOMETRIC__
__AUTOMETRIC__|0.1.2|2163898|crew_log_3a972830cf03a045|0|1786756304.961|17.364|0.090|25615720448|36369985536|sim_data_345e031ce91f1b82|__AUTOMETRIC__
__AUTOMETRIC__|0.1.2|2163898|crew_log_3a972830cf03a045|0|1786756305.962|0.999|0.005|25615720448|36369985536|sim_data_345e031ce91f1b82|__AUTOMETRIC__
__AUTOMETRIC__|0.1.2|2163898|crew_log_3a972830cf03a045|0|1786756306.963|0.000|0.000|25615720448|36369985536|sim_data_345e031ce91f1b82|__AUTOMETRIC__
__AUTOMETRIC__|0.1.2|2163898|crew_log_3a972830cf03a045|0|1786756307.965|81.888|0.427|25626378240|36380213248|sim_data_345e031ce91f1b82|__AUTOMETRIC__
__AUTOMETRIC__|0.1.2|2163898|crew_log_3a972830cf03a045|0|1786756308.967|98.803|0.515|25626378240|36380213248|sim_data_345e031ce91f1b82|__AUTOMETRIC__
__AUTOMETRIC__|0.1.2|2163898|crew_log_3a972830cf03a045|0|1786756309.968|654.892|3.411|25631096832|36380213248|sim_data_345e031ce91f1b82|__AUTOMETRIC__
__AUTOMETRIC__|0.1.2|2163898|crew_log_3a972830cf03a045|0|1786756310.970|950.835|4.952|25675137024|36424458240|sim_data_345e031ce91f1b82|__AUTOMETRIC__
__AUTOMETRIC__|0.1.2|2163898|crew_log_3a972830cf03a045|0|1786756311.971|101.867|0.531|25675137024|36424458240|sim_data_345e031ce91f1b82|__AUTOMETRIC__
__AUTOMETRIC__|0.1.2|2163898|crew_log_3a972830cf03a045|0|1786756312.972|98.867|0.515|25675137024|36424458240|sim_data_345e031ce91f1b82|__AUTOMETRIC__
__AUTOMETRIC__|0.1.2|2163898|crew_log_3a972830cf03a045|0|1786756313.974|19.970|0.104|25675137024|36424458240|sim_data_345e031ce91f1b82|__AUTOMETRIC__
__AUTOMETRIC__|0.1.2|2163898|crew_log_3a972830cf03a045|0|1786756314.975|0.999|0.005|25675137024|36424458240|sim_data_345e031ce91f1b82|__AUTOMETRIC__
__AUTOMETRIC__|0.1.2|2163898|crew_log_3a972830cf03a045|0|1786756315.976|18.979|0.099|25675137024|36424458240|sim_data_345e031ce91f1b82|__AUTOMETRIC__
__AUTOMETRIC__|0.1.2|2163898|crew_log_3a972830cf03a045|0|1786756316.978|0.000|0.000|25675137024|36424458240|sim_data_345e031ce91f1b82|__AUTOMETRIC__
__AUTOMETRIC__|0.1.2|2163898|crew_log_3a972830cf03a045|0|1786756317.979|18.979|0.099|25675137024|36424458240|sim_data_345e031ce91f1b82|__AUTOMETRIC__
__AUTOMETRIC__|0.1.2|2163898|crew_log_3a972830cf03a045|0|1786756318.981|0.998|0.005|25675137024|36424458240|sim_data_345e031ce91f1b82|__AUTOMETRIC__
__AUTOMETRIC__|0.1.2|2163898|crew_log_3a972830cf03a045|0|1786756319.983|0.000|0.000|25675137024|36424458240|sim_data_345e031ce91f1b82|__AUTOMETRIC__
__AUTOMETRIC__|0.1.2|2163898|crew_log_3a972830cf03a045|0|1786756320.984|18.971|0.099|25675137024|36424458240|sim_data_345e031ce91f1b82|__AUTOMETRIC__
__AUTOMETRIC__|0.1.2|2163898|crew_log_3a972830cf03a045|0|1786756321.986|0.998|0.005|25675137024|36424458240|sim_data_345e031ce91f1b82|__AUTOMETRIC__
__AUTOMETRIC__|0.1.2|2163898|crew_log_3a972830cf03a045|0|1786756322.987|44.922|0.234|25676689408|36424458240|sim_data_345e031ce91f1b82|__AUTOMETRIC__
__AUTOMETRIC__|0.1.2|2163898|crew_log_3a972830cf03a045|0|1786756323.989|95.826|0.499|25676689408|36424458240|sim_data_345e031ce91f1b82|__AUTOMETRIC__
__AUTOMETRIC__|0.1.2|2163898|crew_log_3a972830cf03a045|0|1786756324.991|188.568|0.982|25676689408|36424458240|sim_data_345e031ce91f1b82|__AUTOMETRIC__
__AUTOMETRIC__|0.1.2|2163898|crew_log_3a972830cf03a045|0|1786756325.994|992.073|5.167|25676689408|36424458240|sim_data_345e031ce91f1b82|__AUTOMETRIC__
__AUTOMETRIC__|0.1.2|2163898|crew_log_3a972830cf03a045|0|1786756326.996|107.861|0.562|25676689408|36424458240|sim_data_345e031ce91f1b82|__AUTOMETRIC__
__AUTOMETRIC__|0.1.2|2163898|crew_log_3a972830cf03a045|0|1786756327.997|96.870|0.505|25676689408|36424458240|sim_data_345e031ce91f1b82|__AUTOMETRIC__
__AUTOMETRIC__|0.1.2|2163898|crew_log_3a972830cf03a045|0|1786756328.999|0.998|0.005|25676689408|36424458240|sim_data_345e031ce91f1b82|__AUTOMETRIC__
__AUTOMETRIC__|0.1.2|2163898|crew_log_3a972830cf03a045|0|1786756330.000|0.000|0.000|25676689408|36424458240|sim_data_345e031ce91f1b82|__AUTOMETRIC__
__AUTOMETRIC__|0.1.2|2163898|crew_log_3a972830cf03a045|0|1786756331.002|18.974|0.099|25676689408|36424458240|sim_data_345e031ce91f1b82|__AUTOMETRIC__
__AUTOMETRIC__|0.1.2|2163898|crew_log_3a972830cf03a045|0|1786756332.003|0.000|0.000|25676689408|36424458240|sim_data_345e031ce91f1b82|__AUTOMETRIC__
__AUTOMETRIC__|0.1.2|2163898|crew_log_3a972830cf03a045|0|1786756333.004|18.975|0.099|25676689408|36424458240|sim_data_345e031ce91f1b82|__AUTOMETRIC__
__AUTOMETRIC__|0.1.2|2163898|crew_log_3a972830cf03a045|0|1786756334.006|0.999|0.005|25676689408|36424458240|sim_data_345e031ce91f1b82|__AUTOMETRIC__
__AUTOMETRIC__|0.1.2|2163898|crew_log_3a972830cf03a045|0|1786756335.007|18.977|0.099|25676689408|36424458240|sim_data_345e031ce91f1b82|__AUTOMETRIC__
__AUTOMETRIC__|0.1.2|2163898|crew_log_3a972830cf03a045|0|1786756336.008|0.000|0.000|25676689408|36424458240|sim_data_345e031ce91f1b82|__AUTOMETRIC__
__AUTOMETRIC__|0.1.2|2163898|crew_log_3a972830cf03a045|0|1786756337.010|5.992|0.031|25676689408|36424458240|sim_data_345e031ce91f1b82|__AUTOMETRIC__
__AUTOMETRIC__|0.1.2|2163898|crew_log_3a972830cf03a045|0|1786756338.011|82.893|0.432|25679835136|36424458240|sim_data_345e031ce91f1b82|__AUTOMETRIC__
__AUTOMETRIC__|0.1.2|2163898|crew_log_3a972830cf03a045|0|1786756339.013|97.804|0.509|25679835136|36424458240|sim_data_345e031ce91f1b82|__AUTOMETRIC__
__AUTOMETRIC__|0.1.2|2163898|crew_log_3a972830cf03a045|0|1786756340.014|723.057|3.766|25679835136|36424458240|sim_data_345e031ce91f1b82|__AUTOMETRIC__
__AUTOMETRIC__|0.1.2|2163898|crew_log_3a972830cf03a045|0|1786756341.016|478.424|2.492|25679835136|36424458240|sim_data_345e031ce91f1b82|__AUTOMETRIC__
__AUTOMETRIC__|0.1.2|2163898|crew_log_3a972830cf03a045|0|1786756342.017|112.792|0.587|25679835136|36424458240|sim_data_345e031ce91f1b82|__AUTOMETRIC__
__AUTOMETRIC__|0.1.2|2163898|crew_log_3a972830cf03a045|0|1786756343.019|36.948|0.192|25679835136|36424458240|sim_data_345e031ce91f1b82|__AUTOMETRIC__
__AUTOMETRIC__|0.1.2|2163898|crew_log_3a972830cf03a045|0|1786756344.020|0.000|0.000|25679835136|36424458240|sim_data_345e031ce91f1b82|__AUTOMETRIC__
__AUTOMETRIC__|0.1.2|2163898|crew_log_3a972830cf03a045|0|1786756345.022|17.964|0.094|25679835136|36424458240|sim_data_345e031ce91f1b82|__AUTOMETRIC__
__AUTOMETRIC__|0.1.2|2163898|crew_log_3a972830cf03a045|0|1786756346.024|0.999|0.005|25679835136|36424458240|sim_data_345e031ce91f1b82|__AUTOMETRIC__
__AUTOMETRIC__|0.1.2|2163898|crew_log_3a972830cf03a045|0|1786756347.025|17.976|0.094|25679835136|36424458240|sim_data_345e031ce91f1b82|__AUTOMETRIC__
__AUTOMETRIC__|0.1.2|2163898|crew_log_3a972830cf03a045|0|1786756348.026|0.000|0.000|25679835136|36424458240|sim_data_345e031ce91f1b82|__AUTOMETRIC__
__AUTOMETRIC__|0.1.2|2163898|crew_log_3a972830cf03a045|0|1786756349.028|0.998|0.005|25679835136|36424458240|sim_data_345e031ce91f1b82|__AUTOMETRIC__
__AUTOMETRIC__|0.1.2|2163898|crew_log_3a972830cf03a045|0|1786756350.030|17.976|0.094|25679835136|36424458240|sim_data_345e031ce91f1b82|__AUTOMETRIC__
__AUTOMETRIC__|0.1.2|2163898|crew_log_3a972830cf03a045|0|1786756351.031|1.997|0.010|25679835136|36424458240|sim_data_345e031ce91f1b82|__AUTOMETRIC__
__AUTOMETRIC__|0.1.2|2163898|crew_log_3a972830cf03a045|0|1786756352.032|44.938|0.234|25703428096|36446343168|sim_data_345e031ce91f1b82|__AUTOMETRIC__
__AUTOMETRIC__|0.1.2|2163898|crew_log_3a972830cf03a045|0|1786756353.034|96.840|0.504|26012213248|36756930560|sim_data_345e031ce91f1b82|__AUTOMETRIC__
__AUTOMETRIC__|0.1.2|2163898|crew_log_3a972830cf03a045|0|1786756354.036|98.789|0.515|26012213248|36756930560|sim_data_345e031ce91f1b82|__AUTOMETRIC__
__AUTOMETRIC__|0.1.2|2163898|crew_log_3a972830cf03a045|0|1786756355.037|1136.444|5.919|26013786112|36756930560|sim_data_345e031ce91f1b82|__AUTOMETRIC__
__AUTOMETRIC__|0.1.2|2163898|crew_log_3a972830cf03a045|0|1786756356.040|108.739|0.566|26013786112|36756930560|sim_data_345e031ce91f1b82|__AUTOMETRIC__
__AUTOMETRIC__|0.1.2|2163898|crew_log_3a972830cf03a045|0|1786756357.150|104.501|0.544|26013786112|36756930560|sim_data_345e031ce91f1b82|__AUTOMETRIC__
__AUTOMETRIC__|0.1.2|2163898|crew_log_3a972830cf03a045|0|1786756358.151|0.999|0.005|26013786112|36756930560|sim_data_345e031ce91f1b82|__AUTOMETRIC__
__AUTOMETRIC__|0.1.2|2163898|crew_log_3a972830cf03a045|0|1786756359.153|0.998|0.005|26013786112|36756930560|sim_data_345e031ce91f1b82|__AUTOMETRIC__
__AUTOMETRIC__|0.1.2|2163898|crew_log_3a972830cf03a045|0|1786756360.154|17.978|0.094|26013786112|36756930560|sim_data_345e031ce91f1b82|__AUTOMETRIC__
__AUTOMETRIC__|0.1.2|2163898|crew_log_3a972830cf03a045|0|1786756361.155|0.000|0.000|26013786112|36756930560|sim_data_345e031ce91f1b82|__AUTOMETRIC__
__AUTOMETRIC__|0.1.2|2163898|crew_log_3a972830cf03a045|0|1786756362.157|17.971|0.094|26013786112|36756930560|sim_data_345e031ce91f1b82|__AUTOMETRIC__
__AUTOMETRIC__|0.1.2|2163898|crew_log_3a972830cf03a045|0|1786756363.158|0.999|0.005|26013786112|36756930560|sim_data_345e031ce91f1b82|__AUTOMETRIC__
__AUTOMETRIC__|0.1.2|2163898|crew_log_3a972830cf03a045|0|1786756364.160|18.973|0.099|26013786112|36756930560|sim_data_345e031ce91f1b82|__AUTOMETRIC__
__AUTOMETRIC__|0.1.2|2163898|crew_log_3a972830cf03a045|0|1786756365.161|0.000|0.000|26013786112|36756930560|sim_data_345e031ce91f1b82|__AUTOMETRIC__
__AUTOMETRIC__|0.1.2|2163898|crew_log_3a972830cf03a045|0|1786756366.162|9.987|0.052|26013786112|36756930560|sim_data_345e031ce91f1b82|__AUTOMETRIC__
__AUTOMETRIC__|0.1.2|2163898|crew_log_3a972830cf03a045|0|1786756367.164|87.873|0.458|26013786112|36756930560|sim_data_345e031ce91f1b82|__AUTOMETRIC__
__AUTOMETRIC__|0.1.2|2163898|crew_log_3a972830cf03a045|0|1786756368.165|99.877|0.520|26046816256|36790296576|sim_data_345e031ce91f1b82|__AUTOMETRIC__
__AUTOMETRIC__|0.1.2|2163898|crew_log_3a972830cf03a045|0|1786756369.167|655.775|3.415|26046816256|36790296576|sim_data_345e031ce91f1b82|__AUTOMETRIC__
__AUTOMETRIC__|0.1.2|2163898|crew_log_3a972830cf03a045|0|1786756370.168|507.391|2.643|26046816256|36790296576|sim_data_345e031ce91f1b82|__AUTOMETRIC__
__AUTOMETRIC__|0.1.2|2163898|crew_log_3a972830cf03a045|0|1786756371.169|133.821|0.697|26046816256|36790296576|sim_data_345e031ce91f1b82|__AUTOMETRIC__
__AUTOMETRIC__|0.1.2|2163898|crew_log_3a972830cf03a045|0|1786756372.171|36.952|0.192|26046816256|36790296576|sim_data_345e031ce91f1b82|__AUTOMETRIC__
__AUTOMETRIC__|0.1.2|2163898|crew_log_3a972830cf03a045|0|1786756373.172|0.999|0.005|26046816256|36790296576|sim_data_345e031ce91f1b82|__AUTOMETRIC__
__AUTOMETRIC__|0.1.2|2163898|crew_log_3a972830cf03a045|0|1786756374.174|18.970|0.099|26046816256|36790296576|sim_data_345e031ce91f1b82|__AUTOMETRIC__
__AUTOMETRIC__|0.1.2|2163898|crew_log_3a972830cf03a045|0|1786756375.175|0.000|0.000|26046816256|36790296576|sim_data_345e031ce91f1b82|__AUTOMETRIC__
__AUTOMETRIC__|0.1.2|2163898|crew_log_3a972830cf03a045|0|1786756376.177|18.963|0.099|26046816256|36790296576|sim_data_345e031ce91f1b82|__AUTOMETRIC__
__AUTOMETRIC__|0.1.2|2163898|crew_log_3a972830cf03a045|0|1786756377.178|0.998|0.005|26046816256|36790296576|sim_data_345e031ce91f1b82|__AUTOMETRIC__
__AUTOMETRIC__|0.1.2|2163898|crew_log_3a972830cf03a045|0|1786756378.180|15.979|0.083|26046816256|36790296576|sim_data_345e031ce91f1b82|__AUTOMETRIC__
__AUTOMETRIC__|0.1.2|2163898|crew_log_3a972830cf03a045|0|1786756379.182|0.998|0.005|26046816256|36790296576|sim_data_345e031ce91f1b82|__AUTOMETRIC__
__AUTOMETRIC__|0.1.2|2163898|crew_log_3a972830cf03a045|0|1786756380.183|1.997|0.010|26046816256|36790296576|sim_data_345e031ce91f1b82|__AUTOMETRIC__
__AUTOMETRIC__|0.1.2|2163898|crew_log_3a972830cf03a045|0|1786756381.185|52.912|0.276|26046816256|36790296576|sim_data_345e031ce91f1b82|__AUTOMETRIC__
__AUTOMETRIC__|0.1.2|2163898|crew_log_3a972830cf03a045|0|1786756382.186|98.857|0.515|26046816256|36790296576|sim_data_345e031ce91f1b82|__AUTOMETRIC__
__AUTOMETRIC__|0.1.2|2163898|crew_log_3a972830cf03a045|0|1786756383.187|138.830|0.723|26049961984|36792803328|sim_data_345e031ce91f1b82|__AUTOMETRIC__
__AUTOMETRIC__|0.1.2|2163898|crew_log_3a972830cf03a045|0|1786756384.189|1058.217|5.512|26049961984|36792803328|sim_data_345e031ce91f1b82|__AUTOMETRIC__
__AUTOMETRIC__|0.1.2|2163898|crew_log_3a972830cf03a045|0|1786756385.190|134.807|0.702|26049961984|36792803328|sim_data_345e031ce91f1b82|__AUTOMETRIC__
__AUTOMETRIC__|0.1.2|2163898|crew_log_3a972830cf03a045|0|1786756386.192|80.891|0.421|26049961984|36792803328|sim_data_345e031ce91f1b82|__AUTOMETRIC__
__AUTOMETRIC__|0.1.2|2163898|crew_log_3a972830cf03a045|0|1786756387.193|0.999|0.005|26049961984|36792803328|sim_data_345e031ce91f1b82|__AUTOMETRIC__
__AUTOMETRIC__|0.1.2|2163898|crew_log_3a972830cf03a045|0|1786756388.326|15.014|0.078|26049961984|36792803328|sim_data_345e031ce91f1b82|__AUTOMETRIC__
__AUTOMETRIC__|0.1.2|2163898|crew_log_3a972830cf03a045|0|1786756389.327|0.999|0.005|26049961984|36792803328|sim_data_345e031ce91f1b82|__AUTOMETRIC__
__AUTOMETRIC__|0.1.2|2163898|crew_log_3a972830cf03a045|0|1786756390.329|0.000|0.000|26049961984|36792803328|sim_data_345e031ce91f1b82|__AUTOMETRIC__
__AUTOMETRIC__|0.1.2|2163898|crew_log_3a972830cf03a045|0|1786756391.331|16.975|0.088|26049961984|36792803328|sim_data_345e031ce91f1b82|__AUTOMETRIC__
__AUTOMETRIC__|0.1.2|2163898|crew_log_3a972830cf03a045|0|1786756392.332|0.999|0.005|26049961984|36792803328|sim_data_345e031ce91f1b82|__AUTOMETRIC__
__AUTOMETRIC__|0.1.2|2163898|crew_log_3a972830cf03a045|0|1786756393.333|16.974|0.088|26049961984|36792803328|sim_data_345e031ce91f1b82|__AUTOMETRIC__
__AUTOMETRIC__|0.1.2|2163898|crew_log_3a972830cf03a045|0|1786756394.335|0.000|0.000|26049961984|36792803328|sim_data_345e031ce91f1b82|__AUTOMETRIC__
__AUTOMETRIC__|0.1.2|2163898|crew_log_3a972830cf03a045|0|1786756395.336|33.959|0.177|26049961984|36792803328|sim_data_345e031ce91f1b82|__AUTOMETRIC__
__AUTOMETRIC__|0.1.2|2163898|crew_log_3a972830cf03a045|0|1786756396.337|89.886|0.468|26049961984|36792803328|sim_data_345e031ce91f1b82|__AUTOMETRIC__
__AUTOMETRIC__|0.1.2|2163898|crew_log_3a972830cf03a045|0|1786756397.339|99.855|0.520|26049961984|36792803328|sim_data_345e031ce91f1b82|__AUTOMETRIC__
__AUTOMETRIC__|0.1.2|2163898|crew_log_3a972830cf03a045|0|1786756398.340|1135.160|5.912|26057826304|36799991808|sim_data_345e031ce91f1b82|__AUTOMETRIC__
__AUTOMETRIC__|0.1.2|2163898|crew_log_3a972830cf03a045|0|1786756399.342|233.718|1.217|26057826304|36799991808|sim_data_345e031ce91f1b82|__AUTOMETRIC__
__AUTOMETRIC__|0.1.2|2163898|crew_log_3a972830cf03a045|0|1786756400.343|100.877|0.525|26057826304|36799991808|sim_data_345e031ce91f1b82|__AUTOMETRIC__
__AUTOMETRIC__|0.1.2|2163898|crew_log_3a972830cf03a045|0|1786756401.344|40.946|0.213|26057826304|36799991808|sim_data_345e031ce91f1b82|__AUTOMETRIC__
__AUTOMETRIC__|0.1.2|2163898|crew_log_3a972830cf03a045|0|1786756402.346|0.998|0.005|26057826304|36799991808|sim_data_345e031ce91f1b82|__AUTOMETRIC__
__AUTOMETRIC__|0.1.2|2163898|crew_log_3a972830cf03a045|0|1786756403.348|17.966|0.094|26057826304|36799991808|sim_data_345e031ce91f1b82|__AUTOMETRIC__
__AUTOMETRIC__|0.1.2|2163898|crew_log_3a972830cf03a045|0|1786756404.349|0.998|0.005|26057826304|36799991808|sim_data_345e031ce91f1b82|__AUTOMETRIC__
__AUTOMETRIC__|0.1.2|2163898|crew_log_3a972830cf03a045|0|1786756405.503|15.600|0.081|26057826304|36799991808|sim_data_345e031ce91f1b82|__AUTOMETRIC__
__AUTOMETRIC__|0.1.2|2163898|crew_log_3a972830cf03a045|0|1786756406.504|1.997|0.010|26057826304|36799991808|sim_data_345e031ce91f1b82|__AUTOMETRIC__
__AUTOMETRIC__|0.1.2|2163898|crew_log_3a972830cf03a045|0|1786756407.506|0.000|0.000|26057826304|36799991808|sim_data_345e031ce91f1b82|__AUTOMETRIC__
__AUTOMETRIC__|0.1.2|2163898|crew_log_3a972830cf03a045|0|1786756408.507|17.976|0.094|26057826304|36799991808|sim_data_345e031ce91f1b82|__AUTOMETRIC__
__AUTOMETRIC__|0.1.2|2163898|crew_log_3a972830cf03a045|0|1786756409.509|0.000|0.000|26057826304|36799991808|sim_data_345e031ce91f1b82|__AUTOMETRIC__
__AUTOMETRIC__|0.1.2|2163898|crew_log_3a972830cf03a045|0|1786756410.510|52.916|0.276|26057826304|36799991808|sim_data_345e031ce91f1b82|__AUTOMETRIC__
__AUTOMETRIC__|0.1.2|2163898|crew_log_3a972830cf03a045|0|1786756411.512|97.874|0.510|26057826304|36799991808|sim_data_345e031ce91f1b82|__AUTOMETRIC__
__AUTOMETRIC__|0.1.2|2163898|crew_log_3a972830cf03a045|0|1786756412.513|268.514|1.399|26057826304|36799991808|sim_data_345e031ce91f1b82|__AUTOMETRIC__
__AUTOMETRIC__|0.1.2|2163898|crew_log_3a972830cf03a045|0|1786756413.515|1294.884|6.744|26065690624|36808843264|sim_data_345e031ce91f1b82|__AUTOMETRIC__
__AUTOMETRIC__|0.1.2|2163898|crew_log_3a972830cf03a045|0|1786756414.516|659.023|3.432|26065690624|36808843264|sim_data_345e031ce91f1b82|__AUTOMETRIC__
__AUTOMETRIC__|0.1.2|2163898|crew_log_3a972830cf03a045|0|1786756415.518|134.847|0.702|26065690624|36808843264|sim_data_345e031ce91f1b82|__AUTOMETRIC__
__AUTOMETRIC__|0.1.2|2163898|crew_log_3a972830cf03a045|0|1786756416.520|50.885|0.265|26065690624|36808843264|sim_data_345e031ce91f1b82|__AUTOMETRIC__
__AUTOMETRIC__|0.1.2|2163898|crew_log_3a972830cf03a045|0|1786756417.521|0.000|0.000|26065690624|36808843264|sim_data_345e031ce91f1b82|__AUTOMETRIC__
__AUTOMETRIC__|0.1.2|2163898|crew_log_3a972830cf03a045|0|1786756418.523|18.975|0.099|26065690624|36808843264|sim_data_345e031ce91f1b82|__AUTOMETRIC__
__AUTOMETRIC__|0.1.2|2163898|crew_log_3a972830cf03a045|0|1786756419.524|0.998|0.005|26065690624|36808843264|sim_data_345e031ce91f1b82|__AUTOMETRIC__
__AUTOMETRIC__|0.1.2|2163898|crew_log_3a972830cf03a045|0|1786756420.526|18.974|0.099|26065690624|36808843264|sim_data_345e031ce91f1b82|__AUTOMETRIC__
__AUTOMETRIC__|0.1.2|2163898|crew_log_3a972830cf03a045|0|1786756421.527|0.000|0.000|26065690624|36808843264|sim_data_345e031ce91f1b82|__AUTOMETRIC__
__AUTOMETRIC__|0.1.2|2163898|crew_log_3a972830cf03a045|0|1786756422.654|15.970|0.083|26065690624|36808843264|sim_data_345e031ce91f1b82|__AUTOMETRIC__
__AUTOMETRIC__|0.1.2|2163898|crew_log_3a972830cf03a045|0|1786756423.656|0.999|0.005|26065690624|36808843264|sim_data_345e031ce91f1b82|__AUTOMETRIC__
__AUTOMETRIC__|0.1.2|2163898|crew_log_3a972830cf03a045|0|1786756424.657|5.991|0.031|26065690624|36808843264|sim_data_345e031ce91f1b82|__AUTOMETRIC__
__AUTOMETRIC__|0.1.2|2163898|crew_log_3a972830cf03a045|0|1786756425.659|88.843|0.463|26067263488|36808843264|sim_data_345e031ce91f1b82|__AUTOMETRIC__
__AUTOMETRIC__|0.1.2|2163898|crew_log_3a972830cf03a045|0|1786756426.660|98.869|0.515|26067263488|36808843264|sim_data_345e031ce91f1b82|__AUTOMETRIC__
__AUTOMETRIC__|0.1.2|2163898|crew_log_3a972830cf03a045|0|1786756427.665|739.279|3.850|26067263488|36808843264|sim_data_345e031ce91f1b82|__AUTOMETRIC__
__AUTOMETRIC__|0.1.2|2163898|crew_log_3a972830cf03a045|0|1786756428.667|993.899|5.177|26071982080|36814458880|sim_data_345e031ce91f1b82|__AUTOMETRIC__
__AUTOMETRIC__|0.1.2|2163898|crew_log_3a972830cf03a045|0|1786756429.668|135.791|0.707|26071982080|36814458880|sim_data_345e031ce91f1b82|__AUTOMETRIC__
__AUTOMETRIC__|0.1.2|2163898|crew_log_3a972830cf03a045|0|1786756430.669|82.898|0.432|26071982080|36814458880|sim_data_345e031ce91f1b82|__AUTOMETRIC__
__AUTOMETRIC__|0.1.2|2163898|crew_log_3a972830cf03a045|0|1786756431.671|0.999|0.005|26071982080|36814458880|sim_data_345e031ce91f1b82|__AUTOMETRIC__
__AUTOMETRIC__|0.1.2|2163898|crew_log_3a972830cf03a045|0|1786756432.740|17.773|0.093|26071982080|36814458880|sim_data_345e031ce91f1b82|__AUTOMETRIC__
__AUTOMETRIC__|0.1.2|2163898|crew_log_3a972830cf03a045|0|1786756433.741|0.999|0.005|26071982080|36814458880|sim_data_345e031ce91f1b82|__AUTOMETRIC__
__AUTOMETRIC__|0.1.2|2163898|crew_log_3a972830cf03a045|0|1786756434.868|16.850|0.088|26071982080|36814458880|sim_data_345e031ce91f1b82|__AUTOMETRIC__
__AUTOMETRIC__|0.1.2|2163898|crew_log_3a972830cf03a045|0|1786756435.870|0.999|0.005|26071982080|36814458880|sim_data_345e031ce91f1b82|__AUTOMETRIC__
__AUTOMETRIC__|0.1.2|2163898|crew_log_3a972830cf03a045|0|1786756436.871|0.000|0.000|26071982080|36814458880|sim_data_345e031ce91f1b82|__AUTOMETRIC__
__AUTOMETRIC__|0.1.2|2163898|crew_log_3a972830cf03a045|0|1786756437.872|18.975|0.099|26071982080|36814458880|sim_data_345e031ce91f1b82|__AUTOMETRIC__
__AUTOMETRIC__|0.1.2|2163898|crew_log_3a972830cf03a045|0|1786756438.875|0.997|0.005|26071982080|36814458880|sim_data_345e031ce91f1b82|__AUTOMETRIC__
__AUTOMETRIC__|0.1.2|2163898|crew_log_3a972830cf03a045|0|1786756439.876|46.939|0.244|26073554944|36814458880|sim_data_345e031ce91f1b82|__AUTOMETRIC__
__AUTOMETRIC__|0.1.2|2163898|crew_log_3a972830cf03a045|0|1786756440.878|94.862|0.494|26073554944|36814458880|sim_data_345e031ce91f1b82|__AUTOMETRIC__
__AUTOMETRIC__|0.1.2|2163898|crew_log_3a972830cf03a045|0|1786756441.879|104.861|0.546|26073554944|36814458880|sim_data_345e031ce91f1b82|__AUTOMETRIC__
__AUTOMETRIC__|0.1.2|2163898|crew_log_3a972830cf03a045|0|1786756442.881|1263.102|6.579|26079846400|36820639744|sim_data_345e031ce91f1b82|__AUTOMETRIC__
__AUTOMETRIC__|0.1.2|2163898|crew_log_3a972830cf03a045|0|1786756443.882|193.689|1.009|26079846400|36820639744|sim_data_345e031ce91f1b82|__AUTOMETRIC__
__AUTOMETRIC__|0.1.2|2163898|crew_log_3a972830cf03a045|0|1786756444.987|128.558|0.670|26079846400|36820639744|sim_data_345e031ce91f1b82|__AUTOMETRIC__
__AUTOMETRIC__|0.1.2|2163898|crew_log_3a972830cf03a045|0|1786756445.988|0.000|0.000|26079846400|36820639744|sim_data_345e031ce91f1b82|__AUTOMETRIC__
__AUTOMETRIC__|0.1.2|2163898|crew_log_3a972830cf03a045|0|1786756446.989|0.999|0.005|26079846400|36820639744|sim_data_345e031ce91f1b82|__AUTOMETRIC__
__AUTOMETRIC__|0.1.2|2163898|crew_log_3a972830cf03a045|0|1786756447.991|16.978|0.088|26079846400|36820639744|sim_data_345e031ce91f1b82|__AUTOMETRIC__
__AUTOMETRIC__|0.1.2|2163898|crew_log_3a972830cf03a045|0|1786756448.992|0.999|0.005|26079846400|36820639744|sim_data_345e031ce91f1b82|__AUTOMETRIC__
__AUTOMETRIC__|0.1.2|2163898|crew_log_3a972830cf03a045|0|1786756449.993|16.979|0.088|26079846400|36820639744|sim_data_345e031ce91f1b82|__AUTOMETRIC__
__AUTOMETRIC__|0.1.2|2163898|crew_log_3a972830cf03a045|0|1786756450.994|0.999|0.005|26079846400|36820639744|sim_data_345e031ce91f1b82|__AUTOMETRIC__
__AUTOMETRIC__|0.1.2|2163898|crew_log_3a972830cf03a045|0|1786756452.178|16.055|0.084|26079846400|36820639744|sim_data_345e031ce91f1b82|__AUTOMETRIC__
__AUTOMETRIC__|0.1.2|2163898|crew_log_3a972830cf03a045|0|1786756453.179|0.999|0.005|26079846400|36820639744|sim_data_345e031ce91f1b82|__AUTOMETRIC__
__AUTOMETRIC__|0.1.2|2163898|crew_log_3a972830cf03a045|0|1786756454.180|0.999|0.005|26079846400|36820639744|sim_data_345e031ce91f1b82|__AUTOMETRIC__
__AUTOMETRIC__|0.1.2|2163898|crew_log_3a972830cf03a045|0|1786756455.182|45.931|0.239|26079846400|36820639744|sim_data_345e031ce91f1b82|__AUTOMETRIC__
__AUTOMETRIC__|0.1.2|2163898|crew_log_3a972830cf03a045|0|1786756456.183|94.883|0.494|26079846400|36820639744|sim_data_345e031ce91f1b82|__AUTOMETRIC__
__AUTOMETRIC__|0.1.2|2163898|crew_log_3a972830cf03a045|0|1786756457.184|110.851|0.577|26079846400|36820639744|sim_data_345e031ce91f1b82|__AUTOMETRIC__
__AUTOMETRIC__|0.1.2|2163898|crew_log_3a972830cf03a045|0|1786756458.186|1150.424|5.992|26079846400|36820639744|sim_data_345e031ce91f1b82|__AUTOMETRIC__
__AUTOMETRIC__|0.1.2|2163898|crew_log_3a972830cf03a045|0|1786756459.187|135.827|0.707|26079846400|36820639744|sim_data_345e031ce91f1b82|__AUTOMETRIC__
__AUTOMETRIC__|0.1.2|2163898|crew_log_3a972830cf03a045|0|1786756460.190|98.681|0.514|26079846400|36820639744|sim_data_345e031ce91f1b82|__AUTOMETRIC__
__AUTOMETRIC__|0.1.2|2163898|crew_log_3a972830cf03a045|0|1786756461.192|0.000|0.000|26079846400|36820639744|sim_data_345e031ce91f1b82|__AUTOMETRIC__
__AUTOMETRIC__|0.1.2|2163898|crew_log_3a972830cf03a045|0|1786756462.193|0.999|0.005|26079846400|36820639744|sim_data_345e031ce91f1b82|__AUTOMETRIC__
__AUTOMETRIC__|0.1.2|2163898|crew_log_3a972830cf03a045|0|1786756463.194|18.978|0.099|26079846400|36820639744|sim_data_345e031ce91f1b82|__AUTOMETRIC__
__AUTOMETRIC__|0.1.2|2163898|crew_log_3a972830cf03a045|0|1786756464.195|0.000|0.000|26079846400|36820639744|sim_data_345e031ce91f1b82|__AUTOMETRIC__
__AUTOMETRIC__|0.1.2|2163898|crew_log_3a972830cf03a045|0|1786756465.197|17.972|0.094|26079846400|36820639744|sim_data_345e031ce91f1b82|__AUTOMETRIC__
__AUTOMETRIC__|0.1.2|2163898|crew_log_3a972830cf03a045|0|1786756466.198|0.999|0.005|26079846400|36820639744|sim_data_345e031ce91f1b82|__AUTOMETRIC__
__AUTOMETRIC__|0.1.2|2163898|crew_log_3a972830cf03a045|0|1786756467.199|18.978|0.099|26079846400|36820639744|sim_data_345e031ce91f1b82|__AUTOMETRIC__
__AUTOMETRIC__|0.1.2|2163898|crew_log_3a972830cf03a045|0|1786756468.201|0.999|0.005|26079846400|36820639744|sim_data_345e031ce91f1b82|__AUTOMETRIC__
__AUTOMETRIC__|0.1.2|2163898|crew_log_3a972830cf03a045|0|1786756469.202|0.000|0.000|26079846400|36820639744|sim_data_345e031ce91f1b82|__AUTOMETRIC__
__AUTOMETRIC__|0.1.2|2163898|crew_log_3a972830cf03a045|0|1786756470.203|46.945|0.245|26079846400|36820639744|sim_data_345e031ce91f1b82|__AUTOMETRIC__
__AUTOMETRIC__|0.1.2|2163898|crew_log_3a972830cf03a045|0|1786756471.204|95.897|0.499|26079846400|36820639744|sim_data_345e031ce91f1b82|__AUTOMETRIC__
__AUTOMETRIC__|0.1.2|2163898|crew_log_3a972830cf03a045|0|1786756472.205|127.861|0.666|26079846400|36820639744|sim_data_345e031ce91f1b82|__AUTOMETRIC__
__AUTOMETRIC__|0.1.2|2163898|crew_log_3a972830cf03a045|0|1786756473.206|1317.576|6.862|26079846400|36820639744|sim_data_345e031ce91f1b82|__AUTOMETRIC__
__AUTOMETRIC__|0.1.2|2163898|crew_log_3a972830cf03a045|0|1786756474.208|184.721|0.962|26079846400|36820639744|sim_data_345e031ce91f1b82|__AUTOMETRIC__
__AUTOMETRIC__|0.1.2|2163898|crew_log_3a972830cf03a045|0|1786756475.306|129.254|0.673|26079846400|36820639744|sim_data_345e031ce91f1b82|__AUTOMETRIC__
__AUTOMETRIC__|0.1.2|2163898|crew_log_3a972830cf03a045|0|1786756476.309|0.997|0.005|26079846400|36820639744|sim_data_345e031ce91f1b82|__AUTOMETRIC__
__AUTOMETRIC__|0.1.2|2163898|crew_log_3a972830cf03a045|0|1786756477.310|0.000|0.000|26079846400|36820639744|sim_data_345e031ce91f1b82|__AUTOMETRIC__
__AUTOMETRIC__|0.1.2|2163898|crew_log_3a972830cf03a045|0|1786756478.312|18.975|0.099|26079846400|36820639744|sim_data_345e031ce91f1b82|__AUTOMETRIC__
__AUTOMETRIC__|0.1.2|2163898|crew_log_3a972830cf03a045|0|1786756479.313|0.000|0.000|26079846400|36820639744|sim_data_345e031ce91f1b82|__AUTOMETRIC__
__AUTOMETRIC__|0.1.2|2163898|crew_log_3a972830cf03a045|0|1786756480.314|18.975|0.099|26079846400|36820639744|sim_data_345e031ce91f1b82|__AUTOMETRIC__
__AUTOMETRIC__|0.1.2|2163898|crew_log_3a972830cf03a045|0|1786756481.315|0.999|0.005|26079846400|36820639744|sim_data_345e031ce91f1b82|__AUTOMETRIC__
__AUTOMETRIC__|0.1.2|2163898|crew_log_3a972830cf03a045|0|1786756482.317|17.976|0.094|26079846400|36820639744|sim_data_345e031ce91f1b82|__AUTOMETRIC__
__AUTOMETRIC__|0.1.2|2163898|crew_log_3a972830cf03a045|0|1786756483.318|0.999|0.005|26079846400|36820639744|sim_data_345e031ce91f1b82|__AUTOMETRIC__
__AUTOMETRIC__|0.1.2|2163898|crew_log_3a972830cf03a045|0|1786756484.319|0.999|0.005|26079846400|36820639744|sim_data_345e031ce91f1b82|__AUTOMETRIC__
__AUTOMETRIC__|0.1.2|2163898|crew_log_3a972830cf03a045|0|1786756485.320|68.905|0.359|26081419264|36820639744|sim_data_345e031ce91f1b82|__AUTOMETRIC__
__AUTOMETRIC__|0.1.2|2163898|crew_log_3a972830cf03a045|0|1786756486.322|99.869|0.520|26086023168|36825817088|sim_data_345e031ce91f1b82|__AUTOMETRIC__
__AUTOMETRIC__|0.1.2|2163898|crew_log_3a972830cf03a045|0|1786756487.323|224.679|1.170|26086023168|36825817088|sim_data_345e031ce91f1b82|__AUTOMETRIC__
__AUTOMETRIC__|0.1.2|2163898|crew_log_3a972830cf03a045|0|1786756488.324|1335.361|6.955|26086023168|36825817088|sim_data_345e031ce91f1b82|__AUTOMETRIC__
__AUTOMETRIC__|0.1.2|2163898|crew_log_3a972830cf03a045|0|1786756489.326|626.065|3.261|26086023168|36825817088|sim_data_345e031ce91f1b82|__AUTOMETRIC__
__AUTOMETRIC__|0.1.2|2163898|crew_log_3a972830cf03a045|0|1786756490.327|134.827|0.702|26086023168|36825817088|sim_data_345e031ce91f1b82|__AUTOMETRIC__
__AUTOMETRIC__|0.1.2|2163898|crew_log_3a972830cf03a045|0|1786756491.329|48.933|0.255|26086023168|36825817088|sim_data_345e031ce91f1b82|__AUTOMETRIC__
__AUTOMETRIC__|0.1.2|2163898|crew_log_3a972830cf03a045|0|1786756492.330|0.000|0.000|26086023168|36825817088|sim_data_345e031ce91f1b82|__AUTOMETRIC__
__AUTOMETRIC__|0.1.2|2163898|crew_log_3a972830cf03a045|0|1786756493.331|18.976|0.099|26086023168|36825817088|sim_data_345e031ce91f1b82|__AUTOMETRIC__
__AUTOMETRIC__|0.1.2|2163898|crew_log_3a972830cf03a045|0|1786756494.332|0.999|0.005|26086023168|36825817088|sim_data_345e031ce91f1b82|__AUTOMETRIC__
__AUTOMETRIC__|0.1.2|2163898|crew_log_3a972830cf03a045|0|1786756495.334|0.000|0.000|26086023168|36825817088|sim_data_345e031ce91f1b82|__AUTOMETRIC__
__AUTOMETRIC__|0.1.2|2163898|crew_log_3a972830cf03a045|0|1786756496.335|19.973|0.104|26086023168|36825817088|sim_data_345e031ce91f1b82|__AUTOMETRIC__
__AUTOMETRIC__|0.1.2|2163898|crew_log_3a972830cf03a045|0|1786756497.337|0.000|0.000|26086023168|36825817088|sim_data_345e031ce91f1b82|__AUTOMETRIC__
__AUTOMETRIC__|0.1.2|2163898|crew_log_3a972830cf03a045|0|1786756498.338|18.976|0.099|26086023168|36825817088|sim_data_345e031ce91f1b82|__AUTOMETRIC__
__AUTOMETRIC__|0.1.2|2163898|crew_log_3a972830cf03a045|0|1786756499.339|0.999|0.005|26086023168|36825817088|sim_data_345e031ce91f1b82|__AUTOMETRIC__
__AUTOMETRIC__|0.1.2|2163898|crew_log_3a972830cf03a045|0|1786756500.341|0.999|0.005|26086023168|36825817088|sim_data_345e031ce91f1b82|__AUTOMETRIC__
__AUTOMETRIC__|0.1.2|2163898|crew_log_3a972830cf03a045|0|1786756501.342|73.908|0.385|26087596032|36825817088|sim_data_345e031ce91f1b82|__AUTOMETRIC__
__AUTOMETRIC__|0.1.2|2163898|crew_log_3a972830cf03a045|0|1786756502.343|98.852|0.515|26087596032|36825817088|sim_data_345e031ce91f1b82|__AUTOMETRIC__
__AUTOMETRIC__|0.1.2|2163898|crew_log_3a972830cf03a045|0|1786756503.345|344.543|1.794|26087596032|36825817088|sim_data_345e031ce91f1b82|__AUTOMETRIC__
__AUTOMETRIC__|0.1.2|2163898|crew_log_3a972830cf03a045|0|1786756504.346|835.918|4.354|26087596032|36825817088|sim_data_345e031ce91f1b82|__AUTOMETRIC__
__AUTOMETRIC__|0.1.2|2163898|crew_log_3a972830cf03a045|0|1786756505.347|134.809|0.702|26087596032|36825817088|sim_data_345e031ce91f1b82|__AUTOMETRIC__
__AUTOMETRIC__|0.1.2|2163898|crew_log_3a972830cf03a045|0|1786756506.349|64.912|0.338|26087596032|36825817088|sim_data_345e031ce91f1b82|__AUTOMETRIC__
__AUTOMETRIC__|0.1.2|2163898|crew_log_3a972830cf03a045|0|1786756507.350|0.000|0.000|26087596032|36825817088|sim_data_345e031ce91f1b82|__AUTOMETRIC__
__AUTOMETRIC__|0.1.2|2163898|crew_log_3a972830cf03a045|0|1786756508.351|18.976|0.099|26087596032|36825817088|sim_data_345e031ce91f1b82|__AUTOMETRIC__
__AUTOMETRIC__|0.1.2|2163898|crew_log_3a972830cf03a045|0|1786756509.353|0.999|0.005|26087596032|36825817088|sim_data_345e031ce91f1b82|__AUTOMETRIC__
__AUTOMETRIC__|0.1.2|2163898|crew_log_3a972830cf03a045|0|1786756510.364|16.807|0.088|26087596032|36825817088|sim_data_345e031ce91f1b82|__AUTOMETRIC__
__AUTOMETRIC__|0.1.2|2163898|crew_log_3a972830cf03a045|0|1786756511.366|0.999|0.005|26087596032|36825817088|sim_data_345e031ce91f1b82|__AUTOMETRIC__
__AUTOMETRIC__|0.1.2|2163898|crew_log_3a972830cf03a045|0|1786756512.367|0.999|0.005|26087596032|36825817088|sim_data_345e031ce91f1b82|__AUTOMETRIC__
__AUTOMETRIC__|0.1.2|2163898|crew_log_3a972830cf03a045|0|1786756513.368|18.976|0.099|26087596032|36825817088|sim_data_345e031ce91f1b82|__AUTOMETRIC__
__AUTOMETRIC__|0.1.2|2163898|crew_log_3a972830cf03a045|0|1786756514.369|0.999|0.005|26087596032|36825817088|sim_data_345e031ce91f1b82|__AUTOMETRIC__
__AUTOMETRIC__|0.1.2|2163898|crew_log_3a972830cf03a045|0|1786756515.371|58.908|0.307|26087596032|36825817088|sim_data_345e031ce91f1b82|__AUTOMETRIC__
__AUTOMETRIC__|0.1.2|2163898|crew_log_3a972830cf03a045|0|1786756516.372|98.839|0.515|26087596032|36825817088|sim_data_345e031ce91f1b82|__AUTOMETRIC__
__AUTOMETRIC__|0.1.2|2163898|crew_log_3a972830cf03a045|0|1786756517.373|144.828|0.754|26087596032|36825817088|sim_data_345e031ce91f1b82|__AUTOMETRIC__
__AUTOMETRIC__|0.1.2|2163898|crew_log_3a972830cf03a045|0|1786756518.375|1072.572|5.586|26087596032|36825817088|sim_data_345e031ce91f1b82|__AUTOMETRIC__
__AUTOMETRIC__|0.1.2|2163898|crew_log_3a972830cf03a045|0|1786756519.376|134.841|0.702|26087596032|36825817088|sim_data_345e031ce91f1b82|__AUTOMETRIC__
__AUTOMETRIC__|0.1.2|2163898|crew_log_3a972830cf03a045|0|1786756520.377|86.878|0.452|26087596032|36825817088|sim_data_345e031ce91f1b82|__AUTOMETRIC__
__AUTOMETRIC__|0.1.2|2163898|crew_log_3a972830cf03a045|0|1786756521.379|0.999|0.005|26087596032|36825817088|sim_data_345e031ce91f1b82|__AUTOMETRIC__
__AUTOMETRIC__|0.1.2|2163898|crew_log_3a972830cf03a045|0|1786756522.380|0.999|0.005|26087596032|36825817088|sim_data_345e031ce91f1b82|__AUTOMETRIC__
__AUTOMETRIC__|0.1.2|2163898|crew_log_3a972830cf03a045|0|1786756523.381|17.979|0.094|26087596032|36825817088|sim_data_345e031ce91f1b82|__AUTOMETRIC__
__AUTOMETRIC__|0.1.2|2163898|crew_log_3a972830cf03a045|0|1786756524.383|0.000|0.000|26087596032|36825817088|sim_data_345e031ce91f1b82|__AUTOMETRIC__
__AUTOMETRIC__|0.1.2|2163898|crew_log_3a972830cf03a045|0|1786756525.384|18.970|0.099|26087596032|36825817088|sim_data_345e031ce91f1b82|__AUTOMETRIC__
__AUTOMETRIC__|0.1.2|2163898|crew_log_3a972830cf03a045|0|1786756526.386|0.998|0.005|26087596032|36825817088|sim_data_345e031ce91f1b82|__AUTOMETRIC__
__AUTOMETRIC__|0.1.2|2163898|crew_log_3a972830cf03a045|0|1786756527.473|17.480|0.091|26087596032|36825817088|sim_data_345e031ce91f1b82|__AUTOMETRIC__
__AUTOMETRIC__|0.1.2|2163898|crew_log_3a972830cf03a045|0|1786756528.474|0.000|0.000|26087596032|36825817088|sim_data_345e031ce91f1b82|__AUTOMETRIC__
__AUTOMETRIC__|0.1.2|2163898|crew_log_3a972830cf03a045|0|1786756529.476|1.997|0.010|26087596032|36825817088|sim_data_345e031ce91f1b82|__AUTOMETRIC__
__AUTOMETRIC__|0.1.2|2163898|crew_log_3a972830cf03a045|0|1786756530.477|0.000|0.000|26087596032|36825817088|sim_data_345e031ce91f1b82|__AUTOMETRIC__
__AUTOMETRIC__|0.1.2|2163898|crew_log_3a972830cf03a045|0|1786756531.478|27.961|0.146|26087596032|36825817088|sim_data_345e031ce91f1b82|__AUTOMETRIC__
__AUTOMETRIC__|0.1.2|2163898|crew_log_3a972830cf03a045|0|1786756532.480|61.912|0.322|26087596032|36825817088|sim_data_345e031ce91f1b82|__AUTOMETRIC__
__AUTOMETRIC__|0.1.2|2163898|crew_log_3a972830cf03a045|0|1786756533.481|100.860|0.525|26087596032|36825817088|sim_data_345e031ce91f1b82|__AUTOMETRIC__
__AUTOMETRIC__|0.1.2|2163898|crew_log_3a972830cf03a045|0|1786756534.483|574.224|2.991|26087596032|36825817088|sim_data_345e031ce91f1b82|__AUTOMETRIC__
__AUTOMETRIC__|0.1.2|2163898|crew_log_3a972830cf03a045|0|1786756535.484|1150.236|5.991|26087596032|36825817088|sim_data_345e031ce91f1b82|__AUTOMETRIC__
__AUTOMETRIC__|0.1.2|2163898|crew_log_3a972830cf03a045|0|1786756536.486|135.704|0.707|26087596032|36825817088|sim_data_345e031ce91f1b82|__AUTOMETRIC__
__AUTOMETRIC__|0.1.2|2163898|crew_log_3a972830cf03a045|0|1786756537.488|87.888|0.458|26087596032|36825817088|sim_data_345e031ce91f1b82|__AUTOMETRIC__
__AUTOMETRIC__|0.1.2|2163898|crew_log_3a972830cf03a045|0|1786756538.489|0.000|0.000|26087596032|36825817088|sim_data_345e031ce91f1b82|__AUTOMETRIC__
__AUTOMETRIC__|0.1.2|2163898|crew_log_3a972830cf03a045|0|1786756539.490|0.999|0.005|26087596032|36825817088|sim_data_345e031ce91f1b82|__AUTOMETRIC__
__AUTOMETRIC__|0.1.2|2163898|crew_log_3a972830cf03a045|0|1786756540.491|17.975|0.094|26087596032|36825817088|sim_data_345e031ce91f1b82|__AUTOMETRIC__
__AUTOMETRIC__|0.1.2|2163898|crew_log_3a972830cf03a045|0|1786756541.493|0.999|0.005|26087596032|36825817088|sim_data_345e031ce91f1b82|__AUTOMETRIC__
__AUTOMETRIC__|0.1.2|2163898|crew_log_3a972830cf03a045|0|1786756542.494|0.000|0.000|26087596032|36825817088|sim_data_345e031ce91f1b82|__AUTOMETRIC__
__AUTOMETRIC__|0.1.2|2163898|crew_log_3a972830cf03a045|0|1786756543.496|18.976|0.099|26087596032|36825817088|sim_data_345e031ce91f1b82|__AUTOMETRIC__
__AUTOMETRIC__|0.1.2|2163898|crew_log_3a972830cf03a045|0|1786756544.497|0.999|0.005|26087596032|36825817088|sim_data_345e031ce91f1b82|__AUTOMETRIC__
__AUTOMETRIC__|0.1.2|2163898|crew_log_3a972830cf03a045|0|1786756545.499|19.966|0.104|26087596032|36825817088|sim_data_345e031ce91f1b82|__AUTOMETRIC__
__AUTOMETRIC__|0.1.2|2163898|crew_log_3a972830cf03a045|0|1786756546.500|0.999|0.005|26087596032|36825817088|sim_data_345e031ce91f1b82|__AUTOMETRIC__
__AUTOMETRIC__|0.1.2|2163898|crew_log_3a972830cf03a045|0|1786756547.501|21.973|0.114|26087596032|36825817088|sim_data_345e031ce91f1b82|__AUTOMETRIC__
__AUTOMETRIC__|0.1.2|2163898|crew_log_3a972830cf03a045|0|1786756548.502|75.900|0.395|26087596032|36825817088|sim_data_345e031ce91f1b82|__AUTOMETRIC__
__AUTOMETRIC__|0.1.2|2163898|crew_log_3a972830cf03a045|0|1786756549.504|98.875|0.515|26087596032|36825817088|sim_data_345e031ce91f1b82|__AUTOMETRIC__
__AUTOMETRIC__|0.1.2|2163898|crew_log_3a972830cf03a045|0|1786756550.505|625.254|3.257|26087596032|36825817088|sim_data_345e031ce91f1b82|__AUTOMETRIC__
__AUTOMETRIC__|0.1.2|2163898|crew_log_3a972830cf03a045|0|1786756551.506|519.311|2.705|26087596032|36825817088|sim_data_345e031ce91f1b82|__AUTOMETRIC__
__AUTOMETRIC__|0.1.2|2163898|crew_log_3a972830cf03a045|0|1786756552.508|134.795|0.702|26087596032|36825817088|sim_data_345e031ce91f1b82|__AUTOMETRIC__
__AUTOMETRIC__|0.1.2|2163898|crew_log_3a972830cf03a045|0|1786756553.509|39.945|0.208|26087596032|36825817088|sim_data_345e031ce91f1b82|__AUTOMETRIC__
__AUTOMETRIC__|0.1.2|2163898|crew_log_3a972830cf03a045|0|1786756554.511|0.000|0.000|26087596032|36825817088|sim_data_345e031ce91f1b82|__AUTOMETRIC__
__AUTOMETRIC__|0.1.2|2163898|crew_log_3a972830cf03a045|0|1786756555.513|19.965|0.104|26087596032|36825817088|sim_data_345e031ce91f1b82|__AUTOMETRIC__
__AUTOMETRIC__|0.1.2|2163898|crew_log_3a972830cf03a045|0|1786756556.514|0.000|0.000|26087596032|36825817088|sim_data_345e031ce91f1b82|__AUTOMETRIC__
__AUTOMETRIC__|0.1.2|2163898|crew_log_3a972830cf03a045|0|1786756557.515|18.977|0.099|26087596032|36825817088|sim_data_345e031ce91f1b82|__AUTOMETRIC__
__AUTOMETRIC__|0.1.2|2163898|crew_log_3a972830cf03a045|0|1786756558.517|0.998|0.005|26087596032|36825817088|sim_data_345e031ce91f1b82|__AUTOMETRIC__
__AUTOMETRIC__|0.1.2|2163898|crew_log_3a972830cf03a045|0|1786756559.518|18.976|0.099|26087596032|36825817088|sim_data_345e031ce91f1b82|__AUTOMETRIC__
__AUTOMETRIC__|0.1.2|2163898|crew_log_3a972830cf03a045|0|1786756560.519|0.999|0.005|26087596032|36825817088|sim_data_345e031ce91f1b82|__AUTOMETRIC__
__AUTOMETRIC__|0.1.2|2163898|crew_log_3a972830cf03a045|0|1786756561.520|10.986|0.057|26087596032|36825817088|sim_data_345e031ce91f1b82|__AUTOMETRIC__
__AUTOMETRIC__|0.1.2|2163898|crew_log_3a972830cf03a045|0|1786756562.522|81.897|0.427|26087596032|36825817088|sim_data_345e031ce91f1b82|__AUTOMETRIC__
__AUTOMETRIC__|0.1.2|2163898|crew_log_3a972830cf03a045|0|1786756563.523|99.857|0.520|26087596032|36825817088|sim_data_345e031ce91f1b82|__AUTOMETRIC__
__AUTOMETRIC__|0.1.2|2163898|crew_log_3a972830cf03a045|0|1786756564.529|675.177|3.517|26087596032|36825817088|sim_data_345e031ce91f1b82|__AUTOMETRIC__
__AUTOMETRIC__|0.1.2|2163898|crew_log_3a972830cf03a045|0|1786756565.531|842.465|4.388|26087596032|36825817088|sim_data_345e031ce91f1b82|__AUTOMETRIC__
__AUTOMETRIC__|0.1.2|2163898|crew_log_3a972830cf03a045|0|1786756566.533|135.659|0.707|26087596032|36825817088|sim_data_345e031ce91f1b82|__AUTOMETRIC__
__AUTOMETRIC__|0.1.2|2163898|crew_log_3a972830cf03a045|0|1786756567.535|61.913|0.322|26087596032|36825817088|sim_data_345e031ce91f1b82|__AUTOMETRIC__
__AUTOMETRIC__|0.1.2|2163898|crew_log_3a972830cf03a045|0|1786756568.536|0.000|0.000|26087596032|36825817088|sim_data_345e031ce91f1b82|__AUTOMETRIC__
__AUTOMETRIC__|0.1.2|2163898|crew_log_3a972830cf03a045|0|1786756569.538|0.998|0.005|26087596032|36825817088|sim_data_345e031ce91f1b82|__AUTOMETRIC__
__AUTOMETRIC__|0.1.2|2163898|crew_log_3a972830cf03a045|0|1786756570.602|16.911|0.088|26087596032|36825817088|sim_data_345e031ce91f1b82|__AUTOMETRIC__
__AUTOMETRIC__|0.1.2|2163898|crew_log_3a972830cf03a045|0|1786756571.605|0.997|0.005|26087596032|36825817088|sim_data_345e031ce91f1b82|__AUTOMETRIC__
__AUTOMETRIC__|0.1.2|2163898|crew_log_3a972830cf03a045|0|1786756572.606|0.999|0.005|26087596032|36825817088|sim_data_345e031ce91f1b82|__AUTOMETRIC__
__AUTOMETRIC__|0.1.2|2163898|crew_log_3a972830cf03a045|0|1786756573.608|18.974|0.099|26087596032|36825817088|sim_data_345e031ce91f1b82|__AUTOMETRIC__
__AUTOMETRIC__|0.1.2|2163898|crew_log_3a972830cf03a045|0|1786756574.609|0.000|0.000|26087596032|36825817088|sim_data_345e031ce91f1b82|__AUTOMETRIC__
__AUTOMETRIC__|0.1.2|2163898|crew_log_3a972830cf03a045|0|1786756575.611|18.969|0.099|26087596032|36825817088|sim_data_345e031ce91f1b82|__AUTOMETRIC__
__AUTOMETRIC__|0.1.2|2163898|crew_log_3a972830cf03a045|0|1786756576.612|0.999|0.005|26087596032|36825817088|sim_data_345e031ce91f1b82|__AUTOMETRIC__
__AUTOMETRIC__|0.1.2|2163898|crew_log_3a972830cf03a045|0|1786756577.613|0.999|0.005|26087596032|36825817088|sim_data_345e031ce91f1b82|__AUTOMETRIC__
__AUTOMETRIC__|0.1.2|2163898|crew_log_3a972830cf03a045|0|1786756578.615|56.924|0.296|26087596032|36825817088|sim_data_345e031ce91f1b82|__AUTOMETRIC__
__AUTOMETRIC__|0.1.2|2163898|crew_log_3a972830cf03a045|0|1786756579.616|98.867|0.515|26087596032|36825817088|sim_data_345e031ce91f1b82|__AUTOMETRIC__
__AUTOMETRIC__|0.1.2|2163898|crew_log_3a972830cf03a045|0|1786756580.617|268.674|1.399|26087596032|36825817088|sim_data_345e031ce91f1b82|__AUTOMETRIC__
__AUTOMETRIC__|0.1.2|2163898|crew_log_3a972830cf03a045|0|1786756581.619|1342.296|6.991|26087596032|36825817088|sim_data_345e031ce91f1b82|__AUTOMETRIC__
__AUTOMETRIC__|0.1.2|2163898|crew_log_3a972830cf03a045|0|1786756582.620|130.819|0.681|26087596032|36825817088|sim_data_345e031ce91f1b82|__AUTOMETRIC__
__AUTOMETRIC__|0.1.2|2163898|crew_log_3a972830cf03a045|0|1786756583.708|117.635|0.613|26087596032|36825817088|sim_data_345e031ce91f1b82|__AUTOMETRIC__
__AUTOMETRIC__|0.1.2|2163898|crew_log_3a972830cf03a045|0|1786756584.710|0.999|0.005|26087596032|36825817088|sim_data_345e031ce91f1b82|__AUTOMETRIC__
__AUTOMETRIC__|0.1.2|2163898|crew_log_3a972830cf03a045|0|1786756585.712|0.000|0.000|26087596032|36825817088|sim_data_345e031ce91f1b82|__AUTOMETRIC__
__AUTOMETRIC__|0.1.2|2163898|crew_log_3a972830cf03a045|0|1786756586.713|19.973|0.104|26087596032|36825817088|sim_data_345e031ce91f1b82|__AUTOMETRIC__
__AUTOMETRIC__|0.1.2|2163898|crew_log_3a972830cf03a045|0|1786756587.715|0.999|0.005|26087596032|36825817088|sim_data_345e031ce91f1b82|__AUTOMETRIC__
__AUTOMETRIC__|0.1.2|2163898|crew_log_3a972830cf03a045|0|1786756588.716|17.975|0.094|26087596032|36825817088|sim_data_345e031ce91f1b82|__AUTOMETRIC__
__AUTOMETRIC__|0.1.2|2163898|crew_log_3a972830cf03a045|0|1786756589.717|0.999|0.005|26087596032|36825817088|sim_data_345e031ce91f1b82|__AUTOMETRIC__
__AUTOMETRIC__|0.1.2|2163898|crew_log_3a972830cf03a045|0|1786756590.740|19.550|0.102|26087596032|36825817088|sim_data_345e031ce91f1b82|__AUTOMETRIC__
__AUTOMETRIC__|0.1.2|2163898|crew_log_3a972830cf03a045|0|1786756591.742|0.998|0.005|26087596032|36825817088|sim_data_345e031ce91f1b82|__AUTOMETRIC__
__AUTOMETRIC__|0.1.2|2163898|crew_log_3a972830cf03a045|0|1786756592.743|0.998|0.005|26087596032|36825817088|sim_data_345e031ce91f1b82|__AUTOMETRIC__
__AUTOMETRIC__|0.1.2|2163898|crew_log_3a972830cf03a045|0|1786756593.745|71.897|0.374|26089168896|36825817088|sim_data_345e031ce91f1b82|__AUTOMETRIC__
__AUTOMETRIC__|0.1.2|2163898|crew_log_3a972830cf03a045|0|1786756594.746|98.861|0.515|26089168896|36825817088|sim_data_345e031ce91f1b82|__AUTOMETRIC__
__AUTOMETRIC__|0.1.2|2163898|crew_log_3a972830cf03a045|0|1786756595.748|507.288|2.642|26089168896|36825817088|sim_data_345e031ce91f1b82|__AUTOMETRIC__
__AUTOMETRIC__|0.1.2|2163898|crew_log_3a972830cf03a045|0|1786756596.749|840.973|4.380|26089168896|36825817088|sim_data_345e031ce91f1b82|__AUTOMETRIC__
__AUTOMETRIC__|0.1.2|2163898|crew_log_3a972830cf03a045|0|1786756597.750|133.810|0.697|26089168896|36825817088|sim_data_345e031ce91f1b82|__AUTOMETRIC__
__AUTOMETRIC__|0.1.2|2163898|crew_log_3a972830cf03a045|0|1786756598.752|65.911|0.343|26089168896|36825817088|sim_data_345e031ce91f1b82|__AUTOMETRIC__
__AUTOMETRIC__|0.1.2|2163898|crew_log_3a972830cf03a045|0|1786756599.753|0.999|0.005|26089168896|36825817088|sim_data_345e031ce91f1b82|__AUTOMETRIC__
__AUTOMETRIC__|0.1.2|2163898|crew_log_3a972830cf03a045|0|1786756600.845|16.489|0.086|26089168896|36825817088|sim_data_345e031ce91f1b82|__AUTOMETRIC__
__AUTOMETRIC__|0.1.2|2163898|crew_log_3a972830cf03a045|0|1786756601.846|1.997|0.010|26089168896|36825817088|sim_data_345e031ce91f1b82|__AUTOMETRIC__
__AUTOMETRIC__|0.1.2|2163898|crew_log_3a972830cf03a045|0|1786756602.847|0.999|0.005|26089168896|36825817088|sim_data_345e031ce91f1b82|__AUTOMETRIC__
__AUTOMETRIC__|0.1.2|2163898|crew_log_3a972830cf03a045|0|1786756603.849|18.977|0.099|26089168896|36825817088|sim_data_345e031ce91f1b82|__AUTOMETRIC__
__AUTOMETRIC__|0.1.2|2163898|crew_log_3a972830cf03a045|0|1786756604.850|0.000|0.000|26089168896|36825817088|sim_data_345e031ce91f1b82|__AUTOMETRIC__
__AUTOMETRIC__|0.1.2|2163898|crew_log_3a972830cf03a045|0|1786756605.851|18.973|0.099|26089168896|36825817088|sim_data_345e031ce91f1b82|__AUTOMETRIC__
__AUTOMETRIC__|0.1.2|2163898|crew_log_3a972830cf03a045|0|1786756606.852|0.999|0.005|26089168896|36825817088|sim_data_345e031ce91f1b82|__AUTOMETRIC__
__AUTOMETRIC__|0.1.2|2163898|crew_log_3a972830cf03a045|0|1786756607.853|24.972|0.130|26089168896|36825817088|sim_data_345e031ce91f1b82|__AUTOMETRIC__
__AUTOMETRIC__|0.1.2|2163898|crew_log_3a972830cf03a045|0|1786756608.855|87.895|0.458|26089168896|36825817088|sim_data_345e031ce91f1b82|__AUTOMETRIC__
__AUTOMETRIC__|0.1.2|2163898|crew_log_3a972830cf03a045|0|1786756609.856|99.854|0.520|26089168896|36825817088|sim_data_345e031ce91f1b82|__AUTOMETRIC__
__AUTOMETRIC__|0.1.2|2163898|crew_log_3a972830cf03a045|0|1786756610.857|973.841|5.072|26089168896|36825817088|sim_data_345e031ce91f1b82|__AUTOMETRIC__
__AUTOMETRIC__|0.1.2|2163898|crew_log_3a972830cf03a045|0|1786756611.858|394.510|2.055|26089168896|36825817088|sim_data_345e031ce91f1b82|__AUTOMETRIC__
__AUTOMETRIC__|0.1.2|2163898|crew_log_3a972830cf03a045|0|1786756612.860|133.814|0.697|26089168896|36825817088|sim_data_345e031ce91f1b82|__AUTOMETRIC__
__AUTOMETRIC__|0.1.2|2163898|crew_log_3a972830cf03a045|0|1786756613.861|27.965|0.146|26089168896|36825817088|sim_data_345e031ce91f1b82|__AUTOMETRIC__
__AUTOMETRIC__|0.1.2|2163898|crew_log_3a972830cf03a045|0|1786756614.862|0.000|0.000|26089168896|36825817088|sim_data_345e031ce91f1b82|__AUTOMETRIC__
__AUTOMETRIC__|0.1.2|2163898|crew_log_3a972830cf03a045|0|1786756615.864|19.969|0.104|26089168896|36825817088|sim_data_345e031ce91f1b82|__AUTOMETRIC__
__AUTOMETRIC__|0.1.2|2163898|crew_log_3a972830cf03a045|0|1786756616.865|0.999|0.005|26089168896|36825817088|sim_data_345e031ce91f1b82|__AUTOMETRIC__
__AUTOMETRIC__|0.1.2|2163898|crew_log_3a972830cf03a045|0|1786756617.866|17.976|0.094|26089168896|36825817088|sim_data_345e031ce91f1b82|__AUTOMETRIC__
