__AUTOMETRIC__|0.1.2|18640|crew_log_c234dfece01f3fc7|0|1786320904.997|10.797|0.675|124981248|151523328|__DEFAULT__|__AUTOMETRIC__
__AUTOMETRIC__|0.1.2|18640|crew_log_c234dfece01f3fc7|0|1786320906.006|0.000|0.000|125018112|151531520|__DEFAULT__|__AUTOMETRIC__
__AUTOMETRIC__|0.1.2|18640|crew_log_c234dfece01f3fc7|0|1786320907.014|1.551|0.097|124952576|151465984|__DEFAULT__|__AUTOMETRIC__
__AUTOMETRIC__|0.1.2|18640|crew_log_c234dfece01f3fc7|0|1786320908.024|0.000|0.000|124964864|151474176|__DEFAULT__|__AUTOMETRIC__
__AUTOMETRIC__|0.1.2|18640|crew_log_c234dfece01f3fc7|0|1786320909.031|0.000|0.000|124956672|151465984|__DEFAULT__|__AUTOMETRIC__
__AUTOMETRIC__|0.1.2|18640|crew_log_c234dfece01f3fc7|0|1786320910.042|0.000|0.000|124964864|151474176|__DEFAULT__|__AUTOMETRIC__
__AUTOMETRIC__|0.1.2|18640|crew_log_c234dfece01f3fc7|0|1786320911.054|0.000|0.000|124997632|151523328|__DEFAULT__|__AUTOMETRIC__
__AUTOMETRIC__|0.1.2|18640|crew_log_c234dfece01f3fc7|0|1786320912.062|0.000|0.000|124989440|151515136|__DEFAULT__|__AUTOMETRIC__
__AUTOMETRIC__|0.1.2|18640|crew_log_c234dfece01f3fc7|0|1786320913.071|0.000|0.000|124989440|151515136|__DEFAULT__|__AUTOMETRIC__
__AUTOMETRIC__|0.1.2|18640|crew_log_c234dfece01f3fc7|0|1786320914.080|0.000|0.000|124997632|151523328|__DEFAULT__|__AUTOMETRIC__
__AUTOMETRIC__|0.1.2|18640|crew_log_c234dfece01f3fc7|0|1786320915.090|0.000|0.000|124989440|151515136|__DEFAULT__|__AUTOMETRIC__
__AUTOMETRIC__|0.1.2|18640|crew_log_c234dfece01f3fc7|0|1786320916.101|0.000|0.000|124997632|151523328|__DEFAULT__|__AUTOMETRIC__
__AUTOMETRIC__|0.1.2|18640|crew_log_c234dfece01f3fc7|0|1786320917.109|0.000|0.000|124997632|151523328|__DEFAULT__|__AUTOMETRIC__
__AUTOMETRIC__|0.1.2|18640|crew_log_c234dfece01f3fc7|0|1786320918.121|0.000|0.000|124989440|151515136|__DEFAULT__|__AUTOMETRIC__
__AUTOMETRIC__|0.1.2|18640|crew_log_c234dfece01f3fc7|0|1786320919.131|0.000|0.000|124997632|151523328|__DEFAULT__|__AUTOMETRIC__
__AUTOMETRIC__|0.1.2|18640|crew_log_c234dfece01f3fc7|0|1786320920.141|1.548|0.097|124989440|151515136|__DEFAULT__|__AUTOMETRIC__
__AUTOMETRIC__|0.1.2|18640|crew_log_c234dfece01f3fc7|0|1786320921.150|0.000|0.000|124997632|151523328|__DEFAULT__|__AUTOMETRIC__
__AUTOMETRIC__|0.1.2|18640|crew_log_c234dfece01f3fc7|0|1786320922.160|0.000|0.000|124989440|151515136|__DEFAULT__|__AUTOMETRIC__
__AUTOMETRIC__|0.1.2|18640|crew_log_c234dfece01f3fc7|0|1786320923.171|0.000|0.000|124989440|151515136|__DEFAULT__|__AUTOMETRIC__
__AUTOMETRIC__|0.1.2|18640|crew_log_c234dfece01f3fc7|0|1786320924.183|0.000|0.000|124997632|151523328|__DEFAULT__|__AUTOMETRIC__
__AUTOMETRIC__|0.1.2|18640|crew_log_c234dfece01f3fc7|0|1786320925.192|0.000|0.000|124997632|151523328|__DEFAULT__|__AUTOMETRIC__
__AUTOMETRIC__|0.1.2|18640|crew_log_c234dfece01f3fc7|0|1786320926.202|0.000|0.000|124989440|151515136|__DEFAULT__|__AUTOMETRIC__
__AUTOMETRIC__|0.1.2|18640|crew_log_c234dfece01f3fc7|0|1786320927.211|0.000|0.000|124997632|151523328|__DEFAULT__|__AUTOMETRIC__
__AUTOMETRIC__|0.1.2|18640|crew_log_c234dfece01f3fc7|0|1786320928.223|0.000|0.000|124997632|151523328|__DEFAULT__|__AUTOMETRIC__
__AUTOMETRIC__|0.1.2|18640|crew_log_c234dfece01f3fc7|0|1786320929.234|0.000|0.000|124997632|151523328|__DEFAULT__|__AUTOMETRIC__
__AUTOMETRIC__|0.1.2|18640|crew_log_c234dfece01f3fc7|0|1786320930.246|0.000|0.000|124997632|151523328|__DEFAULT__|__AUTOMETRIC__
__AUTOMETRIC__|0.1.2|18640|crew_log_c234dfece01f3fc7|0|1786320931.257|0.000|0.000|124997632|151523328|__DEFAULT__|__AUTOMETRIC__
__AUTOMETRIC__|0.1.2|18640|crew_log_c234dfece01f3fc7|0|1786320932.270|0.000|0.000|124997632|151523328|__DEFAULT__|__AUTOMETRIC__
__AUTOMETRIC__|0.1.2|18640|crew_log_c234dfece01f3fc7|0|1786320933.280|0.000|0.000|124997632|151523328|__DEFAULT__|__AUTOMETRIC__
__AUTOMETRIC__|0.1.2|18640|crew_log_c234dfece01f3fc7|0|1786320934.292|0.000|0.000|124989440|151515136|__DEFAULT__|__AUTOMETRIC__
__AUTOMETRIC__|0.1.2|18640|crew_log_c234dfece01f3fc7|0|1786320935.304|0.000|0.000|124997632|151523328|__DEFAULT__|__AUTOMETRIC__
__AUTOMETRIC__|0.1.2|18640|crew_log_c234dfece01f3fc7|0|1786320936.313|0.000|0.000|124997632|151523328|__DEFAULT__|__AUTOMETRIC__
__AUTOMETRIC__|0.1.2|18640|crew_log_c234dfece01f3fc7|0|1786320937.323|0.000|0.000|124997632|151523328|__DEFAULT__|__AUTOMETRIC__
__AUTOMETRIC__|0.1.2|18640|crew_log_c234dfece01f3fc7|0|1786320938.332|0.000|0.000|124997632|151523328|__DEFAULT__|__AUTOMETRIC__
__AUTOMETRIC__|0.1.2|18640|crew_log_c234dfece01f3fc7|0|1786320939.343|0.000|0.000|124997632|151523328|__DEFAULT__|__AUTOMETRIC__
__AUTOMETRIC__|0.1.2|18640|crew_log_c234dfece01f3fc7|0|1786320940.351|0.000|0.000|124997632|151523328|__DEFAULT__|__AUTOMETRIC__
__AUTOMETRIC__|0.1.2|18640|crew_log_c234dfece01f3fc7|0|1786320941.361|0.000|0.000|124997632|151523328|__DEFAULT__|__AUTOMETRIC__
__AUTOMETRIC__|0.1.2|18640|crew_log_c234dfece01f3fc7|0|1786320942.374|0.000|0.000|124989440|151515136|__DEFAULT__|__AUTOMETRIC__
__AUTOMETRIC__|0.1.2|18640|crew_log_c234dfece01f3fc7|0|1786320943.380|0.000|0.000|124997632|151523328|__DEFAULT__|__AUTOMETRIC__
__AUTOMETRIC__|0.1.2|18640|crew_log_c234dfece01f3fc7|0|1786320944.390|1.547|0.097|124997632|151523328|__DEFAULT__|__AUTOMETRIC__
__AUTOMETRIC__|0.1.2|18640|crew_log_c234dfece01f3fc7|0|1786320945.401|0.000|0.000|124989440|151515136|__DEFAULT__|__AUTOMETRIC__
__AUTOMETRIC__|0.1.2|18640|crew_log_c234dfece01f3fc7|0|1786320946.411|0.000|0.000|124997632|151523328|__DEFAULT__|__AUTOMETRIC__
__AUTOMETRIC__|0.1.2|18640|crew_log_c234dfece01f3fc7|0|1786320947.420|0.000|0.000|124989440|151515136|__DEFAULT__|__AUTOMETRIC__
__AUTOMETRIC__|0.1.2|18640|crew_log_c234dfece01f3fc7|0|1786320948.429|0.000|0.000|124997632|151523328|__DEFAULT__|__AUTOMETRIC__
__AUTOMETRIC__|0.1.2|18640|crew_log_c234dfece01f3fc7|0|1786320949.441|0.000|0.000|124997632|151523328|__DEFAULT__|__AUTOMETRIC__
__AUTOMETRIC__|0.1.2|18640|crew_log_c234dfece01f3fc7|0|1786320950.449|0.000|0.000|124997632|151523328|__DEFAULT__|__AUTOMETRIC__
__AUTOMETRIC__|0.1.2|18640|crew_log_c234dfece01f3fc7|0|1786320951.461|0.000|0.000|124989440|151515136|__DEFAULT__|__AUTOMETRIC__
__AUTOMETRIC__|0.1.2|18640|crew_log_c234dfece01f3fc7|0|1786320952.472|0.000|0.000|124948480|151441408|__DEFAULT__|__AUTOMETRIC__
__AUTOMETRIC__|0.1.2|18640|crew_log_c234dfece01f3fc7|0|1786320953.483|0.000|0.000|124948480|151441408|__DEFAULT__|__AUTOMETRIC__
__AUTOMETRIC__|0.1.2|18640|crew_log_c234dfece01f3fc7|0|1786320954.493|0.000|0.000|124948480|151441408|__DEFAULT__|__AUTOMETRIC__
__AUTOMETRIC__|0.1.2|18640|crew_log_c234dfece01f3fc7|0|1786320955.504|0.000|0.000|124940288|151433216|__DEFAULT__|__AUTOMETRIC__
__AUTOMETRIC__|0.1.2|18640|crew_log_c234dfece01f3fc7|0|1786320956.516|0.000|0.000|124940288|151433216|__DEFAULT__|__AUTOMETRIC__
__AUTOMETRIC__|0.1.2|18640|crew_log_c234dfece01f3fc7|0|1786320957.527|0.000|0.000|124948480|151441408|__DEFAULT__|__AUTOMETRIC__
__AUTOMETRIC__|0.1.2|18640|crew_log_c234dfece01f3fc7|0|1786320958.539|0.000|0.000|124948480|151441408|__DEFAULT__|__AUTOMETRIC__
__AUTOMETRIC__|0.1.2|18640|crew_log_c234dfece01f3fc7|0|1786320959.550|0.000|0.000|124940288|151433216|__DEFAULT__|__AUTOMETRIC__
__AUTOMETRIC__|0.1.2|18640|crew_log_c234dfece01f3fc7|0|1786320960.558|0.000|0.000|124948480|151441408|__DEFAULT__|__AUTOMETRIC__
__AUTOMETRIC__|0.1.2|18640|crew_log_c234dfece01f3fc7|0|1786320961.572|0.000|0.000|124948480|151441408|__DEFAULT__|__AUTOMETRIC__
__AUTOMETRIC__|0.1.2|18640|crew_log_c234dfece01f3fc7|0|1786320962.581|0.000|0.000|124948480|151441408|__DEFAULT__|__AUTOMETRIC__
__AUTOMETRIC__|0.1.2|18640|crew_log_c234dfece01f3fc7|0|1786320963.592|0.000|0.000|124948480|151441408|__DEFAULT__|__AUTOMETRIC__
__AUTOMETRIC__|0.1.2|18640|crew_log_c234dfece01f3fc7|0|1786320964.601|0.000|0.000|124940288|151433216|__DEFAULT__|__AUTOMETRIC__
__AUTOMETRIC__|0.1.2|18640|crew_log_c234dfece01f3fc7|0|1786320965.612|0.000|0.000|124948480|151441408|__DEFAULT__|__AUTOMETRIC__
__AUTOMETRIC__|0.1.2|18640|crew_log_c234dfece01f3fc7|0|1786320966.621|0.000|0.000|124948480|151441408|__DEFAULT__|__AUTOMETRIC__
__AUTOMETRIC__|0.1.2|18640|crew_log_c234dfece01f3fc7|0|1786320967.627|0.000|0.000|124940288|151433216|__DEFAULT__|__AUTOMETRIC__
__AUTOMETRIC__|0.1.2|18640|crew_log_c234dfece01f3fc7|0|1786320968.639|0.000|0.000|124948480|151441408|__DEFAULT__|__AUTOMETRIC__
__AUTOMETRIC__|0.1.2|18640|crew_log_c234dfece01f3fc7|0|1786320969.649|0.000|0.000|124948480|151441408|__DEFAULT__|__AUTOMETRIC__
__AUTOMETRIC__|0.1.2|18640|crew_log_c234dfece01f3fc7|0|1786320970.658|0.000|0.000|124948480|151441408|__DEFAULT__|__AUTOMETRIC__
__AUTOMETRIC__|0.1.2|18640|crew_log_c234dfece01f3fc7|0|1786320971.668|0.000|0.000|124940288|151433216|__DEFAULT__|__AUTOMETRIC__
__AUTOMETRIC__|0.1.2|18640|crew_log_c234dfece01f3fc7|0|1786320972.679|0.000|0.000|124940288|151433216|__DEFAULT__|__AUTOMETRIC__
__AUTOMETRIC__|0.1.2|18640|crew_log_c234dfece01f3fc7|0|1786320973.693|0.000|0.000|124948480|151441408|__DEFAULT__|__AUTOMETRIC__
__AUTOMETRIC__|0.1.2|18640|crew_log_c234dfece01f3fc7|0|1786320974.705|1.544|0.097|124948480|151441408|__DEFAULT__|__AUTOMETRIC__
__AUTOMETRIC__|0.1.2|18640|crew_log_c234dfece01f3fc7|0|1786320975.715|0.000|0.000|124948480|151441408|__DEFAULT__|__AUTOMETRIC__
__AUTOMETRIC__|0.1.2|18640|crew_log_c234dfece01f3fc7|0|1786320976.726|0.000|0.000|124948480|151441408|__DEFAULT__|__AUTOMETRIC__
__AUTOMETRIC__|0.1.2|18640|crew_log_c234dfece01f3fc7|0|1786320977.736|0.000|0.000|124940288|151433216|__DEFAULT__|__AUTOMETRIC__
__AUTOMETRIC__|0.1.2|18640|crew_log_c234dfece01f3fc7|0|1786320978.746|0.000|0.000|124948480|151441408|__DEFAULT__|__AUTOMETRIC__
__AUTOMETRIC__|0.1.2|18640|crew_log_c234dfece01f3fc7|0|1786320979.757|0.000|0.000|124948480|151441408|__DEFAULT__|__AUTOMETRIC__
__AUTOMETRIC__|0.1.2|18640|crew_log_c234dfece01f3fc7|0|1786320980.768|0.000|0.000|124940288|151433216|__DEFAULT__|__AUTOMETRIC__
__AUTOMETRIC__|0.1.2|18640|crew_log_c234dfece01f3fc7|0|1786320981.778|0.000|0.000|124948480|151441408|__DEFAULT__|__AUTOMETRIC__
__AUTOMETRIC__|0.1.2|18640|crew_log_c234dfece01f3fc7|0|1786320982.788|0.000|0.000|124948480|151441408|__DEFAULT__|__AUTOMETRIC__
__AUTOMETRIC__|0.1.2|18640|crew_log_c234dfece01f3fc7|0|1786320983.800|0.000|0.000|124948480|151441408|__DEFAULT__|__AUTOMETRIC__
__AUTOMETRIC__|0.1.2|18640|crew_log_c234dfece01f3fc7|0|1786320984.811|0.000|0.000|124948480|151441408|__DEFAULT__|__AUTOMETRIC__
__AUTOMETRIC__|0.1.2|18640|crew_log_c234dfece01f3fc7|0|1786320985.825|0.000|0.000|124948480|151441408|__DEFAULT__|__AUTOMETRIC__
__AUTOMETRIC__|0.1.2|18640|crew_log_c234dfece01f3fc7|0|1786320986.837|0.000|0.000|124948480|151441408|__DEFAULT__|__AUTOMETRIC__
__AUTOMETRIC__|0.1.2|18640|crew_log_c234dfece01f3fc7|0|1786320987.846|0.000|0.000|124940288|151433216|__DEFAULT__|__AUTOMETRIC__
__AUTOMETRIC__|0.1.2|18640|crew_log_c234dfece01f3fc7|0|1786320988.855|0.000|0.000|124948480|151441408|__DEFAULT__|__AUTOMETRIC__
__AUTOMETRIC__|0.1.2|18640|crew_log_c234dfece01f3fc7|0|1786320989.867|0.000|0.000|124948480|151441408|__DEFAULT__|__AUTOMETRIC__
__AUTOMETRIC__|0.1.2|18640|crew_log_c234dfece01f3fc7|0|1786320990.878|0.000|0.000|124940288|151433216|__DEFAULT__|__AUTOMETRIC__
__AUTOMETRIC__|0.1.2|18640|crew_log_c234dfece01f3fc7|0|1786320991.889|0.000|0.000|124948480|151441408|__DEFAULT__|__AUTOMETRIC__
__AUTOMETRIC__|0.1.2|18640|crew_log_c234dfece01f3fc7|0|1786320992.900|0.000|0.000|124948480|151441408|__DEFAULT__|__AUTOMETRIC__
__AUTOMETRIC__|0.1.2|18640|crew_log_c234dfece01f3fc7|0|1786320993.912|0.000|0.000|124948480|151441408|__DEFAULT__|__AUTOMETRIC__
__AUTOMETRIC__|0.1.2|18640|crew_log_c234dfece01f3fc7|0|1786320994.922|0.000|0.000|124948480|151441408|__DEFAULT__|__AUTOMETRIC__
__AUTOMETRIC__|0.1.2|18640|crew_log_c234dfece01f3fc7|0|1786320995.936|0.000|0.000|124948480|151441408|__DEFAULT__|__AUTOMETRIC__
__AUTOMETRIC__|0.1.2|18640|crew_log_c234dfece01f3fc7|0|1786320996.949|0.000|0.000|124948480|151441408|__DEFAULT__|__AUTOMETRIC__
__AUTOMETRIC__|0.1.2|18640|crew_log_c234dfece01f3fc7|0|1786320997.959|0.000|0.000|124948480|151441408|__DEFAULT__|__AUTOMETRIC__
__AUTOMETRIC__|0.1.2|18640|crew_log_c234dfece01f3fc7|0|1786320998.972|0.000|0.000|124948480|151441408|__DEFAULT__|__AUTOMETRIC__
__AUTOMETRIC__|0.1.2|18640|crew_log_c234dfece01f3fc7|0|1786320999.986|0.000|0.000|124948480|151441408|__DEFAULT__|__AUTOMETRIC__
__AUTOMETRIC__|0.1.2|18640|crew_log_c234dfece01f3fc7|0|1786321000.998|0.000|0.000|124948480|151441408|__DEFAULT__|__AUTOMETRIC__
__AUTOMETRIC__|0.1.2|18640|crew_log_c234dfece01f3fc7|0|1786321002.009|0.000|0.000|124948480|151441408|__DEFAULT__|__AUTOMETRIC__
__AUTOMETRIC__|0.1.2|18640|crew_log_c234dfece01f3fc7|0|1786321003.021|0.000|0.000|124948480|151441408|__DEFAULT__|__AUTOMETRIC__
__AUTOMETRIC__|0.1.2|18640|crew_log_c234dfece01f3fc7|0|1786321004.032|0.000|0.000|124940288|151433216|__DEFAULT__|__AUTOMETRIC__
__AUTOMETRIC__|0.1.2|18640|crew_log_c234dfece01f3fc7|0|1786321005.046|0.000|0.000|124948480|151441408|__DEFAULT__|__AUTOMETRIC__
__AUTOMETRIC__|0.1.2|18640|crew_log_c234dfece01f3fc7|0|1786321006.055|0.000|0.000|124948480|151441408|__DEFAULT__|__AUTOMETRIC__
__AUTOMETRIC__|0.1.2|18640|crew_log_c234dfece01f3fc7|0|1786321007.068|0.000|0.000|124940288|151433216|__DEFAULT__|__AUTOMETRIC__
__AUTOMETRIC__|0.1.2|18640|crew_log_c234dfece01f3fc7|0|1786321008.080|0.000|0.000|124948480|151441408|__DEFAULT__|__AUTOMETRIC__
__AUTOMETRIC__|0.1.2|18640|crew_log_c234dfece01f3fc7|0|1786321009.093|0.000|0.000|124940288|151433216|__DEFAULT__|__AUTOMETRIC__
__AUTOMETRIC__|0.1.2|18640|crew_log_c234dfece01f3fc7|0|1786321010.103|0.000|0.000|124948480|151441408|__DEFAULT__|__AUTOMETRIC__
__AUTOMETRIC__|0.1.2|18640|crew_log_c234dfece01f3fc7|0|1786321011.115|0.000|0.000|124948480|151441408|__DEFAULT__|__AUTOMETRIC__
__AUTOMETRIC__|0.1.2|18640|crew_log_c234dfece01f3fc7|0|1786321012.124|0.000|0.000|124948480|151441408|__DEFAULT__|__AUTOMETRIC__
__AUTOMETRIC__|0.1.2|18640|crew_log_c234dfece01f3fc7|0|1786321013.138|0.000|0.000|124948480|151441408|__DEFAULT__|__AUTOMETRIC__
__AUTOMETRIC__|0.1.2|18640|crew_log_c234dfece01f3fc7|0|1786321014.147|0.000|0.000|124948480|151441408|__DEFAULT__|__AUTOMETRIC__
__AUTOMETRIC__|0.1.2|18640|crew_log_c234dfece01f3fc7|0|1786321015.158|0.000|0.000|124948480|151441408|__DEFAULT__|__AUTOMETRIC__
__AUTOMETRIC__|0.1.2|18640|crew_log_c234dfece01f3fc7|0|1786321016.169|0.000|0.000|124948480|151441408|__DEFAULT__|__AUTOMETRIC__
__AUTOMETRIC__|0.1.2|18640|crew_log_c234dfece01f3fc7|0|1786321017.180|0.000|0.000|124948480|151441408|__DEFAULT__|__AUTOMETRIC__
__AUTOMETRIC__|0.1.2|18640|crew_log_c234dfece01f3fc7|0|1786321018.189|0.000|0.000|124948480|151441408|__DEFAULT__|__AUTOMETRIC__
__AUTOMETRIC__|0.1.2|18640|crew_log_c234dfece01f3fc7|0|1786321019.201|0.000|0.000|124948480|151441408|__DEFAULT__|__AUTOMETRIC__
__AUTOMETRIC__|0.1.2|18640|crew_log_c234dfece01f3fc7|0|1786321020.214|0.000|0.000|124948480|151441408|__DEFAULT__|__AUTOMETRIC__
__AUTOMETRIC__|0.1.2|18640|crew_log_c234dfece01f3fc7|0|1786321021.225|0.000|0.000|124948480|151441408|__DEFAULT__|__AUTOMETRIC__
__AUTOMETRIC__|0.1.2|18640|crew_log_c234dfece01f3fc7|0|1786321022.236|0.000|0.000|124948480|151441408|__DEFAULT__|__AUTOMETRIC__
__AUTOMETRIC__|0.1.2|18640|crew_log_c234dfece01f3fc7|0|1786321023.247|0.000|0.000|124948480|151441408|__DEFAULT__|__AUTOMETRIC__
__AUTOMETRIC__|0.1.2|18640|crew_log_c234dfece01f3fc7|0|1786321024.257|0.000|0.000|124948480|151441408|__DEFAULT__|__AUTOMETRIC__
__AUTOMETRIC__|0.1.2|18640|crew_log_c234dfece01f3fc7|0|1786321025.269|0.000|0.000|124952576|151408640|__DEFAULT__|__AUTOMETRIC__
__AUTOMETRIC__|0.1.2|18640|crew_log_c234dfece01f3fc7|0|1786321026.280|0.000|0.000|124932096|151388160|__DEFAULT__|__AUTOMETRIC__
__AUTOMETRIC__|0.1.2|18640|crew_log_c234dfece01f3fc7|0|1786321027.290|0.000|0.000|124940288|151396352|__DEFAULT__|__AUTOMETRIC__
__AUTOMETRIC__|0.1.2|18640|crew_log_c234dfece01f3fc7|0|1786321028.300|0.000|0.000|124940288|151396352|__DEFAULT__|__AUTOMETRIC__
__AUTOMETRIC__|0.1.2|18640|crew_log_c234dfece01f3fc7|0|1786321029.310|0.000|0.000|124932096|151388160|__DEFAULT__|__AUTOMETRIC__
__AUTOMETRIC__|0.1.2|18640|crew_log_c234dfece01f3fc7|0|1786321030.316|0.000|0.000|124940288|151396352|__DEFAULT__|__AUTOMETRIC__
__AUTOMETRIC__|0.1.2|18640|crew_log_c234dfece01f3fc7|0|1786321031.328|0.000|0.000|124932096|151388160|__DEFAULT__|__AUTOMETRIC__
__AUTOMETRIC__|0.1.2|18640|crew_log_c234dfece01f3fc7|0|1786321032.338|0.000|0.000|124940288|151396352|__DEFAULT__|__AUTOMETRIC__
__AUTOMETRIC__|0.1.2|18640|crew_log_c234dfece01f3fc7|0|1786321033.351|0.000|0.000|124940288|151396352|__DEFAULT__|__AUTOMETRIC__
__AUTOMETRIC__|0.1.2|18640|crew_log_c234dfece01f3fc7|0|1786321034.360|0.000|0.000|124940288|151396352|__DEFAULT__|__AUTOMETRIC__
__AUTOMETRIC__|0.1.2|18640|crew_log_c234dfece01f3fc7|0|1786321035.370|0.000|0.000|124940288|151396352|__DEFAULT__|__AUTOMETRIC__
__AUTOMETRIC__|0.1.2|18640|crew_log_c234dfece01f3fc7|0|1786321036.383|0.000|0.000|124932096|151388160|__DEFAULT__|__AUTOMETRIC__
__AUTOMETRIC__|0.1.2|18640|crew_log_c234dfece01f3fc7|0|1786321037.394|0.000|0.000|124940288|151396352|__DEFAULT__|__AUTOMETRIC__
__AUTOMETRIC__|0.1.2|18640|crew_log_c234dfece01f3fc7|0|1786321038.406|0.000|0.000|124940288|151396352|__DEFAULT__|__AUTOMETRIC__
__AUTOMETRIC__|0.1.2|18640|crew_log_c234dfece01f3fc7|0|1786321039.416|0.000|0.000|124932096|151388160|__DEFAULT__|__AUTOMETRIC__
__AUTOMETRIC__|0.1.2|18640|crew_log_c234dfece01f3fc7|0|1786321040.426|0.000|0.000|124940288|151396352|__DEFAULT__|__AUTOMETRIC__
__AUTOMETRIC__|0.1.2|18640|crew_log_c234dfece01f3fc7|0|1786321041.435|0.000|0.000|124940288|151396352|__DEFAULT__|__AUTOMETRIC__
__AUTOMETRIC__|0.1.2|18640|crew_log_c234dfece01f3fc7|0|1786321042.446|0.000|0.000|124932096|151388160|__DEFAULT__|__AUTOMETRIC__
__AUTOMETRIC__|0.1.2|18640|crew_log_c234dfece01f3fc7|0|1786321043.456|0.000|0.000|124940288|151396352|__DEFAULT__|__AUTOMETRIC__
__AUTOMETRIC__|0.1.2|18640|crew_log_c234dfece01f3fc7|0|1786321044.467|0.000|0.000|124932096|151388160|__DEFAULT__|__AUTOMETRIC__
__AUTOMETRIC__|0.1.2|18640|crew_log_c234dfece01f3fc7|0|1786321045.477|0.000|0.000|124940288|151396352|__DEFAULT__|__AUTOMETRIC__
__AUTOMETRIC__|0.1.2|18640|crew_log_c234dfece01f3fc7|0|1786321046.489|0.000|0.000|124940288|151396352|__DEFAULT__|__AUTOMETRIC__
__AUTOMETRIC__|0.1.2|18640|crew_log_c234dfece01f3fc7|0|1786321047.500|0.000|0.000|124940288|151396352|__DEFAULT__|__AUTOMETRIC__
__AUTOMETRIC__|0.1.2|18640|crew_log_c234dfece01f3fc7|0|1786321048.512|0.000|0.000|124940288|151396352|__DEFAULT__|__AUTOMETRIC__
__AUTOMETRIC__|0.1.2|18640|crew_log_c234dfece01f3fc7|0|1786321049.523|0.000|0.000|124940288|151396352|__DEFAULT__|__AUTOMETRIC__
__AUTOMETRIC__|0.1.2|18640|crew_log_c234dfece01f3fc7|0|1786321050.530|0.000|0.000|124932096|151388160|__DEFAULT__|__AUTOMETRIC__
__AUTOMETRIC__|0.1.2|18640|crew_log_c234dfece01f3fc7|0|1786321051.542|0.000|0.000|124940288|151396352|__DEFAULT__|__AUTOMETRIC__
__AUTOMETRIC__|0.1.2|18640|crew_log_c234dfece01f3fc7|0|1786321052.554|0.000|0.000|124940288|151396352|__DEFAULT__|__AUTOMETRIC__
__AUTOMETRIC__|0.1.2|18640|crew_log_c234dfece01f3fc7|0|1786321053.564|0.000|0.000|124940288|151396352|__DEFAULT__|__AUTOMETRIC__
__AUTOMETRIC__|0.1.2|18640|crew_log_c234dfece01f3fc7|0|1786321054.574|0.000|0.000|124932096|151388160|__DEFAULT__|__AUTOMETRIC__
__AUTOMETRIC__|0.1.2|18640|crew_log_c234dfece01f3fc7|0|1786321055.585|0.000|0.000|124940288|151396352|__DEFAULT__|__AUTOMETRIC__
__AUTOMETRIC__|0.1.2|18640|crew_log_c234dfece01f3fc7|0|1786321056.598|0.000|0.000|124940288|151396352|__DEFAULT__|__AUTOMETRIC__
__AUTOMETRIC__|0.1.2|18640|crew_log_c234dfece01f3fc7|0|1786321057.609|0.000|0.000|124940288|151396352|__DEFAULT__|__AUTOMETRIC__
__AUTOMETRIC__|0.1.2|18640|crew_log_c234dfece01f3fc7|0|1786321058.619|0.000|0.000|124940288|151396352|__DEFAULT__|__AUTOMETRIC__
__AUTOMETRIC__|0.1.2|18640|crew_log_c234dfece01f3fc7|0|1786321059.628|0.000|0.000|124940288|151396352|__DEFAULT__|__AUTOMETRIC__
__AUTOMETRIC__|0.1.2|18640|crew_log_c234dfece01f3fc7|0|1786321060.641|0.000|0.000|124932096|151388160|__DEFAULT__|__AUTOMETRIC__
__AUTOMETRIC__|0.1.2|18640|crew_log_c234dfece01f3fc7|0|1786321061.650|0.000|0.000|124940288|151396352|__DEFAULT__|__AUTOMETRIC__
__AUTOMETRIC__|0.1.2|18640|crew_log_c234dfece01f3fc7|0|1786321062.664|0.000|0.000|124940288|151396352|__DEFAULT__|__AUTOMETRIC__
__AUTOMETRIC__|0.1.2|18640|crew_log_c234dfece01f3fc7|0|1786321063.674|0.000|0.000|124932096|151388160|__DEFAULT__|__AUTOMETRIC__
__AUTOMETRIC__|0.1.2|18640|crew_log_c234dfece01f3fc7|0|1786321064.686|0.000|0.000|124940288|151396352|__DEFAULT__|__AUTOMETRIC__
__AUTOMETRIC__|0.1.2|18640|crew_log_c234dfece01f3fc7|0|1786321065.696|0.000|0.000|124940288|151396352|__DEFAULT__|__AUTOMETRIC__
__AUTOMETRIC__|0.1.2|18640|crew_log_c234dfece01f3fc7|0|1786321066.706|0.000|0.000|124940288|151396352|__DEFAULT__|__AUTOMETRIC__
__AUTOMETRIC__|0.1.2|18640|crew_log_c234dfece01f3fc7|0|1786321067.718|0.000|0.000|124940288|151396352|__DEFAULT__|__AUTOMETRIC__
__AUTOMETRIC__|0.1.2|18640|crew_log_c234dfece01f3fc7|0|1786321068.731|0.000|0.000|124940288|151396352|__DEFAULT__|__AUTOMETRIC__
__AUTOMETRIC__|0.1.2|18640|crew_log_c234dfece01f3fc7|0|1786321069.742|0.000|0.000|124940288|151396352|__DEFAULT__|__AUTOMETRIC__
__AUTOMETRIC__|0.1.2|18640|crew_log_c234dfece01f3fc7|0|1786321070.753|0.000|0.000|124940288|151396352|__DEFAULT__|__AUTOMETRIC__
__AUTOMETRIC__|0.1.2|18640|crew_log_c234dfece01f3fc7|0|1786321071.764|0.000|0.000|124940288|151396352|__DEFAULT__|__AUTOMETRIC__
__AUTOMETRIC__|0.1.2|18640|crew_log_c234dfece01f3fc7|0|1786321072.776|0.000|0.000|124940288|151396352|__DEFAULT__|__AUTOMETRIC__
__AUTOMETRIC__|0.1.2|18640|crew_log_c234dfece01f3fc7|0|1786321073.787|0.000|0.000|124940288|151396352|__DEFAULT__|__AUTOMETRIC__
__AUTOMETRIC__|0.1.2|18640|crew_log_c234dfece01f3fc7|0|1786321074.801|1.542|0.096|124940288|151396352|__DEFAULT__|__AUTOMETRIC__
__AUTOMETRIC__|0.1.2|18640|crew_log_c234dfece01f3fc7|0|1786321075.813|0.000|0.000|124940288|151396352|__DEFAULT__|__AUTOMETRIC__
__AUTOMETRIC__|0.1.2|18640|crew_log_c234dfece01f3fc7|0|1786321076.829|0.000|0.000|124940288|151396352|__DEFAULT__|__AUTOMETRIC__
__AUTOMETRIC__|0.1.2|18640|crew_log_c234dfece01f3fc7|0|1786321077.840|0.000|0.000|124940288|151396352|__DEFAULT__|__AUTOMETRIC__
__AUTOMETRIC__|0.1.2|18640|crew_log_c234dfece01f3fc7|0|1786321078.850|0.000|0.000|124940288|151396352|__DEFAULT__|__AUTOMETRIC__
__AUTOMETRIC__|0.1.2|18640|crew_log_c234dfece01f3fc7|0|1786321079.863|0.000|0.000|124932096|151388160|__DEFAULT__|__AUTOMETRIC__
__AUTOMETRIC__|0.1.2|18640|crew_log_c234dfece01f3fc7|0|1786321080.873|0.000|0.000|124932096|151388160|__DEFAULT__|__AUTOMETRIC__
__AUTOMETRIC__|0.1.2|18640|crew_log_c234dfece01f3fc7|0|1786321081.887|0.000|0.000|124940288|151396352|__DEFAULT__|__AUTOMETRIC__
__AUTOMETRIC__|0.1.2|18640|crew_log_c234dfece01f3fc7|0|1786321082.900|0.000|0.000|124940288|151396352|__DEFAULT__|__AUTOMETRIC__
__AUTOMETRIC__|0.1.2|18640|crew_log_c234dfece01f3fc7|0|1786321083.912|0.000|0.000|124932096|151388160|__DEFAULT__|__AUTOMETRIC__
__AUTOMETRIC__|0.1.2|18640|crew_log_c234dfece01f3fc7|0|1786321084.922|1.547|0.097|124940288|151396352|__DEFAULT__|__AUTOMETRIC__
__AUTOMETRIC__|0.1.2|18640|crew_log_c234dfece01f3fc7|0|1786321085.934|0.000|0.000|124940288|151396352|__DEFAULT__|__AUTOMETRIC__
__AUTOMETRIC__|0.1.2|18640|crew_log_c234dfece01f3fc7|0|1786321086.946|0.000|0.000|124940288|151396352|__DEFAULT__|__AUTOMETRIC__
__AUTOMETRIC__|0.1.2|18640|crew_log_c234dfece01f3fc7|0|1786321087.958|0.000|0.000|124940288|151396352|__DEFAULT__|__AUTOMETRIC__
__AUTOMETRIC__|0.1.2|18640|crew_log_c234dfece01f3fc7|0|1786321088.969|0.000|0.000|124940288|151396352|__DEFAULT__|__AUTOMETRIC__
__AUTOMETRIC__|0.1.2|18640|crew_log_c234dfece01f3fc7|0|1786321089.980|0.000|0.000|124940288|151396352|__DEFAULT__|__AUTOMETRIC__
__AUTOMETRIC__|0.1.2|18640|crew_log_c234dfece01f3fc7|0|1786321090.992|0.000|0.000|124940288|151396352|__DEFAULT__|__AUTOMETRIC__
__AUTOMETRIC__|0.1.2|18640|crew_log_c234dfece01f3fc7|0|1786321092.003|0.000|0.000|124940288|151396352|__DEFAULT__|__AUTOMETRIC__
__AUTOMETRIC__|0.1.2|18640|crew_log_c234dfece01f3fc7|0|1786321093.016|0.000|0.000|124940288|151396352|__DEFAULT__|__AUTOMETRIC__
__AUTOMETRIC__|0.1.2|18640|crew_log_c234dfece01f3fc7|0|1786321094.031|0.000|0.000|124940288|151396352|__DEFAULT__|__AUTOMETRIC__
__AUTOMETRIC__|0.1.2|18640|crew_log_c234dfece01f3fc7|0|1786321095.044|0.000|0.000|124940288|151396352|__DEFAULT__|__AUTOMETRIC__
__AUTOMETRIC__|0.1.2|18640|crew_log_c234dfece01f3fc7|0|1786321096.055|0.000|0.000|124940288|151396352|__DEFAULT__|__AUTOMETRIC__
__AUTOMETRIC__|0.1.2|18640|crew_log_c234dfece01f3fc7|0|1786321097.067|0.000|0.000|124940288|151396352|__DEFAULT__|__AUTOMETRIC__
__AUTOMETRIC__|0.1.2|18640|crew_log_c234dfece01f3fc7|0|1786321098.079|0.000|0.000|124940288|151396352|__DEFAULT__|__AUTOMETRIC__
__AUTOMETRIC__|0.1.2|18640|crew_log_c234dfece01f3fc7|0|1786321099.091|0.000|0.000|124940288|151396352|__DEFAULT__|__AUTOMETRIC__
__AUTOMETRIC__|0.1.2|18640|crew_log_c234dfece01f3fc7|0|1786321100.104|0.000|0.000|124940288|151396352|__DEFAULT__|__AUTOMETRIC__
__AUTOMETRIC__|0.1.2|18640|crew_log_c234dfece01f3fc7|0|1786321101.116|0.000|0.000|124932096|151388160|__DEFAULT__|__AUTOMETRIC__
__AUTOMETRIC__|0.1.2|18640|crew_log_c234dfece01f3fc7|0|1786321102.129|0.000|0.000|124940288|151396352|__DEFAULT__|__AUTOMETRIC__
__AUTOMETRIC__|0.1.2|18640|crew_log_c234dfece01f3fc7|0|1786321103.139|0.000|0.000|124940288|151396352|__DEFAULT__|__AUTOMETRIC__
__AUTOMETRIC__|0.1.2|18640|crew_log_c234dfece01f3fc7|0|1786321104.153|0.000|0.000|124932096|151388160|__DEFAULT__|__AUTOMETRIC__
__AUTOMETRIC__|0.1.2|18640|crew_log_c234dfece01f3fc7|0|1786321105.168|0.000|0.000|124932096|151388160|__DEFAULT__|__AUTOMETRIC__
__AUTOMETRIC__|0.1.2|18640|crew_log_c234dfece01f3fc7|0|1786321106.182|0.000|0.000|124940288|151396352|__DEFAULT__|__AUTOMETRIC__
__AUTOMETRIC__|0.1.2|18640|crew_log_c234dfece01f3fc7|0|1786321107.198|0.000|0.000|124932096|151388160|__DEFAULT__|__AUTOMETRIC__
__AUTOMETRIC__|0.1.2|18640|crew_log_c234dfece01f3fc7|0|1786321108.207|0.000|0.000|124940288|151396352|__DEFAULT__|__AUTOMETRIC__
__AUTOMETRIC__|0.1.2|18640|crew_log_c234dfece01f3fc7|0|1786321109.219|0.000|0.000|124932096|151388160|__DEFAULT__|__AUTOMETRIC__
__AUTOMETRIC__|0.1.2|18640|crew_log_c234dfece01f3fc7|0|1786321110.232|0.000|0.000|124932096|151396352|__DEFAULT__|__AUTOMETRIC__
__AUTOMETRIC__|0.1.2|18640|crew_log_c234dfece01f3fc7|0|1786321111.243|0.000|0.000|124932096|151388160|__DEFAULT__|__AUTOMETRIC__
__AUTOMETRIC__|0.1.2|18640|crew_log_c234dfece01f3fc7|0|1786321112.257|0.000|0.000|124940288|151396352|__DEFAULT__|__AUTOMETRIC__
__AUTOMETRIC__|0.1.2|18640|crew_log_c234dfece01f3fc7|0|1786321113.268|0.000|0.000|124940288|151396352|__DEFAULT__|__AUTOMETRIC__
__AUTOMETRIC__|0.1.2|18640|crew_log_c234dfece01f3fc7|0|1786321114.280|0.000|0.000|124940288|151396352|__DEFAULT__|__AUTOMETRIC__
__AUTOMETRIC__|0.1.2|18640|crew_log_c234dfece01f3fc7|0|1786321115.280|0.000|0.000|124940288|151396352|__DEFAULT__|__AUTOMETRIC__
__AUTOMETRIC__|0.1.2|18640|crew_log_c234dfece01f3fc7|0|1786321116.281|0.000|0.000|124940288|151396352|__DEFAULT__|__AUTOMETRIC__
__AUTOMETRIC__|0.1.2|18640|crew_log_c234dfece01f3fc7|0|1786321117.296|0.000|0.000|124940288|151396352|__DEFAULT__|__AUTOMETRIC__
__AUTOMETRIC__|0.1.2|18640|crew_log_c234dfece01f3fc7|0|1786321118.309|0.000|0.000|124940288|151396352|__DEFAULT__|__AUTOMETRIC__
__AUTOMETRIC__|0.1.2|18640|crew_log_c234dfece01f3fc7|0|1786321119.319|0.000|0.000|124932096|151388160|__DEFAULT__|__AUTOMETRIC__
__AUTOMETRIC__|0.1.2|18640|crew_log_c234dfece01f3fc7|0|1786321120.333|1.540|0.096|124940288|151396352|__DEFAULT__|__AUTOMETRIC__
__AUTOMETRIC__|0.1.2|18640|crew_log_c234dfece01f3fc7|0|1786321121.333|0.000|0.000|124940288|151396352|__DEFAULT__|__AUTOMETRIC__
__AUTOMETRIC__|0.1.2|18640|crew_log_c234dfece01f3fc7|0|1786321122.348|0.000|0.000|124940288|151396352|__DEFAULT__|__AUTOMETRIC__
__AUTOMETRIC__|0.1.2|18640|crew_log_c234dfece01f3fc7|0|1786321123.362|0.000|0.000|124940288|151396352|__DEFAULT__|__AUTOMETRIC__
__AUTOMETRIC__|0.1.2|18640|crew_log_c234dfece01f3fc7|0|1786321124.363|0.000|0.000|124940288|151396352|__DEFAULT__|__AUTOMETRIC__
__AUTOMETRIC__|0.1.2|18640|crew_log_c234dfece01f3fc7|0|1786321125.377|0.000|0.000|124932096|151396352|__DEFAULT__|__AUTOMETRIC__
__AUTOMETRIC__|0.1.2|18640|crew_log_c234dfece01f3fc7|0|1786321126.391|0.000|0.000|124940288|151396352|__DEFAULT__|__AUTOMETRIC__
__AUTOMETRIC__|0.1.2|18640|crew_log_c234dfece01f3fc7|0|1786321127.407|0.000|0.000|124940288|151396352|__DEFAULT__|__AUTOMETRIC__
__AUTOMETRIC__|0.1.2|18640|crew_log_c234dfece01f3fc7|0|1786321128.408|0.000|0.000|124940288|151396352|__DEFAULT__|__AUTOMETRIC__
__AUTOMETRIC__|0.1.2|18640|crew_log_c234dfece01f3fc7|0|1786321129.408|0.000|0.000|124940288|151396352|__DEFAULT__|__AUTOMETRIC__
__AUTOMETRIC__|0.1.2|18640|crew_log_c234dfece01f3fc7|0|1786321130.408|0.000|0.000|124932096|151396352|__DEFAULT__|__AUTOMETRIC__
__AUTOMETRIC__|0.1.2|18640|crew_log_c234dfece01f3fc7|0|1786321131.424|0.000|0.000|124940288|151396352|__DEFAULT__|__AUTOMETRIC__
__AUTOMETRIC__|0.1.2|18640|crew_log_c234dfece01f3fc7|0|1786321132.436|0.000|0.000|124940288|151396352|__DEFAULT__|__AUTOMETRIC__
__AUTOMETRIC__|0.1.2|18640|crew_log_c234dfece01f3fc7|0|1786321133.450|0.000|0.000|124940288|151396352|__DEFAULT__|__AUTOMETRIC__
__AUTOMETRIC__|0.1.2|18640|crew_log_c234dfece01f3fc7|0|1786321134.465|0.000|0.000|124940288|151396352|__DEFAULT__|__AUTOMETRIC__
__AUTOMETRIC__|0.1.2|18640|crew_log_c234dfece01f3fc7|0|1786321135.479|0.000|0.000|124940288|151396352|__DEFAULT__|__AUTOMETRIC__
__AUTOMETRIC__|0.1.2|18640|crew_log_c234dfece01f3fc7|0|1786321136.494|0.000|0.000|124940288|151396352|__DEFAULT__|__AUTOMETRIC__
__AUTOMETRIC__|0.1.2|18640|crew_log_c234dfece01f3fc7|0|1786321137.507|1.543|0.096|124932096|151396352|__DEFAULT__|__AUTOMETRIC__
__AUTOMETRIC__|0.1.2|18640|crew_log_c234dfece01f3fc7|0|1786321138.523|0.000|0.000|124932096|151388160|__DEFAULT__|__AUTOMETRIC__
__AUTOMETRIC__|0.1.2|18640|crew_log_c234dfece01f3fc7|0|1786321139.525|0.000|0.000|124940288|151396352|__DEFAULT__|__AUTOMETRIC__
__AUTOMETRIC__|0.1.2|18640|crew_log_c234dfece01f3fc7|0|1786321140.526|0.000|0.000|124940288|151396352|__DEFAULT__|__AUTOMETRIC__
__AUTOMETRIC__|0.1.2|18640|crew_log_c234dfece01f3fc7|0|1786321141.539|0.000|0.000|124940288|151396352|__DEFAULT__|__AUTOMETRIC__
__AUTOMETRIC__|0.1.2|18640|crew_log_c234dfece01f3fc7|0|1786321142.554|0.000|0.000|124940288|151396352|__DEFAULT__|__AUTOMETRIC__
__AUTOMETRIC__|0.1.2|18640|crew_log_c234dfece01f3fc7|0|1786321143.569|0.000|0.000|124932096|151388160|__DEFAULT__|__AUTOMETRIC__
__AUTOMETRIC__|0.1.2|18640|crew_log_c234dfece01f3fc7|0|1786321144.582|0.000|0.000|124940288|151396352|__DEFAULT__|__AUTOMETRIC__
__AUTOMETRIC__|0.1.2|18640|crew_log_c234dfece01f3fc7|0|1786321145.596|0.000|0.000|124940288|151396352|__DEFAULT__|__AUTOMETRIC__
__AUTOMETRIC__|0.1.2|18640|crew_log_c234dfece01f3fc7|0|1786321146.597|0.000|0.000|124940288|151396352|__DEFAULT__|__AUTOMETRIC__
__AUTOMETRIC__|0.1.2|18640|crew_log_c234dfece01f3fc7|0|1786321147.609|0.000|0.000|124940288|151396352|__DEFAULT__|__AUTOMETRIC__
__AUTOMETRIC__|0.1.2|18640|crew_log_c234dfece01f3fc7|0|1786321148.622|0.000|0.000|124940288|151396352|__DEFAULT__|__AUTOMETRIC__
__AUTOMETRIC__|0.1.2|18640|crew_log_c234dfece01f3fc7|0|1786321149.637|0.000|0.000|124932096|151388160|__DEFAULT__|__AUTOMETRIC__
__AUTOMETRIC__|0.1.2|18640|crew_log_c234dfece01f3fc7|0|1786321150.653|0.000|0.000|124932096|151388160|__DEFAULT__|__AUTOMETRIC__
__AUTOMETRIC__|0.1.2|18640|crew_log_c234dfece01f3fc7|0|1786321151.667|0.000|0.000|124940288|151396352|__DEFAULT__|__AUTOMETRIC__
__AUTOMETRIC__|0.1.2|18640|crew_log_c234dfece01f3fc7|0|1786321152.681|0.000|0.000|124940288|151396352|__DEFAULT__|__AUTOMETRIC__
__AUTOMETRIC__|0.1.2|18640|crew_log_c234dfece01f3fc7|0|1786321153.696|0.000|0.000|124940288|151396352|__DEFAULT__|__AUTOMETRIC__
__AUTOMETRIC__|0.1.2|18640|crew_log_c234dfece01f3fc7|0|1786321154.709|0.000|0.000|124940288|151396352|__DEFAULT__|__AUTOMETRIC__
__AUTOMETRIC__|0.1.2|18640|crew_log_c234dfece01f3fc7|0|1786321155.722|1.542|0.096|124940288|151396352|__DEFAULT__|__AUTOMETRIC__
__AUTOMETRIC__|0.1.2|18640|crew_log_c234dfece01f3fc7|0|1786321156.735|0.000|0.000|124940288|151396352|__DEFAULT__|__AUTOMETRIC__
__AUTOMETRIC__|0.1.2|18640|crew_log_c234dfece01f3fc7|0|1786321157.750|0.000|0.000|124940288|151396352|__DEFAULT__|__AUTOMETRIC__
__AUTOMETRIC__|0.1.2|18640|crew_log_c234dfece01f3fc7|0|1786321158.765|0.000|0.000|124940288|151396352|__DEFAULT__|__AUTOMETRIC__
__AUTOMETRIC__|0.1.2|18640|crew_log_c234dfece01f3fc7|0|1786321159.767|0.000|0.000|124932096|151388160|__DEFAULT__|__AUTOMETRIC__
__AUTOMETRIC__|0.1.2|18640|crew_log_c234dfece01f3fc7|0|1786321160.781|0.000|0.000|124932096|151388160|__DEFAULT__|__AUTOMETRIC__
__AUTOMETRIC__|0.1.2|18640|crew_log_c234dfece01f3fc7|0|1786321161.782|0.000|0.000|124932096|151388160|__DEFAULT__|__AUTOMETRIC__
__AUTOMETRIC__|0.1.2|18640|crew_log_c234dfece01f3fc7|0|1786321162.796|0.000|0.000|124932096|151388160|__DEFAULT__|__AUTOMETRIC__
__AUTOMETRIC__|0.1.2|18640|crew_log_c234dfece01f3fc7|0|1786321163.811|0.000|0.000|124940288|151396352|__DEFAULT__|__AUTOMETRIC__
__AUTOMETRIC__|0.1.2|18640|crew_log_c234dfece01f3fc7|0|1786321164.825|0.000|0.000|124932096|151388160|__DEFAULT__|__AUTOMETRIC__
__AUTOMETRIC__|0.1.2|18640|crew_log_c234dfece01f3fc7|0|1786321165.838|0.000|0.000|124932096|151388160|__DEFAULT__|__AUTOMETRIC__
__AUTOMETRIC__|0.1.2|18640|crew_log_c234dfece01f3fc7|0|1786321166.849|0.000|0.000|124940288|151396352|__DEFAULT__|__AUTOMETRIC__
__AUTOMETRIC__|0.1.2|18640|crew_log_c234dfece01f3fc7|0|1786321167.851|0.000|0.000|124932096|151388160|__DEFAULT__|__AUTOMETRIC__
__AUTOMETRIC__|0.1.2|18640|crew_log_c234dfece01f3fc7|0|1786321168.863|0.000|0.000|124940288|151396352|__DEFAULT__|__AUTOMETRIC__
__AUTOMETRIC__|0.1.2|18640|crew_log_c234dfece01f3fc7|0|1786321169.874|0.000|0.000|124940288|151396352|__DEFAULT__|__AUTOMETRIC__
__AUTOMETRIC__|0.1.2|18640|crew_log_c234dfece01f3fc7|0|1786321170.888|0.000|0.000|124940288|151396352|__DEFAULT__|__AUTOMETRIC__
__AUTOMETRIC__|0.1.2|18640|crew_log_c234dfece01f3fc7|0|1786321171.900|0.000|0.000|124940288|151396352|__DEFAULT__|__AUTOMETRIC__
__AUTOMETRIC__|0.1.2|18640|crew_log_c234dfece01f3fc7|0|1786321172.912|0.000|0.000|124940288|151396352|__DEFAULT__|__AUTOMETRIC__
__AUTOMETRIC__|0.1.2|18640|crew_log_c234dfece01f3fc7|0|1786321173.927|1.539|0.096|124940288|151396352|__DEFAULT__|__AUTOMETRIC__
__AUTOMETRIC__|0.1.2|18640|crew_log_c234dfece01f3fc7|0|1786321174.942|0.000|0.000|124940288|151396352|__DEFAULT__|__AUTOMETRIC__
__AUTOMETRIC__|0.1.2|18640|crew_log_c234dfece01f3fc7|0|1786321175.942|0.000|0.000|124940288|151396352|__DEFAULT__|__AUTOMETRIC__
__AUTOMETRIC__|0.1.2|18640|crew_log_c234dfece01f3fc7|0|1786321176.955|0.000|0.000|124940288|151396352|__DEFAULT__|__AUTOMETRIC__
__AUTOMETRIC__|0.1.2|18640|crew_log_c234dfece01f3fc7|0|1786321177.970|0.000|0.000|124932096|151388160|__DEFAULT__|__AUTOMETRIC__
__AUTOMETRIC__|0.1.2|18640|crew_log_c234dfece01f3fc7|0|1786321178.984|0.000|0.000|124940288|151396352|__DEFAULT__|__AUTOMETRIC__
__AUTOMETRIC__|0.1.2|18640|crew_log_c234dfece01f3fc7|0|1786321179.998|0.000|0.000|124932096|151388160|__DEFAULT__|__AUTOMETRIC__
__AUTOMETRIC__|0.1.2|18640|crew_log_c234dfece01f3fc7|0|1786321181.013|0.000|0.000|124940288|151396352|__DEFAULT__|__AUTOMETRIC__
__AUTOMETRIC__|0.1.2|18640|crew_log_c234dfece01f3fc7|0|1786321182.014|0.000|0.000|124940288|151396352|__DEFAULT__|__AUTOMETRIC__
__AUTOMETRIC__|0.1.2|18640|crew_log_c234dfece01f3fc7|0|1786321183.028|0.000|0.000|124940288|151396352|__DEFAULT__|__AUTOMETRIC__
__AUTOMETRIC__|0.1.2|18640|crew_log_c234dfece01f3fc7|0|1786321184.042|1.541|0.096|124932096|151388160|__DEFAULT__|__AUTOMETRIC__
__AUTOMETRIC__|0.1.2|18640|crew_log_c234dfece01f3fc7|0|1786321185.044|0.000|0.000|124940288|151396352|__DEFAULT__|__AUTOMETRIC__
__AUTOMETRIC__|0.1.2|18640|crew_log_c234dfece01f3fc7|0|1786321186.059|0.000|0.000|124940288|151396352|__DEFAULT__|__AUTOMETRIC__
__AUTOMETRIC__|0.1.2|18640|crew_log_c234dfece01f3fc7|0|1786321187.073|0.000|0.000|124932096|151388160|__DEFAULT__|__AUTOMETRIC__
__AUTOMETRIC__|0.1.2|18640|crew_log_c234dfece01f3fc7|0|1786321188.085|0.000|0.000|124940288|151396352|__DEFAULT__|__AUTOMETRIC__
__AUTOMETRIC__|0.1.2|18640|crew_log_c234dfece01f3fc7|0|1786321189.099|0.000|0.000|124940288|151396352|__DEFAULT__|__AUTOMETRIC__
__AUTOMETRIC__|0.1.2|18640|crew_log_c234dfece01f3fc7|0|1786321190.114|1.540|0.096|124932096|151388160|__DEFAULT__|__AUTOMETRIC__
__AUTOMETRIC__|0.1.2|18640|crew_log_c234dfece01f3fc7|0|1786321191.126|0.000|0.000|124940288|151396352|__DEFAULT__|__AUTOMETRIC__
__AUTOMETRIC__|0.1.2|18640|crew_log_c234dfece01f3fc7|0|1786321192.137|0.000|0.000|125140992|151490560|__DEFAULT__|__AUTOMETRIC__
__AUTOMETRIC__|0.1.2|18640|crew_log_c234dfece01f3fc7|0|1786321193.147|0.000|0.000|125140992|151490560|__DEFAULT__|__AUTOMETRIC__
__AUTOMETRIC__|0.1.2|18640|crew_log_c234dfece01f3fc7|0|1786321194.161|0.000|0.000|125140992|151490560|__DEFAULT__|__AUTOMETRIC__
__AUTOMETRIC__|0.1.2|18640|crew_log_c234dfece01f3fc7|0|1786321195.176|0.000|0.000|125140992|151490560|__DEFAULT__|__AUTOMETRIC__
__AUTOMETRIC__|0.1.2|18640|crew_log_c234dfece01f3fc7|0|1786321196.191|0.000|0.000|125140992|151490560|__DEFAULT__|__AUTOMETRIC__
__AUTOMETRIC__|0.1.2|18640|crew_log_c234dfece01f3fc7|0|1786321197.206|0.000|0.000|125140992|151490560|__DEFAULT__|__AUTOMETRIC__
__AUTOMETRIC__|0.1.2|18640|crew_log_c234dfece01f3fc7|0|1786321198.220|0.000|0.000|125140992|151490560|__DEFAULT__|__AUTOMETRIC__
__AUTOMETRIC__|0.1.2|18640|crew_log_c234dfece01f3fc7|0|1786321199.222|0.000|0.000|125140992|151490560|__DEFAULT__|__AUTOMETRIC__
__AUTOMETRIC__|0.1.2|18640|crew_log_c234dfece01f3fc7|0|1786321200.236|1.541|0.096|125140992|151490560|__DEFAULT__|__AUTOMETRIC__
__AUTOMETRIC__|0.1.2|18640|crew_log_c234dfece01f3fc7|0|1786321201.250|0.000|0.000|125132800|151482368|__DEFAULT__|__AUTOMETRIC__
__AUTOMETRIC__|0.1.2|18640|crew_log_c234dfece01f3fc7|0|1786321202.263|0.000|0.000|125140992|151490560|__DEFAULT__|__AUTOMETRIC__
__AUTOMETRIC__|0.1.2|18640|crew_log_c234dfece01f3fc7|0|1786321203.277|0.000|0.000|125140992|151490560|__DEFAULT__|__AUTOMETRIC__
