__AUTOMETRIC__|0.1.2|26084|crew_log_e80385bf65aac1a1|0|1786323911.883|48.293|3.018|146997248|173387776|sim_data_345e031ce91f1b82|__AUTOMETRIC__
__AUTOMETRIC__|0.1.2|26084|crew_log_e80385bf65aac1a1|0|1786323912.897|81.689|5.106|157331456|183640064|sim_data_345e031ce91f1b82|__AUTOMETRIC__
__AUTOMETRIC__|0.1.2|26084|crew_log_e80385bf65aac1a1|0|1786323913.907|74.261|4.641|217608192|243732480|sim_data_345e031ce91f1b82|__AUTOMETRIC__
__AUTOMETRIC__|0.1.2|26084|crew_log_e80385bf65aac1a1|0|1786323914.918|29.375|1.836|219123712|245153792|sim_data_345e031ce91f1b82|__AUTOMETRIC__
__AUTOMETRIC__|0.1.2|26084|crew_log_e80385bf65aac1a1|0|1786323915.926|0.000|0.000|219123712|245153792|sim_data_345e031ce91f1b82|__AUTOMETRIC__
__AUTOMETRIC__|0.1.2|26084|crew_log_e80385bf65aac1a1|0|1786323916.936|3.096|0.194|219107328|245137408|sim_data_345e031ce91f1b82|__AUTOMETRIC__
__AUTOMETRIC__|0.1.2|26084|crew_log_e80385bf65aac1a1|0|1786323917.948|0.000|0.000|219107328|245137408|sim_data_345e031ce91f1b82|__AUTOMETRIC__
__AUTOMETRIC__|0.1.2|26084|crew_log_e80385bf65aac1a1|0|1786323918.959|0.000|0.000|219115520|245145600|sim_data_345e031ce91f1b82|__AUTOMETRIC__
__AUTOMETRIC__|0.1.2|26084|crew_log_e80385bf65aac1a1|0|1786323919.973|0.000|0.000|219115520|245145600|sim_data_345e031ce91f1b82|__AUTOMETRIC__
__AUTOMETRIC__|0.1.2|26084|crew_log_e80385bf65aac1a1|0|1786323920.983|0.000|0.000|219115520|245145600|sim_data_345e031ce91f1b82|__AUTOMETRIC__
__AUTOMETRIC__|0.1.2|26084|crew_log_e80385bf65aac1a1|0|1786323921.987|0.000|0.000|219115520|245145600|sim_data_345e031ce91f1b82|__AUTOMETRIC__
__AUTOMETRIC__|0.1.2|26084|crew_log_e80385bf65aac1a1|0|1786323922.999|0.000|0.000|219107328|245137408|sim_data_345e031ce91f1b82|__AUTOMETRIC__
__AUTOMETRIC__|0.1.2|26084|crew_log_e80385bf65aac1a1|0|1786323924.006|0.000|0.000|219115520|245145600|sim_data_345e031ce91f1b82|__AUTOMETRIC__
__AUTOMETRIC__|0.1.2|26084|crew_log_e80385bf65aac1a1|0|1786323925.015|77.433|4.840|239403008|265469952|sim_data_345e031ce91f1b82|__AUTOMETRIC__
__AUTOMETRIC__|0.1.2|26084|crew_log_e80385bf65aac1a1|0|1786323926.028|98.794|6.175|303378432|329482240|sim_data_345e031ce91f1b82|__AUTOMETRIC__
__AUTOMETRIC__|0.1.2|26084|crew_log_e80385bf65aac1a1|0|1786323927.041|98.705|6.169|403222528|435953664|sim_data_345e031ce91f1b82|__AUTOMETRIC__
__AUTOMETRIC__|0.1.2|26084|crew_log_e80385bf65aac1a1|0|1786323928.053|128.091|8.006|507514880|533315584|sim_data_345e031ce91f1b82|__AUTOMETRIC__
__AUTOMETRIC__|0.1.2|26084|crew_log_e80385bf65aac1a1|0|1786323929.063|103.677|6.480|495095808|517423104|sim_data_345e031ce91f1b82|__AUTOMETRIC__
__AUTOMETRIC__|0.1.2|26084|crew_log_e80385bf65aac1a1|0|1786323930.069|99.338|6.209|539754496|562786304|sim_data_345e031ce91f1b82|__AUTOMETRIC__
__AUTOMETRIC__|0.1.2|26084|crew_log_e80385bf65aac1a1|0|1786323931.071|98.298|6.144|623378432|646549504|sim_data_345e031ce91f1b82|__AUTOMETRIC__
__AUTOMETRIC__|0.1.2|26084|crew_log_e80385bf65aac1a1|0|1786323932.081|99.039|6.190|762839040|786358272|sim_data_345e031ce91f1b82|__AUTOMETRIC__
__AUTOMETRIC__|0.1.2|26084|crew_log_e80385bf65aac1a1|0|1786323933.088|100.846|6.303|918675456|942522368|sim_data_345e031ce91f1b82|__AUTOMETRIC__
__AUTOMETRIC__|0.1.2|26084|crew_log_e80385bf65aac1a1|0|1786323934.094|99.421|6.214|1108070400|1132187648|sim_data_345e031ce91f1b82|__AUTOMETRIC__
__AUTOMETRIC__|0.1.2|26084|crew_log_e80385bf65aac1a1|0|1786323935.105|100.436|6.277|1210753024|1235128320|sim_data_345e031ce91f1b82|__AUTOMETRIC__
__AUTOMETRIC__|0.1.2|26084|crew_log_e80385bf65aac1a1|0|1786323936.117|100.343|6.271|1416396800|1441271808|sim_data_345e031ce91f1b82|__AUTOMETRIC__
__AUTOMETRIC__|0.1.2|26084|crew_log_e80385bf65aac1a1|0|1786323937.121|96.498|6.031|1506451456|1530257408|sim_data_345e031ce91f1b82|__AUTOMETRIC__
__AUTOMETRIC__|0.1.2|26084|crew_log_e80385bf65aac1a1|0|1786323938.127|96.258|6.016|1521516544|1545170944|sim_data_345e031ce91f1b82|__AUTOMETRIC__
__AUTOMETRIC__|0.1.2|26084|crew_log_e80385bf65aac1a1|0|1786323939.142|100.125|6.258|1556492288|1579843584|sim_data_345e031ce91f1b82|__AUTOMETRIC__
__AUTOMETRIC__|0.1.2|26084|crew_log_e80385bf65aac1a1|0|1786323940.149|99.245|6.203|1761222656|1785024512|sim_data_345e031ce91f1b82|__AUTOMETRIC__
__AUTOMETRIC__|0.1.2|26084|crew_log_e80385bf65aac1a1|0|1786323941.151|99.776|6.236|1833992192|1858052096|sim_data_345e031ce91f1b82|__AUTOMETRIC__
__AUTOMETRIC__|0.1.2|26084|crew_log_e80385bf65aac1a1|0|1786323942.163|100.416|6.276|1840242688|1864314880|sim_data_345e031ce91f1b82|__AUTOMETRIC__
__AUTOMETRIC__|0.1.2|26084|crew_log_e80385bf65aac1a1|0|1786323943.171|75.932|4.746|1852182528|1876406272|sim_data_345e031ce91f1b82|__AUTOMETRIC__
__AUTOMETRIC__|0.1.2|26084|crew_log_e80385bf65aac1a1|0|1786323944.183|95.735|5.983|1855037440|1878323200|sim_data_345e031ce91f1b82|__AUTOMETRIC__
__AUTOMETRIC__|0.1.2|26084|crew_log_e80385bf65aac1a1|0|1786323945.195|97.249|6.078|1853812736|1876873216|sim_data_345e031ce91f1b82|__AUTOMETRIC__
__AUTOMETRIC__|0.1.2|26084|crew_log_e80385bf65aac1a1|0|1786323946.201|97.917|6.120|1853812736|1876873216|sim_data_345e031ce91f1b82|__AUTOMETRIC__
__AUTOMETRIC__|0.1.2|26084|crew_log_e80385bf65aac1a1|0|1786323947.205|99.555|6.222|1853812736|1876873216|sim_data_345e031ce91f1b82|__AUTOMETRIC__
__AUTOMETRIC__|0.1.2|26084|crew_log_e80385bf65aac1a1|0|1786323948.209|98.070|6.129|1853812736|1876873216|sim_data_345e031ce91f1b82|__AUTOMETRIC__
__AUTOMETRIC__|0.1.2|26084|crew_log_e80385bf65aac1a1|0|1786323949.220|101.974|6.373|1853698048|1876758528|sim_data_345e031ce91f1b82|__AUTOMETRIC__
__AUTOMETRIC__|0.1.2|26084|crew_log_e80385bf65aac1a1|0|1786323950.223|99.761|6.235|1853698048|1876758528|sim_data_345e031ce91f1b82|__AUTOMETRIC__
__AUTOMETRIC__|0.1.2|26084|crew_log_e80385bf65aac1a1|0|1786323951.236|100.194|6.262|1853698048|1876758528|sim_data_345e031ce91f1b82|__AUTOMETRIC__
__AUTOMETRIC__|0.1.2|26084|crew_log_e80385bf65aac1a1|0|1786323952.248|100.407|6.275|1854640128|1877635072|sim_data_345e031ce91f1b82|__AUTOMETRIC__
__AUTOMETRIC__|0.1.2|26084|crew_log_e80385bf65aac1a1|0|1786323953.255|99.310|6.207|1854603264|1877598208|sim_data_345e031ce91f1b82|__AUTOMETRIC__
__AUTOMETRIC__|0.1.2|26084|crew_log_e80385bf65aac1a1|0|1786323954.267|100.354|6.272|1854603264|1877598208|sim_data_345e031ce91f1b82|__AUTOMETRIC__
__AUTOMETRIC__|0.1.2|26084|crew_log_e80385bf65aac1a1|0|1786323955.279|98.785|6.174|1854603264|1877598208|sim_data_345e031ce91f1b82|__AUTOMETRIC__
__AUTOMETRIC__|0.1.2|26084|crew_log_e80385bf65aac1a1|0|1786323956.287|99.203|6.200|1854603264|1877598208|sim_data_345e031ce91f1b82|__AUTOMETRIC__
__AUTOMETRIC__|0.1.2|26084|crew_log_e80385bf65aac1a1|0|1786323957.299|101.872|6.367|1854603264|1877598208|sim_data_345e031ce91f1b82|__AUTOMETRIC__
__AUTOMETRIC__|0.1.2|26084|crew_log_e80385bf65aac1a1|0|1786323958.303|99.619|6.226|1854603264|1877598208|sim_data_345e031ce91f1b82|__AUTOMETRIC__
__AUTOMETRIC__|0.1.2|26084|crew_log_e80385bf65aac1a1|0|1786323959.316|100.271|6.267|1854603264|1877598208|sim_data_345e031ce91f1b82|__AUTOMETRIC__
__AUTOMETRIC__|0.1.2|26084|crew_log_e80385bf65aac1a1|0|1786323960.327|100.426|6.277|1855557632|1878552576|sim_data_345e031ce91f1b82|__AUTOMETRIC__
__AUTOMETRIC__|0.1.2|26084|crew_log_e80385bf65aac1a1|0|1786323961.340|100.329|6.271|1855553536|1878548480|sim_data_345e031ce91f1b82|__AUTOMETRIC__
__AUTOMETRIC__|0.1.2|26084|crew_log_e80385bf65aac1a1|0|1786323962.350|94.315|5.895|1855553536|1878548480|sim_data_345e031ce91f1b82|__AUTOMETRIC__
__AUTOMETRIC__|0.1.2|26084|crew_log_e80385bf65aac1a1|0|1786323963.361|98.894|6.181|1855553536|1878548480|sim_data_345e031ce91f1b82|__AUTOMETRIC__
__AUTOMETRIC__|0.1.2|26084|crew_log_e80385bf65aac1a1|0|1786323964.374|98.743|6.171|1855553536|1878548480|sim_data_345e031ce91f1b82|__AUTOMETRIC__
__AUTOMETRIC__|0.1.2|26084|crew_log_e80385bf65aac1a1|0|1786323965.387|100.263|6.266|1855553536|1878548480|sim_data_345e031ce91f1b82|__AUTOMETRIC__
__AUTOMETRIC__|0.1.2|26084|crew_log_e80385bf65aac1a1|0|1786323966.397|98.987|6.187|1855553536|1878548480|sim_data_345e031ce91f1b82|__AUTOMETRIC__
__AUTOMETRIC__|0.1.2|26084|crew_log_e80385bf65aac1a1|0|1786323967.408|100.450|6.278|1855553536|1878548480|sim_data_345e031ce91f1b82|__AUTOMETRIC__
__AUTOMETRIC__|0.1.2|26084|crew_log_e80385bf65aac1a1|0|1786323968.411|99.739|6.234|1856458752|1879453696|sim_data_345e031ce91f1b82|__AUTOMETRIC__
__AUTOMETRIC__|0.1.2|26084|crew_log_e80385bf65aac1a1|0|1786323969.426|100.055|6.253|1856393216|1879355392|sim_data_345e031ce91f1b82|__AUTOMETRIC__
__AUTOMETRIC__|0.1.2|26084|crew_log_e80385bf65aac1a1|0|1786323970.438|100.403|6.275|1856393216|1879355392|sim_data_345e031ce91f1b82|__AUTOMETRIC__
__AUTOMETRIC__|0.1.2|26084|crew_log_e80385bf65aac1a1|0|1786323971.453|98.513|6.157|1856393216|1879355392|sim_data_345e031ce91f1b82|__AUTOMETRIC__
__AUTOMETRIC__|0.1.2|26084|crew_log_e80385bf65aac1a1|0|1786323972.466|100.225|6.264|1856393216|1879355392|sim_data_345e031ce91f1b82|__AUTOMETRIC__
__AUTOMETRIC__|0.1.2|26084|crew_log_e80385bf65aac1a1|0|1786323973.479|100.221|6.264|1856393216|1879355392|sim_data_345e031ce91f1b82|__AUTOMETRIC__
__AUTOMETRIC__|0.1.2|26084|crew_log_e80385bf65aac1a1|0|1786323974.480|99.971|6.248|1856393216|1879355392|sim_data_345e031ce91f1b82|__AUTOMETRIC__
__AUTOMETRIC__|0.1.2|26084|crew_log_e80385bf65aac1a1|0|1786323975.493|100.273|6.267|1856393216|1879355392|sim_data_345e031ce91f1b82|__AUTOMETRIC__
__AUTOMETRIC__|0.1.2|26084|crew_log_e80385bf65aac1a1|0|1786323976.503|98.961|6.185|1962680320|1985703936|sim_data_345e031ce91f1b82|__AUTOMETRIC__
__AUTOMETRIC__|0.1.2|26084|crew_log_e80385bf65aac1a1|0|1786323977.517|101.716|6.357|1995476992|2018721792|sim_data_345e031ce91f1b82|__AUTOMETRIC__
__AUTOMETRIC__|0.1.2|26084|crew_log_e80385bf65aac1a1|0|1786323978.530|100.274|6.267|1920335872|1943777280|sim_data_345e031ce91f1b82|__AUTOMETRIC__
__AUTOMETRIC__|0.1.2|26084|crew_log_e80385bf65aac1a1|0|1786323979.545|101.551|6.347|1851760640|1875505152|sim_data_345e031ce91f1b82|__AUTOMETRIC__
__AUTOMETRIC__|0.1.2|26084|crew_log_e80385bf65aac1a1|0|1786323980.549|99.671|6.229|1857495040|1881219072|sim_data_345e031ce91f1b82|__AUTOMETRIC__
__AUTOMETRIC__|0.1.2|26084|crew_log_e80385bf65aac1a1|0|1786323981.555|100.913|6.307|2001162240|2025164800|sim_data_345e031ce91f1b82|__AUTOMETRIC__
__AUTOMETRIC__|0.1.2|26084|crew_log_e80385bf65aac1a1|0|1786323982.560|77.750|4.859|2000912384|2023522304|sim_data_345e031ce91f1b82|__AUTOMETRIC__
__AUTOMETRIC__|0.1.2|26084|crew_log_e80385bf65aac1a1|0|1786323983.572|100.308|6.269|1999900672|2022338560|sim_data_345e031ce91f1b82|__AUTOMETRIC__
__AUTOMETRIC__|0.1.2|26084|crew_log_e80385bf65aac1a1|0|1786323984.578|99.438|6.215|1999896576|2022334464|sim_data_345e031ce91f1b82|__AUTOMETRIC__
__AUTOMETRIC__|0.1.2|26084|crew_log_e80385bf65aac1a1|0|1786323985.587|102.163|6.385|1999880192|2022318080|sim_data_345e031ce91f1b82|__AUTOMETRIC__
__AUTOMETRIC__|0.1.2|26084|crew_log_e80385bf65aac1a1|0|1786323986.602|98.557|6.160|1999884288|2022322176|sim_data_345e031ce91f1b82|__AUTOMETRIC__
__AUTOMETRIC__|0.1.2|26084|crew_log_e80385bf65aac1a1|0|1786323987.607|97.946|6.122|1999892480|2022330368|sim_data_345e031ce91f1b82|__AUTOMETRIC__
__AUTOMETRIC__|0.1.2|26084|crew_log_e80385bf65aac1a1|0|1786323988.614|99.325|6.208|2000850944|2023223296|sim_data_345e031ce91f1b82|__AUTOMETRIC__
__AUTOMETRIC__|0.1.2|26084|crew_log_e80385bf65aac1a1|0|1786323989.627|100.229|6.264|2000793600|2023165952|sim_data_345e031ce91f1b82|__AUTOMETRIC__
__AUTOMETRIC__|0.1.2|26084|crew_log_e80385bf65aac1a1|0|1786323990.635|99.206|6.200|2000801792|2023174144|sim_data_345e031ce91f1b82|__AUTOMETRIC__
__AUTOMETRIC__|0.1.2|26084|crew_log_e80385bf65aac1a1|0|1786323991.645|97.454|6.091|2000805888|2023178240|sim_data_345e031ce91f1b82|__AUTOMETRIC__
__AUTOMETRIC__|0.1.2|26084|crew_log_e80385bf65aac1a1|0|1786323992.652|102.471|6.404|2000797696|2023170048|sim_data_345e031ce91f1b82|__AUTOMETRIC__
__AUTOMETRIC__|0.1.2|26084|crew_log_e80385bf65aac1a1|0|1786323993.657|99.458|6.216|2000793600|2023165952|sim_data_345e031ce91f1b82|__AUTOMETRIC__
__AUTOMETRIC__|0.1.2|26084|crew_log_e80385bf65aac1a1|0|1786323994.657|99.998|6.250|2000805888|2023178240|sim_data_345e031ce91f1b82|__AUTOMETRIC__
__AUTOMETRIC__|0.1.2|26084|crew_log_e80385bf65aac1a1|0|1786323995.669|100.407|6.275|2001793024|2024165376|sim_data_345e031ce91f1b82|__AUTOMETRIC__
__AUTOMETRIC__|0.1.2|26084|crew_log_e80385bf65aac1a1|0|1786323996.680|100.432|6.277|2001739776|2024112128|sim_data_345e031ce91f1b82|__AUTOMETRIC__
__AUTOMETRIC__|0.1.2|26084|crew_log_e80385bf65aac1a1|0|1786323997.693|98.738|6.171|2001776640|2024148992|sim_data_345e031ce91f1b82|__AUTOMETRIC__
__AUTOMETRIC__|0.1.2|26084|crew_log_e80385bf65aac1a1|0|1786323998.704|102.012|6.376|2001776640|2024148992|sim_data_345e031ce91f1b82|__AUTOMETRIC__
__AUTOMETRIC__|0.1.2|26084|crew_log_e80385bf65aac1a1|0|1786323999.717|100.178|6.261|2001780736|2024153088|sim_data_345e031ce91f1b82|__AUTOMETRIC__
__AUTOMETRIC__|0.1.2|26084|crew_log_e80385bf65aac1a1|0|1786324000.733|100.046|6.253|2001776640|2024148992|sim_data_345e031ce91f1b82|__AUTOMETRIC__
__AUTOMETRIC__|0.1.2|26084|crew_log_e80385bf65aac1a1|0|1786324001.747|100.148|6.259|2001752064|2024124416|sim_data_345e031ce91f1b82|__AUTOMETRIC__
__AUTOMETRIC__|0.1.2|26084|crew_log_e80385bf65aac1a1|0|1786324002.758|98.900|6.181|2001780736|2024153088|sim_data_345e031ce91f1b82|__AUTOMETRIC__
__AUTOMETRIC__|0.1.2|26084|crew_log_e80385bf65aac1a1|0|1786324003.764|96.238|6.015|2002681856|2025054208|sim_data_345e031ce91f1b82|__AUTOMETRIC__
__AUTOMETRIC__|0.1.2|26084|crew_log_e80385bf65aac1a1|0|1786324004.776|100.435|6.277|2002661376|2025033728|sim_data_345e031ce91f1b82|__AUTOMETRIC__
__AUTOMETRIC__|0.1.2|26084|crew_log_e80385bf65aac1a1|0|1786324005.788|98.797|6.175|2002632704|2025005056|sim_data_345e031ce91f1b82|__AUTOMETRIC__
__AUTOMETRIC__|0.1.2|26084|crew_log_e80385bf65aac1a1|0|1786324006.800|98.841|6.178|2002636800|2025009152|sim_data_345e031ce91f1b82|__AUTOMETRIC__
__AUTOMETRIC__|0.1.2|26084|crew_log_e80385bf65aac1a1|0|1786324007.812|98.770|6.173|2002640896|2025013248|sim_data_345e031ce91f1b82|__AUTOMETRIC__
__AUTOMETRIC__|0.1.2|26084|crew_log_e80385bf65aac1a1|0|1786324008.825|98.747|6.172|2002628608|2025000960|sim_data_345e031ce91f1b82|__AUTOMETRIC__
__AUTOMETRIC__|0.1.2|26084|crew_log_e80385bf65aac1a1|0|1786324009.835|98.940|6.184|2002636800|2025009152|sim_data_345e031ce91f1b82|__AUTOMETRIC__
__AUTOMETRIC__|0.1.2|26084|crew_log_e80385bf65aac1a1|0|1786324010.846|95.856|5.991|2087419904|2109882368|sim_data_345e031ce91f1b82|__AUTOMETRIC__
__AUTOMETRIC__|0.1.2|26084|crew_log_e80385bf65aac1a1|0|1786324011.855|100.697|6.294|2099953664|2122645504|sim_data_345e031ce91f1b82|__AUTOMETRIC__
__AUTOMETRIC__|0.1.2|26084|crew_log_e80385bf65aac1a1|0|1786324012.866|106.639|6.665|1839075328|1861722112|sim_data_345e031ce91f1b82|__AUTOMETRIC__
__AUTOMETRIC__|0.1.2|26084|crew_log_e80385bf65aac1a1|0|1786324013.878|101.831|6.364|1752313856|1774829568|sim_data_345e031ce91f1b82|__AUTOMETRIC__
__AUTOMETRIC__|0.1.2|26084|crew_log_e80385bf65aac1a1|0|1786324014.886|100.791|6.299|1806880768|1829617664|sim_data_345e031ce91f1b82|__AUTOMETRIC__
__AUTOMETRIC__|0.1.2|26084|crew_log_e80385bf65aac1a1|0|1786324015.893|99.329|6.208|1950855168|1973649408|sim_data_345e031ce91f1b82|__AUTOMETRIC__
__AUTOMETRIC__|0.1.2|26084|crew_log_e80385bf65aac1a1|0|1786324016.894|99.824|6.239|2004037632|2026696704|sim_data_345e031ce91f1b82|__AUTOMETRIC__
__AUTOMETRIC__|0.1.2|26084|crew_log_e80385bf65aac1a1|0|1786324017.903|71.271|4.454|2012467200|2035240960|sim_data_345e031ce91f1b82|__AUTOMETRIC__
__AUTOMETRIC__|0.1.2|26084|crew_log_e80385bf65aac1a1|0|1786324018.916|97.189|6.074|2011705344|2033225728|sim_data_345e031ce91f1b82|__AUTOMETRIC__
__AUTOMETRIC__|0.1.2|26084|crew_log_e80385bf65aac1a1|0|1786324019.929|97.183|6.074|2011303936|2032824320|sim_data_345e031ce91f1b82|__AUTOMETRIC__
__AUTOMETRIC__|0.1.2|26084|crew_log_e80385bf65aac1a1|0|1786324020.935|99.338|6.209|2011303936|2032824320|sim_data_345e031ce91f1b82|__AUTOMETRIC__
__AUTOMETRIC__|0.1.2|26084|crew_log_e80385bf65aac1a1|0|1786324021.944|100.661|6.291|2011303936|2032824320|sim_data_345e031ce91f1b82|__AUTOMETRIC__
__AUTOMETRIC__|0.1.2|26084|crew_log_e80385bf65aac1a1|0|1786324022.952|99.287|6.205|2012307456|2033762304|sim_data_345e031ce91f1b82|__AUTOMETRIC__
__AUTOMETRIC__|0.1.2|26084|crew_log_e80385bf65aac1a1|0|1786324023.954|99.727|6.233|2012303360|2033758208|sim_data_345e031ce91f1b82|__AUTOMETRIC__
__AUTOMETRIC__|0.1.2|26084|crew_log_e80385bf65aac1a1|0|1786324024.967|100.334|6.271|2012311552|2033766400|sim_data_345e031ce91f1b82|__AUTOMETRIC__
__AUTOMETRIC__|0.1.2|26084|crew_log_e80385bf65aac1a1|0|1786324025.979|98.786|6.174|2012307456|2033762304|sim_data_345e031ce91f1b82|__AUTOMETRIC__
__AUTOMETRIC__|0.1.2|26084|crew_log_e80385bf65aac1a1|0|1786324026.992|100.262|6.266|2013212672|2034667520|sim_data_345e031ce91f1b82|__AUTOMETRIC__
__AUTOMETRIC__|0.1.2|26084|crew_log_e80385bf65aac1a1|0|1786324028.006|97.068|6.067|2013167616|2034622464|sim_data_345e031ce91f1b82|__AUTOMETRIC__
__AUTOMETRIC__|0.1.2|26084|crew_log_e80385bf65aac1a1|0|1786324029.016|102.062|6.379|2013179904|2034634752|sim_data_345e031ce91f1b82|__AUTOMETRIC__
__AUTOMETRIC__|0.1.2|26084|crew_log_e80385bf65aac1a1|0|1786324030.029|98.750|6.172|2013171712|2034626560|sim_data_345e031ce91f1b82|__AUTOMETRIC__
__AUTOMETRIC__|0.1.2|26084|crew_log_e80385bf65aac1a1|0|1786324031.029|99.945|6.247|2014171136|2035625984|sim_data_345e031ce91f1b82|__AUTOMETRIC__
