__AUTOMETRIC__|0.1.2|15152|crew_log_bb64d76a298b45c1|0|1786319313.950|10.963|0.685|129159168|155082752|compiled_brms_models_88262d33a6308f67|__AUTOMETRIC__
__AUTOMETRIC__|0.1.2|15152|crew_log_bb64d76a298b45c1|0|1786320890.468|0.008|0.000|139472896|165158912|compiled_brms_models_88262d33a6308f67|__AUTOMETRIC__
__AUTOMETRIC__|0.1.2|15152|crew_log_bb64d76a298b45c1|0|1786320891.475|74.505|4.657|169877504|195330048|compiled_brms_models_88262d33a6308f67|__AUTOMETRIC__
__AUTOMETRIC__|0.1.2|15152|crew_log_bb64d76a298b45c1|0|1786320892.479|62.259|3.891|160030720|185536512|compiled_brms_models_88262d33a6308f67|__AUTOMETRIC__
__AUTOMETRIC__|0.1.2|15152|crew_log_bb64d76a298b45c1|0|1786320893.522|71.859|4.491|223162368|248459264|compiled_brms_models_88262d33a6308f67|__AUTOMETRIC__
__AUTOMETRIC__|0.1.2|15152|crew_log_bb64d76a298b45c1|0|1786320894.532|32.489|2.031|220540928|246018048|compiled_brms_models_88262d33a6308f67|__AUTOMETRIC__
__AUTOMETRIC__|0.1.2|15152|crew_log_bb64d76a298b45c1|0|1786320895.544|0.000|0.000|220086272|245288960|compiled_brms_models_88262d33a6308f67|__AUTOMETRIC__
__AUTOMETRIC__|0.1.2|15152|crew_log_bb64d76a298b45c1|0|1786320896.558|0.000|0.000|220086272|245288960|compiled_brms_models_88262d33a6308f67|__AUTOMETRIC__
__AUTOMETRIC__|0.1.2|15152|crew_log_bb64d76a298b45c1|0|1786320897.571|0.000|0.000|220086272|245288960|compiled_brms_models_88262d33a6308f67|__AUTOMETRIC__
__AUTOMETRIC__|0.1.2|15152|crew_log_bb64d76a298b45c1|0|1786320898.581|0.000|0.000|220086272|245288960|compiled_brms_models_88262d33a6308f67|__AUTOMETRIC__
__AUTOMETRIC__|0.1.2|15152|crew_log_bb64d76a298b45c1|0|1786320899.590|1.548|0.097|220086272|245288960|compiled_brms_models_88262d33a6308f67|__AUTOMETRIC__
__AUTOMETRIC__|0.1.2|15152|crew_log_bb64d76a298b45c1|0|1786320900.601|0.000|0.000|220086272|245288960|compiled_brms_models_88262d33a6308f67|__AUTOMETRIC__
__AUTOMETRIC__|0.1.2|15152|crew_log_bb64d76a298b45c1|0|1786320901.613|0.000|0.000|220086272|245288960|compiled_brms_models_88262d33a6308f67|__AUTOMETRIC__
__AUTOMETRIC__|0.1.2|15152|crew_log_bb64d76a298b45c1|0|1786320902.628|1.541|0.096|220086272|245288960|compiled_brms_models_88262d33a6308f67|__AUTOMETRIC__
__AUTOMETRIC__|0.1.2|15152|crew_log_bb64d76a298b45c1|0|1786320903.639|0.000|0.000|220086272|245288960|compiled_brms_models_88262d33a6308f67|__AUTOMETRIC__
__AUTOMETRIC__|0.1.2|15152|crew_log_bb64d76a298b45c1|0|1786320904.650|64.920|4.057|224288768|249442304|compiled_brms_models_88262d33a6308f67|__AUTOMETRIC__
__AUTOMETRIC__|0.1.2|15152|crew_log_bb64d76a298b45c1|0|1786320905.659|99.149|6.197|246517760|271810560|compiled_brms_models_88262d33a6308f67|__AUTOMETRIC__
__AUTOMETRIC__|0.1.2|15152|crew_log_bb64d76a298b45c1|0|1786320906.668|99.075|6.192|382840832|414760960|compiled_brms_models_88262d33a6308f67|__AUTOMETRIC__
__AUTOMETRIC__|0.1.2|15152|crew_log_bb64d76a298b45c1|0|1786320907.676|99.162|6.198|406282240|437309440|compiled_brms_models_88262d33a6308f67|__AUTOMETRIC__
__AUTOMETRIC__|0.1.2|15152|crew_log_bb64d76a298b45c1|0|1786320908.685|100.716|6.295|415764480|446836736|compiled_brms_models_88262d33a6308f67|__AUTOMETRIC__
__AUTOMETRIC__|0.1.2|15152|crew_log_bb64d76a298b45c1|0|1786320909.694|125.355|7.835|476946432|497262592|compiled_brms_models_88262d33a6308f67|__AUTOMETRIC__
__AUTOMETRIC__|0.1.2|15152|crew_log_bb64d76a298b45c1|0|1786320910.705|132.980|8.311|508567552|528269312|compiled_brms_models_88262d33a6308f67|__AUTOMETRIC__
__AUTOMETRIC__|0.1.2|15152|crew_log_bb64d76a298b45c1|0|1786321015.822|60.342|3.771|542789632|562089984|compiled_brms_models_88262d33a6308f67|__AUTOMETRIC__
__AUTOMETRIC__|0.1.2|15152|crew_log_bb64d76a298b45c1|0|1786321016.833|98.894|6.181|658571264|677363712|compiled_brms_models_88262d33a6308f67|__AUTOMETRIC__
__AUTOMETRIC__|0.1.2|15152|crew_log_bb64d76a298b45c1|0|1786321017.843|97.509|6.094|654131200|672968704|compiled_brms_models_c483b658d80b4917|__AUTOMETRIC__
__AUTOMETRIC__|0.1.2|15152|crew_log_bb64d76a298b45c1|0|1786321018.852|128.473|8.030|684720128|703291392|compiled_brms_models_c483b658d80b4917|__AUTOMETRIC__
__AUTOMETRIC__|0.1.2|15152|crew_log_bb64d76a298b45c1|0|1786321106.819|10.933|0.683|674340864|692428800|compiled_brms_models_c483b658d80b4917|__AUTOMETRIC__
__AUTOMETRIC__|0.1.2|15152|crew_log_bb64d76a298b45c1|0|1786321107.829|91.269|5.704|687140864|704933888|compiled_brms_models_c483b658d80b4917|__AUTOMETRIC__
__AUTOMETRIC__|0.1.2|15152|crew_log_bb64d76a298b45c1|0|1786321108.839|24.731|1.546|681324544|698785792|__DEFAULT__|__AUTOMETRIC__
__AUTOMETRIC__|0.1.2|15152|crew_log_bb64d76a298b45c1|0|1786321109.851|0.000|0.000|681332736|698793984|__DEFAULT__|__AUTOMETRIC__
__AUTOMETRIC__|0.1.2|15152|crew_log_bb64d76a298b45c1|0|1786321110.864|0.000|0.000|680943616|698228736|__DEFAULT__|__AUTOMETRIC__
__AUTOMETRIC__|0.1.2|15152|crew_log_bb64d76a298b45c1|0|1786321111.877|0.000|0.000|680943616|698228736|__DEFAULT__|__AUTOMETRIC__
__AUTOMETRIC__|0.1.2|15152|crew_log_bb64d76a298b45c1|0|1786321112.888|0.000|0.000|680947712|698232832|__DEFAULT__|__AUTOMETRIC__
__AUTOMETRIC__|0.1.2|15152|crew_log_bb64d76a298b45c1|0|1786321113.899|0.000|0.000|680947712|698232832|__DEFAULT__|__AUTOMETRIC__
__AUTOMETRIC__|0.1.2|15152|crew_log_bb64d76a298b45c1|0|1786321114.914|0.000|0.000|680951808|698236928|__DEFAULT__|__AUTOMETRIC__
__AUTOMETRIC__|0.1.2|15152|crew_log_bb64d76a298b45c1|0|1786321115.916|0.000|0.000|680951808|698236928|__DEFAULT__|__AUTOMETRIC__
__AUTOMETRIC__|0.1.2|15152|crew_log_bb64d76a298b45c1|0|1786321116.932|0.000|0.000|680951808|698236928|__DEFAULT__|__AUTOMETRIC__
__AUTOMETRIC__|0.1.2|15152|crew_log_bb64d76a298b45c1|0|1786321117.945|0.000|0.000|680951808|698236928|__DEFAULT__|__AUTOMETRIC__
__AUTOMETRIC__|0.1.2|15152|crew_log_bb64d76a298b45c1|0|1786321118.956|0.000|0.000|680951808|698236928|__DEFAULT__|__AUTOMETRIC__
__AUTOMETRIC__|0.1.2|15152|crew_log_bb64d76a298b45c1|0|1786321119.968|0.000|0.000|680951808|698236928|__DEFAULT__|__AUTOMETRIC__
__AUTOMETRIC__|0.1.2|15152|crew_log_bb64d76a298b45c1|0|1786321120.969|0.000|0.000|680951808|698236928|__DEFAULT__|__AUTOMETRIC__
__AUTOMETRIC__|0.1.2|15152|crew_log_bb64d76a298b45c1|0|1786321121.983|0.000|0.000|680951808|698236928|__DEFAULT__|__AUTOMETRIC__
__AUTOMETRIC__|0.1.2|15152|crew_log_bb64d76a298b45c1|0|1786321122.998|0.000|0.000|680951808|698236928|__DEFAULT__|__AUTOMETRIC__
__AUTOMETRIC__|0.1.2|15152|crew_log_bb64d76a298b45c1|0|1786321124.013|0.000|0.000|680951808|698236928|__DEFAULT__|__AUTOMETRIC__
__AUTOMETRIC__|0.1.2|15152|crew_log_bb64d76a298b45c1|0|1786321125.028|0.000|0.000|680951808|698236928|__DEFAULT__|__AUTOMETRIC__
__AUTOMETRIC__|0.1.2|15152|crew_log_bb64d76a298b45c1|0|1786321126.043|0.000|0.000|680951808|698236928|__DEFAULT__|__AUTOMETRIC__
__AUTOMETRIC__|0.1.2|15152|crew_log_bb64d76a298b45c1|0|1786321127.057|0.000|0.000|680951808|698236928|__DEFAULT__|__AUTOMETRIC__
__AUTOMETRIC__|0.1.2|15152|crew_log_bb64d76a298b45c1|0|1786321128.059|0.000|0.000|680951808|698236928|__DEFAULT__|__AUTOMETRIC__
__AUTOMETRIC__|0.1.2|15152|crew_log_bb64d76a298b45c1|0|1786321129.074|0.000|0.000|680951808|698236928|__DEFAULT__|__AUTOMETRIC__
__AUTOMETRIC__|0.1.2|15152|crew_log_bb64d76a298b45c1|0|1786321130.090|0.000|0.000|680951808|698236928|__DEFAULT__|__AUTOMETRIC__
__AUTOMETRIC__|0.1.2|15152|crew_log_bb64d76a298b45c1|0|1786321131.091|0.000|0.000|680935424|698204160|__DEFAULT__|__AUTOMETRIC__
__AUTOMETRIC__|0.1.2|15152|crew_log_bb64d76a298b45c1|0|1786321132.104|0.000|0.000|680923136|698191872|__DEFAULT__|__AUTOMETRIC__
__AUTOMETRIC__|0.1.2|15152|crew_log_bb64d76a298b45c1|0|1786321133.118|0.000|0.000|680927232|698195968|__DEFAULT__|__AUTOMETRIC__
__AUTOMETRIC__|0.1.2|15152|crew_log_bb64d76a298b45c1|0|1786321134.132|0.000|0.000|680923136|698191872|__DEFAULT__|__AUTOMETRIC__
__AUTOMETRIC__|0.1.2|15152|crew_log_bb64d76a298b45c1|0|1786321135.146|0.000|0.000|680923136|698191872|__DEFAULT__|__AUTOMETRIC__
__AUTOMETRIC__|0.1.2|15152|crew_log_bb64d76a298b45c1|0|1786321136.146|0.000|0.000|680923136|698195968|__DEFAULT__|__AUTOMETRIC__
__AUTOMETRIC__|0.1.2|15152|crew_log_bb64d76a298b45c1|0|1786321137.159|0.000|0.000|680927232|698195968|__DEFAULT__|__AUTOMETRIC__
__AUTOMETRIC__|0.1.2|15152|crew_log_bb64d76a298b45c1|0|1786321138.173|0.000|0.000|680927232|698195968|__DEFAULT__|__AUTOMETRIC__
__AUTOMETRIC__|0.1.2|15152|crew_log_bb64d76a298b45c1|0|1786321139.174|0.000|0.000|680927232|698195968|__DEFAULT__|__AUTOMETRIC__
__AUTOMETRIC__|0.1.2|15152|crew_log_bb64d76a298b45c1|0|1786321140.175|0.000|0.000|680927232|698195968|__DEFAULT__|__AUTOMETRIC__
__AUTOMETRIC__|0.1.2|15152|crew_log_bb64d76a298b45c1|0|1786321141.190|0.000|0.000|680923136|698191872|__DEFAULT__|__AUTOMETRIC__
__AUTOMETRIC__|0.1.2|15152|crew_log_bb64d76a298b45c1|0|1786321142.205|0.000|0.000|680927232|698195968|__DEFAULT__|__AUTOMETRIC__
__AUTOMETRIC__|0.1.2|15152|crew_log_bb64d76a298b45c1|0|1786321143.220|0.000|0.000|680927232|698195968|__DEFAULT__|__AUTOMETRIC__
__AUTOMETRIC__|0.1.2|15152|crew_log_bb64d76a298b45c1|0|1786321144.232|0.000|0.000|680927232|698195968|__DEFAULT__|__AUTOMETRIC__
__AUTOMETRIC__|0.1.2|15152|crew_log_bb64d76a298b45c1|0|1786321145.247|0.000|0.000|680927232|698195968|__DEFAULT__|__AUTOMETRIC__
__AUTOMETRIC__|0.1.2|15152|crew_log_bb64d76a298b45c1|0|1786321146.264|0.000|0.000|680927232|698195968|__DEFAULT__|__AUTOMETRIC__
__AUTOMETRIC__|0.1.2|15152|crew_log_bb64d76a298b45c1|0|1786321147.277|0.000|0.000|680927232|698195968|__DEFAULT__|__AUTOMETRIC__
__AUTOMETRIC__|0.1.2|15152|crew_log_bb64d76a298b45c1|0|1786321148.290|0.000|0.000|680931328|698200064|__DEFAULT__|__AUTOMETRIC__
__AUTOMETRIC__|0.1.2|15152|crew_log_bb64d76a298b45c1|0|1786321149.306|0.000|0.000|680927232|698195968|__DEFAULT__|__AUTOMETRIC__
__AUTOMETRIC__|0.1.2|15152|crew_log_bb64d76a298b45c1|0|1786321150.321|0.000|0.000|680927232|698195968|__DEFAULT__|__AUTOMETRIC__
__AUTOMETRIC__|0.1.2|15152|crew_log_bb64d76a298b45c1|0|1786321151.334|0.000|0.000|680927232|698195968|__DEFAULT__|__AUTOMETRIC__
__AUTOMETRIC__|0.1.2|15152|crew_log_bb64d76a298b45c1|0|1786321152.349|1.539|0.096|680931328|698200064|__DEFAULT__|__AUTOMETRIC__
__AUTOMETRIC__|0.1.2|15152|crew_log_bb64d76a298b45c1|0|1786321153.363|0.000|0.000|680927232|698195968|__DEFAULT__|__AUTOMETRIC__
__AUTOMETRIC__|0.1.2|15152|crew_log_bb64d76a298b45c1|0|1786321154.376|0.000|0.000|680927232|698195968|__DEFAULT__|__AUTOMETRIC__
__AUTOMETRIC__|0.1.2|15152|crew_log_bb64d76a298b45c1|0|1786321155.389|0.000|0.000|680927232|698195968|__DEFAULT__|__AUTOMETRIC__
__AUTOMETRIC__|0.1.2|15152|crew_log_bb64d76a298b45c1|0|1786321156.401|0.000|0.000|680927232|698195968|__DEFAULT__|__AUTOMETRIC__
__AUTOMETRIC__|0.1.2|15152|crew_log_bb64d76a298b45c1|0|1786321157.417|0.000|0.000|680927232|698195968|__DEFAULT__|__AUTOMETRIC__
__AUTOMETRIC__|0.1.2|15152|crew_log_bb64d76a298b45c1|0|1786321158.432|0.000|0.000|680927232|698195968|__DEFAULT__|__AUTOMETRIC__
__AUTOMETRIC__|0.1.2|15152|crew_log_bb64d76a298b45c1|0|1786321159.435|0.000|0.000|680927232|698195968|__DEFAULT__|__AUTOMETRIC__
__AUTOMETRIC__|0.1.2|15152|crew_log_bb64d76a298b45c1|0|1786321160.448|0.000|0.000|680931328|698200064|__DEFAULT__|__AUTOMETRIC__
__AUTOMETRIC__|0.1.2|15152|crew_log_bb64d76a298b45c1|0|1786321161.463|0.000|0.000|680931328|698200064|__DEFAULT__|__AUTOMETRIC__
__AUTOMETRIC__|0.1.2|15152|crew_log_bb64d76a298b45c1|0|1786321162.478|0.000|0.000|680927232|698195968|__DEFAULT__|__AUTOMETRIC__
__AUTOMETRIC__|0.1.2|15152|crew_log_bb64d76a298b45c1|0|1786321163.493|0.000|0.000|680927232|698195968|__DEFAULT__|__AUTOMETRIC__
__AUTOMETRIC__|0.1.2|15152|crew_log_bb64d76a298b45c1|0|1786321164.508|0.000|0.000|680927232|698195968|__DEFAULT__|__AUTOMETRIC__
__AUTOMETRIC__|0.1.2|15152|crew_log_bb64d76a298b45c1|0|1786321165.522|0.000|0.000|680927232|698195968|__DEFAULT__|__AUTOMETRIC__
__AUTOMETRIC__|0.1.2|15152|crew_log_bb64d76a298b45c1|0|1786321166.533|1.544|0.097|680927232|698195968|__DEFAULT__|__AUTOMETRIC__
__AUTOMETRIC__|0.1.2|15152|crew_log_bb64d76a298b45c1|0|1786321167.534|0.000|0.000|680927232|698195968|__DEFAULT__|__AUTOMETRIC__
__AUTOMETRIC__|0.1.2|15152|crew_log_bb64d76a298b45c1|0|1786321168.546|0.000|0.000|680923136|698195968|__DEFAULT__|__AUTOMETRIC__
__AUTOMETRIC__|0.1.2|15152|crew_log_bb64d76a298b45c1|0|1786321169.559|0.000|0.000|680927232|698195968|__DEFAULT__|__AUTOMETRIC__
__AUTOMETRIC__|0.1.2|15152|crew_log_bb64d76a298b45c1|0|1786321170.571|0.000|0.000|680931328|698200064|__DEFAULT__|__AUTOMETRIC__
__AUTOMETRIC__|0.1.2|15152|crew_log_bb64d76a298b45c1|0|1786321171.584|0.000|0.000|680927232|698195968|__DEFAULT__|__AUTOMETRIC__
__AUTOMETRIC__|0.1.2|15152|crew_log_bb64d76a298b45c1|0|1786321172.595|1.546|0.097|680923136|698191872|__DEFAULT__|__AUTOMETRIC__
__AUTOMETRIC__|0.1.2|15152|crew_log_bb64d76a298b45c1|0|1786321173.609|0.000|0.000|680927232|698195968|__DEFAULT__|__AUTOMETRIC__
__AUTOMETRIC__|0.1.2|15152|crew_log_bb64d76a298b45c1|0|1786321174.624|0.000|0.000|680927232|698195968|__DEFAULT__|__AUTOMETRIC__
__AUTOMETRIC__|0.1.2|15152|crew_log_bb64d76a298b45c1|0|1786321175.625|0.000|0.000|680927232|698195968|__DEFAULT__|__AUTOMETRIC__
__AUTOMETRIC__|0.1.2|15152|crew_log_bb64d76a298b45c1|0|1786321176.638|0.000|0.000|680927232|698195968|__DEFAULT__|__AUTOMETRIC__
__AUTOMETRIC__|0.1.2|15152|crew_log_bb64d76a298b45c1|0|1786321177.653|0.000|0.000|680923136|698191872|__DEFAULT__|__AUTOMETRIC__
__AUTOMETRIC__|0.1.2|15152|crew_log_bb64d76a298b45c1|0|1786321178.667|0.000|0.000|680927232|698195968|__DEFAULT__|__AUTOMETRIC__
__AUTOMETRIC__|0.1.2|15152|crew_log_bb64d76a298b45c1|0|1786321179.681|0.000|0.000|680927232|698195968|__DEFAULT__|__AUTOMETRIC__
__AUTOMETRIC__|0.1.2|15152|crew_log_bb64d76a298b45c1|0|1786321180.696|0.000|0.000|680927232|698195968|__DEFAULT__|__AUTOMETRIC__
__AUTOMETRIC__|0.1.2|15152|crew_log_bb64d76a298b45c1|0|1786321181.713|0.000|0.000|680927232|698195968|__DEFAULT__|__AUTOMETRIC__
__AUTOMETRIC__|0.1.2|15152|crew_log_bb64d76a298b45c1|0|1786321182.726|0.000|0.000|680927232|698195968|__DEFAULT__|__AUTOMETRIC__
__AUTOMETRIC__|0.1.2|15152|crew_log_bb64d76a298b45c1|0|1786321183.740|0.000|0.000|680927232|698195968|__DEFAULT__|__AUTOMETRIC__
__AUTOMETRIC__|0.1.2|15152|crew_log_bb64d76a298b45c1|0|1786321184.742|1.560|0.098|681099264|698269696|__DEFAULT__|__AUTOMETRIC__
__AUTOMETRIC__|0.1.2|15152|crew_log_bb64d76a298b45c1|0|1786321185.742|0.000|0.000|681099264|698269696|__DEFAULT__|__AUTOMETRIC__
__AUTOMETRIC__|0.1.2|15152|crew_log_bb64d76a298b45c1|0|1786321186.756|1.541|0.096|681099264|698269696|__DEFAULT__|__AUTOMETRIC__
__AUTOMETRIC__|0.1.2|15152|crew_log_bb64d76a298b45c1|0|1786321187.769|1.542|0.096|681099264|698269696|__DEFAULT__|__AUTOMETRIC__
__AUTOMETRIC__|0.1.2|15152|crew_log_bb64d76a298b45c1|0|1786321188.782|0.000|0.000|681095168|698265600|__DEFAULT__|__AUTOMETRIC__
__AUTOMETRIC__|0.1.2|15152|crew_log_bb64d76a298b45c1|0|1786321189.798|0.000|0.000|681099264|698269696|__DEFAULT__|__AUTOMETRIC__
__AUTOMETRIC__|0.1.2|15152|crew_log_bb64d76a298b45c1|0|1786321190.811|0.000|0.000|681099264|698269696|__DEFAULT__|__AUTOMETRIC__
__AUTOMETRIC__|0.1.2|15152|crew_log_bb64d76a298b45c1|0|1786321191.820|0.000|0.000|681099264|698269696|__DEFAULT__|__AUTOMETRIC__
__AUTOMETRIC__|0.1.2|15152|crew_log_bb64d76a298b45c1|0|1786321192.832|0.000|0.000|681099264|698269696|__DEFAULT__|__AUTOMETRIC__
__AUTOMETRIC__|0.1.2|15152|crew_log_bb64d76a298b45c1|0|1786321193.844|0.000|0.000|681095168|698269696|__DEFAULT__|__AUTOMETRIC__
__AUTOMETRIC__|0.1.2|15152|crew_log_bb64d76a298b45c1|0|1786321194.859|0.000|0.000|681099264|698269696|__DEFAULT__|__AUTOMETRIC__
__AUTOMETRIC__|0.1.2|15152|crew_log_bb64d76a298b45c1|0|1786321195.859|0.000|0.000|681099264|698269696|__DEFAULT__|__AUTOMETRIC__
__AUTOMETRIC__|0.1.2|15152|crew_log_bb64d76a298b45c1|0|1786321196.874|0.000|0.000|681103360|698273792|__DEFAULT__|__AUTOMETRIC__
__AUTOMETRIC__|0.1.2|15152|crew_log_bb64d76a298b45c1|0|1786321197.887|0.000|0.000|681095168|698265600|__DEFAULT__|__AUTOMETRIC__
__AUTOMETRIC__|0.1.2|15152|crew_log_bb64d76a298b45c1|0|1786321198.888|0.000|0.000|681095168|698265600|__DEFAULT__|__AUTOMETRIC__
__AUTOMETRIC__|0.1.2|15152|crew_log_bb64d76a298b45c1|0|1786321199.903|0.000|0.000|681099264|698269696|__DEFAULT__|__AUTOMETRIC__
__AUTOMETRIC__|0.1.2|15152|crew_log_bb64d76a298b45c1|0|1786321200.917|0.000|0.000|681095168|698265600|__DEFAULT__|__AUTOMETRIC__
__AUTOMETRIC__|0.1.2|15152|crew_log_bb64d76a298b45c1|0|1786321201.930|0.000|0.000|681099264|698269696|__DEFAULT__|__AUTOMETRIC__
__AUTOMETRIC__|0.1.2|15152|crew_log_bb64d76a298b45c1|0|1786321202.944|1.542|0.096|681099264|698269696|__DEFAULT__|__AUTOMETRIC__
__AUTOMETRIC__|0.1.2|15152|crew_log_bb64d76a298b45c1|0|1786321203.958|0.000|0.000|681099264|698269696|__DEFAULT__|__AUTOMETRIC__
__AUTOMETRIC__|0.1.2|15152|crew_log_bb64d76a298b45c1|0|1786321204.958|0.000|0.000|681099264|698269696|__DEFAULT__|__AUTOMETRIC__
__AUTOMETRIC__|0.1.2|15152|crew_log_bb64d76a298b45c1|0|1786321205.971|0.000|0.000|681099264|698269696|__DEFAULT__|__AUTOMETRIC__
__AUTOMETRIC__|0.1.2|15152|crew_log_bb64d76a298b45c1|0|1786321206.985|0.000|0.000|681099264|698269696|__DEFAULT__|__AUTOMETRIC__
__AUTOMETRIC__|0.1.2|15152|crew_log_bb64d76a298b45c1|0|1786321207.999|0.000|0.000|681099264|698269696|__DEFAULT__|__AUTOMETRIC__
__AUTOMETRIC__|0.1.2|15152|crew_log_bb64d76a298b45c1|0|1786321209.001|0.000|0.000|681099264|698269696|__DEFAULT__|__AUTOMETRIC__
__AUTOMETRIC__|0.1.2|15152|crew_log_bb64d76a298b45c1|0|1786321210.016|0.000|0.000|681099264|698269696|__DEFAULT__|__AUTOMETRIC__
__AUTOMETRIC__|0.1.2|15152|crew_log_bb64d76a298b45c1|0|1786321211.028|0.000|0.000|681095168|698265600|__DEFAULT__|__AUTOMETRIC__
__AUTOMETRIC__|0.1.2|15152|crew_log_bb64d76a298b45c1|0|1786321212.043|0.000|0.000|681099264|698269696|__DEFAULT__|__AUTOMETRIC__
__AUTOMETRIC__|0.1.2|15152|crew_log_bb64d76a298b45c1|0|1786321213.043|0.000|0.000|681095168|698265600|__DEFAULT__|__AUTOMETRIC__
__AUTOMETRIC__|0.1.2|15152|crew_log_bb64d76a298b45c1|0|1786321214.056|0.000|0.000|681095168|698265600|__DEFAULT__|__AUTOMETRIC__
__AUTOMETRIC__|0.1.2|15152|crew_log_bb64d76a298b45c1|0|1786321215.069|0.000|0.000|681099264|698269696|__DEFAULT__|__AUTOMETRIC__
__AUTOMETRIC__|0.1.2|15152|crew_log_bb64d76a298b45c1|0|1786321216.081|3.085|0.193|681099264|698269696|__DEFAULT__|__AUTOMETRIC__
__AUTOMETRIC__|0.1.2|15152|crew_log_bb64d76a298b45c1|0|1786321217.096|0.000|0.000|681099264|698269696|__DEFAULT__|__AUTOMETRIC__
__AUTOMETRIC__|0.1.2|15152|crew_log_bb64d76a298b45c1|0|1786321218.109|0.000|0.000|681099264|698269696|__DEFAULT__|__AUTOMETRIC__
__AUTOMETRIC__|0.1.2|15152|crew_log_bb64d76a298b45c1|0|1786321219.121|0.000|0.000|681099264|698269696|__DEFAULT__|__AUTOMETRIC__
__AUTOMETRIC__|0.1.2|15152|crew_log_bb64d76a298b45c1|0|1786321220.135|0.000|0.000|681095168|698265600|__DEFAULT__|__AUTOMETRIC__
__AUTOMETRIC__|0.1.2|15152|crew_log_bb64d76a298b45c1|0|1786321221.135|0.000|0.000|681103360|698273792|__DEFAULT__|__AUTOMETRIC__
__AUTOMETRIC__|0.1.2|15152|crew_log_bb64d76a298b45c1|0|1786321222.150|0.000|0.000|681099264|698269696|__DEFAULT__|__AUTOMETRIC__
__AUTOMETRIC__|0.1.2|15152|crew_log_bb64d76a298b45c1|0|1786321223.151|0.000|0.000|681099264|698269696|__DEFAULT__|__AUTOMETRIC__
__AUTOMETRIC__|0.1.2|15152|crew_log_bb64d76a298b45c1|0|1786321224.165|0.000|0.000|681095168|698265600|__DEFAULT__|__AUTOMETRIC__
__AUTOMETRIC__|0.1.2|15152|crew_log_bb64d76a298b45c1|0|1786321225.176|0.000|0.000|681099264|698269696|__DEFAULT__|__AUTOMETRIC__
__AUTOMETRIC__|0.1.2|15152|crew_log_bb64d76a298b45c1|0|1786321226.188|0.000|0.000|681099264|698269696|__DEFAULT__|__AUTOMETRIC__
__AUTOMETRIC__|0.1.2|15152|crew_log_bb64d76a298b45c1|0|1786321227.203|0.000|0.000|681099264|698269696|__DEFAULT__|__AUTOMETRIC__
__AUTOMETRIC__|0.1.2|15152|crew_log_bb64d76a298b45c1|0|1786321228.214|0.000|0.000|681099264|698269696|__DEFAULT__|__AUTOMETRIC__
__AUTOMETRIC__|0.1.2|15152|crew_log_bb64d76a298b45c1|0|1786321229.228|0.000|0.000|681095168|698265600|__DEFAULT__|__AUTOMETRIC__
__AUTOMETRIC__|0.1.2|15152|crew_log_bb64d76a298b45c1|0|1786321230.241|0.000|0.000|681099264|698269696|__DEFAULT__|__AUTOMETRIC__
__AUTOMETRIC__|0.1.2|15152|crew_log_bb64d76a298b45c1|0|1786321231.256|3.079|0.192|681103360|698273792|__DEFAULT__|__AUTOMETRIC__
__AUTOMETRIC__|0.1.2|15152|crew_log_bb64d76a298b45c1|0|1786321232.257|0.000|0.000|681099264|698269696|__DEFAULT__|__AUTOMETRIC__
__AUTOMETRIC__|0.1.2|15152|crew_log_bb64d76a298b45c1|0|1786321233.272|0.000|0.000|681099264|698269696|__DEFAULT__|__AUTOMETRIC__
__AUTOMETRIC__|0.1.2|15152|crew_log_bb64d76a298b45c1|0|1786321234.285|1.541|0.096|681099264|698269696|__DEFAULT__|__AUTOMETRIC__
__AUTOMETRIC__|0.1.2|15152|crew_log_bb64d76a298b45c1|0|1786321235.299|0.000|0.000|681099264|698269696|__DEFAULT__|__AUTOMETRIC__
__AUTOMETRIC__|0.1.2|15152|crew_log_bb64d76a298b45c1|0|1786321236.315|0.000|0.000|681099264|698269696|__DEFAULT__|__AUTOMETRIC__
__AUTOMETRIC__|0.1.2|15152|crew_log_bb64d76a298b45c1|0|1786321237.329|0.000|0.000|681099264|698269696|__DEFAULT__|__AUTOMETRIC__
__AUTOMETRIC__|0.1.2|15152|crew_log_bb64d76a298b45c1|0|1786321238.343|0.000|0.000|681099264|698269696|__DEFAULT__|__AUTOMETRIC__
__AUTOMETRIC__|0.1.2|15152|crew_log_bb64d76a298b45c1|0|1786321239.357|0.000|0.000|681099264|698269696|__DEFAULT__|__AUTOMETRIC__
__AUTOMETRIC__|0.1.2|15152|crew_log_bb64d76a298b45c1|0|1786321240.370|0.000|0.000|681099264|698269696|__DEFAULT__|__AUTOMETRIC__
__AUTOMETRIC__|0.1.2|15152|crew_log_bb64d76a298b45c1|0|1786321241.383|0.000|0.000|681099264|698269696|__DEFAULT__|__AUTOMETRIC__
__AUTOMETRIC__|0.1.2|15152|crew_log_bb64d76a298b45c1|0|1786321242.396|0.000|0.000|681099264|698269696|__DEFAULT__|__AUTOMETRIC__
__AUTOMETRIC__|0.1.2|15152|crew_log_bb64d76a298b45c1|0|1786321243.410|1.540|0.096|681099264|698269696|__DEFAULT__|__AUTOMETRIC__
__AUTOMETRIC__|0.1.2|15152|crew_log_bb64d76a298b45c1|0|1786321244.426|0.000|0.000|681099264|698269696|__DEFAULT__|__AUTOMETRIC__
__AUTOMETRIC__|0.1.2|15152|crew_log_bb64d76a298b45c1|0|1786321245.440|0.000|0.000|681099264|698269696|__DEFAULT__|__AUTOMETRIC__
__AUTOMETRIC__|0.1.2|15152|crew_log_bb64d76a298b45c1|0|1786321246.452|0.000|0.000|681099264|698269696|__DEFAULT__|__AUTOMETRIC__
__AUTOMETRIC__|0.1.2|15152|crew_log_bb64d76a298b45c1|0|1786321247.465|0.000|0.000|681099264|698269696|__DEFAULT__|__AUTOMETRIC__
__AUTOMETRIC__|0.1.2|15152|crew_log_bb64d76a298b45c1|0|1786321248.478|1.543|0.096|681099264|698269696|__DEFAULT__|__AUTOMETRIC__
__AUTOMETRIC__|0.1.2|15152|crew_log_bb64d76a298b45c1|0|1786321249.492|0.000|0.000|681099264|698269696|__DEFAULT__|__AUTOMETRIC__
__AUTOMETRIC__|0.1.2|15152|crew_log_bb64d76a298b45c1|0|1786321250.495|0.000|0.000|681095168|698265600|__DEFAULT__|__AUTOMETRIC__
__AUTOMETRIC__|0.1.2|15152|crew_log_bb64d76a298b45c1|0|1786321251.508|0.000|0.000|681099264|698269696|__DEFAULT__|__AUTOMETRIC__
__AUTOMETRIC__|0.1.2|15152|crew_log_bb64d76a298b45c1|0|1786321252.522|0.000|0.000|681099264|698269696|__DEFAULT__|__AUTOMETRIC__
__AUTOMETRIC__|0.1.2|15152|crew_log_bb64d76a298b45c1|0|1786321253.534|0.000|0.000|681095168|698265600|__DEFAULT__|__AUTOMETRIC__
__AUTOMETRIC__|0.1.2|15152|crew_log_bb64d76a298b45c1|0|1786321254.547|0.000|0.000|681099264|698269696|__DEFAULT__|__AUTOMETRIC__
__AUTOMETRIC__|0.1.2|15152|crew_log_bb64d76a298b45c1|0|1786321255.560|0.000|0.000|681099264|698269696|__DEFAULT__|__AUTOMETRIC__
__AUTOMETRIC__|0.1.2|15152|crew_log_bb64d76a298b45c1|0|1786321256.560|0.000|0.000|681099264|698269696|__DEFAULT__|__AUTOMETRIC__
__AUTOMETRIC__|0.1.2|15152|crew_log_bb64d76a298b45c1|0|1786321257.573|0.000|0.000|681099264|698269696|__DEFAULT__|__AUTOMETRIC__
__AUTOMETRIC__|0.1.2|15152|crew_log_bb64d76a298b45c1|0|1786321258.587|0.000|0.000|681099264|698269696|__DEFAULT__|__AUTOMETRIC__
__AUTOMETRIC__|0.1.2|15152|crew_log_bb64d76a298b45c1|0|1786321259.602|0.000|0.000|681099264|698269696|__DEFAULT__|__AUTOMETRIC__
__AUTOMETRIC__|0.1.2|15152|crew_log_bb64d76a298b45c1|0|1786321260.617|0.000|0.000|681095168|698265600|__DEFAULT__|__AUTOMETRIC__
__AUTOMETRIC__|0.1.2|15152|crew_log_bb64d76a298b45c1|0|1786321261.632|0.000|0.000|681099264|698269696|__DEFAULT__|__AUTOMETRIC__
__AUTOMETRIC__|0.1.2|15152|crew_log_bb64d76a298b45c1|0|1786321262.645|0.000|0.000|681099264|698269696|__DEFAULT__|__AUTOMETRIC__
__AUTOMETRIC__|0.1.2|15152|crew_log_bb64d76a298b45c1|0|1786321263.660|0.000|0.000|681099264|698269696|__DEFAULT__|__AUTOMETRIC__
__AUTOMETRIC__|0.1.2|15152|crew_log_bb64d76a298b45c1|0|1786321264.660|0.000|0.000|681062400|698200064|__DEFAULT__|__AUTOMETRIC__
__AUTOMETRIC__|0.1.2|15152|crew_log_bb64d76a298b45c1|0|1786321265.675|0.000|0.000|681058304|698195968|__DEFAULT__|__AUTOMETRIC__
__AUTOMETRIC__|0.1.2|15152|crew_log_bb64d76a298b45c1|0|1786321266.675|0.000|0.000|681054208|698191872|__DEFAULT__|__AUTOMETRIC__
__AUTOMETRIC__|0.1.2|15152|crew_log_bb64d76a298b45c1|0|1786321267.691|0.000|0.000|681058304|698195968|__DEFAULT__|__AUTOMETRIC__
__AUTOMETRIC__|0.1.2|15152|crew_log_bb64d76a298b45c1|0|1786321268.703|0.000|0.000|681058304|698195968|__DEFAULT__|__AUTOMETRIC__
__AUTOMETRIC__|0.1.2|15152|crew_log_bb64d76a298b45c1|0|1786321269.716|0.000|0.000|681058304|698195968|__DEFAULT__|__AUTOMETRIC__
__AUTOMETRIC__|0.1.2|15152|crew_log_bb64d76a298b45c1|0|1786321270.717|0.000|0.000|681058304|698195968|__DEFAULT__|__AUTOMETRIC__
__AUTOMETRIC__|0.1.2|15152|crew_log_bb64d76a298b45c1|0|1786321271.731|0.000|0.000|681058304|698195968|__DEFAULT__|__AUTOMETRIC__
__AUTOMETRIC__|0.1.2|15152|crew_log_bb64d76a298b45c1|0|1786321272.745|0.000|0.000|681058304|698195968|__DEFAULT__|__AUTOMETRIC__
__AUTOMETRIC__|0.1.2|15152|crew_log_bb64d76a298b45c1|0|1786321273.758|0.000|0.000|681058304|698195968|__DEFAULT__|__AUTOMETRIC__
__AUTOMETRIC__|0.1.2|15152|crew_log_bb64d76a298b45c1|0|1786321274.773|0.000|0.000|681058304|698195968|__DEFAULT__|__AUTOMETRIC__
__AUTOMETRIC__|0.1.2|15152|crew_log_bb64d76a298b45c1|0|1786321275.787|0.000|0.000|681058304|698195968|__DEFAULT__|__AUTOMETRIC__
__AUTOMETRIC__|0.1.2|15152|crew_log_bb64d76a298b45c1|0|1786321276.800|1.543|0.096|681058304|698195968|__DEFAULT__|__AUTOMETRIC__
__AUTOMETRIC__|0.1.2|15152|crew_log_bb64d76a298b45c1|0|1786321277.811|0.000|0.000|681058304|698195968|__DEFAULT__|__AUTOMETRIC__
__AUTOMETRIC__|0.1.2|15152|crew_log_bb64d76a298b45c1|0|1786321278.824|0.000|0.000|681058304|698195968|__DEFAULT__|__AUTOMETRIC__
__AUTOMETRIC__|0.1.2|15152|crew_log_bb64d76a298b45c1|0|1786321279.826|0.000|0.000|681054208|698191872|__DEFAULT__|__AUTOMETRIC__
__AUTOMETRIC__|0.1.2|15152|crew_log_bb64d76a298b45c1|0|1786321280.841|0.000|0.000|681058304|698195968|__DEFAULT__|__AUTOMETRIC__
__AUTOMETRIC__|0.1.2|15152|crew_log_bb64d76a298b45c1|0|1786321281.855|0.000|0.000|681058304|698195968|__DEFAULT__|__AUTOMETRIC__
__AUTOMETRIC__|0.1.2|15152|crew_log_bb64d76a298b45c1|0|1786321282.870|0.000|0.000|681062400|698200064|__DEFAULT__|__AUTOMETRIC__
__AUTOMETRIC__|0.1.2|15152|crew_log_bb64d76a298b45c1|0|1786321283.884|0.000|0.000|681058304|698195968|__DEFAULT__|__AUTOMETRIC__
__AUTOMETRIC__|0.1.2|15152|crew_log_bb64d76a298b45c1|0|1786321284.898|0.000|0.000|681058304|698195968|__DEFAULT__|__AUTOMETRIC__
__AUTOMETRIC__|0.1.2|15152|crew_log_bb64d76a298b45c1|0|1786321285.911|0.000|0.000|681058304|698195968|__DEFAULT__|__AUTOMETRIC__
__AUTOMETRIC__|0.1.2|15152|crew_log_bb64d76a298b45c1|0|1786321286.925|0.000|0.000|681058304|698195968|__DEFAULT__|__AUTOMETRIC__
__AUTOMETRIC__|0.1.2|15152|crew_log_bb64d76a298b45c1|0|1786321287.939|0.000|0.000|681058304|698195968|__DEFAULT__|__AUTOMETRIC__
__AUTOMETRIC__|0.1.2|15152|crew_log_bb64d76a298b45c1|0|1786321288.955|0.000|0.000|681058304|698195968|__DEFAULT__|__AUTOMETRIC__
__AUTOMETRIC__|0.1.2|15152|crew_log_bb64d76a298b45c1|0|1786321289.956|0.000|0.000|681058304|698195968|__DEFAULT__|__AUTOMETRIC__
__AUTOMETRIC__|0.1.2|15152|crew_log_bb64d76a298b45c1|0|1786321290.971|0.000|0.000|681054208|698191872|__DEFAULT__|__AUTOMETRIC__
__AUTOMETRIC__|0.1.2|15152|crew_log_bb64d76a298b45c1|0|1786321291.984|0.000|0.000|681058304|698195968|__DEFAULT__|__AUTOMETRIC__
__AUTOMETRIC__|0.1.2|15152|crew_log_bb64d76a298b45c1|0|1786321292.999|0.000|0.000|681062400|698200064|__DEFAULT__|__AUTOMETRIC__
__AUTOMETRIC__|0.1.2|15152|crew_log_bb64d76a298b45c1|0|1786321294.014|0.000|0.000|681058304|698195968|__DEFAULT__|__AUTOMETRIC__
__AUTOMETRIC__|0.1.2|15152|crew_log_bb64d76a298b45c1|0|1786321295.029|0.000|0.000|681054208|698191872|__DEFAULT__|__AUTOMETRIC__
__AUTOMETRIC__|0.1.2|15152|crew_log_bb64d76a298b45c1|0|1786321296.044|0.000|0.000|681058304|698195968|__DEFAULT__|__AUTOMETRIC__
__AUTOMETRIC__|0.1.2|15152|crew_log_bb64d76a298b45c1|0|1786321297.058|0.000|0.000|681058304|698195968|__DEFAULT__|__AUTOMETRIC__
__AUTOMETRIC__|0.1.2|15152|crew_log_bb64d76a298b45c1|0|1786321298.073|0.000|0.000|681058304|698195968|__DEFAULT__|__AUTOMETRIC__
__AUTOMETRIC__|0.1.2|15152|crew_log_bb64d76a298b45c1|0|1786321299.087|0.000|0.000|681058304|698195968|__DEFAULT__|__AUTOMETRIC__
__AUTOMETRIC__|0.1.2|15152|crew_log_bb64d76a298b45c1|0|1786321300.100|0.000|0.000|681058304|698195968|__DEFAULT__|__AUTOMETRIC__
__AUTOMETRIC__|0.1.2|15152|crew_log_bb64d76a298b45c1|0|1786321301.101|0.000|0.000|681058304|698195968|__DEFAULT__|__AUTOMETRIC__
__AUTOMETRIC__|0.1.2|15152|crew_log_bb64d76a298b45c1|0|1786321302.101|0.000|0.000|681058304|698195968|__DEFAULT__|__AUTOMETRIC__
__AUTOMETRIC__|0.1.2|15152|crew_log_bb64d76a298b45c1|0|1786321303.116|0.000|0.000|681058304|698195968|__DEFAULT__|__AUTOMETRIC__
__AUTOMETRIC__|0.1.2|15152|crew_log_bb64d76a298b45c1|0|1786321304.130|0.000|0.000|681058304|698195968|__DEFAULT__|__AUTOMETRIC__
__AUTOMETRIC__|0.1.2|15152|crew_log_bb64d76a298b45c1|0|1786321305.144|0.000|0.000|681058304|698195968|__DEFAULT__|__AUTOMETRIC__
__AUTOMETRIC__|0.1.2|15152|crew_log_bb64d76a298b45c1|0|1786321306.159|0.000|0.000|681054208|698195968|__DEFAULT__|__AUTOMETRIC__
__AUTOMETRIC__|0.1.2|15152|crew_log_bb64d76a298b45c1|0|1786321307.159|0.000|0.000|681058304|698195968|__DEFAULT__|__AUTOMETRIC__
__AUTOMETRIC__|0.1.2|15152|crew_log_bb64d76a298b45c1|0|1786321308.174|0.000|0.000|681058304|698195968|__DEFAULT__|__AUTOMETRIC__
__AUTOMETRIC__|0.1.2|15152|crew_log_bb64d76a298b45c1|0|1786321309.187|0.000|0.000|681054208|698191872|__DEFAULT__|__AUTOMETRIC__
__AUTOMETRIC__|0.1.2|15152|crew_log_bb64d76a298b45c1|0|1786321310.201|0.000|0.000|681062400|698200064|__DEFAULT__|__AUTOMETRIC__
__AUTOMETRIC__|0.1.2|15152|crew_log_bb64d76a298b45c1|0|1786321311.215|0.000|0.000|681054208|698191872|__DEFAULT__|__AUTOMETRIC__
__AUTOMETRIC__|0.1.2|15152|crew_log_bb64d76a298b45c1|0|1786321312.227|0.000|0.000|681058304|698195968|__DEFAULT__|__AUTOMETRIC__
__AUTOMETRIC__|0.1.2|15152|crew_log_bb64d76a298b45c1|0|1786321313.243|0.000|0.000|681058304|698195968|__DEFAULT__|__AUTOMETRIC__
__AUTOMETRIC__|0.1.2|15152|crew_log_bb64d76a298b45c1|0|1786321314.259|0.000|0.000|681058304|698195968|__DEFAULT__|__AUTOMETRIC__
__AUTOMETRIC__|0.1.2|15152|crew_log_bb64d76a298b45c1|0|1786321315.271|0.000|0.000|681058304|698195968|__DEFAULT__|__AUTOMETRIC__
__AUTOMETRIC__|0.1.2|15152|crew_log_bb64d76a298b45c1|0|1786321316.287|0.000|0.000|681058304|698195968|__DEFAULT__|__AUTOMETRIC__
__AUTOMETRIC__|0.1.2|15152|crew_log_bb64d76a298b45c1|0|1786321317.301|1.541|0.096|681058304|698195968|__DEFAULT__|__AUTOMETRIC__
__AUTOMETRIC__|0.1.2|15152|crew_log_bb64d76a298b45c1|0|1786321318.316|0.000|0.000|681058304|698195968|__DEFAULT__|__AUTOMETRIC__
__AUTOMETRIC__|0.1.2|15152|crew_log_bb64d76a298b45c1|0|1786321319.329|0.000|0.000|681058304|698195968|__DEFAULT__|__AUTOMETRIC__
__AUTOMETRIC__|0.1.2|15152|crew_log_bb64d76a298b45c1|0|1786321320.342|0.000|0.000|681058304|698195968|__DEFAULT__|__AUTOMETRIC__
__AUTOMETRIC__|0.1.2|15152|crew_log_bb64d76a298b45c1|0|1786321321.355|0.000|0.000|681058304|698195968|__DEFAULT__|__AUTOMETRIC__
__AUTOMETRIC__|0.1.2|15152|crew_log_bb64d76a298b45c1|0|1786321322.371|0.000|0.000|681058304|698195968|__DEFAULT__|__AUTOMETRIC__
__AUTOMETRIC__|0.1.2|15152|crew_log_bb64d76a298b45c1|0|1786321323.386|0.000|0.000|681054208|698191872|__DEFAULT__|__AUTOMETRIC__
__AUTOMETRIC__|0.1.2|15152|crew_log_bb64d76a298b45c1|0|1786321324.398|0.000|0.000|681058304|698195968|__DEFAULT__|__AUTOMETRIC__
__AUTOMETRIC__|0.1.2|15152|crew_log_bb64d76a298b45c1|0|1786321325.399|0.000|0.000|681058304|698195968|__DEFAULT__|__AUTOMETRIC__
__AUTOMETRIC__|0.1.2|15152|crew_log_bb64d76a298b45c1|0|1786321326.414|0.000|0.000|681062400|698200064|__DEFAULT__|__AUTOMETRIC__
__AUTOMETRIC__|0.1.2|15152|crew_log_bb64d76a298b45c1|0|1786321327.428|0.000|0.000|681054208|698191872|__DEFAULT__|__AUTOMETRIC__
__AUTOMETRIC__|0.1.2|15152|crew_log_bb64d76a298b45c1|0|1786321328.442|1.540|0.096|681058304|698195968|__DEFAULT__|__AUTOMETRIC__
__AUTOMETRIC__|0.1.2|15152|crew_log_bb64d76a298b45c1|0|1786321329.457|0.000|0.000|681058304|698195968|__DEFAULT__|__AUTOMETRIC__
__AUTOMETRIC__|0.1.2|15152|crew_log_bb64d76a298b45c1|0|1786321330.472|0.000|0.000|681058304|698195968|__DEFAULT__|__AUTOMETRIC__
__AUTOMETRIC__|0.1.2|15152|crew_log_bb64d76a298b45c1|0|1786321331.485|0.000|0.000|681062400|698200064|__DEFAULT__|__AUTOMETRIC__
__AUTOMETRIC__|0.1.2|15152|crew_log_bb64d76a298b45c1|0|1786321332.498|0.000|0.000|681054208|698191872|__DEFAULT__|__AUTOMETRIC__
__AUTOMETRIC__|0.1.2|15152|crew_log_bb64d76a298b45c1|0|1786321333.513|0.000|0.000|681058304|698195968|__DEFAULT__|__AUTOMETRIC__
__AUTOMETRIC__|0.1.2|15152|crew_log_bb64d76a298b45c1|0|1786321334.529|0.000|0.000|681058304|698195968|__DEFAULT__|__AUTOMETRIC__
__AUTOMETRIC__|0.1.2|15152|crew_log_bb64d76a298b45c1|0|1786321335.543|0.000|0.000|681058304|698195968|__DEFAULT__|__AUTOMETRIC__
__AUTOMETRIC__|0.1.2|15152|crew_log_bb64d76a298b45c1|0|1786321336.556|0.000|0.000|681058304|698195968|__DEFAULT__|__AUTOMETRIC__
__AUTOMETRIC__|0.1.2|15152|crew_log_bb64d76a298b45c1|0|1786321337.572|0.000|0.000|681058304|698195968|__DEFAULT__|__AUTOMETRIC__
__AUTOMETRIC__|0.1.2|15152|crew_log_bb64d76a298b45c1|0|1786321338.586|0.000|0.000|681058304|698195968|__DEFAULT__|__AUTOMETRIC__
__AUTOMETRIC__|0.1.2|15152|crew_log_bb64d76a298b45c1|0|1786321339.600|0.000|0.000|681054208|698191872|__DEFAULT__|__AUTOMETRIC__
__AUTOMETRIC__|0.1.2|15152|crew_log_bb64d76a298b45c1|0|1786321340.601|3.122|0.195|681058304|698195968|__DEFAULT__|__AUTOMETRIC__
__AUTOMETRIC__|0.1.2|15152|crew_log_bb64d76a298b45c1|0|1786321341.615|0.000|0.000|681058304|698195968|__DEFAULT__|__AUTOMETRIC__
__AUTOMETRIC__|0.1.2|15152|crew_log_bb64d76a298b45c1|0|1786321342.630|1.540|0.096|681058304|698195968|__DEFAULT__|__AUTOMETRIC__
__AUTOMETRIC__|0.1.2|15152|crew_log_bb64d76a298b45c1|0|1786321343.644|0.000|0.000|681058304|698195968|__DEFAULT__|__AUTOMETRIC__
__AUTOMETRIC__|0.1.2|15152|crew_log_bb64d76a298b45c1|0|1786321344.659|0.000|0.000|681062400|698200064|__DEFAULT__|__AUTOMETRIC__
__AUTOMETRIC__|0.1.2|15152|crew_log_bb64d76a298b45c1|0|1786321345.670|0.000|0.000|681058304|698195968|__DEFAULT__|__AUTOMETRIC__
__AUTOMETRIC__|0.1.2|15152|crew_log_bb64d76a298b45c1|0|1786321346.684|0.000|0.000|681058304|698195968|__DEFAULT__|__AUTOMETRIC__
__AUTOMETRIC__|0.1.2|15152|crew_log_bb64d76a298b45c1|0|1786321347.698|0.000|0.000|681058304|698195968|__DEFAULT__|__AUTOMETRIC__
__AUTOMETRIC__|0.1.2|15152|crew_log_bb64d76a298b45c1|0|1786321348.698|0.000|0.000|681058304|698195968|__DEFAULT__|__AUTOMETRIC__
__AUTOMETRIC__|0.1.2|15152|crew_log_bb64d76a298b45c1|0|1786321349.698|0.000|0.000|681058304|698195968|__DEFAULT__|__AUTOMETRIC__
__AUTOMETRIC__|0.1.2|15152|crew_log_bb64d76a298b45c1|0|1786321350.712|0.000|0.000|681058304|698195968|__DEFAULT__|__AUTOMETRIC__
__AUTOMETRIC__|0.1.2|15152|crew_log_bb64d76a298b45c1|0|1786321351.712|0.000|0.000|681058304|698195968|__DEFAULT__|__AUTOMETRIC__
__AUTOMETRIC__|0.1.2|15152|crew_log_bb64d76a298b45c1|0|1786321352.725|0.000|0.000|681058304|698195968|__DEFAULT__|__AUTOMETRIC__
__AUTOMETRIC__|0.1.2|15152|crew_log_bb64d76a298b45c1|0|1786321353.738|0.000|0.000|681058304|698195968|__DEFAULT__|__AUTOMETRIC__
__AUTOMETRIC__|0.1.2|15152|crew_log_bb64d76a298b45c1|0|1786321354.750|0.000|0.000|681058304|698195968|__DEFAULT__|__AUTOMETRIC__
__AUTOMETRIC__|0.1.2|15152|crew_log_bb64d76a298b45c1|0|1786321355.762|0.000|0.000|681058304|698195968|__DEFAULT__|__AUTOMETRIC__
__AUTOMETRIC__|0.1.2|15152|crew_log_bb64d76a298b45c1|0|1786321356.776|0.000|0.000|681058304|698195968|__DEFAULT__|__AUTOMETRIC__
__AUTOMETRIC__|0.1.2|15152|crew_log_bb64d76a298b45c1|0|1786321357.791|0.000|0.000|681058304|698195968|__DEFAULT__|__AUTOMETRIC__
__AUTOMETRIC__|0.1.2|15152|crew_log_bb64d76a298b45c1|0|1786321358.805|0.000|0.000|681058304|698195968|__DEFAULT__|__AUTOMETRIC__
__AUTOMETRIC__|0.1.2|15152|crew_log_bb64d76a298b45c1|0|1786321359.818|0.000|0.000|681054208|698191872|__DEFAULT__|__AUTOMETRIC__
__AUTOMETRIC__|0.1.2|15152|crew_log_bb64d76a298b45c1|0|1786321360.832|0.000|0.000|681058304|698195968|__DEFAULT__|__AUTOMETRIC__
__AUTOMETRIC__|0.1.2|15152|crew_log_bb64d76a298b45c1|0|1786321361.845|0.000|0.000|681058304|698195968|__DEFAULT__|__AUTOMETRIC__
__AUTOMETRIC__|0.1.2|15152|crew_log_bb64d76a298b45c1|0|1786321362.846|0.000|0.000|681058304|698195968|__DEFAULT__|__AUTOMETRIC__
__AUTOMETRIC__|0.1.2|15152|crew_log_bb64d76a298b45c1|0|1786321363.859|0.000|0.000|681062400|698200064|__DEFAULT__|__AUTOMETRIC__
__AUTOMETRIC__|0.1.2|15152|crew_log_bb64d76a298b45c1|0|1786321364.860|0.000|0.000|681058304|698195968|__DEFAULT__|__AUTOMETRIC__
__AUTOMETRIC__|0.1.2|15152|crew_log_bb64d76a298b45c1|0|1786321365.874|0.000|0.000|681058304|698195968|__DEFAULT__|__AUTOMETRIC__
__AUTOMETRIC__|0.1.2|15152|crew_log_bb64d76a298b45c1|0|1786321366.875|0.000|0.000|681062400|698200064|__DEFAULT__|__AUTOMETRIC__
__AUTOMETRIC__|0.1.2|15152|crew_log_bb64d76a298b45c1|0|1786321367.888|0.000|0.000|681058304|698195968|__DEFAULT__|__AUTOMETRIC__
__AUTOMETRIC__|0.1.2|15152|crew_log_bb64d76a298b45c1|0|1786321368.901|0.000|0.000|681058304|698195968|__DEFAULT__|__AUTOMETRIC__
__AUTOMETRIC__|0.1.2|15152|crew_log_bb64d76a298b45c1|0|1786321369.901|0.000|0.000|681058304|698195968|__DEFAULT__|__AUTOMETRIC__
__AUTOMETRIC__|0.1.2|15152|crew_log_bb64d76a298b45c1|0|1786321370.916|0.000|0.000|681058304|698195968|__DEFAULT__|__AUTOMETRIC__
__AUTOMETRIC__|0.1.2|15152|crew_log_bb64d76a298b45c1|0|1786321371.931|0.000|0.000|681058304|698195968|__DEFAULT__|__AUTOMETRIC__
__AUTOMETRIC__|0.1.2|15152|crew_log_bb64d76a298b45c1|0|1786321372.947|0.000|0.000|681058304|698195968|__DEFAULT__|__AUTOMETRIC__
__AUTOMETRIC__|0.1.2|15152|crew_log_bb64d76a298b45c1|0|1786321373.947|0.000|0.000|681058304|698195968|__DEFAULT__|__AUTOMETRIC__
__AUTOMETRIC__|0.1.2|15152|crew_log_bb64d76a298b45c1|0|1786321374.958|0.000|0.000|681058304|698195968|__DEFAULT__|__AUTOMETRIC__
__AUTOMETRIC__|0.1.2|15152|crew_log_bb64d76a298b45c1|0|1786321375.972|1.541|0.096|681058304|698195968|__DEFAULT__|__AUTOMETRIC__
__AUTOMETRIC__|0.1.2|15152|crew_log_bb64d76a298b45c1|0|1786321376.986|0.000|0.000|681054208|698191872|__DEFAULT__|__AUTOMETRIC__
__AUTOMETRIC__|0.1.2|15152|crew_log_bb64d76a298b45c1|0|1786321378.001|0.000|0.000|681058304|698195968|__DEFAULT__|__AUTOMETRIC__
__AUTOMETRIC__|0.1.2|15152|crew_log_bb64d76a298b45c1|0|1786321379.015|0.000|0.000|681058304|698195968|__DEFAULT__|__AUTOMETRIC__
__AUTOMETRIC__|0.1.2|15152|crew_log_bb64d76a298b45c1|0|1786321380.029|0.000|0.000|681058304|698195968|__DEFAULT__|__AUTOMETRIC__
__AUTOMETRIC__|0.1.2|15152|crew_log_bb64d76a298b45c1|0|1786321381.042|0.000|0.000|681054208|698195968|__DEFAULT__|__AUTOMETRIC__
__AUTOMETRIC__|0.1.2|15152|crew_log_bb64d76a298b45c1|0|1786321382.057|0.000|0.000|681058304|698195968|__DEFAULT__|__AUTOMETRIC__
__AUTOMETRIC__|0.1.2|15152|crew_log_bb64d76a298b45c1|0|1786321383.073|0.000|0.000|681058304|698195968|__DEFAULT__|__AUTOMETRIC__
__AUTOMETRIC__|0.1.2|15152|crew_log_bb64d76a298b45c1|0|1786321384.087|0.000|0.000|681058304|698195968|__DEFAULT__|__AUTOMETRIC__
__AUTOMETRIC__|0.1.2|15152|crew_log_bb64d76a298b45c1|0|1786321385.098|0.000|0.000|681058304|698195968|__DEFAULT__|__AUTOMETRIC__
__AUTOMETRIC__|0.1.2|15152|crew_log_bb64d76a298b45c1|0|1786321386.113|0.000|0.000|681058304|698195968|__DEFAULT__|__AUTOMETRIC__
__AUTOMETRIC__|0.1.2|15152|crew_log_bb64d76a298b45c1|0|1786321387.126|0.000|0.000|681058304|698195968|__DEFAULT__|__AUTOMETRIC__
__AUTOMETRIC__|0.1.2|15152|crew_log_bb64d76a298b45c1|0|1786321388.140|0.000|0.000|681058304|698195968|__DEFAULT__|__AUTOMETRIC__
__AUTOMETRIC__|0.1.2|15152|crew_log_bb64d76a298b45c1|0|1786321389.154|0.000|0.000|681058304|698195968|__DEFAULT__|__AUTOMETRIC__
__AUTOMETRIC__|0.1.2|15152|crew_log_bb64d76a298b45c1|0|1786321390.168|0.000|0.000|681058304|698195968|__DEFAULT__|__AUTOMETRIC__
__AUTOMETRIC__|0.1.2|15152|crew_log_bb64d76a298b45c1|0|1786321391.181|0.000|0.000|681054208|698191872|__DEFAULT__|__AUTOMETRIC__
__AUTOMETRIC__|0.1.2|15152|crew_log_bb64d76a298b45c1|0|1786321392.197|0.000|0.000|681058304|698195968|__DEFAULT__|__AUTOMETRIC__
__AUTOMETRIC__|0.1.2|15152|crew_log_bb64d76a298b45c1|0|1786321393.197|0.000|0.000|681058304|698195968|__DEFAULT__|__AUTOMETRIC__
__AUTOMETRIC__|0.1.2|15152|crew_log_bb64d76a298b45c1|0|1786321394.211|0.000|0.000|681058304|698195968|__DEFAULT__|__AUTOMETRIC__
__AUTOMETRIC__|0.1.2|15152|crew_log_bb64d76a298b45c1|0|1786321395.225|0.000|0.000|681058304|698195968|__DEFAULT__|__AUTOMETRIC__
__AUTOMETRIC__|0.1.2|15152|crew_log_bb64d76a298b45c1|0|1786321396.241|0.000|0.000|681058304|698195968|__DEFAULT__|__AUTOMETRIC__
__AUTOMETRIC__|0.1.2|15152|crew_log_bb64d76a298b45c1|0|1786321397.253|3.086|0.193|681058304|698195968|__DEFAULT__|__AUTOMETRIC__
__AUTOMETRIC__|0.1.2|15152|crew_log_bb64d76a298b45c1|0|1786321398.269|0.000|0.000|681058304|698195968|__DEFAULT__|__AUTOMETRIC__
__AUTOMETRIC__|0.1.2|15152|crew_log_bb64d76a298b45c1|0|1786321399.283|0.000|0.000|681058304|698195968|__DEFAULT__|__AUTOMETRIC__
__AUTOMETRIC__|0.1.2|15152|crew_log_bb64d76a298b45c1|0|1786321400.297|0.000|0.000|681058304|698195968|__DEFAULT__|__AUTOMETRIC__
__AUTOMETRIC__|0.1.2|15152|crew_log_bb64d76a298b45c1|0|1786321401.311|0.000|0.000|681058304|698195968|__DEFAULT__|__AUTOMETRIC__
__AUTOMETRIC__|0.1.2|15152|crew_log_bb64d76a298b45c1|0|1786321402.326|0.000|0.000|681058304|698195968|__DEFAULT__|__AUTOMETRIC__
__AUTOMETRIC__|0.1.2|15152|crew_log_bb64d76a298b45c1|0|1786321403.339|0.000|0.000|681058304|698195968|__DEFAULT__|__AUTOMETRIC__
__AUTOMETRIC__|0.1.2|15152|crew_log_bb64d76a298b45c1|0|1786321404.352|0.000|0.000|681058304|698195968|__DEFAULT__|__AUTOMETRIC__
__AUTOMETRIC__|0.1.2|15152|crew_log_bb64d76a298b45c1|0|1786321405.363|0.000|0.000|681054208|698191872|__DEFAULT__|__AUTOMETRIC__
__AUTOMETRIC__|0.1.2|15152|crew_log_bb64d76a298b45c1|0|1786321406.379|0.000|0.000|681058304|698195968|__DEFAULT__|__AUTOMETRIC__
__AUTOMETRIC__|0.1.2|15152|crew_log_bb64d76a298b45c1|0|1786321407.393|0.000|0.000|681058304|698195968|__DEFAULT__|__AUTOMETRIC__
