__AUTOMETRIC__|0.1.2|2163934|crew_log_27a0da8f4fdb5f06|0|1786756172.511|68.988|0.359|209678336|2960961536|sim_data_b8000ed69b204c49|__AUTOMETRIC__
__AUTOMETRIC__|0.1.2|2163934|crew_log_27a0da8f4fdb5f06|0|1786756173.513|0.000|0.000|209678336|2960961536|sim_data_b8000ed69b204c49|__AUTOMETRIC__
__AUTOMETRIC__|0.1.2|2163934|crew_log_27a0da8f4fdb5f06|0|1786756174.514|0.000|0.000|209678336|2960961536|sim_data_b8000ed69b204c49|__AUTOMETRIC__
__AUTOMETRIC__|0.1.2|2163934|crew_log_27a0da8f4fdb5f06|0|1786756175.517|0.000|0.000|209678336|2960961536|sim_data_b8000ed69b204c49|__AUTOMETRIC__
__AUTOMETRIC__|0.1.2|2163934|crew_log_27a0da8f4fdb5f06|0|1786756176.519|0.000|0.000|209678336|2960961536|sim_data_b8000ed69b204c49|__AUTOMETRIC__
__AUTOMETRIC__|0.1.2|2163934|crew_log_27a0da8f4fdb5f06|0|1786756177.521|0.000|0.000|209678336|2960961536|sim_data_b8000ed69b204c49|__AUTOMETRIC__
__AUTOMETRIC__|0.1.2|2163934|crew_log_27a0da8f4fdb5f06|0|1786756178.522|0.000|0.000|209678336|2960961536|sim_data_b8000ed69b204c49|__AUTOMETRIC__
__AUTOMETRIC__|0.1.2|2163934|crew_log_27a0da8f4fdb5f06|0|1786756179.524|0.000|0.000|209678336|2960961536|sim_data_b8000ed69b204c49|__AUTOMETRIC__
__AUTOMETRIC__|0.1.2|2163934|crew_log_27a0da8f4fdb5f06|0|1786756180.525|0.000|0.000|209678336|2960961536|sim_data_b8000ed69b204c49|__AUTOMETRIC__
__AUTOMETRIC__|0.1.2|2163934|crew_log_27a0da8f4fdb5f06|0|1786756181.526|0.000|0.000|209678336|2960961536|sim_data_b8000ed69b204c49|__AUTOMETRIC__
__AUTOMETRIC__|0.1.2|2163934|crew_log_27a0da8f4fdb5f06|0|1786756182.528|15.979|0.083|222330880|2974568448|sim_data_b8000ed69b204c49|__AUTOMETRIC__
__AUTOMETRIC__|0.1.2|2163934|crew_log_27a0da8f4fdb5f06|0|1786756183.529|94.885|0.494|376147968|3135455232|sim_data_b8000ed69b204c49|__AUTOMETRIC__
__AUTOMETRIC__|0.1.2|2163934|crew_log_27a0da8f4fdb5f06|0|1786756184.531|99.833|0.520|516132864|3275370496|sim_data_b8000ed69b204c49|__AUTOMETRIC__
__AUTOMETRIC__|0.1.2|2163934|crew_log_27a0da8f4fdb5f06|0|1786756185.532|98.875|0.515|753635328|3514249216|sim_data_b8000ed69b204c49|__AUTOMETRIC__
__AUTOMETRIC__|0.1.2|2163934|crew_log_27a0da8f4fdb5f06|0|1786756186.533|99.858|0.520|940806144|3700932608|sim_data_b8000ed69b204c49|__AUTOMETRIC__
__AUTOMETRIC__|0.1.2|2163934|crew_log_27a0da8f4fdb5f06|0|1786756187.535|97.867|0.510|1167298560|3927662592|sim_data_b8000ed69b204c49|__AUTOMETRIC__
__AUTOMETRIC__|0.1.2|2163934|crew_log_27a0da8f4fdb5f06|0|1786756188.536|99.865|0.520|1415811072|4175712256|sim_data_b8000ed69b204c49|__AUTOMETRIC__
__AUTOMETRIC__|0.1.2|2163934|crew_log_27a0da8f4fdb5f06|0|1786756189.537|98.867|0.515|1434685440|4194443264|sim_data_b8000ed69b204c49|__AUTOMETRIC__
__AUTOMETRIC__|0.1.2|2163934|crew_log_27a0da8f4fdb5f06|0|1786756190.542|99.501|0.518|1757122560|4516921344|sim_data_b8000ed69b204c49|__AUTOMETRIC__
__AUTOMETRIC__|0.1.2|2163934|crew_log_27a0da8f4fdb5f06|0|1786756191.545|99.776|0.520|1955303424|4715298816|sim_data_b8000ed69b204c49|__AUTOMETRIC__
__AUTOMETRIC__|0.1.2|2163934|crew_log_27a0da8f4fdb5f06|0|1786756192.546|99.817|0.520|2144047104|4903882752|sim_data_b8000ed69b204c49|__AUTOMETRIC__
__AUTOMETRIC__|0.1.2|2163934|crew_log_27a0da8f4fdb5f06|0|1786756193.548|99.858|0.520|2295042048|5055709184|sim_data_b8000ed69b204c49|__AUTOMETRIC__
__AUTOMETRIC__|0.1.2|2163934|crew_log_27a0da8f4fdb5f06|0|1786756194.549|98.858|0.515|2608041984|5367910400|sim_data_b8000ed69b204c49|__AUTOMETRIC__
__AUTOMETRIC__|0.1.2|2163934|crew_log_27a0da8f4fdb5f06|0|1786756195.551|99.818|0.520|2608041984|5367910400|sim_data_b8000ed69b204c49|__AUTOMETRIC__
__AUTOMETRIC__|0.1.2|2163934|crew_log_27a0da8f4fdb5f06|0|1786756196.553|98.854|0.515|3161690112|5921914880|sim_data_b8000ed69b204c49|__AUTOMETRIC__
__AUTOMETRIC__|0.1.2|2163934|crew_log_27a0da8f4fdb5f06|0|1786756197.554|99.845|0.520|3164835840|5925195776|sim_data_b8000ed69b204c49|__AUTOMETRIC__
__AUTOMETRIC__|0.1.2|2163934|crew_log_27a0da8f4fdb5f06|0|1786756198.556|99.854|0.520|3212021760|5972738048|sim_data_b8000ed69b204c49|__AUTOMETRIC__
__AUTOMETRIC__|0.1.2|2163934|crew_log_27a0da8f4fdb5f06|0|1786756199.557|98.838|0.515|3833303040|6593622016|sim_data_b8000ed69b204c49|__AUTOMETRIC__
__AUTOMETRIC__|0.1.2|2163934|crew_log_27a0da8f4fdb5f06|0|1786756200.559|99.853|0.520|3833303040|6593757184|sim_data_b8000ed69b204c49|__AUTOMETRIC__
__AUTOMETRIC__|0.1.2|2163934|crew_log_27a0da8f4fdb5f06|0|1786756201.560|99.868|0.520|3833303040|6593757184|sim_data_b8000ed69b204c49|__AUTOMETRIC__
__AUTOMETRIC__|0.1.2|2163934|crew_log_27a0da8f4fdb5f06|0|1786756202.562|98.847|0.515|4224946176|6984929280|sim_data_b8000ed69b204c49|__AUTOMETRIC__
__AUTOMETRIC__|0.1.2|2163934|crew_log_27a0da8f4fdb5f06|0|1786756203.564|99.775|0.520|4635463680|7395975168|sim_data_b8000ed69b204c49|__AUTOMETRIC__
__AUTOMETRIC__|0.1.2|2163934|crew_log_27a0da8f4fdb5f06|0|1786756204.565|99.841|0.520|4635463680|7395975168|sim_data_b8000ed69b204c49|__AUTOMETRIC__
__AUTOMETRIC__|0.1.2|2163934|crew_log_27a0da8f4fdb5f06|0|1786756205.567|99.850|0.520|4635463680|7395975168|sim_data_b8000ed69b204c49|__AUTOMETRIC__
__AUTOMETRIC__|0.1.2|2163934|crew_log_27a0da8f4fdb5f06|0|1786756206.569|98.792|0.515|5017669632|7777460224|sim_data_b8000ed69b204c49|__AUTOMETRIC__
__AUTOMETRIC__|0.1.2|2163934|crew_log_27a0da8f4fdb5f06|0|1786756207.572|99.655|0.519|5598056448|8358621184|sim_data_b8000ed69b204c49|__AUTOMETRIC__
__AUTOMETRIC__|0.1.2|2163934|crew_log_27a0da8f4fdb5f06|0|1786756208.574|99.834|0.520|5598056448|8358621184|sim_data_b8000ed69b204c49|__AUTOMETRIC__
__AUTOMETRIC__|0.1.2|2163934|crew_log_27a0da8f4fdb5f06|0|1786756209.576|98.816|0.515|5598056448|8358621184|sim_data_b8000ed69b204c49|__AUTOMETRIC__
__AUTOMETRIC__|0.1.2|2163934|crew_log_27a0da8f4fdb5f06|0|1786756210.577|99.853|0.520|5598056448|8358621184|sim_data_b8000ed69b204c49|__AUTOMETRIC__
__AUTOMETRIC__|0.1.2|2163934|crew_log_27a0da8f4fdb5f06|0|1786756211.579|99.875|0.520|6222483456|8982470656|sim_data_b8000ed69b204c49|__AUTOMETRIC__
__AUTOMETRIC__|0.1.2|2163934|crew_log_27a0da8f4fdb5f06|0|1786756212.580|98.864|0.515|6754111488|9513758720|sim_data_b8000ed69b204c49|__AUTOMETRIC__
__AUTOMETRIC__|0.1.2|2163934|crew_log_27a0da8f4fdb5f06|0|1786756213.581|99.877|0.520|6754111488|9513758720|sim_data_b8000ed69b204c49|__AUTOMETRIC__
__AUTOMETRIC__|0.1.2|2163934|crew_log_27a0da8f4fdb5f06|0|1786756214.582|98.890|0.515|6754111488|9513758720|sim_data_b8000ed69b204c49|__AUTOMETRIC__
__AUTOMETRIC__|0.1.2|2163934|crew_log_27a0da8f4fdb5f06|0|1786756215.584|99.868|0.520|6754111488|9513758720|sim_data_b8000ed69b204c49|__AUTOMETRIC__
__AUTOMETRIC__|0.1.2|2163934|crew_log_27a0da8f4fdb5f06|0|1786756216.585|99.869|0.520|6754111488|9513758720|sim_data_b8000ed69b204c49|__AUTOMETRIC__
__AUTOMETRIC__|0.1.2|2163934|crew_log_27a0da8f4fdb5f06|0|1786756217.586|99.886|0.520|7290458112|10051076096|sim_data_b8000ed69b204c49|__AUTOMETRIC__
__AUTOMETRIC__|0.1.2|2163934|crew_log_27a0da8f4fdb5f06|0|1786756218.588|99.848|0.520|7980945408|10740813824|sim_data_b8000ed69b204c49|__AUTOMETRIC__
__AUTOMETRIC__|0.1.2|2163934|crew_log_27a0da8f4fdb5f06|0|1786756219.589|98.883|0.515|8139804672|10900103168|sim_data_b8000ed69b204c49|__AUTOMETRIC__
__AUTOMETRIC__|0.1.2|2163934|crew_log_27a0da8f4fdb5f06|0|1786756220.591|99.745|0.520|8139804672|10900103168|sim_data_b8000ed69b204c49|__AUTOMETRIC__
__AUTOMETRIC__|0.1.2|2163934|crew_log_27a0da8f4fdb5f06|0|1786756221.593|99.853|0.520|8139804672|10900103168|sim_data_b8000ed69b204c49|__AUTOMETRIC__
__AUTOMETRIC__|0.1.2|2163934|crew_log_27a0da8f4fdb5f06|0|1786756222.594|98.867|0.515|8139804672|10900103168|sim_data_b8000ed69b204c49|__AUTOMETRIC__
__AUTOMETRIC__|0.1.2|2163934|crew_log_27a0da8f4fdb5f06|0|1786756223.596|99.816|0.520|8139804672|10900103168|sim_data_b8000ed69b204c49|__AUTOMETRIC__
__AUTOMETRIC__|0.1.2|2163934|crew_log_27a0da8f4fdb5f06|0|1786756224.597|99.872|0.520|8679297024|11439992832|sim_data_b8000ed69b204c49|__AUTOMETRIC__
__AUTOMETRIC__|0.1.2|2163934|crew_log_27a0da8f4fdb5f06|0|1786756225.599|98.860|0.515|9330462720|12090286080|sim_data_b8000ed69b204c49|__AUTOMETRIC__
__AUTOMETRIC__|0.1.2|2163934|crew_log_27a0da8f4fdb5f06|0|1786756226.600|98.868|0.515|9803894784|12563640320|sim_data_b8000ed69b204c49|__AUTOMETRIC__
__AUTOMETRIC__|0.1.2|2163934|crew_log_27a0da8f4fdb5f06|0|1786756227.602|99.833|0.520|9803894784|12563775488|sim_data_b8000ed69b204c49|__AUTOMETRIC__
__AUTOMETRIC__|0.1.2|2163934|crew_log_27a0da8f4fdb5f06|0|1786756228.603|98.855|0.515|9803894784|12563775488|sim_data_b8000ed69b204c49|__AUTOMETRIC__
__AUTOMETRIC__|0.1.2|2163934|crew_log_27a0da8f4fdb5f06|0|1786756229.607|99.678|0.519|9803894784|12563775488|sim_data_b8000ed69b204c49|__AUTOMETRIC__
__AUTOMETRIC__|0.1.2|2163934|crew_log_27a0da8f4fdb5f06|0|1786756230.608|99.872|0.520|9803894784|12563775488|sim_data_b8000ed69b204c49|__AUTOMETRIC__
__AUTOMETRIC__|0.1.2|2163934|crew_log_27a0da8f4fdb5f06|0|1786756231.609|99.871|0.520|9803894784|12563775488|sim_data_b8000ed69b204c49|__AUTOMETRIC__
__AUTOMETRIC__|0.1.2|2163934|crew_log_27a0da8f4fdb5f06|0|1786756232.611|98.792|0.515|9803894784|12563775488|sim_data_b8000ed69b204c49|__AUTOMETRIC__
__AUTOMETRIC__|0.1.2|2163934|crew_log_27a0da8f4fdb5f06|0|1786756233.613|100.769|0.525|10467643392|13227651072|sim_data_b8000ed69b204c49|__AUTOMETRIC__
__AUTOMETRIC__|0.1.2|2163934|crew_log_27a0da8f4fdb5f06|0|1786756234.615|98.868|0.515|11137683456|13897502720|sim_data_b8000ed69b204c49|__AUTOMETRIC__
__AUTOMETRIC__|0.1.2|2163934|crew_log_27a0da8f4fdb5f06|0|1786756235.618|98.729|0.514|11799859200|14560112640|sim_data_b8000ed69b204c49|__AUTOMETRIC__
__AUTOMETRIC__|0.1.2|2163934|crew_log_27a0da8f4fdb5f06|0|1786756236.619|99.856|0.520|11799859200|14560112640|sim_data_b8000ed69b204c49|__AUTOMETRIC__
__AUTOMETRIC__|0.1.2|2163934|crew_log_27a0da8f4fdb5f06|0|1786756237.620|99.880|0.520|11799859200|14560112640|sim_data_b8000ed69b204c49|__AUTOMETRIC__
__AUTOMETRIC__|0.1.2|2163934|crew_log_27a0da8f4fdb5f06|0|1786756238.621|98.883|0.515|11799859200|14560112640|sim_data_b8000ed69b204c49|__AUTOMETRIC__
__AUTOMETRIC__|0.1.2|2163934|crew_log_27a0da8f4fdb5f06|0|1786756239.623|99.836|0.520|11799859200|14560112640|sim_data_b8000ed69b204c49|__AUTOMETRIC__
__AUTOMETRIC__|0.1.2|2163934|crew_log_27a0da8f4fdb5f06|0|1786756240.624|99.877|0.520|11799859200|14560112640|sim_data_b8000ed69b204c49|__AUTOMETRIC__
__AUTOMETRIC__|0.1.2|2163934|crew_log_27a0da8f4fdb5f06|0|1786756241.626|98.844|0.515|11799859200|14560112640|sim_data_b8000ed69b204c49|__AUTOMETRIC__
__AUTOMETRIC__|0.1.2|2163934|crew_log_27a0da8f4fdb5f06|0|1786756242.627|99.872|0.520|11799859200|14560112640|sim_data_b8000ed69b204c49|__AUTOMETRIC__
__AUTOMETRIC__|0.1.2|2163934|crew_log_27a0da8f4fdb5f06|0|1786756243.628|99.870|0.520|12139597824|14900121600|sim_data_b8000ed69b204c49|__AUTOMETRIC__
__AUTOMETRIC__|0.1.2|2163934|crew_log_27a0da8f4fdb5f06|0|1786756244.630|99.871|0.520|12839522304|15599157248|sim_data_b8000ed69b204c49|__AUTOMETRIC__
__AUTOMETRIC__|0.1.2|2163934|crew_log_27a0da8f4fdb5f06|0|1786756245.631|99.849|0.520|13520572416|16279994368|sim_data_b8000ed69b204c49|__AUTOMETRIC__
__AUTOMETRIC__|0.1.2|2163934|crew_log_27a0da8f4fdb5f06|0|1786756246.633|98.870|0.515|14195331072|16955727872|sim_data_b8000ed69b204c49|__AUTOMETRIC__
__AUTOMETRIC__|0.1.2|2163934|crew_log_27a0da8f4fdb5f06|0|1786756247.634|99.857|0.520|14195331072|16955867136|sim_data_b8000ed69b204c49|__AUTOMETRIC__
__AUTOMETRIC__|0.1.2|2163934|crew_log_27a0da8f4fdb5f06|0|1786756248.635|98.876|0.515|14195331072|16955867136|sim_data_b8000ed69b204c49|__AUTOMETRIC__
__AUTOMETRIC__|0.1.2|2163934|crew_log_27a0da8f4fdb5f06|0|1786756249.636|99.889|0.520|14195331072|16955867136|sim_data_b8000ed69b204c49|__AUTOMETRIC__
__AUTOMETRIC__|0.1.2|2163934|crew_log_27a0da8f4fdb5f06|0|1786756250.638|99.868|0.520|14195331072|16955867136|sim_data_b8000ed69b204c49|__AUTOMETRIC__
__AUTOMETRIC__|0.1.2|2163934|crew_log_27a0da8f4fdb5f06|0|1786756251.639|98.835|0.515|14195331072|16955867136|sim_data_b8000ed69b204c49|__AUTOMETRIC__
__AUTOMETRIC__|0.1.2|2163934|crew_log_27a0da8f4fdb5f06|0|1786756252.641|99.874|0.520|14195331072|16955867136|sim_data_b8000ed69b204c49|__AUTOMETRIC__
__AUTOMETRIC__|0.1.2|2163934|crew_log_27a0da8f4fdb5f06|0|1786756253.642|99.850|0.520|14195331072|16955867136|sim_data_b8000ed69b204c49|__AUTOMETRIC__
__AUTOMETRIC__|0.1.2|2163934|crew_log_27a0da8f4fdb5f06|0|1786756254.643|98.867|0.515|14195331072|16955867136|sim_data_b8000ed69b204c49|__AUTOMETRIC__
__AUTOMETRIC__|0.1.2|2163934|crew_log_27a0da8f4fdb5f06|0|1786756255.645|99.875|0.520|14198476800|16958054400|sim_data_b8000ed69b204c49|__AUTOMETRIC__
__AUTOMETRIC__|0.1.2|2163934|crew_log_27a0da8f4fdb5f06|0|1786756256.650|99.498|0.518|14881099776|17640615936|sim_data_b8000ed69b204c49|__AUTOMETRIC__
__AUTOMETRIC__|0.1.2|2163934|crew_log_27a0da8f4fdb5f06|0|1786756257.651|99.869|0.520|15563722752|18323255296|sim_data_b8000ed69b204c49|__AUTOMETRIC__
__AUTOMETRIC__|0.1.2|2163934|crew_log_27a0da8f4fdb5f06|0|1786756258.652|98.875|0.515|16260501504|19020656640|sim_data_b8000ed69b204c49|__AUTOMETRIC__
__AUTOMETRIC__|0.1.2|2163934|crew_log_27a0da8f4fdb5f06|0|1786756259.654|99.815|0.520|16946270208|19705651200|sim_data_b8000ed69b204c49|__AUTOMETRIC__
__AUTOMETRIC__|0.1.2|2163934|crew_log_27a0da8f4fdb5f06|0|1786756260.656|98.864|0.515|17070526464|19830816768|sim_data_b8000ed69b204c49|__AUTOMETRIC__
__AUTOMETRIC__|0.1.2|2163934|crew_log_27a0da8f4fdb5f06|0|1786756261.657|98.851|0.515|17070526464|19830816768|sim_data_b8000ed69b204c49|__AUTOMETRIC__
__AUTOMETRIC__|0.1.2|2163934|crew_log_27a0da8f4fdb5f06|0|1786756262.658|99.885|0.520|17070526464|19830816768|sim_data_b8000ed69b204c49|__AUTOMETRIC__
__AUTOMETRIC__|0.1.2|2163934|crew_log_27a0da8f4fdb5f06|0|1786756263.660|98.869|0.515|17070526464|19830816768|sim_data_b8000ed69b204c49|__AUTOMETRIC__
__AUTOMETRIC__|0.1.2|2163934|crew_log_27a0da8f4fdb5f06|0|1786756264.661|98.832|0.515|17070526464|19830816768|sim_data_b8000ed69b204c49|__AUTOMETRIC__
__AUTOMETRIC__|0.1.2|2163934|crew_log_27a0da8f4fdb5f06|0|1786756265.663|99.855|0.520|17070526464|19830816768|sim_data_b8000ed69b204c49|__AUTOMETRIC__
__AUTOMETRIC__|0.1.2|2163934|crew_log_27a0da8f4fdb5f06|0|1786756266.664|98.874|0.515|17070526464|19830816768|sim_data_b8000ed69b204c49|__AUTOMETRIC__
__AUTOMETRIC__|0.1.2|2163934|crew_log_27a0da8f4fdb5f06|0|1786756267.665|99.851|0.520|17070526464|19830816768|sim_data_b8000ed69b204c49|__AUTOMETRIC__
__AUTOMETRIC__|0.1.2|2163934|crew_log_27a0da8f4fdb5f06|0|1786756268.669|98.631|0.514|17070526464|19830816768|sim_data_b8000ed69b204c49|__AUTOMETRIC__
__AUTOMETRIC__|0.1.2|2163934|crew_log_27a0da8f4fdb5f06|0|1786756269.671|100.839|0.525|17201074176|19961618432|sim_data_b8000ed69b204c49|__AUTOMETRIC__
__AUTOMETRIC__|0.1.2|2163934|crew_log_27a0da8f4fdb5f06|0|1786756270.672|98.882|0.515|17893134336|20652548096|sim_data_b8000ed69b204c49|__AUTOMETRIC__
__AUTOMETRIC__|0.1.2|2163934|crew_log_27a0da8f4fdb5f06|0|1786756271.673|98.874|0.515|18575757312|21336510464|sim_data_b8000ed69b204c49|__AUTOMETRIC__
__AUTOMETRIC__|0.1.2|2163934|crew_log_27a0da8f4fdb5f06|0|1786756272.674|99.883|0.520|19256807424|22017257472|sim_data_b8000ed69b204c49|__AUTOMETRIC__
__AUTOMETRIC__|0.1.2|2163934|crew_log_27a0da8f4fdb5f06|0|1786756273.676|99.869|0.520|19939430400|22698905600|sim_data_b8000ed69b204c49|__AUTOMETRIC__
__AUTOMETRIC__|0.1.2|2163934|crew_log_27a0da8f4fdb5f06|0|1786756274.677|98.876|0.515|20519817216|23280152576|sim_data_b8000ed69b204c49|__AUTOMETRIC__
__AUTOMETRIC__|0.1.2|2163934|crew_log_27a0da8f4fdb5f06|0|1786756275.678|98.869|0.515|20519817216|23280427008|sim_data_b8000ed69b204c49|__AUTOMETRIC__
__AUTOMETRIC__|0.1.2|2163934|crew_log_27a0da8f4fdb5f06|0|1786756276.680|99.872|0.520|20519817216|23280427008|sim_data_b8000ed69b204c49|__AUTOMETRIC__
__AUTOMETRIC__|0.1.2|2163934|crew_log_27a0da8f4fdb5f06|0|1786756277.681|99.868|0.520|20519817216|23280427008|sim_data_b8000ed69b204c49|__AUTOMETRIC__
__AUTOMETRIC__|0.1.2|2163934|crew_log_27a0da8f4fdb5f06|0|1786756278.683|98.748|0.514|20519817216|23280427008|sim_data_b8000ed69b204c49|__AUTOMETRIC__
__AUTOMETRIC__|0.1.2|2163934|crew_log_27a0da8f4fdb5f06|0|1786756279.685|98.838|0.515|20519817216|23280427008|sim_data_b8000ed69b204c49|__AUTOMETRIC__
__AUTOMETRIC__|0.1.2|2163934|crew_log_27a0da8f4fdb5f06|0|1786756280.690|99.553|0.519|20519817216|23280427008|sim_data_b8000ed69b204c49|__AUTOMETRIC__
__AUTOMETRIC__|0.1.2|2163934|crew_log_27a0da8f4fdb5f06|0|1786756281.691|99.876|0.520|20519817216|23280427008|sim_data_b8000ed69b204c49|__AUTOMETRIC__
__AUTOMETRIC__|0.1.2|2163934|crew_log_27a0da8f4fdb5f06|0|1786756282.693|98.835|0.515|20519817216|23280427008|sim_data_b8000ed69b204c49|__AUTOMETRIC__
__AUTOMETRIC__|0.1.2|2163934|crew_log_27a0da8f4fdb5f06|0|1786756283.694|98.833|0.515|20519817216|23280427008|sim_data_b8000ed69b204c49|__AUTOMETRIC__
__AUTOMETRIC__|0.1.2|2163934|crew_log_27a0da8f4fdb5f06|0|1786756284.696|99.843|0.520|20519817216|23280427008|sim_data_b8000ed69b204c49|__AUTOMETRIC__
__AUTOMETRIC__|0.1.2|2163934|crew_log_27a0da8f4fdb5f06|0|1786756285.697|98.857|0.515|20519817216|23280427008|sim_data_b8000ed69b204c49|__AUTOMETRIC__
__AUTOMETRIC__|0.1.2|2163934|crew_log_27a0da8f4fdb5f06|0|1786756286.699|99.851|0.520|21082902528|23842660352|sim_data_b8000ed69b204c49|__AUTOMETRIC__
__AUTOMETRIC__|0.1.2|2163934|crew_log_27a0da8f4fdb5f06|0|1786756287.700|98.844|0.515|21224460288|23983718400|sim_data_b8000ed69b204c49|__AUTOMETRIC__
__AUTOMETRIC__|0.1.2|2163934|crew_log_27a0da8f4fdb5f06|0|1786756288.702|98.826|0.515|21224460288|23983718400|sim_data_b8000ed69b204c49|__AUTOMETRIC__
__AUTOMETRIC__|0.1.2|2163934|crew_log_27a0da8f4fdb5f06|0|1786756289.703|98.860|0.515|21224460288|23983718400|sim_data_b8000ed69b204c49|__AUTOMETRIC__
__AUTOMETRIC__|0.1.2|2163934|crew_log_27a0da8f4fdb5f06|0|1786756290.705|99.854|0.520|21224460288|23983718400|sim_data_b8000ed69b204c49|__AUTOMETRIC__
__AUTOMETRIC__|0.1.2|2163934|crew_log_27a0da8f4fdb5f06|0|1786756291.706|98.845|0.515|21224460288|23983718400|sim_data_b8000ed69b204c49|__AUTOMETRIC__
__AUTOMETRIC__|0.1.2|2163934|crew_log_27a0da8f4fdb5f06|0|1786756292.708|98.805|0.515|21224460288|23983718400|sim_data_b8000ed69b204c49|__AUTOMETRIC__
__AUTOMETRIC__|0.1.2|2163934|crew_log_27a0da8f4fdb5f06|0|1786756293.710|98.843|0.515|21224460288|23983718400|sim_data_b8000ed69b204c49|__AUTOMETRIC__
__AUTOMETRIC__|0.1.2|2163934|crew_log_27a0da8f4fdb5f06|0|1786756294.711|99.876|0.520|21224460288|23983718400|sim_data_b8000ed69b204c49|__AUTOMETRIC__
__AUTOMETRIC__|0.1.2|2163934|crew_log_27a0da8f4fdb5f06|0|1786756295.714|90.783|0.473|21224460288|23983718400|sim_data_b8000ed69b204c49|__AUTOMETRIC__
__AUTOMETRIC__|0.1.2|2163934|crew_log_27a0da8f4fdb5f06|0|1786756296.715|98.858|0.515|21224460288|23983718400|sim_data_b8000ed69b204c49|__AUTOMETRIC__
__AUTOMETRIC__|0.1.2|2163934|crew_log_27a0da8f4fdb5f06|0|1786756297.717|98.856|0.515|21224460288|23983718400|sim_data_b8000ed69b204c49|__AUTOMETRIC__
__AUTOMETRIC__|0.1.2|2163934|crew_log_27a0da8f4fdb5f06|0|1786756298.718|99.862|0.520|21224460288|23983718400|sim_data_b8000ed69b204c49|__AUTOMETRIC__
__AUTOMETRIC__|0.1.2|2163934|crew_log_27a0da8f4fdb5f06|0|1786756299.719|227.700|1.186|21421338624|24177528832|sim_data_b8000ed69b204c49|__AUTOMETRIC__
__AUTOMETRIC__|0.1.2|2163934|crew_log_27a0da8f4fdb5f06|0|1786756300.721|933.786|4.863|22146428928|25038540800|sim_data_b8000ed69b204c49|__AUTOMETRIC__
__AUTOMETRIC__|0.1.2|2163934|crew_log_27a0da8f4fdb5f06|0|1786756301.722|411.472|2.143|22857363456|25748258816|sim_data_b8000ed69b204c49|__AUTOMETRIC__
__AUTOMETRIC__|0.1.2|2163934|crew_log_27a0da8f4fdb5f06|0|1786756302.817|131.468|0.685|23477071872|26367467520|sim_data_b8000ed69b204c49|__AUTOMETRIC__
__AUTOMETRIC__|0.1.2|2163934|crew_log_27a0da8f4fdb5f06|0|1786756303.819|4.992|0.026|23503810560|26395308032|sim_data_b8000ed69b204c49|__AUTOMETRIC__
__AUTOMETRIC__|0.1.2|2163934|crew_log_27a0da8f4fdb5f06|0|1786756304.896|12.993|0.068|23510102016|26402045952|sim_data_b8000ed69b204c49|__AUTOMETRIC__
__AUTOMETRIC__|0.1.2|2163934|crew_log_27a0da8f4fdb5f06|0|1786756305.898|0.999|0.005|23514820608|26406322176|sim_data_b8000ed69b204c49|__AUTOMETRIC__
__AUTOMETRIC__|0.1.2|2163934|crew_log_27a0da8f4fdb5f06|0|1786756307.016|11.628|0.061|23519539200|26412531712|sim_data_b8000ed69b204c49|__AUTOMETRIC__
__AUTOMETRIC__|0.1.2|2163934|crew_log_27a0da8f4fdb5f06|0|1786756308.017|0.999|0.005|23524257792|26417299456|sim_data_b8000ed69b204c49|__AUTOMETRIC__
__AUTOMETRIC__|0.1.2|2163934|crew_log_27a0da8f4fdb5f06|0|1786756309.036|13.741|0.072|23528976384|26421149696|sim_data_b8000ed69b204c49|__AUTOMETRIC__
__AUTOMETRIC__|0.1.2|2163934|crew_log_27a0da8f4fdb5f06|0|1786756310.037|0.000|0.000|23533694976|26426318848|sim_data_b8000ed69b204c49|__AUTOMETRIC__
__AUTOMETRIC__|0.1.2|2163934|crew_log_27a0da8f4fdb5f06|0|1786756311.039|0.998|0.005|23538413568|26430152704|sim_data_b8000ed69b204c49|__AUTOMETRIC__
__AUTOMETRIC__|0.1.2|2163934|crew_log_27a0da8f4fdb5f06|0|1786756312.040|25.966|0.135|23661096960|26554724352|sim_data_b8000ed69b204c49|__AUTOMETRIC__
__AUTOMETRIC__|0.1.2|2163934|crew_log_27a0da8f4fdb5f06|0|1786756313.042|54.922|0.286|23914819584|34150711296|sim_data_b8000ed69b204c49|__AUTOMETRIC__
__AUTOMETRIC__|0.1.2|2163934|crew_log_27a0da8f4fdb5f06|0|1786756314.044|105.806|0.551|24396230656|35246317568|sim_data_b8000ed69b204c49|__AUTOMETRIC__
__AUTOMETRIC__|0.1.2|2163934|crew_log_27a0da8f4fdb5f06|0|1786756315.045|99.873|0.520|25072562176|35926704128|sim_data_b8000ed69b204c49|__AUTOMETRIC__
__AUTOMETRIC__|0.1.2|2163934|crew_log_27a0da8f4fdb5f06|0|1786756316.046|702.124|3.657|25617817600|36502376448|sim_data_b8000ed69b204c49|__AUTOMETRIC__
__AUTOMETRIC__|0.1.2|2163934|crew_log_27a0da8f4fdb5f06|0|1786756317.048|545.148|2.839|25619390464|36502376448|sim_data_b8000ed69b204c49|__AUTOMETRIC__
__AUTOMETRIC__|0.1.2|2163934|crew_log_27a0da8f4fdb5f06|0|1786756318.049|135.840|0.708|25619390464|36502376448|sim_data_b8000ed69b204c49|__AUTOMETRIC__
__AUTOMETRIC__|0.1.2|2163934|crew_log_27a0da8f4fdb5f06|0|1786756319.050|33.950|0.177|25619390464|36502376448|sim_data_b8000ed69b204c49|__AUTOMETRIC__
__AUTOMETRIC__|0.1.2|2163934|crew_log_27a0da8f4fdb5f06|0|1786756320.052|0.998|0.005|25619390464|36502376448|sim_data_b8000ed69b204c49|__AUTOMETRIC__
__AUTOMETRIC__|0.1.2|2163934|crew_log_27a0da8f4fdb5f06|0|1786756321.053|13.980|0.073|25619390464|36502376448|sim_data_b8000ed69b204c49|__AUTOMETRIC__
__AUTOMETRIC__|0.1.2|2163934|crew_log_27a0da8f4fdb5f06|0|1786756322.055|0.999|0.005|25619390464|36502376448|sim_data_b8000ed69b204c49|__AUTOMETRIC__
__AUTOMETRIC__|0.1.2|2163934|crew_log_27a0da8f4fdb5f06|0|1786756323.056|14.977|0.078|25619390464|36502376448|sim_data_b8000ed69b204c49|__AUTOMETRIC__
__AUTOMETRIC__|0.1.2|2163934|crew_log_27a0da8f4fdb5f06|0|1786756324.058|0.999|0.005|25619390464|36502376448|sim_data_b8000ed69b204c49|__AUTOMETRIC__
__AUTOMETRIC__|0.1.2|2163934|crew_log_27a0da8f4fdb5f06|0|1786756325.059|14.979|0.078|25619390464|36502376448|sim_data_b8000ed69b204c49|__AUTOMETRIC__
__AUTOMETRIC__|0.1.2|2163934|crew_log_27a0da8f4fdb5f06|0|1786756326.062|0.997|0.005|25619390464|36502376448|sim_data_b8000ed69b204c49|__AUTOMETRIC__
__AUTOMETRIC__|0.1.2|2163934|crew_log_27a0da8f4fdb5f06|0|1786756327.064|31.957|0.166|25619390464|36502376448|sim_data_b8000ed69b204c49|__AUTOMETRIC__
__AUTOMETRIC__|0.1.2|2163934|crew_log_27a0da8f4fdb5f06|0|1786756328.065|82.865|0.432|25631055872|36512673792|sim_data_b8000ed69b204c49|__AUTOMETRIC__
__AUTOMETRIC__|0.1.2|2163934|crew_log_27a0da8f4fdb5f06|0|1786756329.067|99.869|0.520|25635774464|36512673792|sim_data_b8000ed69b204c49|__AUTOMETRIC__
__AUTOMETRIC__|0.1.2|2163934|crew_log_27a0da8f4fdb5f06|0|1786756330.068|1036.562|5.399|25679814656|36556750848|sim_data_b8000ed69b204c49|__AUTOMETRIC__
__AUTOMETRIC__|0.1.2|2163934|crew_log_27a0da8f4fdb5f06|0|1786756331.069|553.271|2.882|25679814656|36556750848|sim_data_b8000ed69b204c49|__AUTOMETRIC__
__AUTOMETRIC__|0.1.2|2163934|crew_log_27a0da8f4fdb5f06|0|1786756332.071|133.839|0.697|25679814656|36556750848|sim_data_b8000ed69b204c49|__AUTOMETRIC__
__AUTOMETRIC__|0.1.2|2163934|crew_log_27a0da8f4fdb5f06|0|1786756333.072|33.957|0.177|25679814656|36556750848|sim_data_b8000ed69b204c49|__AUTOMETRIC__
__AUTOMETRIC__|0.1.2|2163934|crew_log_27a0da8f4fdb5f06|0|1786756334.073|1.997|0.010|25679814656|36556750848|sim_data_b8000ed69b204c49|__AUTOMETRIC__
__AUTOMETRIC__|0.1.2|2163934|crew_log_27a0da8f4fdb5f06|0|1786756335.075|12.982|0.068|25679814656|36556750848|sim_data_b8000ed69b204c49|__AUTOMETRIC__
__AUTOMETRIC__|0.1.2|2163934|crew_log_27a0da8f4fdb5f06|0|1786756336.076|0.999|0.005|25679814656|36556750848|sim_data_b8000ed69b204c49|__AUTOMETRIC__
__AUTOMETRIC__|0.1.2|2163934|crew_log_27a0da8f4fdb5f06|0|1786756337.077|12.980|0.068|25679814656|36556750848|sim_data_b8000ed69b204c49|__AUTOMETRIC__
__AUTOMETRIC__|0.1.2|2163934|crew_log_27a0da8f4fdb5f06|0|1786756338.079|1.997|0.010|25679814656|36556750848|sim_data_b8000ed69b204c49|__AUTOMETRIC__
__AUTOMETRIC__|0.1.2|2163934|crew_log_27a0da8f4fdb5f06|0|1786756339.081|0.998|0.005|25679814656|36556750848|sim_data_b8000ed69b204c49|__AUTOMETRIC__
__AUTOMETRIC__|0.1.2|2163934|crew_log_27a0da8f4fdb5f06|0|1786756340.082|14.981|0.078|25679814656|36556750848|sim_data_b8000ed69b204c49|__AUTOMETRIC__
__AUTOMETRIC__|0.1.2|2163934|crew_log_27a0da8f4fdb5f06|0|1786756341.083|0.000|0.000|25679814656|36556750848|sim_data_b8000ed69b204c49|__AUTOMETRIC__
__AUTOMETRIC__|0.1.2|2163934|crew_log_27a0da8f4fdb5f06|0|1786756342.084|38.951|0.203|25679814656|36556750848|sim_data_b8000ed69b204c49|__AUTOMETRIC__
__AUTOMETRIC__|0.1.2|2163934|crew_log_27a0da8f4fdb5f06|0|1786756343.086|90.875|0.473|25679814656|36556750848|sim_data_b8000ed69b204c49|__AUTOMETRIC__
__AUTOMETRIC__|0.1.2|2163934|crew_log_27a0da8f4fdb5f06|0|1786756344.087|98.877|0.515|25679814656|36556750848|sim_data_b8000ed69b204c49|__AUTOMETRIC__
__AUTOMETRIC__|0.1.2|2163934|crew_log_27a0da8f4fdb5f06|0|1786756345.088|1293.307|6.736|25679814656|36556750848|sim_data_b8000ed69b204c49|__AUTOMETRIC__
__AUTOMETRIC__|0.1.2|2163934|crew_log_27a0da8f4fdb5f06|0|1786756346.090|102.868|0.536|25679814656|36556750848|sim_data_b8000ed69b204c49|__AUTOMETRIC__
__AUTOMETRIC__|0.1.2|2163934|crew_log_27a0da8f4fdb5f06|0|1786756347.152|133.651|0.696|25679814656|36556750848|sim_data_b8000ed69b204c49|__AUTOMETRIC__
__AUTOMETRIC__|0.1.2|2163934|crew_log_27a0da8f4fdb5f06|0|1786756348.154|0.999|0.005|25679814656|36556750848|sim_data_b8000ed69b204c49|__AUTOMETRIC__
__AUTOMETRIC__|0.1.2|2163934|crew_log_27a0da8f4fdb5f06|0|1786756349.155|0.999|0.005|25679814656|36556750848|sim_data_b8000ed69b204c49|__AUTOMETRIC__
__AUTOMETRIC__|0.1.2|2163934|crew_log_27a0da8f4fdb5f06|0|1786756350.156|14.982|0.078|25679814656|36556750848|sim_data_b8000ed69b204c49|__AUTOMETRIC__
__AUTOMETRIC__|0.1.2|2163934|crew_log_27a0da8f4fdb5f06|0|1786756351.157|0.000|0.000|25679814656|36556750848|sim_data_b8000ed69b204c49|__AUTOMETRIC__
__AUTOMETRIC__|0.1.2|2163934|crew_log_27a0da8f4fdb5f06|0|1786756352.159|14.978|0.078|25679814656|36556750848|sim_data_b8000ed69b204c49|__AUTOMETRIC__
__AUTOMETRIC__|0.1.2|2163934|crew_log_27a0da8f4fdb5f06|0|1786756353.160|1.997|0.010|25679814656|36556750848|sim_data_b8000ed69b204c49|__AUTOMETRIC__
__AUTOMETRIC__|0.1.2|2163934|crew_log_27a0da8f4fdb5f06|0|1786756354.162|13.978|0.073|25679814656|36556750848|sim_data_b8000ed69b204c49|__AUTOMETRIC__
__AUTOMETRIC__|0.1.2|2163934|crew_log_27a0da8f4fdb5f06|0|1786756355.163|0.000|0.000|25679814656|36556750848|sim_data_b8000ed69b204c49|__AUTOMETRIC__
__AUTOMETRIC__|0.1.2|2163934|crew_log_27a0da8f4fdb5f06|0|1786756356.166|49.895|0.260|25681387520|36558512128|sim_data_b8000ed69b204c49|__AUTOMETRIC__
__AUTOMETRIC__|0.1.2|2163934|crew_log_27a0da8f4fdb5f06|0|1786756357.167|97.864|0.510|25682960384|36556750848|sim_data_b8000ed69b204c49|__AUTOMETRIC__
__AUTOMETRIC__|0.1.2|2163934|crew_log_27a0da8f4fdb5f06|0|1786756358.168|231.708|1.207|25682960384|36556750848|sim_data_b8000ed69b204c49|__AUTOMETRIC__
__AUTOMETRIC__|0.1.2|2163934|crew_log_27a0da8f4fdb5f06|0|1786756359.169|1022.757|5.327|25682960384|36556750848|sim_data_b8000ed69b204c49|__AUTOMETRIC__
__AUTOMETRIC__|0.1.2|2163934|crew_log_27a0da8f4fdb5f06|0|1786756360.171|134.804|0.702|25682960384|36556750848|sim_data_b8000ed69b204c49|__AUTOMETRIC__
__AUTOMETRIC__|0.1.2|2163934|crew_log_27a0da8f4fdb5f06|0|1786756361.172|73.915|0.385|25682960384|36556750848|sim_data_b8000ed69b204c49|__AUTOMETRIC__
__AUTOMETRIC__|0.1.2|2163934|crew_log_27a0da8f4fdb5f06|0|1786756362.173|0.000|0.000|25682960384|36556750848|sim_data_b8000ed69b204c49|__AUTOMETRIC__
__AUTOMETRIC__|0.1.2|2163934|crew_log_27a0da8f4fdb5f06|0|1786756363.268|13.704|0.071|25682960384|36556750848|sim_data_b8000ed69b204c49|__AUTOMETRIC__
__AUTOMETRIC__|0.1.2|2163934|crew_log_27a0da8f4fdb5f06|0|1786756364.269|0.999|0.005|25682960384|36556750848|sim_data_b8000ed69b204c49|__AUTOMETRIC__
__AUTOMETRIC__|0.1.2|2163934|crew_log_27a0da8f4fdb5f06|0|1786756365.270|0.000|0.000|25682960384|36556750848|sim_data_b8000ed69b204c49|__AUTOMETRIC__
__AUTOMETRIC__|0.1.2|2163934|crew_log_27a0da8f4fdb5f06|0|1786756366.271|14.982|0.078|25682960384|36556750848|sim_data_b8000ed69b204c49|__AUTOMETRIC__
__AUTOMETRIC__|0.1.2|2163934|crew_log_27a0da8f4fdb5f06|0|1786756367.273|0.000|0.000|25682960384|36556750848|sim_data_b8000ed69b204c49|__AUTOMETRIC__
__AUTOMETRIC__|0.1.2|2163934|crew_log_27a0da8f4fdb5f06|0|1786756368.274|14.979|0.078|25682960384|36556750848|sim_data_b8000ed69b204c49|__AUTOMETRIC__
__AUTOMETRIC__|0.1.2|2163934|crew_log_27a0da8f4fdb5f06|0|1786756369.276|0.998|0.005|25682960384|36556750848|sim_data_b8000ed69b204c49|__AUTOMETRIC__
__AUTOMETRIC__|0.1.2|2163934|crew_log_27a0da8f4fdb5f06|0|1786756370.278|14.975|0.078|25682960384|36556750848|sim_data_b8000ed69b204c49|__AUTOMETRIC__
__AUTOMETRIC__|0.1.2|2163934|crew_log_27a0da8f4fdb5f06|0|1786756371.279|86.871|0.452|25909751808|36783689728|sim_data_b8000ed69b204c49|__AUTOMETRIC__
__AUTOMETRIC__|0.1.2|2163934|crew_log_27a0da8f4fdb5f06|0|1786756372.282|98.765|0.514|25909751808|36783689728|sim_data_b8000ed69b204c49|__AUTOMETRIC__
__AUTOMETRIC__|0.1.2|2163934|crew_log_27a0da8f4fdb5f06|0|1786756373.283|631.156|3.287|25909751808|36783689728|sim_data_b8000ed69b204c49|__AUTOMETRIC__
__AUTOMETRIC__|0.1.2|2163934|crew_log_27a0da8f4fdb5f06|0|1786756374.284|608.149|3.167|25909751808|36783689728|sim_data_b8000ed69b204c49|__AUTOMETRIC__
__AUTOMETRIC__|0.1.2|2163934|crew_log_27a0da8f4fdb5f06|0|1786756375.287|134.682|0.701|25909751808|36783689728|sim_data_b8000ed69b204c49|__AUTOMETRIC__
__AUTOMETRIC__|0.1.2|2163934|crew_log_27a0da8f4fdb5f06|0|1786756376.288|38.943|0.203|25909751808|36783689728|sim_data_b8000ed69b204c49|__AUTOMETRIC__
__AUTOMETRIC__|0.1.2|2163934|crew_log_27a0da8f4fdb5f06|0|1786756377.289|0.000|0.000|25909751808|36783689728|sim_data_b8000ed69b204c49|__AUTOMETRIC__
__AUTOMETRIC__|0.1.2|2163934|crew_log_27a0da8f4fdb5f06|0|1786756378.292|13.965|0.073|25909751808|36783689728|sim_data_b8000ed69b204c49|__AUTOMETRIC__
__AUTOMETRIC__|0.1.2|2163934|crew_log_27a0da8f4fdb5f06|0|1786756379.294|0.998|0.005|25909751808|36783689728|sim_data_b8000ed69b204c49|__AUTOMETRIC__
__AUTOMETRIC__|0.1.2|2163934|crew_log_27a0da8f4fdb5f06|0|1786756380.295|0.000|0.000|25909751808|36783689728|sim_data_b8000ed69b204c49|__AUTOMETRIC__
__AUTOMETRIC__|0.1.2|2163934|crew_log_27a0da8f4fdb5f06|0|1786756381.297|13.976|0.073|25909751808|36783689728|sim_data_b8000ed69b204c49|__AUTOMETRIC__
__AUTOMETRIC__|0.1.2|2163934|crew_log_27a0da8f4fdb5f06|0|1786756382.298|0.999|0.005|25909751808|36783689728|sim_data_b8000ed69b204c49|__AUTOMETRIC__
__AUTOMETRIC__|0.1.2|2163934|crew_log_27a0da8f4fdb5f06|0|1786756383.300|15.978|0.083|25909751808|36783689728|sim_data_b8000ed69b204c49|__AUTOMETRIC__
__AUTOMETRIC__|0.1.2|2163934|crew_log_27a0da8f4fdb5f06|0|1786756384.301|0.000|0.000|25909751808|36783689728|sim_data_b8000ed69b204c49|__AUTOMETRIC__
__AUTOMETRIC__|0.1.2|2163934|crew_log_27a0da8f4fdb5f06|0|1786756385.302|0.999|0.005|25909751808|36783689728|sim_data_b8000ed69b204c49|__AUTOMETRIC__
__AUTOMETRIC__|0.1.2|2163934|crew_log_27a0da8f4fdb5f06|0|1786756386.304|0.999|0.005|25909751808|36783689728|sim_data_b8000ed69b204c49|__AUTOMETRIC__
__AUTOMETRIC__|0.1.2|2163934|crew_log_27a0da8f4fdb5f06|0|1786756387.305|45.939|0.239|25911271424|36783689728|sim_data_b8000ed69b204c49|__AUTOMETRIC__
__AUTOMETRIC__|0.1.2|2163934|crew_log_27a0da8f4fdb5f06|0|1786756388.307|95.842|0.499|25936437248|36809625600|sim_data_b8000ed69b204c49|__AUTOMETRIC__
__AUTOMETRIC__|0.1.2|2163934|crew_log_27a0da8f4fdb5f06|0|1786756389.309|99.782|0.520|25936437248|36809625600|sim_data_b8000ed69b204c49|__AUTOMETRIC__
__AUTOMETRIC__|0.1.2|2163934|crew_log_27a0da8f4fdb5f06|0|1786756390.311|1012.385|5.273|25936437248|36809625600|sim_data_b8000ed69b204c49|__AUTOMETRIC__
__AUTOMETRIC__|0.1.2|2163934|crew_log_27a0da8f4fdb5f06|0|1786756391.312|192.720|1.004|25936437248|36809625600|sim_data_b8000ed69b204c49|__AUTOMETRIC__
__AUTOMETRIC__|0.1.2|2163934|crew_log_27a0da8f4fdb5f06|0|1786756392.315|104.693|0.545|25936437248|36809625600|sim_data_b8000ed69b204c49|__AUTOMETRIC__
__AUTOMETRIC__|0.1.2|2163934|crew_log_27a0da8f4fdb5f06|0|1786756393.316|0.998|0.005|25936437248|36809625600|sim_data_b8000ed69b204c49|__AUTOMETRIC__
__AUTOMETRIC__|0.1.2|2163934|crew_log_27a0da8f4fdb5f06|0|1786756394.318|0.000|0.000|25936437248|36809625600|sim_data_b8000ed69b204c49|__AUTOMETRIC__
__AUTOMETRIC__|0.1.2|2163934|crew_log_27a0da8f4fdb5f06|0|1786756395.319|15.979|0.083|25936437248|36809625600|sim_data_b8000ed69b204c49|__AUTOMETRIC__
__AUTOMETRIC__|0.1.2|2163934|crew_log_27a0da8f4fdb5f06|0|1786756396.321|0.000|0.000|25936437248|36809625600|sim_data_b8000ed69b204c49|__AUTOMETRIC__
__AUTOMETRIC__|0.1.2|2163934|crew_log_27a0da8f4fdb5f06|0|1786756397.322|14.977|0.078|25936437248|36809625600|sim_data_b8000ed69b204c49|__AUTOMETRIC__
__AUTOMETRIC__|0.1.2|2163934|crew_log_27a0da8f4fdb5f06|0|1786756398.324|0.000|0.000|25936437248|36809625600|sim_data_b8000ed69b204c49|__AUTOMETRIC__
__AUTOMETRIC__|0.1.2|2163934|crew_log_27a0da8f4fdb5f06|0|1786756399.326|14.968|0.078|25936437248|36809625600|sim_data_b8000ed69b204c49|__AUTOMETRIC__
__AUTOMETRIC__|0.1.2|2163934|crew_log_27a0da8f4fdb5f06|0|1786756400.328|0.999|0.005|25936437248|36809625600|sim_data_b8000ed69b204c49|__AUTOMETRIC__
__AUTOMETRIC__|0.1.2|2163934|crew_log_27a0da8f4fdb5f06|0|1786756401.329|21.964|0.114|25936437248|36809625600|sim_data_b8000ed69b204c49|__AUTOMETRIC__
__AUTOMETRIC__|0.1.2|2163934|crew_log_27a0da8f4fdb5f06|0|1786756402.331|82.878|0.432|25938010112|36809625600|sim_data_b8000ed69b204c49|__AUTOMETRIC__
__AUTOMETRIC__|0.1.2|2163934|crew_log_27a0da8f4fdb5f06|0|1786756403.333|98.799|0.515|25938010112|36809625600|sim_data_b8000ed69b204c49|__AUTOMETRIC__
__AUTOMETRIC__|0.1.2|2163934|crew_log_27a0da8f4fdb5f06|0|1786756404.334|734.970|3.828|25938010112|36809625600|sim_data_b8000ed69b204c49|__AUTOMETRIC__
__AUTOMETRIC__|0.1.2|2163934|crew_log_27a0da8f4fdb5f06|0|1786756405.335|461.405|2.403|25938010112|36809625600|sim_data_b8000ed69b204c49|__AUTOMETRIC__
__AUTOMETRIC__|0.1.2|2163934|crew_log_27a0da8f4fdb5f06|0|1786756406.337|135.776|0.707|25938010112|36809625600|sim_data_b8000ed69b204c49|__AUTOMETRIC__
__AUTOMETRIC__|0.1.2|2163934|crew_log_27a0da8f4fdb5f06|0|1786756407.338|27.961|0.146|25938010112|36809625600|sim_data_b8000ed69b204c49|__AUTOMETRIC__
__AUTOMETRIC__|0.1.2|2163934|crew_log_27a0da8f4fdb5f06|0|1786756408.340|0.000|0.000|25938010112|36809625600|sim_data_b8000ed69b204c49|__AUTOMETRIC__
__AUTOMETRIC__|0.1.2|2163934|crew_log_27a0da8f4fdb5f06|0|1786756409.343|0.000|0.000|25938010112|36809625600|sim_data_b8000ed69b204c49|__AUTOMETRIC__
__AUTOMETRIC__|0.1.2|2163934|crew_log_27a0da8f4fdb5f06|0|1786756410.371|14.580|0.076|25938010112|36809625600|sim_data_b8000ed69b204c49|__AUTOMETRIC__
__AUTOMETRIC__|0.1.2|2163934|crew_log_27a0da8f4fdb5f06|0|1786756411.373|0.998|0.005|25938010112|36809625600|sim_data_b8000ed69b204c49|__AUTOMETRIC__
__AUTOMETRIC__|0.1.2|2163934|crew_log_27a0da8f4fdb5f06|0|1786756412.374|0.000|0.000|25938010112|36809625600|sim_data_b8000ed69b204c49|__AUTOMETRIC__
__AUTOMETRIC__|0.1.2|2163934|crew_log_27a0da8f4fdb5f06|0|1786756413.376|15.977|0.083|25938010112|36809625600|sim_data_b8000ed69b204c49|__AUTOMETRIC__
__AUTOMETRIC__|0.1.2|2163934|crew_log_27a0da8f4fdb5f06|0|1786756414.377|0.000|0.000|25938010112|36809625600|sim_data_b8000ed69b204c49|__AUTOMETRIC__
__AUTOMETRIC__|0.1.2|2163934|crew_log_27a0da8f4fdb5f06|0|1786756415.378|15.979|0.083|25938010112|36809625600|sim_data_b8000ed69b204c49|__AUTOMETRIC__
__AUTOMETRIC__|0.1.2|2163934|crew_log_27a0da8f4fdb5f06|0|1786756416.395|0.984|0.005|25938010112|36809625600|sim_data_b8000ed69b204c49|__AUTOMETRIC__
__AUTOMETRIC__|0.1.2|2163934|crew_log_27a0da8f4fdb5f06|0|1786756417.397|9.980|0.052|25938010112|36809625600|sim_data_b8000ed69b204c49|__AUTOMETRIC__
__AUTOMETRIC__|0.1.2|2163934|crew_log_27a0da8f4fdb5f06|0|1786756418.398|59.914|0.312|25938010112|36809625600|sim_data_b8000ed69b204c49|__AUTOMETRIC__
__AUTOMETRIC__|0.1.2|2163934|crew_log_27a0da8f4fdb5f06|0|1786756419.400|98.798|0.515|25938010112|36809625600|sim_data_b8000ed69b204c49|__AUTOMETRIC__
__AUTOMETRIC__|0.1.2|2163934|crew_log_27a0da8f4fdb5f06|0|1786756420.402|338.534|1.763|25942728704|36814241792|sim_data_b8000ed69b204c49|__AUTOMETRIC__
__AUTOMETRIC__|0.1.2|2163934|crew_log_27a0da8f4fdb5f06|0|1786756421.403|1229.448|6.403|25942728704|36814241792|sim_data_b8000ed69b204c49|__AUTOMETRIC__
__AUTOMETRIC__|0.1.2|2163934|crew_log_27a0da8f4fdb5f06|0|1786756422.404|178.754|0.931|25942728704|36814241792|sim_data_b8000ed69b204c49|__AUTOMETRIC__
__AUTOMETRIC__|0.1.2|2163934|crew_log_27a0da8f4fdb5f06|0|1786756423.423|117.798|0.614|25942728704|36814241792|sim_data_b8000ed69b204c49|__AUTOMETRIC__
__AUTOMETRIC__|0.1.2|2163934|crew_log_27a0da8f4fdb5f06|0|1786756424.424|0.998|0.005|25942728704|36814241792|sim_data_b8000ed69b204c49|__AUTOMETRIC__
__AUTOMETRIC__|0.1.2|2163934|crew_log_27a0da8f4fdb5f06|0|1786756425.426|0.999|0.005|25942728704|36814241792|sim_data_b8000ed69b204c49|__AUTOMETRIC__
__AUTOMETRIC__|0.1.2|2163934|crew_log_27a0da8f4fdb5f06|0|1786756426.478|13.306|0.069|25942728704|36814241792|sim_data_b8000ed69b204c49|__AUTOMETRIC__
__AUTOMETRIC__|0.1.2|2163934|crew_log_27a0da8f4fdb5f06|0|1786756427.481|0.997|0.005|25942728704|36814241792|sim_data_b8000ed69b204c49|__AUTOMETRIC__
__AUTOMETRIC__|0.1.2|2163934|crew_log_27a0da8f4fdb5f06|0|1786756428.482|0.000|0.000|25942728704|36814241792|sim_data_b8000ed69b204c49|__AUTOMETRIC__
__AUTOMETRIC__|0.1.2|2163934|crew_log_27a0da8f4fdb5f06|0|1786756429.484|14.971|0.078|25942728704|36814241792|sim_data_b8000ed69b204c49|__AUTOMETRIC__
__AUTOMETRIC__|0.1.2|2163934|crew_log_27a0da8f4fdb5f06|0|1786756430.485|1.997|0.010|25942728704|36814241792|sim_data_b8000ed69b204c49|__AUTOMETRIC__
__AUTOMETRIC__|0.1.2|2163934|crew_log_27a0da8f4fdb5f06|0|1786756431.487|0.000|0.000|25942728704|36814241792|sim_data_b8000ed69b204c49|__AUTOMETRIC__
__AUTOMETRIC__|0.1.2|2163934|crew_log_27a0da8f4fdb5f06|0|1786756432.488|14.980|0.078|25942728704|36814241792|sim_data_b8000ed69b204c49|__AUTOMETRIC__
__AUTOMETRIC__|0.1.2|2163934|crew_log_27a0da8f4fdb5f06|0|1786756433.490|0.999|0.005|25942728704|36814241792|sim_data_b8000ed69b204c49|__AUTOMETRIC__
__AUTOMETRIC__|0.1.2|2163934|crew_log_27a0da8f4fdb5f06|0|1786756434.492|0.000|0.000|25942728704|36814241792|sim_data_b8000ed69b204c49|__AUTOMETRIC__
__AUTOMETRIC__|0.1.2|2163934|crew_log_27a0da8f4fdb5f06|0|1786756435.493|29.957|0.156|25942728704|36814241792|sim_data_b8000ed69b204c49|__AUTOMETRIC__
__AUTOMETRIC__|0.1.2|2163934|crew_log_27a0da8f4fdb5f06|0|1786756436.495|87.870|0.458|25942728704|36814241792|sim_data_b8000ed69b204c49|__AUTOMETRIC__
__AUTOMETRIC__|0.1.2|2163934|crew_log_27a0da8f4fdb5f06|0|1786756437.496|98.880|0.515|25942728704|36814241792|sim_data_b8000ed69b204c49|__AUTOMETRIC__
__AUTOMETRIC__|0.1.2|2163934|crew_log_27a0da8f4fdb5f06|0|1786756438.497|814.908|4.244|25949020160|36820865024|sim_data_b8000ed69b204c49|__AUTOMETRIC__
__AUTOMETRIC__|0.1.2|2163934|crew_log_27a0da8f4fdb5f06|0|1786756439.499|1136.007|5.917|25949020160|36820865024|sim_data_b8000ed69b204c49|__AUTOMETRIC__
__AUTOMETRIC__|0.1.2|2163934|crew_log_27a0da8f4fdb5f06|0|1786756440.500|112.838|0.588|25949020160|36820865024|sim_data_b8000ed69b204c49|__AUTOMETRIC__
__AUTOMETRIC__|0.1.2|2163934|crew_log_27a0da8f4fdb5f06|0|1786756441.501|89.892|0.468|25949020160|36820865024|sim_data_b8000ed69b204c49|__AUTOMETRIC__
__AUTOMETRIC__|0.1.2|2163934|crew_log_27a0da8f4fdb5f06|0|1786756442.503|0.000|0.000|25949020160|36820865024|sim_data_b8000ed69b204c49|__AUTOMETRIC__
__AUTOMETRIC__|0.1.2|2163934|crew_log_27a0da8f4fdb5f06|0|1786756443.505|0.998|0.005|25949020160|36820865024|sim_data_b8000ed69b204c49|__AUTOMETRIC__
__AUTOMETRIC__|0.1.2|2163934|crew_log_27a0da8f4fdb5f06|0|1786756444.506|14.978|0.078|25949020160|36820865024|sim_data_b8000ed69b204c49|__AUTOMETRIC__
__AUTOMETRIC__|0.1.2|2163934|crew_log_27a0da8f4fdb5f06|0|1786756445.508|0.998|0.005|25949020160|36820865024|sim_data_b8000ed69b204c49|__AUTOMETRIC__
__AUTOMETRIC__|0.1.2|2163934|crew_log_27a0da8f4fdb5f06|0|1786756446.509|15.971|0.083|25949020160|36820865024|sim_data_b8000ed69b204c49|__AUTOMETRIC__
__AUTOMETRIC__|0.1.2|2163934|crew_log_27a0da8f4fdb5f06|0|1786756447.511|0.000|0.000|25949020160|36820865024|sim_data_b8000ed69b204c49|__AUTOMETRIC__
__AUTOMETRIC__|0.1.2|2163934|crew_log_27a0da8f4fdb5f06|0|1786756448.512|15.981|0.083|25949020160|36820865024|sim_data_b8000ed69b204c49|__AUTOMETRIC__
__AUTOMETRIC__|0.1.2|2163934|crew_log_27a0da8f4fdb5f06|0|1786756449.515|0.998|0.005|25949020160|36820865024|sim_data_b8000ed69b204c49|__AUTOMETRIC__
__AUTOMETRIC__|0.1.2|2163934|crew_log_27a0da8f4fdb5f06|0|1786756450.516|25.964|0.135|25949020160|36820865024|sim_data_b8000ed69b204c49|__AUTOMETRIC__
__AUTOMETRIC__|0.1.2|2163934|crew_log_27a0da8f4fdb5f06|0|1786756451.517|88.887|0.463|25950593024|36820865024|sim_data_b8000ed69b204c49|__AUTOMETRIC__
__AUTOMETRIC__|0.1.2|2163934|crew_log_27a0da8f4fdb5f06|0|1786756452.519|98.870|0.515|25950593024|36820865024|sim_data_b8000ed69b204c49|__AUTOMETRIC__
__AUTOMETRIC__|0.1.2|2163934|crew_log_27a0da8f4fdb5f06|0|1786756453.520|957.585|4.987|25966321664|36836159488|sim_data_b8000ed69b204c49|__AUTOMETRIC__
__AUTOMETRIC__|0.1.2|2163934|crew_log_27a0da8f4fdb5f06|0|1786756454.522|447.266|2.330|25966321664|36836159488|sim_data_b8000ed69b204c49|__AUTOMETRIC__
__AUTOMETRIC__|0.1.2|2163934|crew_log_27a0da8f4fdb5f06|0|1786756455.523|134.809|0.702|25966321664|36836159488|sim_data_b8000ed69b204c49|__AUTOMETRIC__
__AUTOMETRIC__|0.1.2|2163934|crew_log_27a0da8f4fdb5f06|0|1786756456.525|30.940|0.161|25966321664|36836159488|sim_data_b8000ed69b204c49|__AUTOMETRIC__
__AUTOMETRIC__|0.1.2|2163934|crew_log_27a0da8f4fdb5f06|0|1786756457.527|0.998|0.005|25966321664|36836159488|sim_data_b8000ed69b204c49|__AUTOMETRIC__
__AUTOMETRIC__|0.1.2|2163934|crew_log_27a0da8f4fdb5f06|0|1786756458.528|14.981|0.078|25966321664|36836159488|sim_data_b8000ed69b204c49|__AUTOMETRIC__
__AUTOMETRIC__|0.1.2|2163934|crew_log_27a0da8f4fdb5f06|0|1786756459.530|0.998|0.005|25966321664|36836159488|sim_data_b8000ed69b204c49|__AUTOMETRIC__
__AUTOMETRIC__|0.1.2|2163934|crew_log_27a0da8f4fdb5f06|0|1786756460.531|13.978|0.073|25966321664|36836159488|sim_data_b8000ed69b204c49|__AUTOMETRIC__
__AUTOMETRIC__|0.1.2|2163934|crew_log_27a0da8f4fdb5f06|0|1786756461.533|0.000|0.000|25966321664|36836159488|sim_data_b8000ed69b204c49|__AUTOMETRIC__
__AUTOMETRIC__|0.1.2|2163934|crew_log_27a0da8f4fdb5f06|0|1786756462.534|14.981|0.078|25966321664|36836159488|sim_data_b8000ed69b204c49|__AUTOMETRIC__
__AUTOMETRIC__|0.1.2|2163934|crew_log_27a0da8f4fdb5f06|0|1786756463.535|0.999|0.005|25966321664|36836159488|sim_data_b8000ed69b204c49|__AUTOMETRIC__
__AUTOMETRIC__|0.1.2|2163934|crew_log_27a0da8f4fdb5f06|0|1786756464.537|2.996|0.016|25966321664|36836159488|sim_data_b8000ed69b204c49|__AUTOMETRIC__
__AUTOMETRIC__|0.1.2|2163934|crew_log_27a0da8f4fdb5f06|0|1786756465.538|45.943|0.239|25966321664|36836159488|sim_data_b8000ed69b204c49|__AUTOMETRIC__
__AUTOMETRIC__|0.1.2|2163934|crew_log_27a0da8f4fdb5f06|0|1786756466.539|95.850|0.499|25966321664|36836159488|sim_data_b8000ed69b204c49|__AUTOMETRIC__
__AUTOMETRIC__|0.1.2|2163934|crew_log_27a0da8f4fdb5f06|0|1786756467.541|168.793|0.879|25966321664|36836159488|sim_data_b8000ed69b204c49|__AUTOMETRIC__
__AUTOMETRIC__|0.1.2|2163934|crew_log_27a0da8f4fdb5f06|0|1786756468.542|1269.238|6.611|25974185984|36844326912|sim_data_b8000ed69b204c49|__AUTOMETRIC__
__AUTOMETRIC__|0.1.2|2163934|crew_log_27a0da8f4fdb5f06|0|1786756469.544|151.721|0.790|25974185984|36844326912|sim_data_b8000ed69b204c49|__AUTOMETRIC__
__AUTOMETRIC__|0.1.2|2163934|crew_log_27a0da8f4fdb5f06|0|1786756470.624|126.803|0.660|25974185984|36844326912|sim_data_b8000ed69b204c49|__AUTOMETRIC__
__AUTOMETRIC__|0.1.2|2163934|crew_log_27a0da8f4fdb5f06|0|1786756471.626|0.998|0.005|25974185984|36844326912|sim_data_b8000ed69b204c49|__AUTOMETRIC__
__AUTOMETRIC__|0.1.2|2163934|crew_log_27a0da8f4fdb5f06|0|1786756472.627|1.997|0.010|25974185984|36844326912|sim_data_b8000ed69b204c49|__AUTOMETRIC__
__AUTOMETRIC__|0.1.2|2163934|crew_log_27a0da8f4fdb5f06|0|1786756473.629|13.982|0.073|25974185984|36844326912|sim_data_b8000ed69b204c49|__AUTOMETRIC__
__AUTOMETRIC__|0.1.2|2163934|crew_log_27a0da8f4fdb5f06|0|1786756474.631|0.000|0.000|25974185984|36844326912|sim_data_b8000ed69b204c49|__AUTOMETRIC__
__AUTOMETRIC__|0.1.2|2163934|crew_log_27a0da8f4fdb5f06|0|1786756475.632|14.972|0.078|25974185984|36844326912|sim_data_b8000ed69b204c49|__AUTOMETRIC__
__AUTOMETRIC__|0.1.2|2163934|crew_log_27a0da8f4fdb5f06|0|1786756476.634|0.998|0.005|25974185984|36844326912|sim_data_b8000ed69b204c49|__AUTOMETRIC__
__AUTOMETRIC__|0.1.2|2163934|crew_log_27a0da8f4fdb5f06|0|1786756477.636|14.979|0.078|25974185984|36844326912|sim_data_b8000ed69b204c49|__AUTOMETRIC__
__AUTOMETRIC__|0.1.2|2163934|crew_log_27a0da8f4fdb5f06|0|1786756478.637|0.999|0.005|25974185984|36844326912|sim_data_b8000ed69b204c49|__AUTOMETRIC__
__AUTOMETRIC__|0.1.2|2163934|crew_log_27a0da8f4fdb5f06|0|1786756479.639|1.996|0.010|25974185984|36844326912|sim_data_b8000ed69b204c49|__AUTOMETRIC__
__AUTOMETRIC__|0.1.2|2163934|crew_log_27a0da8f4fdb5f06|0|1786756480.640|58.921|0.307|25975758848|36844326912|sim_data_b8000ed69b204c49|__AUTOMETRIC__
__AUTOMETRIC__|0.1.2|2163934|crew_log_27a0da8f4fdb5f06|0|1786756481.642|98.858|0.515|25975758848|36844326912|sim_data_b8000ed69b204c49|__AUTOMETRIC__
__AUTOMETRIC__|0.1.2|2163934|crew_log_27a0da8f4fdb5f06|0|1786756482.643|349.546|1.821|25975758848|36844326912|sim_data_b8000ed69b204c49|__AUTOMETRIC__
__AUTOMETRIC__|0.1.2|2163934|crew_log_27a0da8f4fdb5f06|0|1786756483.644|874.889|4.557|25975758848|36844326912|sim_data_b8000ed69b204c49|__AUTOMETRIC__
__AUTOMETRIC__|0.1.2|2163934|crew_log_27a0da8f4fdb5f06|0|1786756484.646|134.835|0.702|25975758848|36844326912|sim_data_b8000ed69b204c49|__AUTOMETRIC__
__AUTOMETRIC__|0.1.2|2163934|crew_log_27a0da8f4fdb5f06|0|1786756485.647|71.917|0.375|25977331712|36844871680|sim_data_b8000ed69b204c49|__AUTOMETRIC__
__AUTOMETRIC__|0.1.2|2163934|crew_log_27a0da8f4fdb5f06|0|1786756486.648|0.999|0.005|25977331712|36844871680|sim_data_b8000ed69b204c49|__AUTOMETRIC__
__AUTOMETRIC__|0.1.2|2163934|crew_log_27a0da8f4fdb5f06|0|1786756487.650|13.982|0.073|25977331712|36844871680|sim_data_b8000ed69b204c49|__AUTOMETRIC__
__AUTOMETRIC__|0.1.2|2163934|crew_log_27a0da8f4fdb5f06|0|1786756488.651|0.999|0.005|25977331712|36844871680|sim_data_b8000ed69b204c49|__AUTOMETRIC__
__AUTOMETRIC__|0.1.2|2163934|crew_log_27a0da8f4fdb5f06|0|1786756489.653|0.000|0.000|25977331712|36844871680|sim_data_b8000ed69b204c49|__AUTOMETRIC__
__AUTOMETRIC__|0.1.2|2163934|crew_log_27a0da8f4fdb5f06|0|1786756490.654|13.977|0.073|25977331712|36844871680|sim_data_b8000ed69b204c49|__AUTOMETRIC__
__AUTOMETRIC__|0.1.2|2163934|crew_log_27a0da8f4fdb5f06|0|1786756491.656|0.999|0.005|25977331712|36844871680|sim_data_b8000ed69b204c49|__AUTOMETRIC__
__AUTOMETRIC__|0.1.2|2163934|crew_log_27a0da8f4fdb5f06|0|1786756492.657|14.978|0.078|25977331712|36844871680|sim_data_b8000ed69b204c49|__AUTOMETRIC__
__AUTOMETRIC__|0.1.2|2163934|crew_log_27a0da8f4fdb5f06|0|1786756493.658|1.997|0.010|25977331712|36844871680|sim_data_b8000ed69b204c49|__AUTOMETRIC__
__AUTOMETRIC__|0.1.2|2163934|crew_log_27a0da8f4fdb5f06|0|1786756494.660|12.982|0.068|25977331712|36844871680|sim_data_b8000ed69b204c49|__AUTOMETRIC__
__AUTOMETRIC__|0.1.2|2163934|crew_log_27a0da8f4fdb5f06|0|1786756495.661|73.896|0.385|25980325888|36844871680|sim_data_b8000ed69b204c49|__AUTOMETRIC__
__AUTOMETRIC__|0.1.2|2163934|crew_log_27a0da8f4fdb5f06|0|1786756496.663|97.850|0.510|25980325888|36844871680|sim_data_b8000ed69b204c49|__AUTOMETRIC__
__AUTOMETRIC__|0.1.2|2163934|crew_log_27a0da8f4fdb5f06|0|1786756497.664|616.089|3.209|25980325888|36844871680|sim_data_b8000ed69b204c49|__AUTOMETRIC__
__AUTOMETRIC__|0.1.2|2163934|crew_log_27a0da8f4fdb5f06|0|1786756498.665|612.237|3.189|25980325888|36844871680|sim_data_b8000ed69b204c49|__AUTOMETRIC__
__AUTOMETRIC__|0.1.2|2163934|crew_log_27a0da8f4fdb5f06|0|1786756499.667|135.744|0.707|25980325888|36844871680|sim_data_b8000ed69b204c49|__AUTOMETRIC__
__AUTOMETRIC__|0.1.2|2163934|crew_log_27a0da8f4fdb5f06|0|1786756500.669|43.933|0.229|25980325888|36844871680|sim_data_b8000ed69b204c49|__AUTOMETRIC__
__AUTOMETRIC__|0.1.2|2163934|crew_log_27a0da8f4fdb5f06|0|1786756501.670|1.997|0.010|25980325888|36844871680|sim_data_b8000ed69b204c49|__AUTOMETRIC__
__AUTOMETRIC__|0.1.2|2163934|crew_log_27a0da8f4fdb5f06|0|1786756502.672|13.981|0.073|25980325888|36844871680|sim_data_b8000ed69b204c49|__AUTOMETRIC__
__AUTOMETRIC__|0.1.2|2163934|crew_log_27a0da8f4fdb5f06|0|1786756503.673|0.999|0.005|25980325888|36844871680|sim_data_b8000ed69b204c49|__AUTOMETRIC__
__AUTOMETRIC__|0.1.2|2163934|crew_log_27a0da8f4fdb5f06|0|1786756504.675|15.977|0.083|25980325888|36844871680|sim_data_b8000ed69b204c49|__AUTOMETRIC__
__AUTOMETRIC__|0.1.2|2163934|crew_log_27a0da8f4fdb5f06|0|1786756505.676|0.000|0.000|25980325888|36844871680|sim_data_b8000ed69b204c49|__AUTOMETRIC__
__AUTOMETRIC__|0.1.2|2163934|crew_log_27a0da8f4fdb5f06|0|1786756506.678|14.972|0.078|25980325888|36844871680|sim_data_b8000ed69b204c49|__AUTOMETRIC__
__AUTOMETRIC__|0.1.2|2163934|crew_log_27a0da8f4fdb5f06|0|1786756507.679|0.999|0.005|25980325888|36844871680|sim_data_b8000ed69b204c49|__AUTOMETRIC__
__AUTOMETRIC__|0.1.2|2163934|crew_log_27a0da8f4fdb5f06|0|1786756508.680|26.963|0.140|25980325888|36844871680|sim_data_b8000ed69b204c49|__AUTOMETRIC__
__AUTOMETRIC__|0.1.2|2163934|crew_log_27a0da8f4fdb5f06|0|1786756509.682|86.841|0.452|26049740800|36914393088|sim_data_b8000ed69b204c49|__AUTOMETRIC__
__AUTOMETRIC__|0.1.2|2163934|crew_log_27a0da8f4fdb5f06|0|1786756510.684|98.860|0.515|26049740800|36914393088|sim_data_b8000ed69b204c49|__AUTOMETRIC__
__AUTOMETRIC__|0.1.2|2163934|crew_log_27a0da8f4fdb5f06|0|1786756511.685|776.991|4.047|26049740800|36914393088|sim_data_b8000ed69b204c49|__AUTOMETRIC__
__AUTOMETRIC__|0.1.2|2163934|crew_log_27a0da8f4fdb5f06|0|1786756512.687|441.238|2.298|26049740800|36914393088|sim_data_b8000ed69b204c49|__AUTOMETRIC__
__AUTOMETRIC__|0.1.2|2163934|crew_log_27a0da8f4fdb5f06|0|1786756513.688|133.831|0.697|26049740800|36914393088|sim_data_b8000ed69b204c49|__AUTOMETRIC__
__AUTOMETRIC__|0.1.2|2163934|crew_log_27a0da8f4fdb5f06|0|1786756514.689|26.963|0.140|26049740800|36914393088|sim_data_b8000ed69b204c49|__AUTOMETRIC__
__AUTOMETRIC__|0.1.2|2163934|crew_log_27a0da8f4fdb5f06|0|1786756515.691|0.999|0.005|26049740800|36914393088|sim_data_b8000ed69b204c49|__AUTOMETRIC__
__AUTOMETRIC__|0.1.2|2163934|crew_log_27a0da8f4fdb5f06|0|1786756516.693|15.972|0.083|26049740800|36914393088|sim_data_b8000ed69b204c49|__AUTOMETRIC__
__AUTOMETRIC__|0.1.2|2163934|crew_log_27a0da8f4fdb5f06|0|1786756517.694|0.000|0.000|26049740800|36914393088|sim_data_b8000ed69b204c49|__AUTOMETRIC__
__AUTOMETRIC__|0.1.2|2163934|crew_log_27a0da8f4fdb5f06|0|1786756518.695|15.977|0.083|26049740800|36914393088|sim_data_b8000ed69b204c49|__AUTOMETRIC__
__AUTOMETRIC__|0.1.2|2163934|crew_log_27a0da8f4fdb5f06|0|1786756519.698|0.000|0.000|26049740800|36914393088|sim_data_b8000ed69b204c49|__AUTOMETRIC__
__AUTOMETRIC__|0.1.2|2163934|crew_log_27a0da8f4fdb5f06|0|1786756520.734|14.478|0.075|26049740800|36914393088|sim_data_b8000ed69b204c49|__AUTOMETRIC__
__AUTOMETRIC__|0.1.2|2163934|crew_log_27a0da8f4fdb5f06|0|1786756521.735|0.998|0.005|26049740800|36914393088|sim_data_b8000ed69b204c49|__AUTOMETRIC__
__AUTOMETRIC__|0.1.2|2163934|crew_log_27a0da8f4fdb5f06|0|1786756522.737|0.998|0.005|26049740800|36914393088|sim_data_b8000ed69b204c49|__AUTOMETRIC__
__AUTOMETRIC__|0.1.2|2163934|crew_log_27a0da8f4fdb5f06|0|1786756523.738|64.899|0.338|26049740800|36914393088|sim_data_b8000ed69b204c49|__AUTOMETRIC__
__AUTOMETRIC__|0.1.2|2163934|crew_log_27a0da8f4fdb5f06|0|1786756524.740|98.853|0.515|26049740800|36914393088|sim_data_b8000ed69b204c49|__AUTOMETRIC__
__AUTOMETRIC__|0.1.2|2163934|crew_log_27a0da8f4fdb5f06|0|1786756525.741|204.692|1.066|26049740800|36914393088|sim_data_b8000ed69b204c49|__AUTOMETRIC__
__AUTOMETRIC__|0.1.2|2163934|crew_log_27a0da8f4fdb5f06|0|1786756526.743|974.374|5.075|26049740800|36914393088|sim_data_b8000ed69b204c49|__AUTOMETRIC__
__AUTOMETRIC__|0.1.2|2163934|crew_log_27a0da8f4fdb5f06|0|1786756527.744|134.803|0.702|26049740800|36914393088|sim_data_b8000ed69b204c49|__AUTOMETRIC__
__AUTOMETRIC__|0.1.2|2163934|crew_log_27a0da8f4fdb5f06|0|1786756528.746|74.901|0.390|26049740800|36914393088|sim_data_b8000ed69b204c49|__AUTOMETRIC__
__AUTOMETRIC__|0.1.2|2163934|crew_log_27a0da8f4fdb5f06|0|1786756529.748|0.998|0.005|26049740800|36914393088|sim_data_b8000ed69b204c49|__AUTOMETRIC__
__AUTOMETRIC__|0.1.2|2163934|crew_log_27a0da8f4fdb5f06|0|1786756530.770|13.702|0.071|26049740800|36914393088|sim_data_b8000ed69b204c49|__AUTOMETRIC__
__AUTOMETRIC__|0.1.2|2163934|crew_log_27a0da8f4fdb5f06|0|1786756531.771|0.000|0.000|26049740800|36914393088|sim_data_b8000ed69b204c49|__AUTOMETRIC__
__AUTOMETRIC__|0.1.2|2163934|crew_log_27a0da8f4fdb5f06|0|1786756532.773|0.999|0.005|26049740800|36914393088|sim_data_b8000ed69b204c49|__AUTOMETRIC__
__AUTOMETRIC__|0.1.2|2163934|crew_log_27a0da8f4fdb5f06|0|1786756533.774|13.982|0.073|26049740800|36914393088|sim_data_b8000ed69b204c49|__AUTOMETRIC__
__AUTOMETRIC__|0.1.2|2163934|crew_log_27a0da8f4fdb5f06|0|1786756534.775|0.000|0.000|26049740800|36914393088|sim_data_b8000ed69b204c49|__AUTOMETRIC__
__AUTOMETRIC__|0.1.2|2163934|crew_log_27a0da8f4fdb5f06|0|1786756535.777|14.978|0.078|26049740800|36914393088|sim_data_b8000ed69b204c49|__AUTOMETRIC__
__AUTOMETRIC__|0.1.2|2163934|crew_log_27a0da8f4fdb5f06|0|1786756536.780|0.997|0.005|26049740800|36914393088|sim_data_b8000ed69b204c49|__AUTOMETRIC__
__AUTOMETRIC__|0.1.2|2163934|crew_log_27a0da8f4fdb5f06|0|1786756537.781|23.962|0.125|26049740800|36914393088|sim_data_b8000ed69b204c49|__AUTOMETRIC__
__AUTOMETRIC__|0.1.2|2163934|crew_log_27a0da8f4fdb5f06|0|1786756538.782|49.937|0.260|26049740800|36914393088|sim_data_b8000ed69b204c49|__AUTOMETRIC__
__AUTOMETRIC__|0.1.2|2163934|crew_log_27a0da8f4fdb5f06|0|1786756539.784|97.814|0.509|26049740800|36914393088|sim_data_b8000ed69b204c49|__AUTOMETRIC__
__AUTOMETRIC__|0.1.2|2163934|crew_log_27a0da8f4fdb5f06|0|1786756540.786|326.574|1.701|26049740800|36914393088|sim_data_b8000ed69b204c49|__AUTOMETRIC__
__AUTOMETRIC__|0.1.2|2163934|crew_log_27a0da8f4fdb5f06|0|1786756541.787|942.882|4.911|26049740800|36914393088|sim_data_b8000ed69b204c49|__AUTOMETRIC__
__AUTOMETRIC__|0.1.2|2163934|crew_log_27a0da8f4fdb5f06|0|1786756542.788|135.815|0.707|26049740800|36914393088|sim_data_b8000ed69b204c49|__AUTOMETRIC__
__AUTOMETRIC__|0.1.2|2163934|crew_log_27a0da8f4fdb5f06|0|1786756543.790|72.891|0.380|26049740800|36914393088|sim_data_b8000ed69b204c49|__AUTOMETRIC__
__AUTOMETRIC__|0.1.2|2163934|crew_log_27a0da8f4fdb5f06|0|1786756544.792|0.998|0.005|26049740800|36914393088|sim_data_b8000ed69b204c49|__AUTOMETRIC__
__AUTOMETRIC__|0.1.2|2163934|crew_log_27a0da8f4fdb5f06|0|1786756545.891|14.552|0.076|26049740800|36914393088|sim_data_b8000ed69b204c49|__AUTOMETRIC__
__AUTOMETRIC__|0.1.2|2163934|crew_log_27a0da8f4fdb5f06|0|1786756546.893|0.000|0.000|26049740800|36914393088|sim_data_b8000ed69b204c49|__AUTOMETRIC__
__AUTOMETRIC__|0.1.2|2163934|crew_log_27a0da8f4fdb5f06|0|1786756547.894|0.999|0.005|26049740800|36914393088|sim_data_b8000ed69b204c49|__AUTOMETRIC__
__AUTOMETRIC__|0.1.2|2163934|crew_log_27a0da8f4fdb5f06|0|1786756548.896|15.980|0.083|26049740800|36914393088|sim_data_b8000ed69b204c49|__AUTOMETRIC__
__AUTOMETRIC__|0.1.2|2163934|crew_log_27a0da8f4fdb5f06|0|1786756549.898|0.000|0.000|26049740800|36914393088|sim_data_b8000ed69b204c49|__AUTOMETRIC__
__AUTOMETRIC__|0.1.2|2163934|crew_log_27a0da8f4fdb5f06|0|1786756550.899|14.980|0.078|26049740800|36914393088|sim_data_b8000ed69b204c49|__AUTOMETRIC__
__AUTOMETRIC__|0.1.2|2163934|crew_log_27a0da8f4fdb5f06|0|1786756551.900|0.999|0.005|26049740800|36914393088|sim_data_b8000ed69b204c49|__AUTOMETRIC__
__AUTOMETRIC__|0.1.2|2163934|crew_log_27a0da8f4fdb5f06|0|1786756552.902|8.987|0.047|26049740800|36914393088|sim_data_b8000ed69b204c49|__AUTOMETRIC__
__AUTOMETRIC__|0.1.2|2163934|crew_log_27a0da8f4fdb5f06|0|1786756553.903|44.929|0.234|26049740800|36914393088|sim_data_b8000ed69b204c49|__AUTOMETRIC__
__AUTOMETRIC__|0.1.2|2163934|crew_log_27a0da8f4fdb5f06|0|1786756554.905|98.842|0.515|26049740800|36914393088|sim_data_b8000ed69b204c49|__AUTOMETRIC__
__AUTOMETRIC__|0.1.2|2163934|crew_log_27a0da8f4fdb5f06|0|1786756555.907|98.844|0.515|26049740800|36914393088|sim_data_b8000ed69b204c49|__AUTOMETRIC__
__AUTOMETRIC__|0.1.2|2163934|crew_log_27a0da8f4fdb5f06|0|1786756556.908|1182.925|6.161|26049740800|36914393088|sim_data_b8000ed69b204c49|__AUTOMETRIC__
__AUTOMETRIC__|0.1.2|2163934|crew_log_27a0da8f4fdb5f06|0|1786756557.910|134.813|0.702|26049740800|36914393088|sim_data_b8000ed69b204c49|__AUTOMETRIC__
__AUTOMETRIC__|0.1.2|2163934|crew_log_27a0da8f4fdb5f06|0|1786756558.911|92.882|0.484|26049740800|36914393088|sim_data_b8000ed69b204c49|__AUTOMETRIC__
__AUTOMETRIC__|0.1.2|2163934|crew_log_27a0da8f4fdb5f06|0|1786756559.913|0.000|0.000|26049740800|36914393088|sim_data_b8000ed69b204c49|__AUTOMETRIC__
__AUTOMETRIC__|0.1.2|2163934|crew_log_27a0da8f4fdb5f06|0|1786756560.914|0.999|0.005|26049740800|36914393088|sim_data_b8000ed69b204c49|__AUTOMETRIC__
__AUTOMETRIC__|0.1.2|2163934|crew_log_27a0da8f4fdb5f06|0|1786756561.916|0.000|0.000|26049740800|36914393088|sim_data_b8000ed69b204c49|__AUTOMETRIC__
__AUTOMETRIC__|0.1.2|2163934|crew_log_27a0da8f4fdb5f06|0|1786756562.917|0.000|0.000|26049740800|36914393088|sim_data_b8000ed69b204c49|__AUTOMETRIC__
__AUTOMETRIC__|0.1.2|2163934|crew_log_27a0da8f4fdb5f06|0|1786756563.919|15.972|0.083|26049740800|36914393088|sim_data_b8000ed69b204c49|__AUTOMETRIC__
__AUTOMETRIC__|0.1.2|2163934|crew_log_27a0da8f4fdb5f06|0|1786756564.920|0.000|0.000|26049740800|36914393088|sim_data_b8000ed69b204c49|__AUTOMETRIC__
__AUTOMETRIC__|0.1.2|2163934|crew_log_27a0da8f4fdb5f06|0|1786756565.922|15.980|0.083|26049740800|36914393088|sim_data_b8000ed69b204c49|__AUTOMETRIC__
__AUTOMETRIC__|0.1.2|2163934|crew_log_27a0da8f4fdb5f06|0|1786756566.923|0.998|0.005|26049740800|36914393088|sim_data_b8000ed69b204c49|__AUTOMETRIC__
__AUTOMETRIC__|0.1.2|2163934|crew_log_27a0da8f4fdb5f06|0|1786756568.079|12.982|0.068|26049740800|36914393088|sim_data_b8000ed69b204c49|__AUTOMETRIC__
__AUTOMETRIC__|0.1.2|2163934|crew_log_27a0da8f4fdb5f06|0|1786756569.080|0.998|0.005|26049740800|36914393088|sim_data_b8000ed69b204c49|__AUTOMETRIC__
__AUTOMETRIC__|0.1.2|2163934|crew_log_27a0da8f4fdb5f06|0|1786756570.083|0.000|0.000|26049740800|36914393088|sim_data_b8000ed69b204c49|__AUTOMETRIC__
__AUTOMETRIC__|0.1.2|2163934|crew_log_27a0da8f4fdb5f06|0|1786756571.084|32.948|0.172|26049740800|36914393088|sim_data_b8000ed69b204c49|__AUTOMETRIC__
__AUTOMETRIC__|0.1.2|2163934|crew_log_27a0da8f4fdb5f06|0|1786756572.086|89.833|0.468|26051313664|36914393088|sim_data_b8000ed69b204c49|__AUTOMETRIC__
__AUTOMETRIC__|0.1.2|2163934|crew_log_27a0da8f4fdb5f06|0|1786756573.087|98.867|0.515|26051313664|36914393088|sim_data_b8000ed69b204c49|__AUTOMETRIC__
__AUTOMETRIC__|0.1.2|2163934|crew_log_27a0da8f4fdb5f06|0|1786756574.089|1120.408|5.835|26051313664|36914393088|sim_data_b8000ed69b204c49|__AUTOMETRIC__
__AUTOMETRIC__|0.1.2|2163934|crew_log_27a0da8f4fdb5f06|0|1786756575.090|453.259|2.361|26051313664|36914393088|sim_data_b8000ed69b204c49|__AUTOMETRIC__
__AUTOMETRIC__|0.1.2|2163934|crew_log_27a0da8f4fdb5f06|0|1786756576.092|133.804|0.697|26051313664|36914393088|sim_data_b8000ed69b204c49|__AUTOMETRIC__
__AUTOMETRIC__|0.1.2|2163934|crew_log_27a0da8f4fdb5f06|0|1786756577.094|29.953|0.156|26051313664|36914393088|sim_data_b8000ed69b204c49|__AUTOMETRIC__
__AUTOMETRIC__|0.1.2|2163934|crew_log_27a0da8f4fdb5f06|0|1786756578.095|0.999|0.005|26051313664|36914393088|sim_data_b8000ed69b204c49|__AUTOMETRIC__
__AUTOMETRIC__|0.1.2|2163934|crew_log_27a0da8f4fdb5f06|0|1786756579.096|15.977|0.083|26051313664|36914393088|sim_data_b8000ed69b204c49|__AUTOMETRIC__
__AUTOMETRIC__|0.1.2|2163934|crew_log_27a0da8f4fdb5f06|0|1786756580.098|0.998|0.005|26051313664|36914393088|sim_data_b8000ed69b204c49|__AUTOMETRIC__
__AUTOMETRIC__|0.1.2|2163934|crew_log_27a0da8f4fdb5f06|0|1786756581.100|13.980|0.073|26051313664|36914393088|sim_data_b8000ed69b204c49|__AUTOMETRIC__
__AUTOMETRIC__|0.1.2|2163934|crew_log_27a0da8f4fdb5f06|0|1786756582.101|0.999|0.005|26051313664|36914393088|sim_data_b8000ed69b204c49|__AUTOMETRIC__
__AUTOMETRIC__|0.1.2|2163934|crew_log_27a0da8f4fdb5f06|0|1786756583.102|14.978|0.078|26051313664|36914393088|sim_data_b8000ed69b204c49|__AUTOMETRIC__
__AUTOMETRIC__|0.1.2|2163934|crew_log_27a0da8f4fdb5f06|0|1786756584.104|0.999|0.005|26051313664|36914393088|sim_data_b8000ed69b204c49|__AUTOMETRIC__
__AUTOMETRIC__|0.1.2|2163934|crew_log_27a0da8f4fdb5f06|0|1786756585.105|34.952|0.182|26051313664|36916146176|sim_data_b8000ed69b204c49|__AUTOMETRIC__
__AUTOMETRIC__|0.1.2|2163934|crew_log_27a0da8f4fdb5f06|0|1786756586.107|90.869|0.473|26051313664|36914393088|sim_data_b8000ed69b204c49|__AUTOMETRIC__
__AUTOMETRIC__|0.1.2|2163934|crew_log_27a0da8f4fdb5f06|0|1786756587.108|98.839|0.515|26051313664|36914393088|sim_data_b8000ed69b204c49|__AUTOMETRIC__
__AUTOMETRIC__|0.1.2|2163934|crew_log_27a0da8f4fdb5f06|0|1786756588.110|1115.458|5.810|26051313664|36914393088|sim_data_b8000ed69b204c49|__AUTOMETRIC__
__AUTOMETRIC__|0.1.2|2163934|crew_log_27a0da8f4fdb5f06|0|1786756589.111|245.626|1.279|26051313664|36914393088|sim_data_b8000ed69b204c49|__AUTOMETRIC__
__AUTOMETRIC__|0.1.2|2163934|crew_log_27a0da8f4fdb5f06|0|1786756590.255|123.244|0.642|26051313664|36914393088|sim_data_b8000ed69b204c49|__AUTOMETRIC__
__AUTOMETRIC__|0.1.2|2163934|crew_log_27a0da8f4fdb5f06|0|1786756591.257|1.997|0.010|26051313664|36914393088|sim_data_b8000ed69b204c49|__AUTOMETRIC__
__AUTOMETRIC__|0.1.2|2163934|crew_log_27a0da8f4fdb5f06|0|1786756592.265|0.000|0.000|26051313664|36914393088|sim_data_b8000ed69b204c49|__AUTOMETRIC__
__AUTOMETRIC__|0.1.2|2163934|crew_log_27a0da8f4fdb5f06|0|1786756593.266|14.976|0.078|26051313664|36914393088|sim_data_b8000ed69b204c49|__AUTOMETRIC__
__AUTOMETRIC__|0.1.2|2163934|crew_log_27a0da8f4fdb5f06|0|1786756594.268|0.999|0.005|26051313664|36914393088|sim_data_b8000ed69b204c49|__AUTOMETRIC__
__AUTOMETRIC__|0.1.2|2163934|crew_log_27a0da8f4fdb5f06|0|1786756595.284|14.761|0.077|26051313664|36914393088|sim_data_b8000ed69b204c49|__AUTOMETRIC__
__AUTOMETRIC__|0.1.2|2163934|crew_log_27a0da8f4fdb5f06|0|1786756596.289|0.000|0.000|26051313664|36914393088|sim_data_b8000ed69b204c49|__AUTOMETRIC__
__AUTOMETRIC__|0.1.2|2163934|crew_log_27a0da8f4fdb5f06|0|1786756597.290|15.980|0.083|26051313664|36914393088|sim_data_b8000ed69b204c49|__AUTOMETRIC__
__AUTOMETRIC__|0.1.2|2163934|crew_log_27a0da8f4fdb5f06|0|1786756598.292|0.998|0.005|26051313664|36914393088|sim_data_b8000ed69b204c49|__AUTOMETRIC__
__AUTOMETRIC__|0.1.2|2163934|crew_log_27a0da8f4fdb5f06|0|1786756599.293|23.966|0.125|26051313664|36914393088|sim_data_b8000ed69b204c49|__AUTOMETRIC__
__AUTOMETRIC__|0.1.2|2163934|crew_log_27a0da8f4fdb5f06|0|1786756600.295|29.942|0.156|26051313664|36914393088|sim_data_b8000ed69b204c49|__AUTOMETRIC__
__AUTOMETRIC__|0.1.2|2163934|crew_log_27a0da8f4fdb5f06|0|1786756601.297|98.860|0.515|26051313664|36914393088|sim_data_b8000ed69b204c49|__AUTOMETRIC__
__AUTOMETRIC__|0.1.2|2163934|crew_log_27a0da8f4fdb5f06|0|1786756602.298|241.675|1.259|26051313664|36914393088|sim_data_b8000ed69b204c49|__AUTOMETRIC__
__AUTOMETRIC__|0.1.2|2163934|crew_log_27a0da8f4fdb5f06|0|1786756603.299|1174.468|6.117|26051313664|36914393088|sim_data_b8000ed69b204c49|__AUTOMETRIC__
__AUTOMETRIC__|0.1.2|2163934|crew_log_27a0da8f4fdb5f06|0|1786756604.301|134.827|0.702|26051313664|36914393088|sim_data_b8000ed69b204c49|__AUTOMETRIC__
__AUTOMETRIC__|0.1.2|2163934|crew_log_27a0da8f4fdb5f06|0|1786756605.302|91.876|0.479|26051313664|36914393088|sim_data_b8000ed69b204c49|__AUTOMETRIC__
__AUTOMETRIC__|0.1.2|2163934|crew_log_27a0da8f4fdb5f06|0|1786756606.303|0.999|0.005|26051313664|36914393088|sim_data_b8000ed69b204c49|__AUTOMETRIC__
__AUTOMETRIC__|0.1.2|2163934|crew_log_27a0da8f4fdb5f06|0|1786756607.305|0.000|0.000|26051313664|36914393088|sim_data_b8000ed69b204c49|__AUTOMETRIC__
__AUTOMETRIC__|0.1.2|2163934|crew_log_27a0da8f4fdb5f06|0|1786756608.306|14.977|0.078|26051313664|36914393088|sim_data_b8000ed69b204c49|__AUTOMETRIC__
__AUTOMETRIC__|0.1.2|2163934|crew_log_27a0da8f4fdb5f06|0|1786756609.308|0.999|0.005|26051313664|36914393088|sim_data_b8000ed69b204c49|__AUTOMETRIC__
__AUTOMETRIC__|0.1.2|2163934|crew_log_27a0da8f4fdb5f06|0|1786756610.310|15.967|0.083|26051313664|36914393088|sim_data_b8000ed69b204c49|__AUTOMETRIC__
__AUTOMETRIC__|0.1.2|2163934|crew_log_27a0da8f4fdb5f06|0|1786756611.311|0.999|0.005|26051313664|36914393088|sim_data_b8000ed69b204c49|__AUTOMETRIC__
__AUTOMETRIC__|0.1.2|2163934|crew_log_27a0da8f4fdb5f06|0|1786756612.312|15.978|0.083|26051313664|36914393088|sim_data_b8000ed69b204c49|__AUTOMETRIC__
__AUTOMETRIC__|0.1.2|2163934|crew_log_27a0da8f4fdb5f06|0|1786756613.314|0.998|0.005|26051313664|36914393088|sim_data_b8000ed69b204c49|__AUTOMETRIC__
__AUTOMETRIC__|0.1.2|2163934|crew_log_27a0da8f4fdb5f06|0|1786756614.315|25.966|0.135|26051313664|36914393088|sim_data_b8000ed69b204c49|__AUTOMETRIC__
__AUTOMETRIC__|0.1.2|2163934|crew_log_27a0da8f4fdb5f06|0|1786756615.317|83.882|0.437|26051313664|36914393088|sim_data_b8000ed69b204c49|__AUTOMETRIC__
__AUTOMETRIC__|0.1.2|2163934|crew_log_27a0da8f4fdb5f06|0|1786756616.318|98.875|0.515|26051313664|36914393088|sim_data_b8000ed69b204c49|__AUTOMETRIC__
__AUTOMETRIC__|0.1.2|2163934|crew_log_27a0da8f4fdb5f06|0|1786756617.319|869.781|4.530|26051313664|36914393088|sim_data_b8000ed69b204c49|__AUTOMETRIC__
__AUTOMETRIC__|0.1.2|2163934|crew_log_27a0da8f4fdb5f06|0|1786756618.321|640.093|3.334|26051313664|36914393088|sim_data_b8000ed69b204c49|__AUTOMETRIC__
