__AUTOMETRIC__|0.1.2|1765727|crew_log_04448a8292369edd|0|1786979231.158|78.988|0.411|208850944|1809006592|estimate_plt_files_f2e8c9cffa82765b|__AUTOMETRIC__
__AUTOMETRIC__|0.1.2|1765727|crew_log_04448a8292369edd|0|1786979232.159|94.835|0.494|366727168|1971101696|estimate_plt_files_f2e8c9cffa82765b|__AUTOMETRIC__
__AUTOMETRIC__|0.1.2|1765727|crew_log_04448a8292369edd|0|1786979233.161|97.877|0.510|390320128|2003275776|estimate_plt_files_f2e8c9cffa82765b|__AUTOMETRIC__
__AUTOMETRIC__|0.1.2|1765727|crew_log_04448a8292369edd|0|1786979234.162|98.864|0.515|437420032|2181382144|estimate_plt_files_f2e8c9cffa82765b|__AUTOMETRIC__
__AUTOMETRIC__|0.1.2|1765727|crew_log_04448a8292369edd|0|1786979235.164|99.853|0.520|563249152|2306596864|estimate_plt_files_f2e8c9cffa82765b|__AUTOMETRIC__
__AUTOMETRIC__|0.1.2|1765727|crew_log_04448a8292369edd|0|1786979236.165|97.884|0.510|577732608|2454978560|estimate_plt_files_55d01623bf57f487|__AUTOMETRIC__
__AUTOMETRIC__|0.1.2|1765727|crew_log_04448a8292369edd|0|1786979237.166|99.885|0.520|622108672|2500505600|estimate_plt_files_55d01623bf57f487|__AUTOMETRIC__
__AUTOMETRIC__|0.1.2|1765727|crew_log_04448a8292369edd|0|1786979238.167|99.883|0.520|622108672|2500505600|estimate_plt_files_55d01623bf57f487|__AUTOMETRIC__
__AUTOMETRIC__|0.1.2|1765727|crew_log_04448a8292369edd|0|1786979239.168|96.875|0.505|622108672|2634723328|estimate_plt_files_03e9a3a311e627bb|__AUTOMETRIC__
__AUTOMETRIC__|0.1.2|1765727|crew_log_04448a8292369edd|0|1786979240.170|98.873|0.515|622108672|2634723328|estimate_plt_files_03e9a3a311e627bb|__AUTOMETRIC__
__AUTOMETRIC__|0.1.2|1765727|crew_log_04448a8292369edd|0|1786979241.171|99.887|0.520|640983040|2654183424|estimate_plt_files_03e9a3a311e627bb|__AUTOMETRIC__
__AUTOMETRIC__|0.1.2|1765727|crew_log_04448a8292369edd|0|1786979242.172|98.875|0.515|644128768|2722836480|estimate_plt_files_46789970b4ec75c3|__AUTOMETRIC__
__AUTOMETRIC__|0.1.2|1765727|crew_log_04448a8292369edd|0|1786979243.173|99.875|0.520|644128768|2722836480|estimate_plt_files_46789970b4ec75c3|__AUTOMETRIC__
__AUTOMETRIC__|0.1.2|1765727|crew_log_04448a8292369edd|0|1786979244.174|98.888|0.515|644128768|2722836480|estimate_plt_files_46789970b4ec75c3|__AUTOMETRIC__
__AUTOMETRIC__|0.1.2|1765727|crew_log_04448a8292369edd|0|1786979245.176|97.870|0.510|645701632|2857054208|estimate_plt_files_7012b19a76a4c5bd|__AUTOMETRIC__
__AUTOMETRIC__|0.1.2|1765727|crew_log_04448a8292369edd|0|1786979246.177|98.885|0.515|645701632|2857054208|estimate_plt_files_7012b19a76a4c5bd|__AUTOMETRIC__
__AUTOMETRIC__|0.1.2|1765727|crew_log_04448a8292369edd|0|1786979247.179|99.821|0.520|645701632|2857054208|estimate_plt_files_7012b19a76a4c5bd|__AUTOMETRIC__
__AUTOMETRIC__|0.1.2|1765727|crew_log_04448a8292369edd|0|1786979248.180|77.897|0.406|645701632|2924163072|__DEFAULT__|__AUTOMETRIC__
__AUTOMETRIC__|0.1.2|1765727|crew_log_04448a8292369edd|0|1786979249.182|0.000|0.000|645701632|2924163072|__DEFAULT__|__AUTOMETRIC__
__AUTOMETRIC__|0.1.2|1765727|crew_log_04448a8292369edd|0|1786979250.183|0.000|0.000|645701632|2924163072|__DEFAULT__|__AUTOMETRIC__
__AUTOMETRIC__|0.1.2|1765727|crew_log_04448a8292369edd|0|1786979251.185|0.000|0.000|645701632|2924163072|__DEFAULT__|__AUTOMETRIC__
__AUTOMETRIC__|0.1.2|1765727|crew_log_04448a8292369edd|0|1786979252.186|0.000|0.000|645701632|2924163072|__DEFAULT__|__AUTOMETRIC__
__AUTOMETRIC__|0.1.2|1765727|crew_log_04448a8292369edd|0|1786979253.187|0.000|0.000|645701632|2924163072|__DEFAULT__|__AUTOMETRIC__
__AUTOMETRIC__|0.1.2|1765727|crew_log_04448a8292369edd|0|1786979254.189|0.000|0.000|645701632|2924163072|__DEFAULT__|__AUTOMETRIC__
__AUTOMETRIC__|0.1.2|1765727|crew_log_04448a8292369edd|0|1786979255.191|0.000|0.000|645701632|2924163072|__DEFAULT__|__AUTOMETRIC__
__AUTOMETRIC__|0.1.2|1765727|crew_log_04448a8292369edd|0|1786979256.192|0.000|0.000|645701632|2924163072|__DEFAULT__|__AUTOMETRIC__
__AUTOMETRIC__|0.1.2|1765727|crew_log_04448a8292369edd|0|1786979257.194|0.000|0.000|645701632|2924163072|__DEFAULT__|__AUTOMETRIC__
