__AUTOMETRIC__|0.1.2|2155831|crew_log_e525a01d7e2b9aef|0|1786749778.866|61.993|0.323|211779584|2893881344|sim_data_aaf7239b1c98d314|__AUTOMETRIC__
__AUTOMETRIC__|0.1.2|2155831|crew_log_e525a01d7e2b9aef|0|1786749779.867|0.000|0.000|211779584|2893881344|sim_data_aaf7239b1c98d314|__AUTOMETRIC__
__AUTOMETRIC__|0.1.2|2155831|crew_log_e525a01d7e2b9aef|0|1786749780.868|0.000|0.000|211779584|2893881344|sim_data_aaf7239b1c98d314|__AUTOMETRIC__
__AUTOMETRIC__|0.1.2|2155831|crew_log_e525a01d7e2b9aef|0|1786749781.870|0.000|0.000|211779584|2893881344|sim_data_aaf7239b1c98d314|__AUTOMETRIC__
__AUTOMETRIC__|0.1.2|2155831|crew_log_e525a01d7e2b9aef|0|1786749782.871|0.000|0.000|211779584|2893881344|sim_data_aaf7239b1c98d314|__AUTOMETRIC__
__AUTOMETRIC__|0.1.2|2155831|crew_log_e525a01d7e2b9aef|0|1786749783.873|0.000|0.000|211779584|2893881344|sim_data_aaf7239b1c98d314|__AUTOMETRIC__
__AUTOMETRIC__|0.1.2|2155831|crew_log_e525a01d7e2b9aef|0|1786749784.874|0.000|0.000|211779584|2893881344|sim_data_aaf7239b1c98d314|__AUTOMETRIC__
__AUTOMETRIC__|0.1.2|2155831|crew_log_e525a01d7e2b9aef|0|1786749785.875|0.000|0.000|211779584|2893881344|sim_data_aaf7239b1c98d314|__AUTOMETRIC__
__AUTOMETRIC__|0.1.2|2155831|crew_log_e525a01d7e2b9aef|0|1786749786.877|35.946|0.187|254025728|2935648256|sim_data_aaf7239b1c98d314|__AUTOMETRIC__
__AUTOMETRIC__|0.1.2|2155831|crew_log_e525a01d7e2b9aef|0|1786749787.878|93.873|0.489|397156352|3087065088|sim_data_aaf7239b1c98d314|__AUTOMETRIC__
__AUTOMETRIC__|0.1.2|2155831|crew_log_e525a01d7e2b9aef|0|1786749788.879|98.892|0.515|601628672|3291627520|sim_data_aaf7239b1c98d314|__AUTOMETRIC__
__AUTOMETRIC__|0.1.2|2155831|crew_log_e525a01d7e2b9aef|0|1786749789.881|99.881|0.520|829693952|3519565824|sim_data_aaf7239b1c98d314|__AUTOMETRIC__
__AUTOMETRIC__|0.1.2|2155831|crew_log_e525a01d7e2b9aef|0|1786749790.882|97.881|0.510|1060904960|3752046592|sim_data_aaf7239b1c98d314|__AUTOMETRIC__
__AUTOMETRIC__|0.1.2|2155831|crew_log_e525a01d7e2b9aef|0|1786749791.883|99.894|0.520|1169432576|3860574208|sim_data_aaf7239b1c98d314|__AUTOMETRIC__
__AUTOMETRIC__|0.1.2|2155831|crew_log_e525a01d7e2b9aef|0|1786749792.884|99.880|0.520|1436819456|4127326208|sim_data_aaf7239b1c98d314|__AUTOMETRIC__
__AUTOMETRIC__|0.1.2|2155831|crew_log_e525a01d7e2b9aef|0|1786749793.885|98.895|0.515|1759256576|4449837056|sim_data_aaf7239b1c98d314|__AUTOMETRIC__
__AUTOMETRIC__|0.1.2|2155831|crew_log_e525a01d7e2b9aef|0|1786749794.886|99.896|0.520|1881939968|4573032448|sim_data_aaf7239b1c98d314|__AUTOMETRIC__
__AUTOMETRIC__|0.1.2|2155831|crew_log_e525a01d7e2b9aef|0|1786749795.887|99.887|0.520|2146181120|4836614144|sim_data_aaf7239b1c98d314|__AUTOMETRIC__
__AUTOMETRIC__|0.1.2|2155831|crew_log_e525a01d7e2b9aef|0|1786749796.888|98.877|0.515|2389975040|5081243648|sim_data_aaf7239b1c98d314|__AUTOMETRIC__
__AUTOMETRIC__|0.1.2|2155831|crew_log_e525a01d7e2b9aef|0|1786749797.890|99.871|0.520|2610176000|5300797440|sim_data_aaf7239b1c98d314|__AUTOMETRIC__
__AUTOMETRIC__|0.1.2|2155831|crew_log_e525a01d7e2b9aef|0|1786749798.891|99.870|0.520|2682527744|5373771776|sim_data_aaf7239b1c98d314|__AUTOMETRIC__
__AUTOMETRIC__|0.1.2|2155831|crew_log_e525a01d7e2b9aef|0|1786749799.892|99.883|0.520|3166969856|5857910784|sim_data_aaf7239b1c98d314|__AUTOMETRIC__
__AUTOMETRIC__|0.1.2|2155831|crew_log_e525a01d7e2b9aef|0|1786749800.893|99.894|0.520|3166969856|5857910784|sim_data_aaf7239b1c98d314|__AUTOMETRIC__
__AUTOMETRIC__|0.1.2|2155831|crew_log_e525a01d7e2b9aef|0|1786749801.895|98.878|0.515|3490979840|6181179392|sim_data_aaf7239b1c98d314|__AUTOMETRIC__
__AUTOMETRIC__|0.1.2|2155831|crew_log_e525a01d7e2b9aef|0|1786749802.896|99.888|0.520|3835437056|6526517248|sim_data_aaf7239b1c98d314|__AUTOMETRIC__
__AUTOMETRIC__|0.1.2|2155831|crew_log_e525a01d7e2b9aef|0|1786749803.897|99.884|0.520|3835437056|6526517248|sim_data_aaf7239b1c98d314|__AUTOMETRIC__
__AUTOMETRIC__|0.1.2|2155831|crew_log_e525a01d7e2b9aef|0|1786749804.898|98.884|0.515|4030472192|6720974848|sim_data_aaf7239b1c98d314|__AUTOMETRIC__
__AUTOMETRIC__|0.1.2|2155831|crew_log_e525a01d7e2b9aef|0|1786749805.899|99.891|0.520|4637597696|7328624640|sim_data_aaf7239b1c98d314|__AUTOMETRIC__
__AUTOMETRIC__|0.1.2|2155831|crew_log_e525a01d7e2b9aef|0|1786749806.900|99.887|0.520|4637597696|7328624640|sim_data_aaf7239b1c98d314|__AUTOMETRIC__
__AUTOMETRIC__|0.1.2|2155831|crew_log_e525a01d7e2b9aef|0|1786749807.901|98.895|0.515|4637597696|7328624640|sim_data_aaf7239b1c98d314|__AUTOMETRIC__
__AUTOMETRIC__|0.1.2|2155831|crew_log_e525a01d7e2b9aef|0|1786749808.903|99.833|0.520|4944306176|7634259968|sim_data_aaf7239b1c98d314|__AUTOMETRIC__
__AUTOMETRIC__|0.1.2|2155831|crew_log_e525a01d7e2b9aef|0|1786749809.912|100.053|0.521|5600190464|8291299328|sim_data_aaf7239b1c98d314|__AUTOMETRIC__
__AUTOMETRIC__|0.1.2|2155831|crew_log_e525a01d7e2b9aef|0|1786749810.914|98.890|0.515|5600190464|8291299328|sim_data_aaf7239b1c98d314|__AUTOMETRIC__
__AUTOMETRIC__|0.1.2|2155831|crew_log_e525a01d7e2b9aef|0|1786749811.915|99.837|0.520|5600190464|8291299328|sim_data_aaf7239b1c98d314|__AUTOMETRIC__
__AUTOMETRIC__|0.1.2|2155831|crew_log_e525a01d7e2b9aef|0|1786749812.916|98.896|0.515|5705572352|8396890112|sim_data_aaf7239b1c98d314|__AUTOMETRIC__
__AUTOMETRIC__|0.1.2|2155831|crew_log_e525a01d7e2b9aef|0|1786749813.917|99.894|0.520|6402351104|9093160960|sim_data_aaf7239b1c98d314|__AUTOMETRIC__
__AUTOMETRIC__|0.1.2|2155831|crew_log_e525a01d7e2b9aef|0|1786749814.918|99.879|0.520|6756245504|9446490112|sim_data_aaf7239b1c98d314|__AUTOMETRIC__
__AUTOMETRIC__|0.1.2|2155831|crew_log_e525a01d7e2b9aef|0|1786749815.920|98.878|0.515|6756245504|9446490112|sim_data_aaf7239b1c98d314|__AUTOMETRIC__
__AUTOMETRIC__|0.1.2|2155831|crew_log_e525a01d7e2b9aef|0|1786749816.921|99.899|0.520|6756245504|9446490112|sim_data_aaf7239b1c98d314|__AUTOMETRIC__
__AUTOMETRIC__|0.1.2|2155831|crew_log_e525a01d7e2b9aef|0|1786749817.924|99.659|0.519|6756245504|9446490112|sim_data_aaf7239b1c98d314|__AUTOMETRIC__
__AUTOMETRIC__|0.1.2|2155831|crew_log_e525a01d7e2b9aef|0|1786749818.925|98.891|0.515|7171481600|9862098944|sim_data_aaf7239b1c98d314|__AUTOMETRIC__
__AUTOMETRIC__|0.1.2|2155831|crew_log_e525a01d7e2b9aef|0|1786749819.926|99.882|0.520|7854104576|10544660480|sim_data_aaf7239b1c98d314|__AUTOMETRIC__
__AUTOMETRIC__|0.1.2|2155831|crew_log_e525a01d7e2b9aef|0|1786749820.927|99.899|0.520|8141938688|10832703488|sim_data_aaf7239b1c98d314|__AUTOMETRIC__
__AUTOMETRIC__|0.1.2|2155831|crew_log_e525a01d7e2b9aef|0|1786749821.929|98.885|0.515|8141938688|10832703488|sim_data_aaf7239b1c98d314|__AUTOMETRIC__
__AUTOMETRIC__|0.1.2|2155831|crew_log_e525a01d7e2b9aef|0|1786749822.930|99.901|0.520|8141938688|10832703488|sim_data_aaf7239b1c98d314|__AUTOMETRIC__
__AUTOMETRIC__|0.1.2|2155831|crew_log_e525a01d7e2b9aef|0|1786749823.931|99.883|0.520|8141938688|10832703488|sim_data_aaf7239b1c98d314|__AUTOMETRIC__
__AUTOMETRIC__|0.1.2|2155831|crew_log_e525a01d7e2b9aef|0|1786749824.932|99.901|0.520|8223727616|10914152448|sim_data_aaf7239b1c98d314|__AUTOMETRIC__
__AUTOMETRIC__|0.1.2|2155831|crew_log_e525a01d7e2b9aef|0|1786749825.933|98.884|0.515|8903204864|11593678848|sim_data_aaf7239b1c98d314|__AUTOMETRIC__
__AUTOMETRIC__|0.1.2|2155831|crew_log_e525a01d7e2b9aef|0|1786749826.934|98.906|0.515|9574817792|12266037248|sim_data_aaf7239b1c98d314|__AUTOMETRIC__
__AUTOMETRIC__|0.1.2|2155831|crew_log_e525a01d7e2b9aef|0|1786749827.935|99.884|0.520|9806028800|12496355328|sim_data_aaf7239b1c98d314|__AUTOMETRIC__
__AUTOMETRIC__|0.1.2|2155831|crew_log_e525a01d7e2b9aef|0|1786749828.936|99.872|0.520|9806028800|12496355328|sim_data_aaf7239b1c98d314|__AUTOMETRIC__
__AUTOMETRIC__|0.1.2|2155831|crew_log_e525a01d7e2b9aef|0|1786749829.937|99.894|0.520|9806028800|12496355328|sim_data_aaf7239b1c98d314|__AUTOMETRIC__
__AUTOMETRIC__|0.1.2|2155831|crew_log_e525a01d7e2b9aef|0|1786749830.938|98.897|0.515|9806028800|12496355328|sim_data_aaf7239b1c98d314|__AUTOMETRIC__
__AUTOMETRIC__|0.1.2|2155831|crew_log_e525a01d7e2b9aef|0|1786749831.940|99.888|0.520|9806028800|12496355328|sim_data_aaf7239b1c98d314|__AUTOMETRIC__
__AUTOMETRIC__|0.1.2|2155831|crew_log_e525a01d7e2b9aef|0|1786749832.941|98.883|0.515|9997918208|12688371712|sim_data_aaf7239b1c98d314|__AUTOMETRIC__
__AUTOMETRIC__|0.1.2|2155831|crew_log_e525a01d7e2b9aef|0|1786749833.942|99.870|0.520|10702561280|13393874944|sim_data_aaf7239b1c98d314|__AUTOMETRIC__
__AUTOMETRIC__|0.1.2|2155831|crew_log_e525a01d7e2b9aef|0|1786749834.944|99.847|0.520|11385184256|14076370944|sim_data_aaf7239b1c98d314|__AUTOMETRIC__
__AUTOMETRIC__|0.1.2|2155831|crew_log_e525a01d7e2b9aef|0|1786749835.945|98.875|0.515|11801993216|14492606464|sim_data_aaf7239b1c98d314|__AUTOMETRIC__
__AUTOMETRIC__|0.1.2|2155831|crew_log_e525a01d7e2b9aef|0|1786749836.946|99.864|0.520|11801993216|14492606464|sim_data_aaf7239b1c98d314|__AUTOMETRIC__
__AUTOMETRIC__|0.1.2|2155831|crew_log_e525a01d7e2b9aef|0|1786749837.947|98.888|0.515|11801993216|14492606464|sim_data_aaf7239b1c98d314|__AUTOMETRIC__
__AUTOMETRIC__|0.1.2|2155831|crew_log_e525a01d7e2b9aef|0|1786749838.948|99.892|0.520|11801993216|14492606464|sim_data_aaf7239b1c98d314|__AUTOMETRIC__
__AUTOMETRIC__|0.1.2|2155831|crew_log_e525a01d7e2b9aef|0|1786749839.950|99.868|0.520|11801993216|14492606464|sim_data_aaf7239b1c98d314|__AUTOMETRIC__
__AUTOMETRIC__|0.1.2|2155831|crew_log_e525a01d7e2b9aef|0|1786749840.951|98.890|0.515|11801993216|14492606464|sim_data_aaf7239b1c98d314|__AUTOMETRIC__
__AUTOMETRIC__|0.1.2|2155831|crew_log_e525a01d7e2b9aef|0|1786749841.953|100.764|0.525|11806711808|14496841728|sim_data_aaf7239b1c98d314|__AUTOMETRIC__
__AUTOMETRIC__|0.1.2|2155831|crew_log_e525a01d7e2b9aef|0|1786749842.954|98.885|0.515|12500344832|15190749184|sim_data_aaf7239b1c98d314|__AUTOMETRIC__
__AUTOMETRIC__|0.1.2|2155831|crew_log_e525a01d7e2b9aef|0|1786749843.955|99.887|0.520|13182967808|15873368064|sim_data_aaf7239b1c98d314|__AUTOMETRIC__
__AUTOMETRIC__|0.1.2|2155831|crew_log_e525a01d7e2b9aef|0|1786749844.957|99.882|0.520|13887610880|16577605632|sim_data_aaf7239b1c98d314|__AUTOMETRIC__
__AUTOMETRIC__|0.1.2|2155831|crew_log_e525a01d7e2b9aef|0|1786749845.958|98.876|0.515|14197465088|16888176640|sim_data_aaf7239b1c98d314|__AUTOMETRIC__
__AUTOMETRIC__|0.1.2|2155831|crew_log_e525a01d7e2b9aef|0|1786749846.959|99.883|0.520|14197465088|16888176640|sim_data_aaf7239b1c98d314|__AUTOMETRIC__
__AUTOMETRIC__|0.1.2|2155831|crew_log_e525a01d7e2b9aef|0|1786749847.961|99.851|0.520|14197465088|16888176640|sim_data_aaf7239b1c98d314|__AUTOMETRIC__
__AUTOMETRIC__|0.1.2|2155831|crew_log_e525a01d7e2b9aef|0|1786749848.962|98.852|0.515|14197465088|16888176640|sim_data_aaf7239b1c98d314|__AUTOMETRIC__
__AUTOMETRIC__|0.1.2|2155831|crew_log_e525a01d7e2b9aef|0|1786749849.963|99.865|0.520|14197465088|16888176640|sim_data_aaf7239b1c98d314|__AUTOMETRIC__
__AUTOMETRIC__|0.1.2|2155831|crew_log_e525a01d7e2b9aef|0|1786749850.965|99.881|0.520|14197465088|16888176640|sim_data_aaf7239b1c98d314|__AUTOMETRIC__
__AUTOMETRIC__|0.1.2|2155831|crew_log_e525a01d7e2b9aef|0|1786749851.966|98.890|0.515|14197465088|16888176640|sim_data_aaf7239b1c98d314|__AUTOMETRIC__
__AUTOMETRIC__|0.1.2|2155831|crew_log_e525a01d7e2b9aef|0|1786749852.967|99.885|0.520|14197465088|16888176640|sim_data_aaf7239b1c98d314|__AUTOMETRIC__
__AUTOMETRIC__|0.1.2|2155831|crew_log_e525a01d7e2b9aef|0|1786749853.968|99.881|0.520|14725947392|17416421376|sim_data_aaf7239b1c98d314|__AUTOMETRIC__
__AUTOMETRIC__|0.1.2|2155831|crew_log_e525a01d7e2b9aef|0|1786749854.969|98.884|0.515|15406997504|18098044928|sim_data_aaf7239b1c98d314|__AUTOMETRIC__
__AUTOMETRIC__|0.1.2|2155831|crew_log_e525a01d7e2b9aef|0|1786749855.970|98.897|0.515|16083329024|18774384640|sim_data_aaf7239b1c98d314|__AUTOMETRIC__
__AUTOMETRIC__|0.1.2|2155831|crew_log_e525a01d7e2b9aef|0|1786749856.972|98.877|0.515|16761233408|19452043264|sim_data_aaf7239b1c98d314|__AUTOMETRIC__
__AUTOMETRIC__|0.1.2|2155831|crew_log_e525a01d7e2b9aef|0|1786749857.973|99.888|0.520|17072660480|19763036160|sim_data_aaf7239b1c98d314|__AUTOMETRIC__
__AUTOMETRIC__|0.1.2|2155831|crew_log_e525a01d7e2b9aef|0|1786749858.974|99.879|0.520|17072660480|19763036160|sim_data_aaf7239b1c98d314|__AUTOMETRIC__
__AUTOMETRIC__|0.1.2|2155831|crew_log_e525a01d7e2b9aef|0|1786749859.975|98.859|0.515|17072660480|19763036160|sim_data_aaf7239b1c98d314|__AUTOMETRIC__
__AUTOMETRIC__|0.1.2|2155831|crew_log_e525a01d7e2b9aef|0|1786749860.976|99.879|0.520|17072660480|19763036160|sim_data_aaf7239b1c98d314|__AUTOMETRIC__
__AUTOMETRIC__|0.1.2|2155831|crew_log_e525a01d7e2b9aef|0|1786749861.978|99.887|0.520|17072660480|19763036160|sim_data_aaf7239b1c98d314|__AUTOMETRIC__
__AUTOMETRIC__|0.1.2|2155831|crew_log_e525a01d7e2b9aef|0|1786749862.979|99.892|0.520|17072660480|19763036160|sim_data_aaf7239b1c98d314|__AUTOMETRIC__
__AUTOMETRIC__|0.1.2|2155831|crew_log_e525a01d7e2b9aef|0|1786749863.980|99.889|0.520|17072660480|19763036160|sim_data_aaf7239b1c98d314|__AUTOMETRIC__
__AUTOMETRIC__|0.1.2|2155831|crew_log_e525a01d7e2b9aef|0|1786749864.981|98.881|0.515|17072660480|19763036160|sim_data_aaf7239b1c98d314|__AUTOMETRIC__
__AUTOMETRIC__|0.1.2|2155831|crew_log_e525a01d7e2b9aef|0|1786749865.982|99.857|0.520|17072660480|19763036160|sim_data_aaf7239b1c98d314|__AUTOMETRIC__
__AUTOMETRIC__|0.1.2|2155831|crew_log_e525a01d7e2b9aef|0|1786749866.984|98.870|0.515|17670348800|20360622080|sim_data_aaf7239b1c98d314|__AUTOMETRIC__
__AUTOMETRIC__|0.1.2|2155831|crew_log_e525a01d7e2b9aef|0|1786749867.985|99.879|0.520|18351398912|21042020352|sim_data_aaf7239b1c98d314|__AUTOMETRIC__
__AUTOMETRIC__|0.1.2|2155831|crew_log_e525a01d7e2b9aef|0|1786749868.986|98.883|0.515|19026157568|21717393408|sim_data_aaf7239b1c98d314|__AUTOMETRIC__
__AUTOMETRIC__|0.1.2|2155831|crew_log_e525a01d7e2b9aef|0|1786749869.988|99.818|0.520|19707207680|22397456384|sim_data_aaf7239b1c98d314|__AUTOMETRIC__
__AUTOMETRIC__|0.1.2|2155831|crew_log_e525a01d7e2b9aef|0|1786749870.989|99.900|0.520|20383539200|23074451456|sim_data_aaf7239b1c98d314|__AUTOMETRIC__
__AUTOMETRIC__|0.1.2|2155831|crew_log_e525a01d7e2b9aef|0|1786749871.992|98.747|0.514|20521951232|23212613632|sim_data_aaf7239b1c98d314|__AUTOMETRIC__
__AUTOMETRIC__|0.1.2|2155831|crew_log_e525a01d7e2b9aef|0|1786749872.993|99.893|0.520|20521951232|23212613632|sim_data_aaf7239b1c98d314|__AUTOMETRIC__
__AUTOMETRIC__|0.1.2|2155831|crew_log_e525a01d7e2b9aef|0|1786749873.994|99.897|0.520|20521951232|23212613632|sim_data_aaf7239b1c98d314|__AUTOMETRIC__
__AUTOMETRIC__|0.1.2|2155831|crew_log_e525a01d7e2b9aef|0|1786749874.995|98.911|0.515|20521951232|23279722496|sim_data_aaf7239b1c98d314|__AUTOMETRIC__
