__AUTOMETRIC__|0.1.2|11288|crew_log_f55fd1f4bf4549f7|0|1786318827.504|97.650|6.103|158765056|184147968|gen_data_9ae6a8295f612647|__AUTOMETRIC__
__AUTOMETRIC__|0.1.2|11288|crew_log_f55fd1f4bf4549f7|0|1786318828.504|98.417|6.151|261697536|286711808|gen_data_9ae6a8295f612647|__AUTOMETRIC__
__AUTOMETRIC__|0.1.2|11288|crew_log_f55fd1f4bf4549f7|0|1786318829.515|100.436|6.277|379367424|404865024|gen_data_9ae6a8295f612647|__AUTOMETRIC__
__AUTOMETRIC__|0.1.2|11288|crew_log_f55fd1f4bf4549f7|0|1786318830.520|93.285|5.830|408379392|441761792|gen_data_9ae6a8295f612647|__AUTOMETRIC__
__AUTOMETRIC__|0.1.2|11288|crew_log_f55fd1f4bf4549f7|0|1786318831.532|98.900|6.181|397504512|430788608|gen_data_9ae6a8295f612647|__AUTOMETRIC__
__AUTOMETRIC__|0.1.2|11288|crew_log_f55fd1f4bf4549f7|0|1786318832.539|99.267|6.204|396500992|429453312|gen_data_9ae6a8295f612647|__AUTOMETRIC__
__AUTOMETRIC__|0.1.2|11288|crew_log_f55fd1f4bf4549f7|0|1786318833.543|99.599|6.225|396431360|429432832|gen_data_9ae6a8295f612647|__AUTOMETRIC__
__AUTOMETRIC__|0.1.2|11288|crew_log_f55fd1f4bf4549f7|0|1786318834.558|100.066|6.254|396484608|429436928|gen_data_9ae6a8295f612647|__AUTOMETRIC__
__AUTOMETRIC__|0.1.2|11288|crew_log_f55fd1f4bf4549f7|0|1786318835.558|99.978|6.249|396562432|429518848|gen_data_9ae6a8295f612647|__AUTOMETRIC__
__AUTOMETRIC__|0.1.2|11288|crew_log_f55fd1f4bf4549f7|0|1786318836.564|99.436|6.215|396574720|429531136|gen_data_9ae6a8295f612647|__AUTOMETRIC__
__AUTOMETRIC__|0.1.2|11288|crew_log_f55fd1f4bf4549f7|0|1786318837.583|98.168|6.136|396558336|429510656|gen_data_9ae6a8295f612647|__AUTOMETRIC__
__AUTOMETRIC__|0.1.2|11288|crew_log_f55fd1f4bf4549f7|0|1786318838.584|98.289|6.143|395952128|428904448|gen_data_9ae6a8295f612647|__AUTOMETRIC__
__AUTOMETRIC__|0.1.2|11288|crew_log_f55fd1f4bf4549f7|0|1786318839.594|100.588|6.287|395948032|428900352|gen_data_9ae6a8295f612647|__AUTOMETRIC__
__AUTOMETRIC__|0.1.2|11288|crew_log_f55fd1f4bf4549f7|0|1786318840.594|99.986|6.249|395915264|428867584|gen_data_9ae6a8295f612647|__AUTOMETRIC__
__AUTOMETRIC__|0.1.2|11288|crew_log_f55fd1f4bf4549f7|0|1786318841.605|100.441|6.278|395898880|428851200|gen_data_9ae6a8295f612647|__AUTOMETRIC__
__AUTOMETRIC__|0.1.2|11288|crew_log_f55fd1f4bf4549f7|0|1786318842.616|100.422|6.276|395886592|428838912|gen_data_9ae6a8295f612647|__AUTOMETRIC__
__AUTOMETRIC__|0.1.2|11288|crew_log_f55fd1f4bf4549f7|0|1786318843.627|98.909|6.182|395890688|428843008|gen_data_9ae6a8295f612647|__AUTOMETRIC__
__AUTOMETRIC__|0.1.2|11288|crew_log_f55fd1f4bf4549f7|0|1786318844.638|100.547|6.284|395956224|428904448|gen_data_9ae6a8295f612647|__AUTOMETRIC__
__AUTOMETRIC__|0.1.2|11288|crew_log_f55fd1f4bf4549f7|0|1786318845.640|99.769|6.236|395616256|428593152|gen_data_9ae6a8295f612647|__AUTOMETRIC__
__AUTOMETRIC__|0.1.2|11288|crew_log_f55fd1f4bf4549f7|0|1786318846.651|100.431|6.277|395632640|428609536|gen_data_9ae6a8295f612647|__AUTOMETRIC__
__AUTOMETRIC__|0.1.2|11288|crew_log_f55fd1f4bf4549f7|0|1786318847.656|99.549|6.222|395632640|428609536|gen_data_9ae6a8295f612647|__AUTOMETRIC__
__AUTOMETRIC__|0.1.2|11288|crew_log_f55fd1f4bf4549f7|0|1786318848.662|97.799|6.112|395640832|428609536|gen_data_9ae6a8295f612647|__AUTOMETRIC__
__AUTOMETRIC__|0.1.2|11288|crew_log_f55fd1f4bf4549f7|0|1786318849.664|101.325|6.333|395624448|428593152|gen_data_9ae6a8295f612647|__AUTOMETRIC__
__AUTOMETRIC__|0.1.2|11288|crew_log_f55fd1f4bf4549f7|0|1786318850.671|99.392|6.212|395640832|428593152|gen_data_9ae6a8295f612647|__AUTOMETRIC__
__AUTOMETRIC__|0.1.2|11288|crew_log_f55fd1f4bf4549f7|0|1786318851.676|97.866|6.117|395665408|428613632|gen_data_9ae6a8295f612647|__AUTOMETRIC__
__AUTOMETRIC__|0.1.2|11288|crew_log_f55fd1f4bf4549f7|0|1786318852.689|98.738|6.171|395755520|428765184|gen_data_9ae6a8295f612647|__AUTOMETRIC__
__AUTOMETRIC__|0.1.2|11288|crew_log_f55fd1f4bf4549f7|0|1786318853.698|100.723|6.295|395706368|428711936|gen_data_9ae6a8295f612647|__AUTOMETRIC__
__AUTOMETRIC__|0.1.2|11288|crew_log_f55fd1f4bf4549f7|0|1786318854.700|99.707|6.232|395730944|428736512|gen_data_9ae6a8295f612647|__AUTOMETRIC__
__AUTOMETRIC__|0.1.2|11288|crew_log_f55fd1f4bf4549f7|0|1786318855.715|100.135|6.258|395784192|428789760|gen_data_9ae6a8295f612647|__AUTOMETRIC__
__AUTOMETRIC__|0.1.2|11288|crew_log_f55fd1f4bf4549f7|0|1786318856.720|99.503|6.219|395714560|428720128|gen_data_9ae6a8295f612647|__AUTOMETRIC__
__AUTOMETRIC__|0.1.2|11288|crew_log_f55fd1f4bf4549f7|0|1786318857.733|100.225|6.264|395767808|428773376|gen_data_9ae6a8295f612647|__AUTOMETRIC__
__AUTOMETRIC__|0.1.2|11288|crew_log_f55fd1f4bf4549f7|0|1786318858.740|97.798|6.112|395788288|428781568|gen_data_9ae6a8295f612647|__AUTOMETRIC__
__AUTOMETRIC__|0.1.2|11288|crew_log_f55fd1f4bf4549f7|0|1786318859.741|103.005|6.438|395792384|428773376|gen_data_9ae6a8295f612647|__AUTOMETRIC__
__AUTOMETRIC__|0.1.2|11288|crew_log_f55fd1f4bf4549f7|0|1786318860.743|95.098|5.944|395833344|428810240|gen_data_9ae6a8295f612647|__AUTOMETRIC__
__AUTOMETRIC__|0.1.2|11288|crew_log_f55fd1f4bf4549f7|0|1786318861.750|99.350|6.209|395517952|428470272|gen_data_9ae6a8295f612647|__AUTOMETRIC__
__AUTOMETRIC__|0.1.2|11288|crew_log_f55fd1f4bf4549f7|0|1786318862.767|99.870|6.242|395530240|428482560|gen_data_9ae6a8295f612647|__AUTOMETRIC__
__AUTOMETRIC__|0.1.2|11288|crew_log_f55fd1f4bf4549f7|0|1786318863.777|100.485|6.280|395517952|428470272|gen_data_9ae6a8295f612647|__AUTOMETRIC__
__AUTOMETRIC__|0.1.2|11288|crew_log_f55fd1f4bf4549f7|0|1786318864.791|100.170|6.261|395587584|428539904|gen_data_9ae6a8295f612647|__AUTOMETRIC__
__AUTOMETRIC__|0.1.2|11288|crew_log_f55fd1f4bf4549f7|0|1786318865.796|97.969|6.123|395554816|428507136|gen_data_9ae6a8295f612647|__AUTOMETRIC__
__AUTOMETRIC__|0.1.2|11288|crew_log_f55fd1f4bf4549f7|0|1786318866.798|98.280|6.142|395554816|428507136|gen_data_9ae6a8295f612647|__AUTOMETRIC__
__AUTOMETRIC__|0.1.2|11288|crew_log_f55fd1f4bf4549f7|0|1786318867.804|93.106|5.819|395640832|428593152|gen_data_9ae6a8295f612647|__AUTOMETRIC__
__AUTOMETRIC__|0.1.2|11288|crew_log_f55fd1f4bf4549f7|0|1786318868.806|95.145|5.947|395595776|428544000|gen_data_9ae6a8295f612647|__AUTOMETRIC__
__AUTOMETRIC__|0.1.2|11288|crew_log_f55fd1f4bf4549f7|0|1786318869.809|96.638|6.040|395653120|428597248|gen_data_9ae6a8295f612647|__AUTOMETRIC__
__AUTOMETRIC__|0.1.2|11288|crew_log_f55fd1f4bf4549f7|0|1786318870.819|92.833|5.802|395722752|428711936|gen_data_9ae6a8295f612647|__AUTOMETRIC__
__AUTOMETRIC__|0.1.2|11288|crew_log_f55fd1f4bf4549f7|0|1786318871.829|97.405|6.088|395702272|428691456|gen_data_9ae6a8295f612647|__AUTOMETRIC__
__AUTOMETRIC__|0.1.2|11288|crew_log_f55fd1f4bf4549f7|0|1786318872.835|93.182|5.824|395534336|428634112|gen_data_9ae6a8295f612647|__AUTOMETRIC__
__AUTOMETRIC__|0.1.2|11288|crew_log_f55fd1f4bf4549f7|0|1786318873.842|97.789|6.112|395599872|428691456|gen_data_9ae6a8295f612647|__AUTOMETRIC__
__AUTOMETRIC__|0.1.2|11288|crew_log_f55fd1f4bf4549f7|0|1786318874.846|97.989|6.124|395546624|428638208|gen_data_9ae6a8295f612647|__AUTOMETRIC__
__AUTOMETRIC__|0.1.2|11288|crew_log_f55fd1f4bf4549f7|0|1786318875.848|95.136|5.946|395509760|428601344|gen_data_9ae6a8295f612647|__AUTOMETRIC__
__AUTOMETRIC__|0.1.2|11288|crew_log_f55fd1f4bf4549f7|0|1786318876.852|99.677|6.230|395591680|428683264|gen_data_9ae6a8295f612647|__AUTOMETRIC__
__AUTOMETRIC__|0.1.2|11288|crew_log_f55fd1f4bf4549f7|0|1786318877.862|98.963|6.185|395538432|428630016|gen_data_9ae6a8295f612647|__AUTOMETRIC__
__AUTOMETRIC__|0.1.2|11288|crew_log_f55fd1f4bf4549f7|0|1786318878.867|99.474|6.217|395603968|428695552|gen_data_9ae6a8295f612647|__AUTOMETRIC__
__AUTOMETRIC__|0.1.2|11288|crew_log_f55fd1f4bf4549f7|0|1786318879.871|99.675|6.230|395558912|428650496|gen_data_9ae6a8295f612647|__AUTOMETRIC__
__AUTOMETRIC__|0.1.2|11288|crew_log_f55fd1f4bf4549f7|0|1786318880.871|96.883|6.055|395390976|428482560|gen_data_9ae6a8295f612647|__AUTOMETRIC__
__AUTOMETRIC__|0.1.2|11288|crew_log_f55fd1f4bf4549f7|0|1786318881.876|96.357|6.022|395329536|428421120|gen_data_9ae6a8295f612647|__AUTOMETRIC__
__AUTOMETRIC__|0.1.2|11288|crew_log_f55fd1f4bf4549f7|0|1786318882.883|99.295|6.206|395223040|428310528|gen_data_9ae6a8295f612647|__AUTOMETRIC__
__AUTOMETRIC__|0.1.2|11288|crew_log_f55fd1f4bf4549f7|0|1786318883.885|93.573|5.848|395456512|428544000|gen_data_9ae6a8295f612647|__AUTOMETRIC__
__AUTOMETRIC__|0.1.2|11288|crew_log_f55fd1f4bf4549f7|0|1786318884.897|97.255|6.078|395309056|428388352|gen_data_9ae6a8295f612647|__AUTOMETRIC__
__AUTOMETRIC__|0.1.2|11288|crew_log_f55fd1f4bf4549f7|0|1786318885.905|100.803|6.300|395276288|428310528|gen_data_9ae6a8295f612647|__AUTOMETRIC__
__AUTOMETRIC__|0.1.2|11288|crew_log_f55fd1f4bf4549f7|0|1786318886.918|100.185|6.262|395583488|428695552|gen_data_9ae6a8295f612647|__AUTOMETRIC__
__AUTOMETRIC__|0.1.2|11288|crew_log_f55fd1f4bf4549f7|0|1786318887.935|98.389|6.149|395124736|428183552|gen_data_9ae6a8295f612647|__AUTOMETRIC__
__AUTOMETRIC__|0.1.2|11288|crew_log_f55fd1f4bf4549f7|0|1786318888.946|100.390|6.274|395214848|428273664|gen_data_9ae6a8295f612647|__AUTOMETRIC__
__AUTOMETRIC__|0.1.2|11288|crew_log_f55fd1f4bf4549f7|0|1786318889.958|95.761|5.985|395280384|428339200|gen_data_9ae6a8295f612647|__AUTOMETRIC__
__AUTOMETRIC__|0.1.2|11288|crew_log_f55fd1f4bf4549f7|0|1786318890.971|98.759|6.172|395329536|428388352|gen_data_9ae6a8295f612647|__AUTOMETRIC__
__AUTOMETRIC__|0.1.2|11288|crew_log_f55fd1f4bf4549f7|0|1786318891.978|99.253|6.203|395247616|428306432|gen_data_9ae6a8295f612647|__AUTOMETRIC__
__AUTOMETRIC__|0.1.2|11288|crew_log_f55fd1f4bf4549f7|0|1786318892.984|100.967|6.310|395247616|428306432|gen_data_9ae6a8295f612647|__AUTOMETRIC__
__AUTOMETRIC__|0.1.2|11288|crew_log_f55fd1f4bf4549f7|0|1786318893.994|100.554|6.285|395333632|428392448|gen_data_9ae6a8295f612647|__AUTOMETRIC__
__AUTOMETRIC__|0.1.2|11288|crew_log_f55fd1f4bf4549f7|0|1786318895.008|97.128|6.070|395345920|428400640|gen_data_9ae6a8295f612647|__AUTOMETRIC__
__AUTOMETRIC__|0.1.2|11288|crew_log_f55fd1f4bf4549f7|0|1786318896.011|99.637|6.227|395198464|428244992|gen_data_9ae6a8295f612647|__AUTOMETRIC__
__AUTOMETRIC__|0.1.2|11288|crew_log_f55fd1f4bf4549f7|0|1786318897.021|99.057|6.191|395382784|428421120|gen_data_9ae6a8295f612647|__AUTOMETRIC__
__AUTOMETRIC__|0.1.2|11288|crew_log_f55fd1f4bf4549f7|0|1786318898.028|100.798|6.300|395456512|428539904|gen_data_9ae6a8295f612647|__AUTOMETRIC__
__AUTOMETRIC__|0.1.2|11288|crew_log_f55fd1f4bf4549f7|0|1786318899.041|98.700|6.169|395485184|428556288|gen_data_9ae6a8295f612647|__AUTOMETRIC__
__AUTOMETRIC__|0.1.2|11288|crew_log_f55fd1f4bf4549f7|0|1786318900.056|100.129|6.258|395485184|428552192|gen_data_9ae6a8295f612647|__AUTOMETRIC__
__AUTOMETRIC__|0.1.2|11288|crew_log_f55fd1f4bf4549f7|0|1786318901.070|100.095|6.256|395460608|428523520|gen_data_9ae6a8295f612647|__AUTOMETRIC__
__AUTOMETRIC__|0.1.2|11288|crew_log_f55fd1f4bf4549f7|0|1786318902.075|96.462|6.029|395468800|428531712|gen_data_9ae6a8295f612647|__AUTOMETRIC__
__AUTOMETRIC__|0.1.2|11288|crew_log_f55fd1f4bf4549f7|0|1786318903.076|98.277|6.142|395411456|428474368|gen_data_9ae6a8295f612647|__AUTOMETRIC__
__AUTOMETRIC__|0.1.2|11288|crew_log_f55fd1f4bf4549f7|0|1786318904.091|29.267|1.829|395223040|428105728|__DEFAULT__|__AUTOMETRIC__
__AUTOMETRIC__|0.1.2|11288|crew_log_f55fd1f4bf4549f7|0|1786318905.101|26.281|1.643|404008960|436895744|compiled_brms_models_d152f30071a8e2ef|__AUTOMETRIC__
__AUTOMETRIC__|0.1.2|11288|crew_log_f55fd1f4bf4549f7|0|1786318906.115|97.148|6.072|415592448|448348160|compiled_brms_models_d152f30071a8e2ef|__AUTOMETRIC__
__AUTOMETRIC__|0.1.2|11288|crew_log_f55fd1f4bf4549f7|0|1786318907.125|89.698|5.606|459149312|486625280|compiled_brms_models_d152f30071a8e2ef|__AUTOMETRIC__
__AUTOMETRIC__|0.1.2|11288|crew_log_f55fd1f4bf4549f7|0|1786318908.128|118.381|7.399|500121600|524378112|compiled_brms_models_d152f30071a8e2ef|__AUTOMETRIC__
__AUTOMETRIC__|0.1.2|11288|crew_log_f55fd1f4bf4549f7|0|1786318909.139|120.606|7.538|522625024|543199232|compiled_brms_models_d152f30071a8e2ef|__AUTOMETRIC__
__AUTOMETRIC__|0.1.2|11288|crew_log_f55fd1f4bf4549f7|0|1786318910.154|93.918|5.870|551141376|571924480|compiled_brms_models_d152f30071a8e2ef|__AUTOMETRIC__
