__AUTOMETRIC__|0.1.2|1765729|crew_log_037c0c61bc65ffe4|0|1786979231.164|68.992|0.359|208576512|1803268096|estimate_plt_files_83af0bc2900f17d7|__AUTOMETRIC__
__AUTOMETRIC__|0.1.2|1765729|crew_log_037c0c61bc65ffe4|0|1786979232.166|0.000|0.000|208576512|1803268096|estimate_plt_files_83af0bc2900f17d7|__AUTOMETRIC__
__AUTOMETRIC__|0.1.2|1765729|crew_log_037c0c61bc65ffe4|0|1786979233.167|0.000|0.000|208576512|1803268096|estimate_plt_files_83af0bc2900f17d7|__AUTOMETRIC__
__AUTOMETRIC__|0.1.2|1765729|crew_log_037c0c61bc65ffe4|0|1786979234.169|0.000|0.000|208576512|1803268096|estimate_plt_files_83af0bc2900f17d7|__AUTOMETRIC__
__AUTOMETRIC__|0.1.2|1765729|crew_log_037c0c61bc65ffe4|0|1786979235.170|0.000|0.000|208576512|1803268096|estimate_plt_files_83af0bc2900f17d7|__AUTOMETRIC__
__AUTOMETRIC__|0.1.2|1765729|crew_log_037c0c61bc65ffe4|0|1786979236.171|0.000|0.000|208576512|1803268096|estimate_plt_files_83af0bc2900f17d7|__AUTOMETRIC__
__AUTOMETRIC__|0.1.2|1765729|crew_log_037c0c61bc65ffe4|0|1786979237.172|0.000|0.000|208576512|1803268096|estimate_plt_files_83af0bc2900f17d7|__AUTOMETRIC__
__AUTOMETRIC__|0.1.2|1765729|crew_log_037c0c61bc65ffe4|0|1786979238.173|0.000|0.000|208576512|1803268096|estimate_plt_files_83af0bc2900f17d7|__AUTOMETRIC__
__AUTOMETRIC__|0.1.2|1765729|crew_log_037c0c61bc65ffe4|0|1786979239.174|0.000|0.000|208576512|1803268096|estimate_plt_files_83af0bc2900f17d7|__AUTOMETRIC__
__AUTOMETRIC__|0.1.2|1765729|crew_log_037c0c61bc65ffe4|0|1786979240.175|0.999|0.005|208576512|1803268096|estimate_plt_files_83af0bc2900f17d7|__AUTOMETRIC__
__AUTOMETRIC__|0.1.2|1765729|crew_log_037c0c61bc65ffe4|0|1786979241.176|16.982|0.088|232796160|1828900864|estimate_plt_files_83af0bc2900f17d7|__AUTOMETRIC__
__AUTOMETRIC__|0.1.2|1765729|crew_log_037c0c61bc65ffe4|0|1786979242.178|87.832|0.457|367595520|1968603136|estimate_plt_files_83af0bc2900f17d7|__AUTOMETRIC__
__AUTOMETRIC__|0.1.2|1765729|crew_log_037c0c61bc65ffe4|0|1786979243.180|88.885|0.463|391188480|2002632704|estimate_plt_files_83af0bc2900f17d7|__AUTOMETRIC__
__AUTOMETRIC__|0.1.2|1765729|crew_log_037c0c61bc65ffe4|0|1786979244.181|97.889|0.510|437243904|2181341184|estimate_plt_files_83af0bc2900f17d7|__AUTOMETRIC__
__AUTOMETRIC__|0.1.2|1765729|crew_log_037c0c61bc65ffe4|0|1786979245.182|99.876|0.520|437243904|2181341184|estimate_plt_files_83af0bc2900f17d7|__AUTOMETRIC__
__AUTOMETRIC__|0.1.2|1765729|crew_log_037c0c61bc65ffe4|0|1786979246.184|97.825|0.510|433803264|2174939136|estimate_plt_files_05689a5a610374b3|__AUTOMETRIC__
__AUTOMETRIC__|0.1.2|1765729|crew_log_037c0c61bc65ffe4|0|1786979247.185|98.900|0.515|565207040|2307051520|estimate_plt_files_05689a5a610374b3|__AUTOMETRIC__
__AUTOMETRIC__|0.1.2|1765729|crew_log_037c0c61bc65ffe4|0|1786979248.186|99.870|0.520|566779904|2307735552|estimate_plt_files_05689a5a610374b3|__AUTOMETRIC__
__AUTOMETRIC__|0.1.2|1765729|crew_log_037c0c61bc65ffe4|0|1786979249.187|63.929|0.333|568352768|2377531392|__DEFAULT__|__AUTOMETRIC__
__AUTOMETRIC__|0.1.2|1765729|crew_log_037c0c61bc65ffe4|0|1786979250.189|0.000|0.000|568352768|2377531392|__DEFAULT__|__AUTOMETRIC__
__AUTOMETRIC__|0.1.2|1765729|crew_log_037c0c61bc65ffe4|0|1786979251.190|0.000|0.000|568352768|2377531392|__DEFAULT__|__AUTOMETRIC__
__AUTOMETRIC__|0.1.2|1765729|crew_log_037c0c61bc65ffe4|0|1786979252.191|0.000|0.000|568352768|2377531392|__DEFAULT__|__AUTOMETRIC__
__AUTOMETRIC__|0.1.2|1765729|crew_log_037c0c61bc65ffe4|0|1786979253.193|0.000|0.000|568352768|2377531392|__DEFAULT__|__AUTOMETRIC__
__AUTOMETRIC__|0.1.2|1765729|crew_log_037c0c61bc65ffe4|0|1786979254.194|0.000|0.000|568352768|2377531392|__DEFAULT__|__AUTOMETRIC__
__AUTOMETRIC__|0.1.2|1765729|crew_log_037c0c61bc65ffe4|0|1786979255.196|0.000|0.000|568352768|2377531392|__DEFAULT__|__AUTOMETRIC__
__AUTOMETRIC__|0.1.2|1765729|crew_log_037c0c61bc65ffe4|0|1786979256.197|0.000|0.000|568352768|2377531392|__DEFAULT__|__AUTOMETRIC__
__AUTOMETRIC__|0.1.2|1765729|crew_log_037c0c61bc65ffe4|0|1786979257.201|0.000|0.000|568352768|2377531392|__DEFAULT__|__AUTOMETRIC__
