__AUTOMETRIC__|0.1.2|2155839|crew_log_a51011ad7380d0f0|0|1786749786.709|62.991|0.328|211382272|2826805248|sim_data_b8000ed69b204c49|__AUTOMETRIC__
__AUTOMETRIC__|0.1.2|2155839|crew_log_a51011ad7380d0f0|0|1786749787.711|0.000|0.000|211382272|2826805248|sim_data_b8000ed69b204c49|__AUTOMETRIC__
__AUTOMETRIC__|0.1.2|2155839|crew_log_a51011ad7380d0f0|0|1786749788.712|0.000|0.000|211382272|2826805248|sim_data_b8000ed69b204c49|__AUTOMETRIC__
__AUTOMETRIC__|0.1.2|2155839|crew_log_a51011ad7380d0f0|0|1786749789.713|0.000|0.000|211382272|2826805248|sim_data_b8000ed69b204c49|__AUTOMETRIC__
__AUTOMETRIC__|0.1.2|2155839|crew_log_a51011ad7380d0f0|0|1786749790.714|0.000|0.000|211382272|2826805248|sim_data_b8000ed69b204c49|__AUTOMETRIC__
__AUTOMETRIC__|0.1.2|2155839|crew_log_a51011ad7380d0f0|0|1786749791.715|0.000|0.000|211382272|2826805248|sim_data_b8000ed69b204c49|__AUTOMETRIC__
__AUTOMETRIC__|0.1.2|2155839|crew_log_a51011ad7380d0f0|0|1786749792.716|0.000|0.000|211382272|2826805248|sim_data_b8000ed69b204c49|__AUTOMETRIC__
__AUTOMETRIC__|0.1.2|2155839|crew_log_a51011ad7380d0f0|0|1786749793.718|0.000|0.000|211382272|2826805248|sim_data_b8000ed69b204c49|__AUTOMETRIC__
__AUTOMETRIC__|0.1.2|2155839|crew_log_a51011ad7380d0f0|0|1786749794.719|0.000|0.000|211382272|2826805248|sim_data_b8000ed69b204c49|__AUTOMETRIC__
__AUTOMETRIC__|0.1.2|2155839|crew_log_a51011ad7380d0f0|0|1786749795.720|0.000|0.000|211382272|2826805248|sim_data_b8000ed69b204c49|__AUTOMETRIC__
__AUTOMETRIC__|0.1.2|2155839|crew_log_a51011ad7380d0f0|0|1786749796.721|23.975|0.125|252346368|2869768192|sim_data_b8000ed69b204c49|__AUTOMETRIC__
__AUTOMETRIC__|0.1.2|2155839|crew_log_a51011ad7380d0f0|0|1786749797.723|94.849|0.494|396726272|3020169216|sim_data_b8000ed69b204c49|__AUTOMETRIC__
__AUTOMETRIC__|0.1.2|2155839|crew_log_a51011ad7380d0f0|0|1786749798.724|99.877|0.520|599625728|3224477696|sim_data_b8000ed69b204c49|__AUTOMETRIC__
__AUTOMETRIC__|0.1.2|2155839|crew_log_a51011ad7380d0f0|0|1786749799.725|99.878|0.520|755339264|3380105216|sim_data_b8000ed69b204c49|__AUTOMETRIC__
__AUTOMETRIC__|0.1.2|2155839|crew_log_a51011ad7380d0f0|0|1786749800.727|98.818|0.515|1013288960|3636989952|sim_data_b8000ed69b204c49|__AUTOMETRIC__
__AUTOMETRIC__|0.1.2|2155839|crew_log_a51011ad7380d0f0|0|1786749801.728|98.872|0.515|1169002496|3793436672|sim_data_b8000ed69b204c49|__AUTOMETRIC__
__AUTOMETRIC__|0.1.2|2155839|crew_log_a51011ad7380d0f0|0|1786749802.729|98.878|0.515|1436389376|4060217344|sim_data_b8000ed69b204c49|__AUTOMETRIC__
__AUTOMETRIC__|0.1.2|2155839|crew_log_a51011ad7380d0f0|0|1786749803.731|99.875|0.520|1758826496|4382711808|sim_data_b8000ed69b204c49|__AUTOMETRIC__
__AUTOMETRIC__|0.1.2|2155839|crew_log_a51011ad7380d0f0|0|1786749804.732|99.875|0.520|1846906880|4470390784|sim_data_b8000ed69b204c49|__AUTOMETRIC__
__AUTOMETRIC__|0.1.2|2155839|crew_log_a51011ad7380d0f0|0|1786749805.733|98.867|0.515|2145751040|4769640448|sim_data_b8000ed69b204c49|__AUTOMETRIC__
__AUTOMETRIC__|0.1.2|2155839|crew_log_a51011ad7380d0f0|0|1786749806.735|100.853|0.525|2318766080|4943069184|sim_data_b8000ed69b204c49|__AUTOMETRIC__
__AUTOMETRIC__|0.1.2|2155839|crew_log_a51011ad7380d0f0|0|1786749807.736|98.826|0.515|2609745920|5233819648|sim_data_b8000ed69b204c49|__AUTOMETRIC__
__AUTOMETRIC__|0.1.2|2155839|crew_log_a51011ad7380d0f0|0|1786749808.738|99.870|0.520|2686816256|5310758912|sim_data_b8000ed69b204c49|__AUTOMETRIC__
__AUTOMETRIC__|0.1.2|2155839|crew_log_a51011ad7380d0f0|0|1786749809.739|99.868|0.520|3166539776|5790937088|sim_data_b8000ed69b204c49|__AUTOMETRIC__
__AUTOMETRIC__|0.1.2|2155839|crew_log_a51011ad7380d0f0|0|1786749810.741|99.860|0.520|3166539776|5790937088|sim_data_b8000ed69b204c49|__AUTOMETRIC__
__AUTOMETRIC__|0.1.2|2155839|crew_log_a51011ad7380d0f0|0|1786749811.742|98.857|0.515|3522007040|6145634304|sim_data_b8000ed69b204c49|__AUTOMETRIC__
__AUTOMETRIC__|0.1.2|2155839|crew_log_a51011ad7380d0f0|0|1786749812.743|98.872|0.515|3835006976|6459514880|sim_data_b8000ed69b204c49|__AUTOMETRIC__
__AUTOMETRIC__|0.1.2|2155839|crew_log_a51011ad7380d0f0|0|1786749813.745|99.840|0.520|3835006976|6459514880|sim_data_b8000ed69b204c49|__AUTOMETRIC__
__AUTOMETRIC__|0.1.2|2155839|crew_log_a51011ad7380d0f0|0|1786749814.746|99.874|0.520|4119695360|6744014848|sim_data_b8000ed69b204c49|__AUTOMETRIC__
__AUTOMETRIC__|0.1.2|2155839|crew_log_a51011ad7380d0f0|0|1786749815.748|99.853|0.520|4637167616|7261741056|sim_data_b8000ed69b204c49|__AUTOMETRIC__
__AUTOMETRIC__|0.1.2|2155839|crew_log_a51011ad7380d0f0|0|1786749816.749|99.851|0.520|4637167616|7261741056|sim_data_b8000ed69b204c49|__AUTOMETRIC__
__AUTOMETRIC__|0.1.2|2155839|crew_log_a51011ad7380d0f0|0|1786749817.751|99.812|0.520|4637167616|7261741056|sim_data_b8000ed69b204c49|__AUTOMETRIC__
__AUTOMETRIC__|0.1.2|2155839|crew_log_a51011ad7380d0f0|0|1786749818.753|99.840|0.520|5113745408|7737565184|sim_data_b8000ed69b204c49|__AUTOMETRIC__
__AUTOMETRIC__|0.1.2|2155839|crew_log_a51011ad7380d0f0|0|1786749819.755|98.797|0.515|5599760384|8224428032|sim_data_b8000ed69b204c49|__AUTOMETRIC__
__AUTOMETRIC__|0.1.2|2155839|crew_log_a51011ad7380d0f0|0|1786749820.756|99.867|0.520|5599760384|8224428032|sim_data_b8000ed69b204c49|__AUTOMETRIC__
__AUTOMETRIC__|0.1.2|2155839|crew_log_a51011ad7380d0f0|0|1786749821.757|99.852|0.520|5599760384|8224428032|sim_data_b8000ed69b204c49|__AUTOMETRIC__
__AUTOMETRIC__|0.1.2|2155839|crew_log_a51011ad7380d0f0|0|1786749822.759|99.868|0.520|5945790464|8569757696|sim_data_b8000ed69b204c49|__AUTOMETRIC__
__AUTOMETRIC__|0.1.2|2155839|crew_log_a51011ad7380d0f0|0|1786749823.760|99.843|0.520|6639423488|9262833664|sim_data_b8000ed69b204c49|__AUTOMETRIC__
__AUTOMETRIC__|0.1.2|2155839|crew_log_a51011ad7380d0f0|0|1786749824.761|98.894|0.515|6755815424|9379651584|sim_data_b8000ed69b204c49|__AUTOMETRIC__
__AUTOMETRIC__|0.1.2|2155839|crew_log_a51011ad7380d0f0|0|1786749825.762|99.897|0.520|6755815424|9379651584|sim_data_b8000ed69b204c49|__AUTOMETRIC__
__AUTOMETRIC__|0.1.2|2155839|crew_log_a51011ad7380d0f0|0|1786749826.763|99.903|0.520|6755815424|9379651584|sim_data_b8000ed69b204c49|__AUTOMETRIC__
__AUTOMETRIC__|0.1.2|2155839|crew_log_a51011ad7380d0f0|0|1786749827.765|99.844|0.520|6755815424|9379651584|sim_data_b8000ed69b204c49|__AUTOMETRIC__
__AUTOMETRIC__|0.1.2|2155839|crew_log_a51011ad7380d0f0|0|1786749828.766|98.883|0.515|7395971072|10020839424|sim_data_b8000ed69b204c49|__AUTOMETRIC__
__AUTOMETRIC__|0.1.2|2155839|crew_log_a51011ad7380d0f0|0|1786749829.771|99.550|0.518|8105332736|10729390080|sim_data_b8000ed69b204c49|__AUTOMETRIC__
__AUTOMETRIC__|0.1.2|2155839|crew_log_a51011ad7380d0f0|0|1786749830.772|99.893|0.520|8141508608|10765860864|sim_data_b8000ed69b204c49|__AUTOMETRIC__
__AUTOMETRIC__|0.1.2|2155839|crew_log_a51011ad7380d0f0|0|1786749831.773|99.848|0.520|8141508608|10765860864|sim_data_b8000ed69b204c49|__AUTOMETRIC__
__AUTOMETRIC__|0.1.2|2155839|crew_log_a51011ad7380d0f0|0|1786749832.775|99.874|0.520|8141508608|10765860864|sim_data_b8000ed69b204c49|__AUTOMETRIC__
__AUTOMETRIC__|0.1.2|2155839|crew_log_a51011ad7380d0f0|0|1786749833.776|99.869|0.520|8141508608|10765860864|sim_data_b8000ed69b204c49|__AUTOMETRIC__
__AUTOMETRIC__|0.1.2|2155839|crew_log_a51011ad7380d0f0|0|1786749834.777|98.891|0.515|8525287424|11149185024|sim_data_b8000ed69b204c49|__AUTOMETRIC__
__AUTOMETRIC__|0.1.2|2155839|crew_log_a51011ad7380d0f0|0|1786749835.779|99.819|0.520|9215774720|11840466944|sim_data_b8000ed69b204c49|__AUTOMETRIC__
__AUTOMETRIC__|0.1.2|2155839|crew_log_a51011ad7380d0f0|0|1786749836.780|99.887|0.520|9805598720|12429516800|sim_data_b8000ed69b204c49|__AUTOMETRIC__
__AUTOMETRIC__|0.1.2|2155839|crew_log_a51011ad7380d0f0|0|1786749837.782|99.838|0.520|9805598720|12429516800|sim_data_b8000ed69b204c49|__AUTOMETRIC__
__AUTOMETRIC__|0.1.2|2155839|crew_log_a51011ad7380d0f0|0|1786749838.783|99.896|0.520|9805598720|12429516800|sim_data_b8000ed69b204c49|__AUTOMETRIC__
__AUTOMETRIC__|0.1.2|2155839|crew_log_a51011ad7380d0f0|0|1786749839.784|98.876|0.515|9805598720|12429516800|sim_data_b8000ed69b204c49|__AUTOMETRIC__
__AUTOMETRIC__|0.1.2|2155839|crew_log_a51011ad7380d0f0|0|1786749840.785|99.877|0.520|9805598720|12429516800|sim_data_b8000ed69b204c49|__AUTOMETRIC__
__AUTOMETRIC__|0.1.2|2155839|crew_log_a51011ad7380d0f0|0|1786749841.786|99.860|0.520|9805598720|12429516800|sim_data_b8000ed69b204c49|__AUTOMETRIC__
__AUTOMETRIC__|0.1.2|2155839|crew_log_a51011ad7380d0f0|0|1786749842.788|98.892|0.515|10456764416|13080297472|sim_data_b8000ed69b204c49|__AUTOMETRIC__
__AUTOMETRIC__|0.1.2|2155839|crew_log_a51011ad7380d0f0|0|1786749843.790|99.720|0.519|11148824576|13772435456|sim_data_b8000ed69b204c49|__AUTOMETRIC__
__AUTOMETRIC__|0.1.2|2155839|crew_log_a51011ad7380d0f0|0|1786749844.791|98.890|0.515|11801563136|14425919488|sim_data_b8000ed69b204c49|__AUTOMETRIC__
__AUTOMETRIC__|0.1.2|2155839|crew_log_a51011ad7380d0f0|0|1786749845.792|99.897|0.520|11801563136|14425919488|sim_data_b8000ed69b204c49|__AUTOMETRIC__
__AUTOMETRIC__|0.1.2|2155839|crew_log_a51011ad7380d0f0|0|1786749846.794|99.892|0.520|11801563136|14425919488|sim_data_b8000ed69b204c49|__AUTOMETRIC__
__AUTOMETRIC__|0.1.2|2155839|crew_log_a51011ad7380d0f0|0|1786749847.795|99.828|0.520|11801563136|14425919488|sim_data_b8000ed69b204c49|__AUTOMETRIC__
__AUTOMETRIC__|0.1.2|2155839|crew_log_a51011ad7380d0f0|0|1786749848.796|98.888|0.515|11801563136|14425919488|sim_data_b8000ed69b204c49|__AUTOMETRIC__
__AUTOMETRIC__|0.1.2|2155839|crew_log_a51011ad7380d0f0|0|1786749849.798|99.885|0.520|11801563136|14425919488|sim_data_b8000ed69b204c49|__AUTOMETRIC__
__AUTOMETRIC__|0.1.2|2155839|crew_log_a51011ad7380d0f0|0|1786749850.799|99.892|0.520|11801563136|14425919488|sim_data_b8000ed69b204c49|__AUTOMETRIC__
__AUTOMETRIC__|0.1.2|2155839|crew_log_a51011ad7380d0f0|0|1786749851.800|99.865|0.520|12304879616|14928461824|sim_data_b8000ed69b204c49|__AUTOMETRIC__
__AUTOMETRIC__|0.1.2|2155839|crew_log_a51011ad7380d0f0|0|1786749852.801|99.875|0.520|12996939776|15620714496|sim_data_b8000ed69b204c49|__AUTOMETRIC__
__AUTOMETRIC__|0.1.2|2155839|crew_log_a51011ad7380d0f0|0|1786749853.802|98.879|0.515|13693718528|16318504960|sim_data_b8000ed69b204c49|__AUTOMETRIC__
__AUTOMETRIC__|0.1.2|2155839|crew_log_a51011ad7380d0f0|0|1786749854.804|99.893|0.520|14197035008|16821469184|sim_data_b8000ed69b204c49|__AUTOMETRIC__
__AUTOMETRIC__|0.1.2|2155839|crew_log_a51011ad7380d0f0|0|1786749855.805|99.895|0.520|14197035008|16821608448|sim_data_b8000ed69b204c49|__AUTOMETRIC__
__AUTOMETRIC__|0.1.2|2155839|crew_log_a51011ad7380d0f0|0|1786749856.806|99.894|0.520|14197035008|16821608448|sim_data_b8000ed69b204c49|__AUTOMETRIC__
__AUTOMETRIC__|0.1.2|2155839|crew_log_a51011ad7380d0f0|0|1786749857.807|99.840|0.520|14197035008|16821608448|sim_data_b8000ed69b204c49|__AUTOMETRIC__
__AUTOMETRIC__|0.1.2|2155839|crew_log_a51011ad7380d0f0|0|1786749858.808|98.882|0.515|14197035008|16821608448|sim_data_b8000ed69b204c49|__AUTOMETRIC__
__AUTOMETRIC__|0.1.2|2155839|crew_log_a51011ad7380d0f0|0|1786749859.809|99.897|0.520|14197035008|16821608448|sim_data_b8000ed69b204c49|__AUTOMETRIC__
__AUTOMETRIC__|0.1.2|2155839|crew_log_a51011ad7380d0f0|0|1786749860.811|99.884|0.520|14197035008|16821608448|sim_data_b8000ed69b204c49|__AUTOMETRIC__
__AUTOMETRIC__|0.1.2|2155839|crew_log_a51011ad7380d0f0|0|1786749861.812|99.825|0.520|14197035008|16821608448|sim_data_b8000ed69b204c49|__AUTOMETRIC__
__AUTOMETRIC__|0.1.2|2155839|crew_log_a51011ad7380d0f0|0|1786749862.814|98.886|0.515|14524190720|17147854848|sim_data_b8000ed69b204c49|__AUTOMETRIC__
__AUTOMETRIC__|0.1.2|2155839|crew_log_a51011ad7380d0f0|0|1786749863.815|99.846|0.520|15214678016|17838026752|sim_data_b8000ed69b204c49|__AUTOMETRIC__
__AUTOMETRIC__|0.1.2|2155839|crew_log_a51011ad7380d0f0|0|1786749864.816|98.900|0.515|15898873856|18522673152|sim_data_b8000ed69b204c49|__AUTOMETRIC__
__AUTOMETRIC__|0.1.2|2155839|crew_log_a51011ad7380d0f0|0|1786749865.817|99.894|0.520|16600371200|19224354816|sim_data_b8000ed69b204c49|__AUTOMETRIC__
__AUTOMETRIC__|0.1.2|2155839|crew_log_a51011ad7380d0f0|0|1786749866.819|99.867|0.520|17072230400|19696316416|sim_data_b8000ed69b204c49|__AUTOMETRIC__
__AUTOMETRIC__|0.1.2|2155839|crew_log_a51011ad7380d0f0|0|1786749867.821|99.787|0.520|17072230400|19696590848|sim_data_b8000ed69b204c49|__AUTOMETRIC__
__AUTOMETRIC__|0.1.2|2155839|crew_log_a51011ad7380d0f0|0|1786749868.822|98.869|0.515|17072230400|19696590848|sim_data_b8000ed69b204c49|__AUTOMETRIC__
__AUTOMETRIC__|0.1.2|2155839|crew_log_a51011ad7380d0f0|0|1786749869.824|99.783|0.520|17072230400|19696590848|sim_data_b8000ed69b204c49|__AUTOMETRIC__
__AUTOMETRIC__|0.1.2|2155839|crew_log_a51011ad7380d0f0|0|1786749870.825|99.880|0.520|17072230400|19696590848|sim_data_b8000ed69b204c49|__AUTOMETRIC__
__AUTOMETRIC__|0.1.2|2155839|crew_log_a51011ad7380d0f0|0|1786749871.827|99.869|0.520|17072230400|19696590848|sim_data_b8000ed69b204c49|__AUTOMETRIC__
__AUTOMETRIC__|0.1.2|2155839|crew_log_a51011ad7380d0f0|0|1786749872.828|98.864|0.515|17072230400|19696590848|sim_data_b8000ed69b204c49|__AUTOMETRIC__
__AUTOMETRIC__|0.1.2|2155839|crew_log_a51011ad7380d0f0|0|1786749873.830|99.850|0.520|17072230400|19696590848|sim_data_b8000ed69b204c49|__AUTOMETRIC__
__AUTOMETRIC__|0.1.2|2155839|crew_log_a51011ad7380d0f0|0|1786749874.831|99.862|0.520|17072230400|19696590848|sim_data_b8000ed69b204c49|__AUTOMETRIC__
