__AUTOMETRIC__|0.1.2|1765704|crew_log_a9ee76ba0652a1cb|0|1786979221.224|64.991|0.338|210497536|1736179712|estimate_plt_files_3ceb1487c71cabe0|__AUTOMETRIC__
__AUTOMETRIC__|0.1.2|1765704|crew_log_a9ee76ba0652a1cb|0|1786979222.226|1.996|0.010|210497536|1736179712|estimate_plt_files_3ceb1487c71cabe0|__AUTOMETRIC__
__AUTOMETRIC__|0.1.2|1765704|crew_log_a9ee76ba0652a1cb|0|1786979223.227|95.859|0.499|367083520|1901490176|estimate_plt_files_3ceb1487c71cabe0|__AUTOMETRIC__
__AUTOMETRIC__|0.1.2|1765704|crew_log_a9ee76ba0652a1cb|0|1786979224.229|96.845|0.504|393822208|1936142336|estimate_plt_files_3ceb1487c71cabe0|__AUTOMETRIC__
__AUTOMETRIC__|0.1.2|1765704|crew_log_a9ee76ba0652a1cb|0|1786979225.230|98.851|0.515|439005184|2114211840|estimate_plt_files_3ceb1487c71cabe0|__AUTOMETRIC__
__AUTOMETRIC__|0.1.2|1765704|crew_log_a9ee76ba0652a1cb|0|1786979226.232|98.866|0.515|442150912|2116603904|estimate_plt_files_3ceb1487c71cabe0|__AUTOMETRIC__
__AUTOMETRIC__|0.1.2|1765704|crew_log_a9ee76ba0652a1cb|0|1786979227.233|98.868|0.515|515657728|2256203776|estimate_plt_files_2ca52e9a8339e7a3|__AUTOMETRIC__
__AUTOMETRIC__|0.1.2|1765704|crew_log_a9ee76ba0652a1cb|0|1786979228.234|98.862|0.515|567476224|2307502080|estimate_plt_files_2ca52e9a8339e7a3|__AUTOMETRIC__
__AUTOMETRIC__|0.1.2|1765704|crew_log_a9ee76ba0652a1cb|0|1786979229.236|99.837|0.520|567476224|2308554752|estimate_plt_files_2ca52e9a8339e7a3|__AUTOMETRIC__
__AUTOMETRIC__|0.1.2|1765704|crew_log_a9ee76ba0652a1cb|0|1786979230.237|97.856|0.510|572194816|2444681216|estimate_plt_files_518ebe6c3165c0d7|__AUTOMETRIC__
__AUTOMETRIC__|0.1.2|1765704|crew_log_a9ee76ba0652a1cb|0|1786979231.239|100.870|0.525|594198528|2467659776|estimate_plt_files_518ebe6c3165c0d7|__AUTOMETRIC__
__AUTOMETRIC__|0.1.2|1765704|crew_log_a9ee76ba0652a1cb|0|1786979232.240|98.857|0.515|594198528|2467659776|estimate_plt_files_518ebe6c3165c0d7|__AUTOMETRIC__
__AUTOMETRIC__|0.1.2|1765704|crew_log_a9ee76ba0652a1cb|0|1786979233.242|97.850|0.510|597344256|2537394176|estimate_plt_files_38ae8a3e5e27ac71|__AUTOMETRIC__
__AUTOMETRIC__|0.1.2|1765704|crew_log_a9ee76ba0652a1cb|0|1786979234.243|98.877|0.515|598917120|2539102208|estimate_plt_files_38ae8a3e5e27ac71|__AUTOMETRIC__
__AUTOMETRIC__|0.1.2|1765704|crew_log_a9ee76ba0652a1cb|0|1786979235.244|99.855|0.520|600489984|2540466176|estimate_plt_files_38ae8a3e5e27ac71|__AUTOMETRIC__
__AUTOMETRIC__|0.1.2|1765704|crew_log_a9ee76ba0652a1cb|0|1786979236.246|97.876|0.510|602062848|2609979392|estimate_plt_files_dd408432ca265387|__AUTOMETRIC__
__AUTOMETRIC__|0.1.2|1765704|crew_log_a9ee76ba0652a1cb|0|1786979237.247|99.869|0.520|602062848|2610524160|estimate_plt_files_dd408432ca265387|__AUTOMETRIC__
__AUTOMETRIC__|0.1.2|1765704|crew_log_a9ee76ba0652a1cb|0|1786979238.249|98.775|0.514|602062848|2610806784|estimate_plt_files_dd408432ca265387|__AUTOMETRIC__
__AUTOMETRIC__|0.1.2|1765704|crew_log_a9ee76ba0652a1cb|0|1786979239.250|98.886|0.515|605208576|2614165504|estimate_plt_files_6be52dcfe714e825|__AUTOMETRIC__
__AUTOMETRIC__|0.1.2|1765704|crew_log_a9ee76ba0652a1cb|0|1786979240.252|99.864|0.520|605208576|2614165504|estimate_plt_files_6be52dcfe714e825|__AUTOMETRIC__
__AUTOMETRIC__|0.1.2|1765704|crew_log_a9ee76ba0652a1cb|0|1786979241.253|98.866|0.515|614645760|2623373312|estimate_plt_files_6be52dcfe714e825|__AUTOMETRIC__
__AUTOMETRIC__|0.1.2|1765704|crew_log_a9ee76ba0652a1cb|0|1786979242.255|99.854|0.520|614645760|2757591040|estimate_plt_files_cc0b8ea10ea469da|__AUTOMETRIC__
__AUTOMETRIC__|0.1.2|1765704|crew_log_a9ee76ba0652a1cb|0|1786979243.256|98.859|0.515|614645760|2757591040|estimate_plt_files_cc0b8ea10ea469da|__AUTOMETRIC__
__AUTOMETRIC__|0.1.2|1765704|crew_log_a9ee76ba0652a1cb|0|1786979244.257|99.854|0.520|614645760|2757591040|estimate_plt_files_cc0b8ea10ea469da|__AUTOMETRIC__
__AUTOMETRIC__|0.1.2|1765704|crew_log_a9ee76ba0652a1cb|0|1786979245.260|97.779|0.509|614645760|2891808768|estimate_plt_files_861aded08d1d50e8|__AUTOMETRIC__
__AUTOMETRIC__|0.1.2|1765704|crew_log_a9ee76ba0652a1cb|0|1786979246.261|98.832|0.515|614645760|2891808768|estimate_plt_files_861aded08d1d50e8|__AUTOMETRIC__
__AUTOMETRIC__|0.1.2|1765704|crew_log_a9ee76ba0652a1cb|0|1786979247.263|99.825|0.520|614645760|2891808768|estimate_plt_files_861aded08d1d50e8|__AUTOMETRIC__
__AUTOMETRIC__|0.1.2|1765704|crew_log_a9ee76ba0652a1cb|0|1786979248.265|61.912|0.322|614645760|2891808768|__DEFAULT__|__AUTOMETRIC__
__AUTOMETRIC__|0.1.2|1765704|crew_log_a9ee76ba0652a1cb|0|1786979249.266|37.954|0.198|616218624|2892443648|sim_v_jess|__AUTOMETRIC__
__AUTOMETRIC__|0.1.2|1765704|crew_log_a9ee76ba0652a1cb|0|1786979250.267|1.998|0.010|616218624|2892406784|sim_v_jess|__AUTOMETRIC__
__AUTOMETRIC__|0.1.2|1765704|crew_log_a9ee76ba0652a1cb|0|1786979251.268|0.999|0.005|616218624|2892406784|sim_v_jess|__AUTOMETRIC__
__AUTOMETRIC__|0.1.2|1765704|crew_log_a9ee76ba0652a1cb|0|1786979252.270|0.000|0.000|616218624|2892406784|sim_v_jess|__AUTOMETRIC__
__AUTOMETRIC__|0.1.2|1765704|crew_log_a9ee76ba0652a1cb|0|1786979253.271|0.000|0.000|616218624|2892406784|sim_v_jess|__AUTOMETRIC__
__AUTOMETRIC__|0.1.2|1765704|crew_log_a9ee76ba0652a1cb|0|1786979254.272|0.000|0.000|616218624|2892406784|sim_v_jess|__AUTOMETRIC__
__AUTOMETRIC__|0.1.2|1765704|crew_log_a9ee76ba0652a1cb|0|1786979255.273|0.999|0.005|616218624|2892406784|sim_v_jess|__AUTOMETRIC__
__AUTOMETRIC__|0.1.2|1765704|crew_log_a9ee76ba0652a1cb|0|1786979256.275|0.000|0.000|616218624|2892406784|sim_v_jess|__AUTOMETRIC__
__AUTOMETRIC__|0.1.2|1765704|crew_log_a9ee76ba0652a1cb|0|1786979257.277|0.000|0.000|616218624|2892406784|sim_v_jess|__AUTOMETRIC__
