__AUTOMETRIC__|0.1.2|30292|crew_log_9678f43f3b8b60f3|0|1786327096.275|100.622|6.289|180609024|206905344|sim_data_345e031ce91f1b82|__AUTOMETRIC__
__AUTOMETRIC__|0.1.2|30292|crew_log_9678f43f3b8b60f3|0|1786327097.290|55.399|3.462|220467200|246693888|sim_data_345e031ce91f1b82|__AUTOMETRIC__
__AUTOMETRIC__|0.1.2|30292|crew_log_9678f43f3b8b60f3|0|1786327098.296|0.000|0.000|219615232|245583872|sim_data_345e031ce91f1b82|__AUTOMETRIC__
__AUTOMETRIC__|0.1.2|30292|crew_log_9678f43f3b8b60f3|0|1786327099.304|1.550|0.097|219582464|245551104|sim_data_345e031ce91f1b82|__AUTOMETRIC__
__AUTOMETRIC__|0.1.2|30292|crew_log_9678f43f3b8b60f3|0|1786327100.315|0.000|0.000|219586560|245551104|sim_data_345e031ce91f1b82|__AUTOMETRIC__
__AUTOMETRIC__|0.1.2|30292|crew_log_9678f43f3b8b60f3|0|1786327101.328|0.000|0.000|219594752|245559296|sim_data_345e031ce91f1b82|__AUTOMETRIC__
__AUTOMETRIC__|0.1.2|30292|crew_log_9678f43f3b8b60f3|0|1786327102.341|0.000|0.000|219594752|245559296|sim_data_345e031ce91f1b82|__AUTOMETRIC__
__AUTOMETRIC__|0.1.2|30292|crew_log_9678f43f3b8b60f3|0|1786327103.351|0.000|0.000|219594752|245559296|sim_data_345e031ce91f1b82|__AUTOMETRIC__
__AUTOMETRIC__|0.1.2|30292|crew_log_9678f43f3b8b60f3|0|1786327104.358|0.000|0.000|219594752|245559296|sim_data_345e031ce91f1b82|__AUTOMETRIC__
__AUTOMETRIC__|0.1.2|30292|crew_log_9678f43f3b8b60f3|0|1786327105.372|0.000|0.000|219594752|245559296|sim_data_345e031ce91f1b82|__AUTOMETRIC__
__AUTOMETRIC__|0.1.2|30292|crew_log_9678f43f3b8b60f3|0|1786327106.374|0.000|0.000|219594752|245559296|sim_data_345e031ce91f1b82|__AUTOMETRIC__
__AUTOMETRIC__|0.1.2|30292|crew_log_9678f43f3b8b60f3|0|1786327107.379|48.177|3.011|220942336|246894592|sim_data_345e031ce91f1b82|__AUTOMETRIC__
__AUTOMETRIC__|0.1.2|30292|crew_log_9678f43f3b8b60f3|0|1786327108.393|100.257|6.266|278032384|304189440|sim_data_345e031ce91f1b82|__AUTOMETRIC__
__AUTOMETRIC__|0.1.2|30292|crew_log_9678f43f3b8b60f3|0|1786327109.403|102.070|6.379|403091456|435773440|sim_data_345e031ce91f1b82|__AUTOMETRIC__
__AUTOMETRIC__|0.1.2|30292|crew_log_9678f43f3b8b60f3|0|1786327110.415|118.864|7.429|507482112|533504000|sim_data_345e031ce91f1b82|__AUTOMETRIC__
__AUTOMETRIC__|0.1.2|30292|crew_log_9678f43f3b8b60f3|0|1786327111.429|98.640|6.165|526561280|549335040|sim_data_345e031ce91f1b82|__AUTOMETRIC__
__AUTOMETRIC__|0.1.2|30292|crew_log_9678f43f3b8b60f3|0|1786327112.441|100.346|6.272|623931392|647122944|sim_data_345e031ce91f1b82|__AUTOMETRIC__
__AUTOMETRIC__|0.1.2|30292|crew_log_9678f43f3b8b60f3|0|1786327113.451|100.547|6.284|806772736|830091264|sim_data_345e031ce91f1b82|__AUTOMETRIC__
__AUTOMETRIC__|0.1.2|30292|crew_log_9678f43f3b8b60f3|0|1786327114.466|100.089|6.256|997466112|1022521344|sim_data_345e031ce91f1b82|__AUTOMETRIC__
__AUTOMETRIC__|0.1.2|30292|crew_log_9678f43f3b8b60f3|0|1786327115.476|100.484|6.280|1108762624|1133289472|sim_data_345e031ce91f1b82|__AUTOMETRIC__
__AUTOMETRIC__|0.1.2|30292|crew_log_9678f43f3b8b60f3|0|1786327116.485|97.573|6.098|1363488768|1388163072|sim_data_345e031ce91f1b82|__AUTOMETRIC__
__AUTOMETRIC__|0.1.2|30292|crew_log_9678f43f3b8b60f3|0|1786327117.496|97.363|6.085|1521754112|1545977856|sim_data_345e031ce91f1b82|__AUTOMETRIC__
__AUTOMETRIC__|0.1.2|30292|crew_log_9678f43f3b8b60f3|0|1786327118.508|98.886|6.180|1530085376|1553690624|sim_data_345e031ce91f1b82|__AUTOMETRIC__
__AUTOMETRIC__|0.1.2|30292|crew_log_9678f43f3b8b60f3|0|1786327119.517|97.533|6.096|1562783744|1586106368|sim_data_345e031ce91f1b82|__AUTOMETRIC__
__AUTOMETRIC__|0.1.2|30292|crew_log_9678f43f3b8b60f3|0|1786327120.527|100.512|6.282|1757044736|1780756480|sim_data_345e031ce91f1b82|__AUTOMETRIC__
__AUTOMETRIC__|0.1.2|30292|crew_log_9678f43f3b8b60f3|0|1786327121.538|95.869|5.992|1899573248|1923723264|sim_data_345e031ce91f1b82|__AUTOMETRIC__
__AUTOMETRIC__|0.1.2|30292|crew_log_9678f43f3b8b60f3|0|1786327122.552|98.603|6.163|1842298880|1866276864|sim_data_345e031ce91f1b82|__AUTOMETRIC__
__AUTOMETRIC__|0.1.2|30292|crew_log_9678f43f3b8b60f3|0|1786327123.565|80.225|5.014|1856180224|1880145920|sim_data_345e031ce91f1b82|__AUTOMETRIC__
__AUTOMETRIC__|0.1.2|30292|crew_log_9678f43f3b8b60f3|0|1786327124.578|95.582|5.974|1854922752|1877852160|sim_data_345e031ce91f1b82|__AUTOMETRIC__
__AUTOMETRIC__|0.1.2|30292|crew_log_9678f43f3b8b60f3|0|1786327125.579|98.368|6.148|1854926848|1877856256|sim_data_345e031ce91f1b82|__AUTOMETRIC__
__AUTOMETRIC__|0.1.2|30292|crew_log_9678f43f3b8b60f3|0|1786327126.588|100.648|6.291|1854435328|1877364736|sim_data_345e031ce91f1b82|__AUTOMETRIC__
__AUTOMETRIC__|0.1.2|30292|crew_log_9678f43f3b8b60f3|0|1786327127.602|100.206|6.263|1854435328|1877364736|sim_data_345e031ce91f1b82|__AUTOMETRIC__
__AUTOMETRIC__|0.1.2|30292|crew_log_9678f43f3b8b60f3|0|1786327128.615|98.693|6.168|1854435328|1877364736|sim_data_345e031ce91f1b82|__AUTOMETRIC__
__AUTOMETRIC__|0.1.2|30292|crew_log_9678f43f3b8b60f3|0|1786327129.626|98.860|6.179|1854435328|1877364736|sim_data_345e031ce91f1b82|__AUTOMETRIC__
__AUTOMETRIC__|0.1.2|30292|crew_log_9678f43f3b8b60f3|0|1786327130.634|100.814|6.301|1854435328|1877364736|sim_data_345e031ce91f1b82|__AUTOMETRIC__
__AUTOMETRIC__|0.1.2|30292|crew_log_9678f43f3b8b60f3|0|1786327131.648|98.564|6.160|1854435328|1877364736|sim_data_345e031ce91f1b82|__AUTOMETRIC__
__AUTOMETRIC__|0.1.2|30292|crew_log_9678f43f3b8b60f3|0|1786327132.664|99.987|6.249|1855426560|1878290432|sim_data_345e031ce91f1b82|__AUTOMETRIC__
__AUTOMETRIC__|0.1.2|30292|crew_log_9678f43f3b8b60f3|0|1786327133.664|99.983|6.249|1855389696|1878253568|sim_data_345e031ce91f1b82|__AUTOMETRIC__
__AUTOMETRIC__|0.1.2|30292|crew_log_9678f43f3b8b60f3|0|1786327134.678|98.667|6.167|1855389696|1878253568|sim_data_345e031ce91f1b82|__AUTOMETRIC__
__AUTOMETRIC__|0.1.2|30292|crew_log_9678f43f3b8b60f3|0|1786327135.692|101.651|6.353|1855389696|1878253568|sim_data_345e031ce91f1b82|__AUTOMETRIC__
__AUTOMETRIC__|0.1.2|30292|crew_log_9678f43f3b8b60f3|0|1786327136.693|99.936|6.246|1855389696|1878253568|sim_data_345e031ce91f1b82|__AUTOMETRIC__
__AUTOMETRIC__|0.1.2|30292|crew_log_9678f43f3b8b60f3|0|1786327137.707|98.620|6.164|1855389696|1878253568|sim_data_345e031ce91f1b82|__AUTOMETRIC__
__AUTOMETRIC__|0.1.2|30292|crew_log_9678f43f3b8b60f3|0|1786327138.718|102.027|6.377|1855389696|1878253568|sim_data_345e031ce91f1b82|__AUTOMETRIC__
__AUTOMETRIC__|0.1.2|30292|crew_log_9678f43f3b8b60f3|0|1786327139.729|100.404|6.275|1855389696|1878253568|sim_data_345e031ce91f1b82|__AUTOMETRIC__
__AUTOMETRIC__|0.1.2|30292|crew_log_9678f43f3b8b60f3|0|1786327140.741|98.841|6.178|1856405504|1879269376|sim_data_345e031ce91f1b82|__AUTOMETRIC__
__AUTOMETRIC__|0.1.2|30292|crew_log_9678f43f3b8b60f3|0|1786327141.742|93.689|5.856|1856344064|1879207936|sim_data_345e031ce91f1b82|__AUTOMETRIC__
__AUTOMETRIC__|0.1.2|30292|crew_log_9678f43f3b8b60f3|0|1786327142.746|102.645|6.415|1856344064|1879207936|sim_data_345e031ce91f1b82|__AUTOMETRIC__
__AUTOMETRIC__|0.1.2|30292|crew_log_9678f43f3b8b60f3|0|1786327143.748|99.797|6.237|1856344064|1879207936|sim_data_345e031ce91f1b82|__AUTOMETRIC__
__AUTOMETRIC__|0.1.2|30292|crew_log_9678f43f3b8b60f3|0|1786327144.762|100.248|6.266|1856344064|1879207936|sim_data_345e031ce91f1b82|__AUTOMETRIC__
__AUTOMETRIC__|0.1.2|30292|crew_log_9678f43f3b8b60f3|0|1786327145.766|98.045|6.128|1856344064|1879207936|sim_data_345e031ce91f1b82|__AUTOMETRIC__
__AUTOMETRIC__|0.1.2|30292|crew_log_9678f43f3b8b60f3|0|1786327146.780|100.082|6.255|1856344064|1879207936|sim_data_345e031ce91f1b82|__AUTOMETRIC__
__AUTOMETRIC__|0.1.2|30292|crew_log_9678f43f3b8b60f3|0|1786327147.792|98.885|6.180|1857224704|1880088576|sim_data_345e031ce91f1b82|__AUTOMETRIC__
__AUTOMETRIC__|0.1.2|30292|crew_log_9678f43f3b8b60f3|0|1786327148.794|99.789|6.237|1857220608|1880084480|sim_data_345e031ce91f1b82|__AUTOMETRIC__
__AUTOMETRIC__|0.1.2|30292|crew_log_9678f43f3b8b60f3|0|1786327149.796|99.739|6.234|1857224704|1880088576|sim_data_345e031ce91f1b82|__AUTOMETRIC__
__AUTOMETRIC__|0.1.2|30292|crew_log_9678f43f3b8b60f3|0|1786327150.806|100.542|6.284|1857232896|1880096768|sim_data_345e031ce91f1b82|__AUTOMETRIC__
__AUTOMETRIC__|0.1.2|30292|crew_log_9678f43f3b8b60f3|0|1786327151.820|100.158|6.260|1857224704|1880088576|sim_data_345e031ce91f1b82|__AUTOMETRIC__
__AUTOMETRIC__|0.1.2|30292|crew_log_9678f43f3b8b60f3|0|1786327152.829|99.139|6.196|1857224704|1880088576|sim_data_345e031ce91f1b82|__AUTOMETRIC__
__AUTOMETRIC__|0.1.2|30292|crew_log_9678f43f3b8b60f3|0|1786327153.833|98.053|6.128|1962766336|1985662976|sim_data_345e031ce91f1b82|__AUTOMETRIC__
__AUTOMETRIC__|0.1.2|30292|crew_log_9678f43f3b8b60f3|0|1786327154.848|98.548|6.159|1996939264|2020061184|sim_data_345e031ce91f1b82|__AUTOMETRIC__
__AUTOMETRIC__|0.1.2|30292|crew_log_9678f43f3b8b60f3|0|1786327155.853|102.550|6.409|1921179648|1944317952|sim_data_345e031ce91f1b82|__AUTOMETRIC__
__AUTOMETRIC__|0.1.2|30292|crew_log_9678f43f3b8b60f3|0|1786327156.858|99.546|6.222|1856704512|1880268800|sim_data_345e031ce91f1b82|__AUTOMETRIC__
__AUTOMETRIC__|0.1.2|30292|crew_log_9678f43f3b8b60f3|0|1786327157.863|96.434|6.027|2021801984|2045472768|sim_data_345e031ce91f1b82|__AUTOMETRIC__
__AUTOMETRIC__|0.1.2|30292|crew_log_9678f43f3b8b60f3|0|1786327158.863|84.322|5.270|2001158144|2023632896|sim_data_345e031ce91f1b82|__AUTOMETRIC__
__AUTOMETRIC__|0.1.2|30292|crew_log_9678f43f3b8b60f3|0|1786327159.864|98.349|6.147|1999990784|2022273024|sim_data_345e031ce91f1b82|__AUTOMETRIC__
__AUTOMETRIC__|0.1.2|30292|crew_log_9678f43f3b8b60f3|0|1786327160.871|100.891|6.306|1999712256|2021994496|sim_data_345e031ce91f1b82|__AUTOMETRIC__
__AUTOMETRIC__|0.1.2|30292|crew_log_9678f43f3b8b60f3|0|1786327161.875|99.617|6.226|1999720448|2022002688|sim_data_345e031ce91f1b82|__AUTOMETRIC__
__AUTOMETRIC__|0.1.2|30292|crew_log_9678f43f3b8b60f3|0|1786327162.886|98.870|6.179|1999716352|2021998592|sim_data_345e031ce91f1b82|__AUTOMETRIC__
__AUTOMETRIC__|0.1.2|30292|crew_log_9678f43f3b8b60f3|0|1786327163.893|99.331|6.208|1999646720|2021928960|sim_data_345e031ce91f1b82|__AUTOMETRIC__
__AUTOMETRIC__|0.1.2|30292|crew_log_9678f43f3b8b60f3|0|1786327164.897|99.583|6.224|2000621568|2022838272|sim_data_345e031ce91f1b82|__AUTOMETRIC__
__AUTOMETRIC__|0.1.2|30292|crew_log_9678f43f3b8b60f3|0|1786327165.900|104.366|6.523|2000547840|2022764544|sim_data_345e031ce91f1b82|__AUTOMETRIC__
__AUTOMETRIC__|0.1.2|30292|crew_log_9678f43f3b8b60f3|0|1786327166.906|99.401|6.213|2000556032|2022772736|sim_data_345e031ce91f1b82|__AUTOMETRIC__
__AUTOMETRIC__|0.1.2|30292|crew_log_9678f43f3b8b60f3|0|1786327167.908|99.776|6.236|2000547840|2022764544|sim_data_345e031ce91f1b82|__AUTOMETRIC__
__AUTOMETRIC__|0.1.2|30292|crew_log_9678f43f3b8b60f3|0|1786327168.921|100.271|6.267|2000551936|2022768640|sim_data_345e031ce91f1b82|__AUTOMETRIC__
__AUTOMETRIC__|0.1.2|30292|crew_log_9678f43f3b8b60f3|0|1786327169.922|96.784|6.049|2001555456|2023772160|sim_data_345e031ce91f1b82|__AUTOMETRIC__
__AUTOMETRIC__|0.1.2|30292|crew_log_9678f43f3b8b60f3|0|1786327170.928|99.382|6.211|2001506304|2023723008|sim_data_345e031ce91f1b82|__AUTOMETRIC__
__AUTOMETRIC__|0.1.2|30292|crew_log_9678f43f3b8b60f3|0|1786327171.936|100.771|6.298|2001506304|2023723008|sim_data_345e031ce91f1b82|__AUTOMETRIC__
__AUTOMETRIC__|0.1.2|30292|crew_log_9678f43f3b8b60f3|0|1786327172.945|100.650|6.291|2001510400|2023727104|sim_data_345e031ce91f1b82|__AUTOMETRIC__
__AUTOMETRIC__|0.1.2|30292|crew_log_9678f43f3b8b60f3|0|1786327173.950|99.555|6.222|2001510400|2023727104|sim_data_345e031ce91f1b82|__AUTOMETRIC__
__AUTOMETRIC__|0.1.2|30292|crew_log_9678f43f3b8b60f3|0|1786327174.956|97.800|6.112|2001506304|2023723008|sim_data_345e031ce91f1b82|__AUTOMETRIC__
__AUTOMETRIC__|0.1.2|30292|crew_log_9678f43f3b8b60f3|0|1786327175.967|100.493|6.281|2002419712|2024632320|sim_data_345e031ce91f1b82|__AUTOMETRIC__
__AUTOMETRIC__|0.1.2|30292|crew_log_9678f43f3b8b60f3|0|1786327176.977|100.528|6.283|2002358272|2024570880|sim_data_345e031ce91f1b82|__AUTOMETRIC__
__AUTOMETRIC__|0.1.2|30292|crew_log_9678f43f3b8b60f3|0|1786327177.985|99.179|6.199|2002358272|2024570880|sim_data_345e031ce91f1b82|__AUTOMETRIC__
__AUTOMETRIC__|0.1.2|30292|crew_log_9678f43f3b8b60f3|0|1786327178.991|97.940|6.121|2002358272|2024570880|sim_data_345e031ce91f1b82|__AUTOMETRIC__
__AUTOMETRIC__|0.1.2|30292|crew_log_9678f43f3b8b60f3|0|1786327179.998|102.396|6.400|2002358272|2024570880|sim_data_345e031ce91f1b82|__AUTOMETRIC__
__AUTOMETRIC__|0.1.2|30292|crew_log_9678f43f3b8b60f3|0|1786327181.003|99.440|6.215|2002358272|2024570880|sim_data_345e031ce91f1b82|__AUTOMETRIC__
__AUTOMETRIC__|0.1.2|30292|crew_log_9678f43f3b8b60f3|0|1786327182.008|101.098|6.319|2111311872|2133671936|sim_data_345e031ce91f1b82|__AUTOMETRIC__
__AUTOMETRIC__|0.1.2|30292|crew_log_9678f43f3b8b60f3|0|1786327183.013|101.012|6.313|1856684032|1879248896|sim_data_345e031ce91f1b82|__AUTOMETRIC__
__AUTOMETRIC__|0.1.2|30292|crew_log_9678f43f3b8b60f3|0|1786327184.022|97.636|6.102|1839980544|1862438912|sim_data_345e031ce91f1b82|__AUTOMETRIC__
__AUTOMETRIC__|0.1.2|30292|crew_log_9678f43f3b8b60f3|0|1786327185.027|102.537|6.409|1754456064|1776902144|sim_data_345e031ce91f1b82|__AUTOMETRIC__
__AUTOMETRIC__|0.1.2|30292|crew_log_9678f43f3b8b60f3|0|1786327186.034|99.362|6.210|1884659712|1907421184|sim_data_345e031ce91f1b82|__AUTOMETRIC__
__AUTOMETRIC__|0.1.2|30292|crew_log_9678f43f3b8b60f3|0|1786327187.036|99.726|6.233|2015928320|2038538240|sim_data_345e031ce91f1b82|__AUTOMETRIC__
__AUTOMETRIC__|0.1.2|30292|crew_log_9678f43f3b8b60f3|0|1786327188.044|82.202|5.138|2014232576|2037198848|sim_data_345e031ce91f1b82|__AUTOMETRIC__
__AUTOMETRIC__|0.1.2|30292|crew_log_9678f43f3b8b60f3|0|1786327189.051|94.673|5.917|2012823552|2034237440|sim_data_345e031ce91f1b82|__AUTOMETRIC__
__AUTOMETRIC__|0.1.2|30292|crew_log_9678f43f3b8b60f3|0|1786327190.060|100.600|6.287|2012012544|2033426432|sim_data_345e031ce91f1b82|__AUTOMETRIC__
__AUTOMETRIC__|0.1.2|30292|crew_log_9678f43f3b8b60f3|0|1786327191.063|98.175|6.136|2012008448|2033422336|sim_data_345e031ce91f1b82|__AUTOMETRIC__
__AUTOMETRIC__|0.1.2|30292|crew_log_9678f43f3b8b60f3|0|1786327192.069|100.898|6.306|2012954624|2034302976|sim_data_345e031ce91f1b82|__AUTOMETRIC__
__AUTOMETRIC__|0.1.2|30292|crew_log_9678f43f3b8b60f3|0|1786327193.078|99.169|6.198|2012946432|2034294784|sim_data_345e031ce91f1b82|__AUTOMETRIC__
__AUTOMETRIC__|0.1.2|30292|crew_log_9678f43f3b8b60f3|0|1786327194.079|99.899|6.244|2013024256|2034372608|sim_data_345e031ce91f1b82|__AUTOMETRIC__
__AUTOMETRIC__|0.1.2|30292|crew_log_9678f43f3b8b60f3|0|1786327195.082|99.672|6.230|2013011968|2034360320|sim_data_345e031ce91f1b82|__AUTOMETRIC__
__AUTOMETRIC__|0.1.2|30292|crew_log_9678f43f3b8b60f3|0|1786327196.088|100.979|6.311|2013925376|2035273728|sim_data_345e031ce91f1b82|__AUTOMETRIC__
__AUTOMETRIC__|0.1.2|30292|crew_log_9678f43f3b8b60f3|0|1786327197.097|99.127|6.195|2013917184|2035265536|sim_data_345e031ce91f1b82|__AUTOMETRIC__
__AUTOMETRIC__|0.1.2|30292|crew_log_9678f43f3b8b60f3|0|1786327198.107|100.569|6.286|2013925376|2035273728|sim_data_345e031ce91f1b82|__AUTOMETRIC__
__AUTOMETRIC__|0.1.2|30292|crew_log_9678f43f3b8b60f3|0|1786327199.119|100.353|6.272|2014892032|2036240384|sim_data_345e031ce91f1b82|__AUTOMETRIC__
__AUTOMETRIC__|0.1.2|30292|crew_log_9678f43f3b8b60f3|0|1786327200.133|100.133|6.258|2014834688|2036183040|sim_data_345e031ce91f1b82|__AUTOMETRIC__
__AUTOMETRIC__|0.1.2|30292|crew_log_9678f43f3b8b60f3|0|1786327201.135|98.277|6.142|2014834688|2036183040|sim_data_345e031ce91f1b82|__AUTOMETRIC__
__AUTOMETRIC__|0.1.2|30292|crew_log_9678f43f3b8b60f3|0|1786327202.144|99.038|6.190|2037915648|2059268096|sim_data_345e031ce91f1b82|__AUTOMETRIC__
__AUTOMETRIC__|0.1.2|30292|crew_log_9678f43f3b8b60f3|0|1786327203.151|100.835|6.302|2124070912|2145886208|sim_data_345e031ce91f1b82|__AUTOMETRIC__
__AUTOMETRIC__|0.1.2|30292|crew_log_9678f43f3b8b60f3|0|1786327204.159|105.454|6.591|1911853056|1933332480|sim_data_345e031ce91f1b82|__AUTOMETRIC__
__AUTOMETRIC__|0.1.2|30292|crew_log_9678f43f3b8b60f3|0|1786327205.164|102.583|6.411|1838960640|1860440064|sim_data_345e031ce91f1b82|__AUTOMETRIC__
__AUTOMETRIC__|0.1.2|30292|crew_log_9678f43f3b8b60f3|0|1786327206.176|98.806|6.175|1946791936|1968574464|sim_data_345e031ce91f1b82|__AUTOMETRIC__
__AUTOMETRIC__|0.1.2|30292|crew_log_9678f43f3b8b60f3|0|1786327207.188|100.449|6.278|2086260736|2108076032|sim_data_345e031ce91f1b82|__AUTOMETRIC__
__AUTOMETRIC__|0.1.2|30292|crew_log_9678f43f3b8b60f3|0|1786327208.193|99.448|6.216|2012131328|2034012160|sim_data_345e031ce91f1b82|__AUTOMETRIC__
__AUTOMETRIC__|0.1.2|30292|crew_log_9678f43f3b8b60f3|0|1786327209.195|79.528|4.971|2015318016|2036023296|sim_data_345e031ce91f1b82|__AUTOMETRIC__
__AUTOMETRIC__|0.1.2|30292|crew_log_9678f43f3b8b60f3|0|1786327210.204|99.089|6.193|2014445568|2034896896|sim_data_345e031ce91f1b82|__AUTOMETRIC__
__AUTOMETRIC__|0.1.2|30292|crew_log_9678f43f3b8b60f3|0|1786327211.214|100.536|6.283|2014449664|2034900992|sim_data_345e031ce91f1b82|__AUTOMETRIC__
__AUTOMETRIC__|0.1.2|30292|crew_log_9678f43f3b8b60f3|0|1786327212.227|100.300|6.269|2014445568|2034896896|sim_data_345e031ce91f1b82|__AUTOMETRIC__
__AUTOMETRIC__|0.1.2|30292|crew_log_9678f43f3b8b60f3|0|1786327213.241|98.631|6.164|2014445568|2034896896|sim_data_345e031ce91f1b82|__AUTOMETRIC__
__AUTOMETRIC__|0.1.2|30292|crew_log_9678f43f3b8b60f3|0|1786327214.253|98.854|6.178|2015383552|2035769344|sim_data_345e031ce91f1b82|__AUTOMETRIC__
__AUTOMETRIC__|0.1.2|30292|crew_log_9678f43f3b8b60f3|0|1786327215.265|100.274|6.267|2015334400|2035720192|sim_data_345e031ce91f1b82|__AUTOMETRIC__
__AUTOMETRIC__|0.1.2|30292|crew_log_9678f43f3b8b60f3|0|1786327216.275|99.046|6.190|2015334400|2035720192|sim_data_345e031ce91f1b82|__AUTOMETRIC__
__AUTOMETRIC__|0.1.2|30292|crew_log_9678f43f3b8b60f3|0|1786327217.287|97.232|6.077|2016296960|2036678656|sim_data_345e031ce91f1b82|__AUTOMETRIC__
__AUTOMETRIC__|0.1.2|30292|crew_log_9678f43f3b8b60f3|0|1786327218.288|103.086|6.443|2016276480|2036658176|sim_data_345e031ce91f1b82|__AUTOMETRIC__
__AUTOMETRIC__|0.1.2|30292|crew_log_9678f43f3b8b60f3|0|1786327219.301|98.723|6.170|2016276480|2036658176|sim_data_345e031ce91f1b82|__AUTOMETRIC__
