__AUTOMETRIC__|0.1.2|9532|crew_log_a3f6277b2a6fb7c7|0|1786327098.407|10.907|0.682|119881728|146632704|__DEFAULT__|__AUTOMETRIC__
__AUTOMETRIC__|0.1.2|9532|crew_log_a3f6277b2a6fb7c7|0|1786327099.416|0.000|0.000|119918592|146640896|__DEFAULT__|__AUTOMETRIC__
__AUTOMETRIC__|0.1.2|9532|crew_log_a3f6277b2a6fb7c7|0|1786327100.425|0.000|0.000|119828480|146550784|__DEFAULT__|__AUTOMETRIC__
__AUTOMETRIC__|0.1.2|9532|crew_log_a3f6277b2a6fb7c7|0|1786327101.440|0.000|0.000|119828480|146550784|__DEFAULT__|__AUTOMETRIC__
__AUTOMETRIC__|0.1.2|9532|crew_log_a3f6277b2a6fb7c7|0|1786327102.453|0.000|0.000|119836672|146558976|__DEFAULT__|__AUTOMETRIC__
__AUTOMETRIC__|0.1.2|9532|crew_log_a3f6277b2a6fb7c7|0|1786327103.461|0.000|0.000|119828480|146550784|__DEFAULT__|__AUTOMETRIC__
__AUTOMETRIC__|0.1.2|9532|crew_log_a3f6277b2a6fb7c7|0|1786327104.469|0.000|0.000|119828480|146550784|__DEFAULT__|__AUTOMETRIC__
__AUTOMETRIC__|0.1.2|9532|crew_log_a3f6277b2a6fb7c7|0|1786327105.482|0.000|0.000|119828480|146550784|__DEFAULT__|__AUTOMETRIC__
__AUTOMETRIC__|0.1.2|9532|crew_log_a3f6277b2a6fb7c7|0|1786327106.485|0.000|0.000|119836672|146558976|__DEFAULT__|__AUTOMETRIC__
__AUTOMETRIC__|0.1.2|9532|crew_log_a3f6277b2a6fb7c7|0|1786327107.490|0.000|0.000|119836672|146558976|__DEFAULT__|__AUTOMETRIC__
__AUTOMETRIC__|0.1.2|9532|crew_log_a3f6277b2a6fb7c7|0|1786327108.503|1.543|0.096|119828480|146550784|__DEFAULT__|__AUTOMETRIC__
__AUTOMETRIC__|0.1.2|9532|crew_log_a3f6277b2a6fb7c7|0|1786327109.513|0.000|0.000|119832576|146550784|__DEFAULT__|__AUTOMETRIC__
__AUTOMETRIC__|0.1.2|9532|crew_log_a3f6277b2a6fb7c7|0|1786327110.527|0.000|0.000|119832576|146550784|__DEFAULT__|__AUTOMETRIC__
__AUTOMETRIC__|0.1.2|9532|crew_log_a3f6277b2a6fb7c7|0|1786327111.539|0.000|0.000|119840768|146558976|__DEFAULT__|__AUTOMETRIC__
__AUTOMETRIC__|0.1.2|9532|crew_log_a3f6277b2a6fb7c7|0|1786327112.551|0.000|0.000|119840768|146558976|__DEFAULT__|__AUTOMETRIC__
__AUTOMETRIC__|0.1.2|9532|crew_log_a3f6277b2a6fb7c7|0|1786327113.562|0.000|0.000|119832576|146550784|__DEFAULT__|__AUTOMETRIC__
__AUTOMETRIC__|0.1.2|9532|crew_log_a3f6277b2a6fb7c7|0|1786327114.577|0.000|0.000|119840768|146558976|__DEFAULT__|__AUTOMETRIC__
__AUTOMETRIC__|0.1.2|9532|crew_log_a3f6277b2a6fb7c7|0|1786327115.587|0.000|0.000|119832576|146550784|__DEFAULT__|__AUTOMETRIC__
__AUTOMETRIC__|0.1.2|9532|crew_log_a3f6277b2a6fb7c7|0|1786327116.596|0.000|0.000|119832576|146550784|__DEFAULT__|__AUTOMETRIC__
__AUTOMETRIC__|0.1.2|9532|crew_log_a3f6277b2a6fb7c7|0|1786327117.606|0.000|0.000|119840768|146558976|__DEFAULT__|__AUTOMETRIC__
__AUTOMETRIC__|0.1.2|9532|crew_log_a3f6277b2a6fb7c7|0|1786327118.618|0.000|0.000|119840768|146558976|__DEFAULT__|__AUTOMETRIC__
__AUTOMETRIC__|0.1.2|9532|crew_log_a3f6277b2a6fb7c7|0|1786327119.628|0.000|0.000|119832576|146550784|__DEFAULT__|__AUTOMETRIC__
__AUTOMETRIC__|0.1.2|9532|crew_log_a3f6277b2a6fb7c7|0|1786327120.639|0.000|0.000|119832576|146550784|__DEFAULT__|__AUTOMETRIC__
__AUTOMETRIC__|0.1.2|9532|crew_log_a3f6277b2a6fb7c7|0|1786327121.648|0.000|0.000|119840768|146558976|__DEFAULT__|__AUTOMETRIC__
__AUTOMETRIC__|0.1.2|9532|crew_log_a3f6277b2a6fb7c7|0|1786327122.662|0.000|0.000|119840768|146558976|__DEFAULT__|__AUTOMETRIC__
__AUTOMETRIC__|0.1.2|9532|crew_log_a3f6277b2a6fb7c7|0|1786327123.675|0.000|0.000|119840768|146558976|__DEFAULT__|__AUTOMETRIC__
__AUTOMETRIC__|0.1.2|9532|crew_log_a3f6277b2a6fb7c7|0|1786327124.689|0.000|0.000|119832576|146550784|__DEFAULT__|__AUTOMETRIC__
__AUTOMETRIC__|0.1.2|9532|crew_log_a3f6277b2a6fb7c7|0|1786327125.690|0.000|0.000|119832576|146550784|__DEFAULT__|__AUTOMETRIC__
__AUTOMETRIC__|0.1.2|9532|crew_log_a3f6277b2a6fb7c7|0|1786327126.699|0.000|0.000|119832576|146550784|__DEFAULT__|__AUTOMETRIC__
__AUTOMETRIC__|0.1.2|9532|crew_log_a3f6277b2a6fb7c7|0|1786327127.713|0.000|0.000|119840768|146558976|__DEFAULT__|__AUTOMETRIC__
__AUTOMETRIC__|0.1.2|9532|crew_log_a3f6277b2a6fb7c7|0|1786327128.726|0.000|0.000|119840768|146558976|__DEFAULT__|__AUTOMETRIC__
__AUTOMETRIC__|0.1.2|9532|crew_log_a3f6277b2a6fb7c7|0|1786327129.738|0.000|0.000|119832576|146550784|__DEFAULT__|__AUTOMETRIC__
__AUTOMETRIC__|0.1.2|9532|crew_log_a3f6277b2a6fb7c7|0|1786327130.746|0.000|0.000|119832576|146550784|__DEFAULT__|__AUTOMETRIC__
__AUTOMETRIC__|0.1.2|9532|crew_log_a3f6277b2a6fb7c7|0|1786327131.760|0.000|0.000|119832576|146550784|__DEFAULT__|__AUTOMETRIC__
__AUTOMETRIC__|0.1.2|9532|crew_log_a3f6277b2a6fb7c7|0|1786327132.761|0.000|0.000|119840768|146558976|__DEFAULT__|__AUTOMETRIC__
__AUTOMETRIC__|0.1.2|9532|crew_log_a3f6277b2a6fb7c7|0|1786327133.777|0.000|0.000|119840768|146558976|__DEFAULT__|__AUTOMETRIC__
__AUTOMETRIC__|0.1.2|9532|crew_log_a3f6277b2a6fb7c7|0|1786327134.789|0.000|0.000|119832576|146550784|__DEFAULT__|__AUTOMETRIC__
__AUTOMETRIC__|0.1.2|9532|crew_log_a3f6277b2a6fb7c7|0|1786327135.803|0.000|0.000|119832576|146550784|__DEFAULT__|__AUTOMETRIC__
__AUTOMETRIC__|0.1.2|9532|crew_log_a3f6277b2a6fb7c7|0|1786327136.804|3.123|0.195|119832576|146550784|__DEFAULT__|__AUTOMETRIC__
__AUTOMETRIC__|0.1.2|9532|crew_log_a3f6277b2a6fb7c7|0|1786327137.817|0.000|0.000|119832576|146550784|__DEFAULT__|__AUTOMETRIC__
__AUTOMETRIC__|0.1.2|9532|crew_log_a3f6277b2a6fb7c7|0|1786327138.828|0.000|0.000|119840768|146558976|__DEFAULT__|__AUTOMETRIC__
__AUTOMETRIC__|0.1.2|9532|crew_log_a3f6277b2a6fb7c7|0|1786327139.839|0.000|0.000|119840768|146558976|__DEFAULT__|__AUTOMETRIC__
__AUTOMETRIC__|0.1.2|9532|crew_log_a3f6277b2a6fb7c7|0|1786327140.851|0.000|0.000|119832576|146550784|__DEFAULT__|__AUTOMETRIC__
__AUTOMETRIC__|0.1.2|9532|crew_log_a3f6277b2a6fb7c7|0|1786327141.867|0.000|0.000|119832576|146550784|__DEFAULT__|__AUTOMETRIC__
__AUTOMETRIC__|0.1.2|9532|crew_log_a3f6277b2a6fb7c7|0|1786327142.872|0.000|0.000|119832576|146550784|__DEFAULT__|__AUTOMETRIC__
__AUTOMETRIC__|0.1.2|9532|crew_log_a3f6277b2a6fb7c7|0|1786327143.887|0.000|0.000|119840768|146558976|__DEFAULT__|__AUTOMETRIC__
__AUTOMETRIC__|0.1.2|9532|crew_log_a3f6277b2a6fb7c7|0|1786327144.888|0.000|0.000|119832576|146550784|__DEFAULT__|__AUTOMETRIC__
__AUTOMETRIC__|0.1.2|9532|crew_log_a3f6277b2a6fb7c7|0|1786327145.894|0.000|0.000|119832576|146550784|__DEFAULT__|__AUTOMETRIC__
__AUTOMETRIC__|0.1.2|9532|crew_log_a3f6277b2a6fb7c7|0|1786327146.906|0.000|0.000|119832576|146550784|__DEFAULT__|__AUTOMETRIC__
__AUTOMETRIC__|0.1.2|9532|crew_log_a3f6277b2a6fb7c7|0|1786327147.915|0.000|0.000|119840768|146558976|__DEFAULT__|__AUTOMETRIC__
__AUTOMETRIC__|0.1.2|9532|crew_log_a3f6277b2a6fb7c7|0|1786327148.917|0.000|0.000|119840768|146558976|__DEFAULT__|__AUTOMETRIC__
__AUTOMETRIC__|0.1.2|9532|crew_log_a3f6277b2a6fb7c7|0|1786327149.921|0.000|0.000|119832576|146550784|__DEFAULT__|__AUTOMETRIC__
__AUTOMETRIC__|0.1.2|9532|crew_log_a3f6277b2a6fb7c7|0|1786327150.932|0.000|0.000|119840768|146558976|__DEFAULT__|__AUTOMETRIC__
__AUTOMETRIC__|0.1.2|9532|crew_log_a3f6277b2a6fb7c7|0|1786327151.946|0.000|0.000|119840768|146558976|__DEFAULT__|__AUTOMETRIC__
__AUTOMETRIC__|0.1.2|9532|crew_log_a3f6277b2a6fb7c7|0|1786327152.954|0.000|0.000|119832576|146550784|__DEFAULT__|__AUTOMETRIC__
__AUTOMETRIC__|0.1.2|9532|crew_log_a3f6277b2a6fb7c7|0|1786327153.963|0.000|0.000|119840768|146558976|__DEFAULT__|__AUTOMETRIC__
__AUTOMETRIC__|0.1.2|9532|crew_log_a3f6277b2a6fb7c7|0|1786327154.975|0.000|0.000|119795712|146481152|__DEFAULT__|__AUTOMETRIC__
__AUTOMETRIC__|0.1.2|9532|crew_log_a3f6277b2a6fb7c7|0|1786327155.977|1.559|0.097|119803904|146489344|__DEFAULT__|__AUTOMETRIC__
__AUTOMETRIC__|0.1.2|9532|crew_log_a3f6277b2a6fb7c7|0|1786327156.984|0.000|0.000|119795712|146481152|__DEFAULT__|__AUTOMETRIC__
__AUTOMETRIC__|0.1.2|9532|crew_log_a3f6277b2a6fb7c7|0|1786327157.987|0.000|0.000|119795712|146481152|__DEFAULT__|__AUTOMETRIC__
__AUTOMETRIC__|0.1.2|9532|crew_log_a3f6277b2a6fb7c7|0|1786327159.002|0.000|0.000|119795712|146481152|__DEFAULT__|__AUTOMETRIC__
__AUTOMETRIC__|0.1.2|9532|crew_log_a3f6277b2a6fb7c7|0|1786327160.007|0.000|0.000|119795712|146481152|__DEFAULT__|__AUTOMETRIC__
__AUTOMETRIC__|0.1.2|9532|crew_log_a3f6277b2a6fb7c7|0|1786327161.011|0.000|0.000|119795712|146481152|__DEFAULT__|__AUTOMETRIC__
__AUTOMETRIC__|0.1.2|9532|crew_log_a3f6277b2a6fb7c7|0|1786327162.021|0.000|0.000|119803904|146489344|__DEFAULT__|__AUTOMETRIC__
__AUTOMETRIC__|0.1.2|9532|crew_log_a3f6277b2a6fb7c7|0|1786327163.032|0.000|0.000|119795712|146481152|__DEFAULT__|__AUTOMETRIC__
__AUTOMETRIC__|0.1.2|9532|crew_log_a3f6277b2a6fb7c7|0|1786327164.038|0.000|0.000|119803904|146489344|__DEFAULT__|__AUTOMETRIC__
__AUTOMETRIC__|0.1.2|9532|crew_log_a3f6277b2a6fb7c7|0|1786327165.043|0.000|0.000|119803904|146489344|__DEFAULT__|__AUTOMETRIC__
__AUTOMETRIC__|0.1.2|9532|crew_log_a3f6277b2a6fb7c7|0|1786327166.055|0.000|0.000|119795712|146481152|__DEFAULT__|__AUTOMETRIC__
__AUTOMETRIC__|0.1.2|9532|crew_log_a3f6277b2a6fb7c7|0|1786327167.061|0.000|0.000|119803904|146489344|__DEFAULT__|__AUTOMETRIC__
__AUTOMETRIC__|0.1.2|9532|crew_log_a3f6277b2a6fb7c7|0|1786327168.063|0.000|0.000|119803904|146489344|__DEFAULT__|__AUTOMETRIC__
__AUTOMETRIC__|0.1.2|9532|crew_log_a3f6277b2a6fb7c7|0|1786327169.075|0.000|0.000|119803904|146489344|__DEFAULT__|__AUTOMETRIC__
__AUTOMETRIC__|0.1.2|9532|crew_log_a3f6277b2a6fb7c7|0|1786327170.078|0.000|0.000|119795712|146481152|__DEFAULT__|__AUTOMETRIC__
__AUTOMETRIC__|0.1.2|9532|crew_log_a3f6277b2a6fb7c7|0|1786327171.085|0.000|0.000|119803904|146489344|__DEFAULT__|__AUTOMETRIC__
__AUTOMETRIC__|0.1.2|9532|crew_log_a3f6277b2a6fb7c7|0|1786327172.092|0.000|0.000|119795712|146481152|__DEFAULT__|__AUTOMETRIC__
__AUTOMETRIC__|0.1.2|9532|crew_log_a3f6277b2a6fb7c7|0|1786327173.102|0.000|0.000|119795712|146481152|__DEFAULT__|__AUTOMETRIC__
__AUTOMETRIC__|0.1.2|9532|crew_log_a3f6277b2a6fb7c7|0|1786327174.106|0.000|0.000|119803904|146489344|__DEFAULT__|__AUTOMETRIC__
__AUTOMETRIC__|0.1.2|9532|crew_log_a3f6277b2a6fb7c7|0|1786327175.112|0.000|0.000|119803904|146489344|__DEFAULT__|__AUTOMETRIC__
__AUTOMETRIC__|0.1.2|9532|crew_log_a3f6277b2a6fb7c7|0|1786327176.123|0.000|0.000|119803904|146489344|__DEFAULT__|__AUTOMETRIC__
__AUTOMETRIC__|0.1.2|9532|crew_log_a3f6277b2a6fb7c7|0|1786327177.132|0.000|0.000|119803904|146489344|__DEFAULT__|__AUTOMETRIC__
__AUTOMETRIC__|0.1.2|9532|crew_log_a3f6277b2a6fb7c7|0|1786327178.142|0.000|0.000|119803904|146489344|__DEFAULT__|__AUTOMETRIC__
__AUTOMETRIC__|0.1.2|9532|crew_log_a3f6277b2a6fb7c7|0|1786327179.147|0.000|0.000|119803904|146489344|__DEFAULT__|__AUTOMETRIC__
__AUTOMETRIC__|0.1.2|9532|crew_log_a3f6277b2a6fb7c7|0|1786327180.154|1.551|0.097|119803904|146489344|__DEFAULT__|__AUTOMETRIC__
__AUTOMETRIC__|0.1.2|9532|crew_log_a3f6277b2a6fb7c7|0|1786327181.159|0.000|0.000|119795712|146481152|__DEFAULT__|__AUTOMETRIC__
__AUTOMETRIC__|0.1.2|9532|crew_log_a3f6277b2a6fb7c7|0|1786327182.165|0.000|0.000|119795712|146481152|__DEFAULT__|__AUTOMETRIC__
__AUTOMETRIC__|0.1.2|9532|crew_log_a3f6277b2a6fb7c7|0|1786327183.170|0.000|0.000|119795712|146481152|__DEFAULT__|__AUTOMETRIC__
__AUTOMETRIC__|0.1.2|9532|crew_log_a3f6277b2a6fb7c7|0|1786327184.177|0.000|0.000|119795712|146481152|__DEFAULT__|__AUTOMETRIC__
__AUTOMETRIC__|0.1.2|9532|crew_log_a3f6277b2a6fb7c7|0|1786327185.183|0.000|0.000|119803904|146489344|__DEFAULT__|__AUTOMETRIC__
__AUTOMETRIC__|0.1.2|9532|crew_log_a3f6277b2a6fb7c7|0|1786327186.190|0.000|0.000|119795712|146481152|__DEFAULT__|__AUTOMETRIC__
__AUTOMETRIC__|0.1.2|9532|crew_log_a3f6277b2a6fb7c7|0|1786327187.194|0.000|0.000|119803904|146489344|__DEFAULT__|__AUTOMETRIC__
__AUTOMETRIC__|0.1.2|9532|crew_log_a3f6277b2a6fb7c7|0|1786327188.200|0.000|0.000|119803904|146489344|__DEFAULT__|__AUTOMETRIC__
__AUTOMETRIC__|0.1.2|9532|crew_log_a3f6277b2a6fb7c7|0|1786327189.207|0.000|0.000|119795712|146481152|__DEFAULT__|__AUTOMETRIC__
__AUTOMETRIC__|0.1.2|9532|crew_log_a3f6277b2a6fb7c7|0|1786327190.214|0.000|0.000|119803904|146489344|__DEFAULT__|__AUTOMETRIC__
__AUTOMETRIC__|0.1.2|9532|crew_log_a3f6277b2a6fb7c7|0|1786327191.219|0.000|0.000|119803904|146489344|__DEFAULT__|__AUTOMETRIC__
__AUTOMETRIC__|0.1.2|9532|crew_log_a3f6277b2a6fb7c7|0|1786327192.225|0.000|0.000|119795712|146481152|__DEFAULT__|__AUTOMETRIC__
__AUTOMETRIC__|0.1.2|9532|crew_log_a3f6277b2a6fb7c7|0|1786327193.233|0.000|0.000|119795712|146481152|__DEFAULT__|__AUTOMETRIC__
__AUTOMETRIC__|0.1.2|9532|crew_log_a3f6277b2a6fb7c7|0|1786327194.234|0.000|0.000|119803904|146489344|__DEFAULT__|__AUTOMETRIC__
__AUTOMETRIC__|0.1.2|9532|crew_log_a3f6277b2a6fb7c7|0|1786327195.238|0.000|0.000|119803904|146489344|__DEFAULT__|__AUTOMETRIC__
__AUTOMETRIC__|0.1.2|9532|crew_log_a3f6277b2a6fb7c7|0|1786327196.241|0.000|0.000|119795712|146481152|__DEFAULT__|__AUTOMETRIC__
__AUTOMETRIC__|0.1.2|9532|crew_log_a3f6277b2a6fb7c7|0|1786327197.256|1.540|0.096|119803904|146489344|__DEFAULT__|__AUTOMETRIC__
__AUTOMETRIC__|0.1.2|9532|crew_log_a3f6277b2a6fb7c7|0|1786327198.264|0.000|0.000|119803904|146489344|__DEFAULT__|__AUTOMETRIC__
__AUTOMETRIC__|0.1.2|9532|crew_log_a3f6277b2a6fb7c7|0|1786327199.277|0.000|0.000|119803904|146489344|__DEFAULT__|__AUTOMETRIC__
__AUTOMETRIC__|0.1.2|9532|crew_log_a3f6277b2a6fb7c7|0|1786327200.290|0.000|0.000|119803904|146489344|__DEFAULT__|__AUTOMETRIC__
__AUTOMETRIC__|0.1.2|9532|crew_log_a3f6277b2a6fb7c7|0|1786327201.293|0.000|0.000|119795712|146481152|__DEFAULT__|__AUTOMETRIC__
__AUTOMETRIC__|0.1.2|9532|crew_log_a3f6277b2a6fb7c7|0|1786327202.300|0.000|0.000|119803904|146489344|__DEFAULT__|__AUTOMETRIC__
__AUTOMETRIC__|0.1.2|9532|crew_log_a3f6277b2a6fb7c7|0|1786327203.310|0.000|0.000|119795712|146481152|__DEFAULT__|__AUTOMETRIC__
__AUTOMETRIC__|0.1.2|9532|crew_log_a3f6277b2a6fb7c7|0|1786327204.317|0.000|0.000|119803904|146489344|__DEFAULT__|__AUTOMETRIC__
__AUTOMETRIC__|0.1.2|9532|crew_log_a3f6277b2a6fb7c7|0|1786327205.322|0.000|0.000|119803904|146489344|__DEFAULT__|__AUTOMETRIC__
__AUTOMETRIC__|0.1.2|9532|crew_log_a3f6277b2a6fb7c7|0|1786327206.332|0.000|0.000|119803904|146489344|__DEFAULT__|__AUTOMETRIC__
__AUTOMETRIC__|0.1.2|9532|crew_log_a3f6277b2a6fb7c7|0|1786327207.346|0.000|0.000|119803904|146489344|__DEFAULT__|__AUTOMETRIC__
__AUTOMETRIC__|0.1.2|9532|crew_log_a3f6277b2a6fb7c7|0|1786327208.349|0.000|0.000|119803904|146489344|__DEFAULT__|__AUTOMETRIC__
__AUTOMETRIC__|0.1.2|9532|crew_log_a3f6277b2a6fb7c7|0|1786327209.352|0.000|0.000|119803904|146489344|__DEFAULT__|__AUTOMETRIC__
__AUTOMETRIC__|0.1.2|9532|crew_log_a3f6277b2a6fb7c7|0|1786327210.363|0.000|0.000|119803904|146489344|__DEFAULT__|__AUTOMETRIC__
__AUTOMETRIC__|0.1.2|9532|crew_log_a3f6277b2a6fb7c7|0|1786327211.370|0.000|0.000|119803904|146489344|__DEFAULT__|__AUTOMETRIC__
__AUTOMETRIC__|0.1.2|9532|crew_log_a3f6277b2a6fb7c7|0|1786327212.385|0.000|0.000|119795712|146481152|__DEFAULT__|__AUTOMETRIC__
__AUTOMETRIC__|0.1.2|9532|crew_log_a3f6277b2a6fb7c7|0|1786327213.399|0.000|0.000|119795712|146481152|__DEFAULT__|__AUTOMETRIC__
__AUTOMETRIC__|0.1.2|9532|crew_log_a3f6277b2a6fb7c7|0|1786327214.411|0.000|0.000|119803904|146489344|__DEFAULT__|__AUTOMETRIC__
__AUTOMETRIC__|0.1.2|9532|crew_log_a3f6277b2a6fb7c7|0|1786327215.423|0.000|0.000|119803904|146489344|__DEFAULT__|__AUTOMETRIC__
__AUTOMETRIC__|0.1.2|9532|crew_log_a3f6277b2a6fb7c7|0|1786327216.433|0.000|0.000|119803904|146489344|__DEFAULT__|__AUTOMETRIC__
__AUTOMETRIC__|0.1.2|9532|crew_log_a3f6277b2a6fb7c7|0|1786327217.445|0.000|0.000|119803904|146489344|__DEFAULT__|__AUTOMETRIC__
__AUTOMETRIC__|0.1.2|9532|crew_log_a3f6277b2a6fb7c7|0|1786327218.446|0.000|0.000|119803904|146489344|__DEFAULT__|__AUTOMETRIC__
__AUTOMETRIC__|0.1.2|9532|crew_log_a3f6277b2a6fb7c7|0|1786327219.459|0.000|0.000|119803904|146489344|__DEFAULT__|__AUTOMETRIC__
__AUTOMETRIC__|0.1.2|9532|crew_log_a3f6277b2a6fb7c7|0|1786327220.473|64.716|4.045|169795584|196128768|sim_data_aaf7239b1c98d314|__AUTOMETRIC__
__AUTOMETRIC__|0.1.2|9532|crew_log_a3f6277b2a6fb7c7|0|1786327221.485|100.331|6.271|233508864|259547136|sim_data_aaf7239b1c98d314|__AUTOMETRIC__
__AUTOMETRIC__|0.1.2|9532|crew_log_a3f6277b2a6fb7c7|0|1786327222.496|32.448|2.028|220110848|246312960|sim_data_aaf7239b1c98d314|__AUTOMETRIC__
__AUTOMETRIC__|0.1.2|9532|crew_log_a3f6277b2a6fb7c7|0|1786327223.509|0.000|0.000|219541504|245469184|sim_data_aaf7239b1c98d314|__AUTOMETRIC__
__AUTOMETRIC__|0.1.2|9532|crew_log_a3f6277b2a6fb7c7|0|1786327224.517|0.000|0.000|219312128|245239808|sim_data_aaf7239b1c98d314|__AUTOMETRIC__
__AUTOMETRIC__|0.1.2|9532|crew_log_a3f6277b2a6fb7c7|0|1786327225.528|0.000|0.000|219312128|245239808|sim_data_aaf7239b1c98d314|__AUTOMETRIC__
__AUTOMETRIC__|0.1.2|9532|crew_log_a3f6277b2a6fb7c7|0|1786327226.542|0.000|0.000|219312128|245239808|sim_data_aaf7239b1c98d314|__AUTOMETRIC__
__AUTOMETRIC__|0.1.2|9532|crew_log_a3f6277b2a6fb7c7|0|1786327227.550|0.000|0.000|219312128|245239808|sim_data_aaf7239b1c98d314|__AUTOMETRIC__
__AUTOMETRIC__|0.1.2|9532|crew_log_a3f6277b2a6fb7c7|0|1786327228.566|0.000|0.000|219312128|245239808|sim_data_aaf7239b1c98d314|__AUTOMETRIC__
__AUTOMETRIC__|0.1.2|9532|crew_log_a3f6277b2a6fb7c7|0|1786327229.571|1.555|0.097|219312128|245239808|sim_data_aaf7239b1c98d314|__AUTOMETRIC__
__AUTOMETRIC__|0.1.2|9532|crew_log_a3f6277b2a6fb7c7|0|1786327230.578|0.000|0.000|219312128|245239808|sim_data_aaf7239b1c98d314|__AUTOMETRIC__
__AUTOMETRIC__|0.1.2|9532|crew_log_a3f6277b2a6fb7c7|0|1786327231.592|0.000|0.000|219312128|245239808|sim_data_aaf7239b1c98d314|__AUTOMETRIC__
__AUTOMETRIC__|0.1.2|9532|crew_log_a3f6277b2a6fb7c7|0|1786327232.605|72.457|4.529|244125696|270094336|sim_data_aaf7239b1c98d314|__AUTOMETRIC__
__AUTOMETRIC__|0.1.2|9532|crew_log_a3f6277b2a6fb7c7|0|1786327233.614|100.670|6.292|318517248|344535040|sim_data_aaf7239b1c98d314|__AUTOMETRIC__
__AUTOMETRIC__|0.1.2|9532|crew_log_a3f6277b2a6fb7c7|0|1786327234.619|101.087|6.318|406560768|438792192|sim_data_aaf7239b1c98d314|__AUTOMETRIC__
__AUTOMETRIC__|0.1.2|9532|crew_log_a3f6277b2a6fb7c7|0|1786327235.622|137.085|8.568|471171072|493441024|sim_data_aaf7239b1c98d314|__AUTOMETRIC__
__AUTOMETRIC__|0.1.2|9532|crew_log_a3f6277b2a6fb7c7|0|1786327236.632|100.556|6.285|539455488|562286592|sim_data_aaf7239b1c98d314|__AUTOMETRIC__
__AUTOMETRIC__|0.1.2|9532|crew_log_a3f6277b2a6fb7c7|0|1786327237.635|99.748|6.234|677646336|700555264|sim_data_aaf7239b1c98d314|__AUTOMETRIC__
__AUTOMETRIC__|0.1.2|9532|crew_log_a3f6277b2a6fb7c7|0|1786327238.638|99.695|6.231|861708288|884875264|sim_data_aaf7239b1c98d314|__AUTOMETRIC__
__AUTOMETRIC__|0.1.2|9532|crew_log_a3f6277b2a6fb7c7|0|1786327239.646|99.201|6.200|1021521920|1045479424|sim_data_aaf7239b1c98d314|__AUTOMETRIC__
__AUTOMETRIC__|0.1.2|9532|crew_log_a3f6277b2a6fb7c7|0|1786327240.659|100.270|6.267|1136902144|1160695808|sim_data_aaf7239b1c98d314|__AUTOMETRIC__
__AUTOMETRIC__|0.1.2|9532|crew_log_a3f6277b2a6fb7c7|0|1786327241.672|100.255|6.266|1406414848|1431068672|sim_data_aaf7239b1c98d314|__AUTOMETRIC__
__AUTOMETRIC__|0.1.2|9532|crew_log_a3f6277b2a6fb7c7|0|1786327242.681|99.120|6.195|1506205696|1529765888|sim_data_aaf7239b1c98d314|__AUTOMETRIC__
__AUTOMETRIC__|0.1.2|9532|crew_log_a3f6277b2a6fb7c7|0|1786327243.681|99.955|6.247|1534427136|1557598208|sim_data_aaf7239b1c98d314|__AUTOMETRIC__
__AUTOMETRIC__|0.1.2|9532|crew_log_a3f6277b2a6fb7c7|0|1786327244.697|99.989|6.249|1687638016|1711407104|sim_data_aaf7239b1c98d314|__AUTOMETRIC__
__AUTOMETRIC__|0.1.2|9532|crew_log_a3f6277b2a6fb7c7|0|1786327245.704|97.747|6.109|1916477440|1941094400|sim_data_aaf7239b1c98d314|__AUTOMETRIC__
__AUTOMETRIC__|0.1.2|9532|crew_log_a3f6277b2a6fb7c7|0|1786327246.710|100.965|6.310|1859338240|1883496448|sim_data_aaf7239b1c98d314|__AUTOMETRIC__
__AUTOMETRIC__|0.1.2|9532|crew_log_a3f6277b2a6fb7c7|0|1786327247.726|95.303|5.956|1873588224|1897750528|sim_data_aaf7239b1c98d314|__AUTOMETRIC__
__AUTOMETRIC__|0.1.2|9532|crew_log_a3f6277b2a6fb7c7|0|1786327248.728|82.677|5.167|1873096704|1896255488|sim_data_aaf7239b1c98d314|__AUTOMETRIC__
__AUTOMETRIC__|0.1.2|9532|crew_log_a3f6277b2a6fb7c7|0|1786327249.735|99.257|6.204|1872044032|1895092224|sim_data_aaf7239b1c98d314|__AUTOMETRIC__
__AUTOMETRIC__|0.1.2|9532|crew_log_a3f6277b2a6fb7c7|0|1786327250.744|100.670|6.292|1872044032|1895092224|sim_data_aaf7239b1c98d314|__AUTOMETRIC__
__AUTOMETRIC__|0.1.2|9532|crew_log_a3f6277b2a6fb7c7|0|1786327251.757|100.288|6.268|1872949248|1895931904|sim_data_aaf7239b1c98d314|__AUTOMETRIC__
__AUTOMETRIC__|0.1.2|9532|crew_log_a3f6277b2a6fb7c7|0|1786327252.760|99.674|6.230|1872920576|1895903232|sim_data_aaf7239b1c98d314|__AUTOMETRIC__
__AUTOMETRIC__|0.1.2|9532|crew_log_a3f6277b2a6fb7c7|0|1786327253.775|97.011|6.063|1872855040|1895837696|sim_data_aaf7239b1c98d314|__AUTOMETRIC__
__AUTOMETRIC__|0.1.2|9532|crew_log_a3f6277b2a6fb7c7|0|1786327254.788|97.173|6.073|1872855040|1895837696|sim_data_aaf7239b1c98d314|__AUTOMETRIC__
__AUTOMETRIC__|0.1.2|9532|crew_log_a3f6277b2a6fb7c7|0|1786327255.800|100.367|6.273|1873833984|1896816640|sim_data_aaf7239b1c98d314|__AUTOMETRIC__
__AUTOMETRIC__|0.1.2|9532|crew_log_a3f6277b2a6fb7c7|0|1786327256.815|100.083|6.255|1873829888|1896812544|sim_data_aaf7239b1c98d314|__AUTOMETRIC__
__AUTOMETRIC__|0.1.2|9532|crew_log_a3f6277b2a6fb7c7|0|1786327257.827|100.362|6.273|1873895424|1896878080|sim_data_aaf7239b1c98d314|__AUTOMETRIC__
__AUTOMETRIC__|0.1.2|9532|crew_log_a3f6277b2a6fb7c7|0|1786327258.841|98.600|6.163|1874780160|1897762816|sim_data_aaf7239b1c98d314|__AUTOMETRIC__
__AUTOMETRIC__|0.1.2|9532|crew_log_a3f6277b2a6fb7c7|0|1786327259.841|98.423|6.151|1874751488|1897734144|sim_data_aaf7239b1c98d314|__AUTOMETRIC__
__AUTOMETRIC__|0.1.2|9532|crew_log_a3f6277b2a6fb7c7|0|1786327260.856|100.083|6.255|1874751488|1897734144|sim_data_aaf7239b1c98d314|__AUTOMETRIC__
__AUTOMETRIC__|0.1.2|9532|crew_log_a3f6277b2a6fb7c7|0|1786327261.870|100.172|6.261|1876357120|1899327488|sim_data_aaf7239b1c98d314|__AUTOMETRIC__
__AUTOMETRIC__|0.1.2|9532|crew_log_a3f6277b2a6fb7c7|0|1786327262.883|100.237|6.265|1959243776|1982341120|sim_data_aaf7239b1c98d314|__AUTOMETRIC__
__AUTOMETRIC__|0.1.2|9532|crew_log_a3f6277b2a6fb7c7|0|1786327263.897|101.712|6.357|1957687296|1980903424|sim_data_aaf7239b1c98d314|__AUTOMETRIC__
__AUTOMETRIC__|0.1.2|9532|crew_log_a3f6277b2a6fb7c7|0|1786327264.903|102.439|6.402|1901740032|1925275648|sim_data_aaf7239b1c98d314|__AUTOMETRIC__
__AUTOMETRIC__|0.1.2|9532|crew_log_a3f6277b2a6fb7c7|0|1786327265.917|98.683|6.168|1958551552|1982599168|sim_data_aaf7239b1c98d314|__AUTOMETRIC__
__AUTOMETRIC__|0.1.2|9532|crew_log_a3f6277b2a6fb7c7|0|1786327266.931|101.651|6.353|2009272320|2033451008|sim_data_aaf7239b1c98d314|__AUTOMETRIC__
__AUTOMETRIC__|0.1.2|9532|crew_log_a3f6277b2a6fb7c7|0|1786327267.944|77.136|4.821|2019065856|2042617856|sim_data_aaf7239b1c98d314|__AUTOMETRIC__
__AUTOMETRIC__|0.1.2|9532|crew_log_a3f6277b2a6fb7c7|0|1786327268.944|99.979|6.249|2015866880|2038210560|sim_data_aaf7239b1c98d314|__AUTOMETRIC__
__AUTOMETRIC__|0.1.2|9532|crew_log_a3f6277b2a6fb7c7|0|1786327269.955|100.516|6.282|2015621120|2037964800|sim_data_aaf7239b1c98d314|__AUTOMETRIC__
__AUTOMETRIC__|0.1.2|9532|crew_log_a3f6277b2a6fb7c7|0|1786327270.968|100.249|6.266|2015608832|2037952512|sim_data_aaf7239b1c98d314|__AUTOMETRIC__
__AUTOMETRIC__|0.1.2|9532|crew_log_a3f6277b2a6fb7c7|0|1786327271.980|101.907|6.369|2015604736|2037948416|sim_data_aaf7239b1c98d314|__AUTOMETRIC__
__AUTOMETRIC__|0.1.2|9532|crew_log_a3f6277b2a6fb7c7|0|1786327272.993|100.192|6.262|2015604736|2037948416|sim_data_aaf7239b1c98d314|__AUTOMETRIC__
__AUTOMETRIC__|0.1.2|9532|crew_log_a3f6277b2a6fb7c7|0|1786327274.009|98.476|6.155|2016591872|2038870016|sim_data_aaf7239b1c98d314|__AUTOMETRIC__
__AUTOMETRIC__|0.1.2|9532|crew_log_a3f6277b2a6fb7c7|0|1786327275.021|98.844|6.178|2016538624|2038784000|sim_data_aaf7239b1c98d314|__AUTOMETRIC__
__AUTOMETRIC__|0.1.2|9532|crew_log_a3f6277b2a6fb7c7|0|1786327276.036|96.954|6.060|2016538624|2038784000|sim_data_aaf7239b1c98d314|__AUTOMETRIC__
__AUTOMETRIC__|0.1.2|9532|crew_log_a3f6277b2a6fb7c7|0|1786327277.052|99.984|6.249|2016538624|2038784000|sim_data_aaf7239b1c98d314|__AUTOMETRIC__
__AUTOMETRIC__|0.1.2|9532|crew_log_a3f6277b2a6fb7c7|0|1786327278.066|100.099|6.256|2016538624|2038784000|sim_data_aaf7239b1c98d314|__AUTOMETRIC__
__AUTOMETRIC__|0.1.2|9532|crew_log_a3f6277b2a6fb7c7|0|1786327279.078|100.341|6.271|2016538624|2038784000|sim_data_aaf7239b1c98d314|__AUTOMETRIC__
__AUTOMETRIC__|0.1.2|9532|crew_log_a3f6277b2a6fb7c7|0|1786327280.094|100.051|6.253|2017484800|2039730176|sim_data_aaf7239b1c98d314|__AUTOMETRIC__
__AUTOMETRIC__|0.1.2|9532|crew_log_a3f6277b2a6fb7c7|0|1786327281.103|100.631|6.289|2017484800|2039730176|sim_data_aaf7239b1c98d314|__AUTOMETRIC__
__AUTOMETRIC__|0.1.2|9532|crew_log_a3f6277b2a6fb7c7|0|1786327282.111|99.143|6.196|2017484800|2039730176|sim_data_aaf7239b1c98d314|__AUTOMETRIC__
__AUTOMETRIC__|0.1.2|9532|crew_log_a3f6277b2a6fb7c7|0|1786327283.125|98.640|6.165|2017484800|2039730176|sim_data_aaf7239b1c98d314|__AUTOMETRIC__
__AUTOMETRIC__|0.1.2|9532|crew_log_a3f6277b2a6fb7c7|0|1786327284.140|100.089|6.256|2017484800|2039730176|sim_data_aaf7239b1c98d314|__AUTOMETRIC__
__AUTOMETRIC__|0.1.2|9532|crew_log_a3f6277b2a6fb7c7|0|1786327285.151|98.916|6.182|2018435072|2040680448|sim_data_aaf7239b1c98d314|__AUTOMETRIC__
__AUTOMETRIC__|0.1.2|9532|crew_log_a3f6277b2a6fb7c7|0|1786327286.163|97.286|6.080|2018344960|2040590336|sim_data_aaf7239b1c98d314|__AUTOMETRIC__
__AUTOMETRIC__|0.1.2|9532|crew_log_a3f6277b2a6fb7c7|0|1786327287.175|100.336|6.271|2018353152|2040598528|sim_data_aaf7239b1c98d314|__AUTOMETRIC__
__AUTOMETRIC__|0.1.2|9532|crew_log_a3f6277b2a6fb7c7|0|1786327288.188|100.216|6.263|2018344960|2040590336|sim_data_aaf7239b1c98d314|__AUTOMETRIC__
__AUTOMETRIC__|0.1.2|9532|crew_log_a3f6277b2a6fb7c7|0|1786327289.204|100.040|6.253|2018353152|2040598528|sim_data_aaf7239b1c98d314|__AUTOMETRIC__
__AUTOMETRIC__|0.1.2|9532|crew_log_a3f6277b2a6fb7c7|0|1786327290.204|99.948|6.247|2018353152|2040598528|sim_data_aaf7239b1c98d314|__AUTOMETRIC__
__AUTOMETRIC__|0.1.2|9532|crew_log_a3f6277b2a6fb7c7|0|1786327291.219|100.090|6.256|2018344960|2040590336|sim_data_aaf7239b1c98d314|__AUTOMETRIC__
__AUTOMETRIC__|0.1.2|9532|crew_log_a3f6277b2a6fb7c7|0|1786327292.227|100.754|6.297|2018344960|2040590336|sim_data_aaf7239b1c98d314|__AUTOMETRIC__
__AUTOMETRIC__|0.1.2|9532|crew_log_a3f6277b2a6fb7c7|0|1786327293.234|99.281|6.205|2113507328|2135867392|sim_data_aaf7239b1c98d314|__AUTOMETRIC__
__AUTOMETRIC__|0.1.2|9532|crew_log_a3f6277b2a6fb7c7|0|1786327294.243|103.784|6.487|1922449408|1945153536|sim_data_aaf7239b1c98d314|__AUTOMETRIC__
__AUTOMETRIC__|0.1.2|9532|crew_log_a3f6277b2a6fb7c7|0|1786327295.253|100.494|6.281|1775030272|1797799936|sim_data_aaf7239b1c98d314|__AUTOMETRIC__
__AUTOMETRIC__|0.1.2|9532|crew_log_a3f6277b2a6fb7c7|0|1786327296.264|98.976|6.186|1879326720|1902145536|sim_data_aaf7239b1c98d314|__AUTOMETRIC__
__AUTOMETRIC__|0.1.2|9532|crew_log_a3f6277b2a6fb7c7|0|1786327297.275|100.424|6.277|2012229632|2035036160|sim_data_aaf7239b1c98d314|__AUTOMETRIC__
__AUTOMETRIC__|0.1.2|9532|crew_log_a3f6277b2a6fb7c7|0|1786327298.287|98.840|6.177|2015744000|2038648832|sim_data_aaf7239b1c98d314|__AUTOMETRIC__
__AUTOMETRIC__|0.1.2|9532|crew_log_a3f6277b2a6fb7c7|0|1786327299.301|84.712|5.295|2015559680|2037497856|sim_data_aaf7239b1c98d314|__AUTOMETRIC__
__AUTOMETRIC__|0.1.2|9532|crew_log_a3f6277b2a6fb7c7|0|1786327300.312|100.447|6.278|2015399936|2037338112|sim_data_aaf7239b1c98d314|__AUTOMETRIC__
__AUTOMETRIC__|0.1.2|9532|crew_log_a3f6277b2a6fb7c7|0|1786327301.325|100.260|6.266|2015105024|2036748288|sim_data_aaf7239b1c98d314|__AUTOMETRIC__
__AUTOMETRIC__|0.1.2|9532|crew_log_a3f6277b2a6fb7c7|0|1786327302.338|98.730|6.171|2016043008|2037620736|sim_data_aaf7239b1c98d314|__AUTOMETRIC__
__AUTOMETRIC__|0.1.2|9532|crew_log_a3f6277b2a6fb7c7|0|1786327303.352|100.156|6.260|2016104448|2037587968|sim_data_aaf7239b1c98d314|__AUTOMETRIC__
__AUTOMETRIC__|0.1.2|9532|crew_log_a3f6277b2a6fb7c7|0|1786327304.361|99.113|6.195|2016104448|2037587968|sim_data_aaf7239b1c98d314|__AUTOMETRIC__
__AUTOMETRIC__|0.1.2|9532|crew_log_a3f6277b2a6fb7c7|0|1786327305.368|100.877|6.305|2016952320|2038435840|sim_data_aaf7239b1c98d314|__AUTOMETRIC__
__AUTOMETRIC__|0.1.2|9532|crew_log_a3f6277b2a6fb7c7|0|1786327306.379|98.900|6.181|2017013760|2038497280|sim_data_aaf7239b1c98d314|__AUTOMETRIC__
__AUTOMETRIC__|0.1.2|9532|crew_log_a3f6277b2a6fb7c7|0|1786327307.391|97.312|6.082|2017017856|2038501376|sim_data_aaf7239b1c98d314|__AUTOMETRIC__
__AUTOMETRIC__|0.1.2|9532|crew_log_a3f6277b2a6fb7c7|0|1786327308.405|98.601|6.163|2017923072|2039406592|sim_data_aaf7239b1c98d314|__AUTOMETRIC__
__AUTOMETRIC__|0.1.2|9532|crew_log_a3f6277b2a6fb7c7|0|1786327309.410|99.499|6.219|2017923072|2039406592|sim_data_aaf7239b1c98d314|__AUTOMETRIC__
__AUTOMETRIC__|0.1.2|9532|crew_log_a3f6277b2a6fb7c7|0|1786327310.424|100.172|6.261|2054680576|2076180480|sim_data_aaf7239b1c98d314|__AUTOMETRIC__
__AUTOMETRIC__|0.1.2|9532|crew_log_a3f6277b2a6fb7c7|0|1786327311.435|100.471|6.279|2104586240|2126356480|sim_data_aaf7239b1c98d314|__AUTOMETRIC__
__AUTOMETRIC__|0.1.2|9532|crew_log_a3f6277b2a6fb7c7|0|1786327312.450|103.148|6.447|1927553024|1949089792|sim_data_aaf7239b1c98d314|__AUTOMETRIC__
__AUTOMETRIC__|0.1.2|9532|crew_log_a3f6277b2a6fb7c7|0|1786327313.455|100.974|6.311|1867239424|1889001472|sim_data_aaf7239b1c98d314|__AUTOMETRIC__
__AUTOMETRIC__|0.1.2|9532|crew_log_a3f6277b2a6fb7c7|0|1786327314.463|102.363|6.398|1999863808|2021924864|sim_data_aaf7239b1c98d314|__AUTOMETRIC__
__AUTOMETRIC__|0.1.2|9532|crew_log_a3f6277b2a6fb7c7|0|1786327315.469|99.353|6.210|2088157184|2109865984|sim_data_aaf7239b1c98d314|__AUTOMETRIC__
__AUTOMETRIC__|0.1.2|9532|crew_log_a3f6277b2a6fb7c7|0|1786327316.475|97.874|6.117|2019909632|2041704448|sim_data_aaf7239b1c98d314|__AUTOMETRIC__
__AUTOMETRIC__|0.1.2|9532|crew_log_a3f6277b2a6fb7c7|0|1786327317.490|86.211|5.388|2015621120|2036326400|sim_data_aaf7239b1c98d314|__AUTOMETRIC__
__AUTOMETRIC__|0.1.2|9532|crew_log_a3f6277b2a6fb7c7|0|1786327318.497|102.424|6.401|2014633984|2035212288|sim_data_aaf7239b1c98d314|__AUTOMETRIC__
__AUTOMETRIC__|0.1.2|9532|crew_log_a3f6277b2a6fb7c7|0|1786327319.511|100.207|6.263|2015731712|2036146176|sim_data_aaf7239b1c98d314|__AUTOMETRIC__
__AUTOMETRIC__|0.1.2|9532|crew_log_a3f6277b2a6fb7c7|0|1786327320.524|100.227|6.264|2015674368|2036088832|sim_data_aaf7239b1c98d314|__AUTOMETRIC__
__AUTOMETRIC__|0.1.2|9532|crew_log_a3f6277b2a6fb7c7|0|1786327321.535|98.855|6.178|2015678464|2036092928|sim_data_aaf7239b1c98d314|__AUTOMETRIC__
__AUTOMETRIC__|0.1.2|9532|crew_log_a3f6277b2a6fb7c7|0|1786327322.547|100.395|6.275|2016641024|2037055488|sim_data_aaf7239b1c98d314|__AUTOMETRIC__
__AUTOMETRIC__|0.1.2|9532|crew_log_a3f6277b2a6fb7c7|0|1786327323.561|100.158|6.260|2016604160|2037018624|sim_data_aaf7239b1c98d314|__AUTOMETRIC__
__AUTOMETRIC__|0.1.2|9532|crew_log_a3f6277b2a6fb7c7|0|1786327324.575|100.133|6.258|2016538624|2036953088|sim_data_aaf7239b1c98d314|__AUTOMETRIC__
__AUTOMETRIC__|0.1.2|9532|crew_log_a3f6277b2a6fb7c7|0|1786327325.586|100.453|6.278|2016604160|2037018624|sim_data_aaf7239b1c98d314|__AUTOMETRIC__
__AUTOMETRIC__|0.1.2|9532|crew_log_a3f6277b2a6fb7c7|0|1786327326.602|98.434|6.152|2017554432|2037968896|sim_data_aaf7239b1c98d314|__AUTOMETRIC__
__AUTOMETRIC__|0.1.2|9532|crew_log_a3f6277b2a6fb7c7|0|1786327327.614|98.844|6.178|2017484800|2037899264|sim_data_aaf7239b1c98d314|__AUTOMETRIC__
__AUTOMETRIC__|0.1.2|9532|crew_log_a3f6277b2a6fb7c7|0|1786327328.627|101.831|6.364|2017480704|2037895168|sim_data_aaf7239b1c98d314|__AUTOMETRIC__
__AUTOMETRIC__|0.1.2|9532|crew_log_a3f6277b2a6fb7c7|0|1786327329.636|100.595|6.287|2183127040|2203893760|sim_data_aaf7239b1c98d314|__AUTOMETRIC__
__AUTOMETRIC__|0.1.2|9532|crew_log_a3f6277b2a6fb7c7|0|1786327330.651|100.096|6.256|2166624256|2187231232|sim_data_aaf7239b1c98d314|__AUTOMETRIC__
__AUTOMETRIC__|0.1.2|9532|crew_log_a3f6277b2a6fb7c7|0|1786327331.663|101.890|6.368|2011205632|2031783936|sim_data_aaf7239b1c98d314|__AUTOMETRIC__
__AUTOMETRIC__|0.1.2|9532|crew_log_a3f6277b2a6fb7c7|0|1786327332.676|97.138|6.071|2016931840|2037575680|sim_data_aaf7239b1c98d314|__AUTOMETRIC__
__AUTOMETRIC__|0.1.2|9532|crew_log_a3f6277b2a6fb7c7|0|1786327333.690|100.250|6.266|2028843008|2049638400|sim_data_aaf7239b1c98d314|__AUTOMETRIC__
__AUTOMETRIC__|0.1.2|9532|crew_log_a3f6277b2a6fb7c7|0|1786327334.703|80.163|5.010|2019733504|2039681024|sim_data_aaf7239b1c98d314|__AUTOMETRIC__
__AUTOMETRIC__|0.1.2|9532|crew_log_a3f6277b2a6fb7c7|0|1786327335.716|100.225|6.264|2019799040|2039746560|sim_data_aaf7239b1c98d314|__AUTOMETRIC__
__AUTOMETRIC__|0.1.2|9532|crew_log_a3f6277b2a6fb7c7|0|1786327336.730|97.149|6.072|2018553856|2038185984|sim_data_aaf7239b1c98d314|__AUTOMETRIC__
__AUTOMETRIC__|0.1.2|9532|crew_log_a3f6277b2a6fb7c7|0|1786327337.741|100.452|6.278|2018287616|2037690368|sim_data_aaf7239b1c98d314|__AUTOMETRIC__
__AUTOMETRIC__|0.1.2|9532|crew_log_a3f6277b2a6fb7c7|0|1786327338.753|98.752|6.172|2019438592|2038775808|sim_data_aaf7239b1c98d314|__AUTOMETRIC__
__AUTOMETRIC__|0.1.2|9532|crew_log_a3f6277b2a6fb7c7|0|1786327339.754|99.994|6.250|2019364864|2038702080|sim_data_aaf7239b1c98d314|__AUTOMETRIC__
__AUTOMETRIC__|0.1.2|9532|crew_log_a3f6277b2a6fb7c7|0|1786327340.767|100.211|6.263|2019364864|2038702080|sim_data_aaf7239b1c98d314|__AUTOMETRIC__
__AUTOMETRIC__|0.1.2|9532|crew_log_a3f6277b2a6fb7c7|0|1786327341.781|100.162|6.260|2020253696|2039590912|sim_data_aaf7239b1c98d314|__AUTOMETRIC__
__AUTOMETRIC__|0.1.2|9532|crew_log_a3f6277b2a6fb7c7|0|1786327342.782|98.344|6.146|2020175872|2039513088|sim_data_aaf7239b1c98d314|__AUTOMETRIC__
__AUTOMETRIC__|0.1.2|9532|crew_log_a3f6277b2a6fb7c7|0|1786327343.793|98.941|6.184|2020241408|2039578624|sim_data_aaf7239b1c98d314|__AUTOMETRIC__
__AUTOMETRIC__|0.1.2|9532|crew_log_a3f6277b2a6fb7c7|0|1786327344.806|98.670|6.167|2021253120|2040590336|sim_data_aaf7239b1c98d314|__AUTOMETRIC__
__AUTOMETRIC__|0.1.2|9532|crew_log_a3f6277b2a6fb7c7|0|1786327345.818|98.824|6.176|2021134336|2040471552|sim_data_aaf7239b1c98d314|__AUTOMETRIC__
__AUTOMETRIC__|0.1.2|9532|crew_log_a3f6277b2a6fb7c7|0|1786327346.833|100.047|6.253|2021195776|2040532992|sim_data_aaf7239b1c98d314|__AUTOMETRIC__
__AUTOMETRIC__|0.1.2|9532|crew_log_a3f6277b2a6fb7c7|0|1786327347.845|98.873|6.180|2021195776|2040532992|sim_data_aaf7239b1c98d314|__AUTOMETRIC__
__AUTOMETRIC__|0.1.2|9532|crew_log_a3f6277b2a6fb7c7|0|1786327348.857|98.755|6.172|2203447296|2223222784|sim_data_aaf7239b1c98d314|__AUTOMETRIC__
__AUTOMETRIC__|0.1.2|9532|crew_log_a3f6277b2a6fb7c7|0|1786327349.869|108.149|6.759|1956691968|1976295424|sim_data_aaf7239b1c98d314|__AUTOMETRIC__
__AUTOMETRIC__|0.1.2|9532|crew_log_a3f6277b2a6fb7c7|0|1786327350.882|100.169|6.261|1804242944|1823813632|sim_data_aaf7239b1c98d314|__AUTOMETRIC__
__AUTOMETRIC__|0.1.2|9532|crew_log_a3f6277b2a6fb7c7|0|1786327351.897|100.127|6.258|1944211456|1964781568|sim_data_aaf7239b1c98d314|__AUTOMETRIC__
__AUTOMETRIC__|0.1.2|9532|crew_log_a3f6277b2a6fb7c7|0|1786327352.897|99.988|6.249|2030759936|2050859008|sim_data_aaf7239b1c98d314|__AUTOMETRIC__
__AUTOMETRIC__|0.1.2|9532|crew_log_a3f6277b2a6fb7c7|0|1786327353.910|81.769|5.111|2029670400|2049769472|sim_data_aaf7239b1c98d314|__AUTOMETRIC__
