__AUTOMETRIC__|0.1.2|27964|crew_log_2060b40d1f365b9f|0|1786393230.924|86.339|2.698|232816640|258224128|sim_data_345e031ce91f1b82|__AUTOMETRIC__
__AUTOMETRIC__|0.1.2|27964|crew_log_2060b40d1f365b9f|0|1786393231.927|98.204|3.069|443019264|473722880|sim_data_345e031ce91f1b82|__AUTOMETRIC__
__AUTOMETRIC__|0.1.2|27964|crew_log_2060b40d1f365b9f|0|1786393232.938|98.882|3.090|810954752|842633216|sim_data_345e031ce91f1b82|__AUTOMETRIC__
__AUTOMETRIC__|0.1.2|27964|crew_log_2060b40d1f365b9f|0|1786393233.953|106.258|3.321|1305305088|1337491456|sim_data_345e031ce91f1b82|__AUTOMETRIC__
__AUTOMETRIC__|0.1.2|27964|crew_log_2060b40d1f365b9f|0|1786393234.955|101.270|3.165|1675218944|1699016704|sim_data_345e031ce91f1b82|__AUTOMETRIC__
__AUTOMETRIC__|0.1.2|27964|crew_log_2060b40d1f365b9f|0|1786393235.962|102.464|3.202|1937747968|1961594880|sim_data_345e031ce91f1b82|__AUTOMETRIC__
__AUTOMETRIC__|0.1.2|27964|crew_log_2060b40d1f365b9f|0|1786393236.964|96.667|3.021|2336784384|2361982976|sim_data_345e031ce91f1b82|__AUTOMETRIC__
__AUTOMETRIC__|0.1.2|27964|crew_log_2060b40d1f365b9f|0|1786393237.967|99.679|3.115|2827018240|2853154816|sim_data_345e031ce91f1b82|__AUTOMETRIC__
__AUTOMETRIC__|0.1.2|27964|crew_log_2060b40d1f365b9f|0|1786393238.982|98.571|3.080|3406491648|3434180608|sim_data_345e031ce91f1b82|__AUTOMETRIC__
__AUTOMETRIC__|0.1.2|27964|crew_log_2060b40d1f365b9f|0|1786393239.987|97.945|3.061|4021456896|4050927616|sim_data_345e031ce91f1b82|__AUTOMETRIC__
__AUTOMETRIC__|0.1.2|27964|crew_log_2060b40d1f365b9f|0|1786393240.987|98.408|3.075|4103499776|4133048320|sim_data_345e031ce91f1b82|__AUTOMETRIC__
__AUTOMETRIC__|0.1.2|27964|crew_log_2060b40d1f365b9f|0|1786393241.992|99.519|3.110|647417856|679391232|sim_data_345e031ce91f1b82|__AUTOMETRIC__
__AUTOMETRIC__|0.1.2|27964|crew_log_2060b40d1f365b9f|0|1786393243.002|97.498|3.047|647417856|679391232|sim_data_345e031ce91f1b82|__AUTOMETRIC__
__AUTOMETRIC__|0.1.2|27964|crew_log_2060b40d1f365b9f|0|1786393244.006|98.047|3.064|1656504320|1690882048|sim_data_345e031ce91f1b82|__AUTOMETRIC__
__AUTOMETRIC__|0.1.2|27964|crew_log_2060b40d1f365b9f|0|1786393245.010|99.563|3.111|1656127488|1690308608|sim_data_345e031ce91f1b82|__AUTOMETRIC__
__AUTOMETRIC__|0.1.2|27964|crew_log_2060b40d1f365b9f|0|1786393246.014|99.542|3.111|2295820288|2331844608|sim_data_345e031ce91f1b82|__AUTOMETRIC__
__AUTOMETRIC__|0.1.2|27964|crew_log_2060b40d1f365b9f|0|1786393247.029|100.065|3.127|2863849472|2901266432|sim_data_345e031ce91f1b82|__AUTOMETRIC__
__AUTOMETRIC__|0.1.2|27964|crew_log_2060b40d1f365b9f|0|1786393248.032|99.727|3.116|2863230976|2900516864|sim_data_345e031ce91f1b82|__AUTOMETRIC__
__AUTOMETRIC__|0.1.2|27964|crew_log_2060b40d1f365b9f|0|1786393249.033|99.963|3.124|3743735808|3783348224|sim_data_345e031ce91f1b82|__AUTOMETRIC__
__AUTOMETRIC__|0.1.2|27964|crew_log_2060b40d1f365b9f|0|1786393250.036|99.622|3.113|28733440|69840896|sim_data_345e031ce91f1b82|__AUTOMETRIC__
__AUTOMETRIC__|0.1.2|27964|crew_log_2060b40d1f365b9f|0|1786393251.052|103.069|3.221|28467200|69521408|sim_data_345e031ce91f1b82|__AUTOMETRIC__
__AUTOMETRIC__|0.1.2|27964|crew_log_2060b40d1f365b9f|0|1786393252.057|102.613|3.207|679182336|721911808|sim_data_345e031ce91f1b82|__AUTOMETRIC__
__AUTOMETRIC__|0.1.2|27964|crew_log_2060b40d1f365b9f|0|1786393253.067|98.998|3.094|1774899200|1820581888|sim_data_345e031ce91f1b82|__AUTOMETRIC__
__AUTOMETRIC__|0.1.2|27964|crew_log_2060b40d1f365b9f|0|1786393254.074|100.852|3.152|1774419968|1819971584|sim_data_345e031ce91f1b82|__AUTOMETRIC__
__AUTOMETRIC__|0.1.2|27964|crew_log_2060b40d1f365b9f|0|1786393255.090|100.019|3.126|1774419968|1819971584|sim_data_345e031ce91f1b82|__AUTOMETRIC__
__AUTOMETRIC__|0.1.2|27964|crew_log_2060b40d1f365b9f|0|1786393256.095|97.959|3.061|2281918464|2328997888|sim_data_345e031ce91f1b82|__AUTOMETRIC__
__AUTOMETRIC__|0.1.2|27964|crew_log_2060b40d1f365b9f|0|1786393257.095|99.939|3.123|3580518400|3630727168|sim_data_345e031ce91f1b82|__AUTOMETRIC__
__AUTOMETRIC__|0.1.2|27964|crew_log_2060b40d1f365b9f|0|1786393258.098|99.699|3.116|3868823552|3919773696|sim_data_345e031ce91f1b82|__AUTOMETRIC__
__AUTOMETRIC__|0.1.2|27964|crew_log_2060b40d1f365b9f|0|1786393259.112|98.605|3.081|3868872704|3919851520|sim_data_345e031ce91f1b82|__AUTOMETRIC__
__AUTOMETRIC__|0.1.2|27964|crew_log_2060b40d1f365b9f|0|1786393260.113|99.961|3.124|3868332032|3919310848|sim_data_345e031ce91f1b82|__AUTOMETRIC__
__AUTOMETRIC__|0.1.2|27964|crew_log_2060b40d1f365b9f|0|1786393261.116|98.082|3.065|67022848|119275520|sim_data_345e031ce91f1b82|__AUTOMETRIC__
__AUTOMETRIC__|0.1.2|27964|crew_log_2060b40d1f365b9f|0|1786393262.120|101.207|3.163|1375588352|1431212032|sim_data_345e031ce91f1b82|__AUTOMETRIC__
__AUTOMETRIC__|0.1.2|27964|crew_log_2060b40d1f365b9f|0|1786393263.135|98.519|3.079|2090864640|2148462592|sim_data_345e031ce91f1b82|__AUTOMETRIC__
__AUTOMETRIC__|0.1.2|27964|crew_log_2060b40d1f365b9f|0|1786393264.150|98.506|3.078|2090242048|2147708928|sim_data_345e031ce91f1b82|__AUTOMETRIC__
__AUTOMETRIC__|0.1.2|27964|crew_log_2060b40d1f365b9f|0|1786393265.150|99.967|3.124|2090242048|2147708928|sim_data_345e031ce91f1b82|__AUTOMETRIC__
__AUTOMETRIC__|0.1.2|27964|crew_log_2060b40d1f365b9f|0|1786393266.165|100.055|3.127|2089988096|2147454976|sim_data_345e031ce91f1b82|__AUTOMETRIC__
__AUTOMETRIC__|0.1.2|27964|crew_log_2060b40d1f365b9f|0|1786393267.167|98.253|3.070|2678947840|2737934336|sim_data_345e031ce91f1b82|__AUTOMETRIC__
__AUTOMETRIC__|0.1.2|27964|crew_log_2060b40d1f365b9f|0|1786393268.170|99.715|3.116|3854839808|3916853248|sim_data_345e031ce91f1b82|__AUTOMETRIC__
__AUTOMETRIC__|0.1.2|27964|crew_log_2060b40d1f365b9f|0|1786393269.171|99.956|3.124|716992512|782123008|sim_data_345e031ce91f1b82|__AUTOMETRIC__
__AUTOMETRIC__|0.1.2|27964|crew_log_2060b40d1f365b9f|0|1786393270.175|99.520|3.110|822452224|887726080|sim_data_345e031ce91f1b82|__AUTOMETRIC__
__AUTOMETRIC__|0.1.2|27964|crew_log_2060b40d1f365b9f|0|1786393271.184|100.670|3.146|822460416|887734272|sim_data_345e031ce91f1b82|__AUTOMETRIC__
__AUTOMETRIC__|0.1.2|27964|crew_log_2060b40d1f365b9f|0|1786393272.187|99.776|3.118|822382592|887656448|sim_data_345e031ce91f1b82|__AUTOMETRIC__
__AUTOMETRIC__|0.1.2|27964|crew_log_2060b40d1f365b9f|0|1786393273.192|97.942|3.061|822390784|887664640|sim_data_345e031ce91f1b82|__AUTOMETRIC__
__AUTOMETRIC__|0.1.2|27964|crew_log_2060b40d1f365b9f|0|1786393274.198|102.456|3.202|822366208|887640064|sim_data_345e031ce91f1b82|__AUTOMETRIC__
__AUTOMETRIC__|0.1.2|27964|crew_log_2060b40d1f365b9f|0|1786393275.205|99.312|3.104|1385218048|1451937792|sim_data_345e031ce91f1b82|__AUTOMETRIC__
__AUTOMETRIC__|0.1.2|27964|crew_log_2060b40d1f365b9f|0|1786393276.206|99.933|3.123|2523090944|2592751616|sim_data_345e031ce91f1b82|__AUTOMETRIC__
__AUTOMETRIC__|0.1.2|27964|crew_log_2060b40d1f365b9f|0|1786393277.220|98.566|3.080|3701870592|3774566400|sim_data_345e031ce91f1b82|__AUTOMETRIC__
__AUTOMETRIC__|0.1.2|27964|crew_log_2060b40d1f365b9f|0|1786393278.234|100.202|3.131|162152448|236998656|sim_data_345e031ce91f1b82|__AUTOMETRIC__
__AUTOMETRIC__|0.1.2|27964|crew_log_2060b40d1f365b9f|0|1786393279.235|99.859|3.121|161349632|235999232|sim_data_345e031ce91f1b82|__AUTOMETRIC__
__AUTOMETRIC__|0.1.2|27964|crew_log_2060b40d1f365b9f|0|1786393280.248|100.256|3.133|161357824|236007424|sim_data_345e031ce91f1b82|__AUTOMETRIC__
__AUTOMETRIC__|0.1.2|27964|crew_log_2060b40d1f365b9f|0|1786393281.262|100.187|3.131|161255424|235905024|sim_data_345e031ce91f1b82|__AUTOMETRIC__
__AUTOMETRIC__|0.1.2|27964|crew_log_2060b40d1f365b9f|0|1786393282.276|98.587|3.081|161255424|235905024|sim_data_345e031ce91f1b82|__AUTOMETRIC__
__AUTOMETRIC__|0.1.2|27964|crew_log_2060b40d1f365b9f|0|1786393283.292|101.571|3.174|161263616|235913216|sim_data_345e031ce91f1b82|__AUTOMETRIC__
__AUTOMETRIC__|0.1.2|27964|crew_log_2060b40d1f365b9f|0|1786393284.295|99.690|3.115|161263616|235913216|sim_data_345e031ce91f1b82|__AUTOMETRIC__
__AUTOMETRIC__|0.1.2|27964|crew_log_2060b40d1f365b9f|0|1786393285.295|98.376|3.074|674648064|750813184|sim_data_345e031ce91f1b82|__AUTOMETRIC__
__AUTOMETRIC__|0.1.2|27964|crew_log_2060b40d1f365b9f|0|1786393286.297|101.431|3.170|1899958272|1979281408|sim_data_345e031ce91f1b82|__AUTOMETRIC__
__AUTOMETRIC__|0.1.2|27964|crew_log_2060b40d1f365b9f|0|1786393287.302|99.461|3.108|2794602496|2875691008|sim_data_345e031ce91f1b82|__AUTOMETRIC__
__AUTOMETRIC__|0.1.2|27964|crew_log_2060b40d1f365b9f|0|1786393288.305|99.686|3.115|3089993728|3169800192|sim_data_345e031ce91f1b82|__AUTOMETRIC__
__AUTOMETRIC__|0.1.2|27964|crew_log_2060b40d1f365b9f|0|1786393289.315|105.178|3.287|3316826112|3397464064|sim_data_345e031ce91f1b82|__AUTOMETRIC__
__AUTOMETRIC__|0.1.2|27964|crew_log_2060b40d1f365b9f|0|1786393290.320|99.508|3.110|3347148800|3427246080|sim_data_345e031ce91f1b82|__AUTOMETRIC__
__AUTOMETRIC__|0.1.2|27964|crew_log_2060b40d1f365b9f|0|1786393291.324|99.678|3.115|3345293312|3425316864|sim_data_345e031ce91f1b82|__AUTOMETRIC__
__AUTOMETRIC__|0.1.2|27964|crew_log_2060b40d1f365b9f|0|1786393292.331|99.303|3.103|3348291584|3428274176|sim_data_345e031ce91f1b82|__AUTOMETRIC__
__AUTOMETRIC__|0.1.2|27964|crew_log_2060b40d1f365b9f|0|1786393293.340|100.618|3.144|3348213760|3428188160|sim_data_345e031ce91f1b82|__AUTOMETRIC__
__AUTOMETRIC__|0.1.2|27964|crew_log_2060b40d1f365b9f|0|1786393294.347|100.904|3.153|3348193280|3428167680|sim_data_345e031ce91f1b82|__AUTOMETRIC__
__AUTOMETRIC__|0.1.2|27964|crew_log_2060b40d1f365b9f|0|1786393295.353|99.397|3.106|3351199744|3431190528|sim_data_345e031ce91f1b82|__AUTOMETRIC__
__AUTOMETRIC__|0.1.2|27964|crew_log_2060b40d1f365b9f|0|1786393296.360|99.252|3.102|3351117824|3431100416|sim_data_345e031ce91f1b82|__AUTOMETRIC__
__AUTOMETRIC__|0.1.2|27964|crew_log_2060b40d1f365b9f|0|1786393297.366|99.459|3.108|3351072768|3431055360|sim_data_345e031ce91f1b82|__AUTOMETRIC__
__AUTOMETRIC__|0.1.2|27964|crew_log_2060b40d1f365b9f|0|1786393298.376|100.561|3.143|3354206208|3434196992|sim_data_345e031ce91f1b82|__AUTOMETRIC__
__AUTOMETRIC__|0.1.2|27964|crew_log_2060b40d1f365b9f|0|1786393299.385|99.071|3.096|3354157056|3434147840|sim_data_345e031ce91f1b82|__AUTOMETRIC__
__AUTOMETRIC__|0.1.2|27964|crew_log_2060b40d1f365b9f|0|1786393300.397|101.943|3.186|3354152960|3434143744|sim_data_345e031ce91f1b82|__AUTOMETRIC__
__AUTOMETRIC__|0.1.2|27964|crew_log_2060b40d1f365b9f|0|1786393301.399|99.784|3.118|3750412288|3831218176|sim_data_345e031ce91f1b82|__AUTOMETRIC__
__AUTOMETRIC__|0.1.2|27964|crew_log_2060b40d1f365b9f|0|1786393302.400|99.878|3.121|3750125568|3830804480|sim_data_345e031ce91f1b82|__AUTOMETRIC__
__AUTOMETRIC__|0.1.2|27964|crew_log_2060b40d1f365b9f|0|1786393303.408|99.194|3.100|3750141952|3830820864|sim_data_345e031ce91f1b82|__AUTOMETRIC__
__AUTOMETRIC__|0.1.2|27964|crew_log_2060b40d1f365b9f|0|1786393304.411|99.754|3.117|3749388288|3830067200|sim_data_345e031ce91f1b82|__AUTOMETRIC__
__AUTOMETRIC__|0.1.2|27964|crew_log_2060b40d1f365b9f|0|1786393305.420|99.087|3.096|3749388288|3830067200|sim_data_345e031ce91f1b82|__AUTOMETRIC__
__AUTOMETRIC__|0.1.2|27964|crew_log_2060b40d1f365b9f|0|1786393306.432|101.883|3.184|3749388288|3830067200|sim_data_345e031ce91f1b82|__AUTOMETRIC__
__AUTOMETRIC__|0.1.2|27964|crew_log_2060b40d1f365b9f|0|1786393307.439|99.291|3.103|3749396480|3830075392|sim_data_345e031ce91f1b82|__AUTOMETRIC__
__AUTOMETRIC__|0.1.2|27964|crew_log_2060b40d1f365b9f|0|1786393308.445|107.155|3.349|3993149440|4074328064|sim_data_345e031ce91f1b82|__AUTOMETRIC__
__AUTOMETRIC__|0.1.2|27964|crew_log_2060b40d1f365b9f|0|1786393309.450|97.927|3.060|203911168|285863936|sim_data_345e031ce91f1b82|__AUTOMETRIC__
__AUTOMETRIC__|0.1.2|27964|crew_log_2060b40d1f365b9f|0|1786393310.454|101.166|3.161|443195392|525193216|sim_data_345e031ce91f1b82|__AUTOMETRIC__
__AUTOMETRIC__|0.1.2|27964|crew_log_2060b40d1f365b9f|0|1786393311.455|99.887|3.121|443412480|525410304|sim_data_345e031ce91f1b82|__AUTOMETRIC__
__AUTOMETRIC__|0.1.2|27964|crew_log_2060b40d1f365b9f|0|1786393312.463|99.220|3.101|442703872|524189696|sim_data_345e031ce91f1b82|__AUTOMETRIC__
__AUTOMETRIC__|0.1.2|27964|crew_log_2060b40d1f365b9f|0|1786393313.469|99.464|3.108|445628416|526995456|sim_data_345e031ce91f1b82|__AUTOMETRIC__
__AUTOMETRIC__|0.1.2|27964|crew_log_2060b40d1f365b9f|0|1786393314.477|100.766|3.149|445771776|527130624|sim_data_345e031ce91f1b82|__AUTOMETRIC__
__AUTOMETRIC__|0.1.2|27964|crew_log_2060b40d1f365b9f|0|1786393315.479|99.769|3.118|445779968|527138816|sim_data_345e031ce91f1b82|__AUTOMETRIC__
__AUTOMETRIC__|0.1.2|27964|crew_log_2060b40d1f365b9f|0|1786393316.486|100.810|3.150|448446464|529813504|sim_data_345e031ce91f1b82|__AUTOMETRIC__
__AUTOMETRIC__|0.1.2|27964|crew_log_2060b40d1f365b9f|0|1786393317.494|100.759|3.149|448491520|530075648|sim_data_345e031ce91f1b82|__AUTOMETRIC__
__AUTOMETRIC__|0.1.2|27964|crew_log_2060b40d1f365b9f|0|1786393318.507|101.887|3.184|451481600|533082112|sim_data_345e031ce91f1b82|__AUTOMETRIC__
__AUTOMETRIC__|0.1.2|27964|crew_log_2060b40d1f365b9f|0|1786393319.512|99.436|3.107|451366912|532742144|sim_data_345e031ce91f1b82|__AUTOMETRIC__
__AUTOMETRIC__|0.1.2|27964|crew_log_2060b40d1f365b9f|0|1786393320.518|99.412|3.107|451371008|532963328|sim_data_345e031ce91f1b82|__AUTOMETRIC__
__AUTOMETRIC__|0.1.2|27964|crew_log_2060b40d1f365b9f|0|1786393321.529|100.429|3.138|963923968|1046585344|sim_data_345e031ce91f1b82|__AUTOMETRIC__
__AUTOMETRIC__|0.1.2|27964|crew_log_2060b40d1f365b9f|0|1786393322.536|104.007|3.250|308043776|391069696|sim_data_345e031ce91f1b82|__AUTOMETRIC__
__AUTOMETRIC__|0.1.2|27964|crew_log_2060b40d1f365b9f|0|1786393323.543|99.281|3.103|395128832|478429184|sim_data_345e031ce91f1b82|__AUTOMETRIC__
__AUTOMETRIC__|0.1.2|27964|crew_log_2060b40d1f365b9f|0|1786393324.549|100.991|3.156|402452480|484438016|sim_data_345e031ce91f1b82|__AUTOMETRIC__
__AUTOMETRIC__|0.1.2|27964|crew_log_2060b40d1f365b9f|0|1786393325.558|100.631|3.145|402300928|484204544|sim_data_345e031ce91f1b82|__AUTOMETRIC__
__AUTOMETRIC__|0.1.2|27964|crew_log_2060b40d1f365b9f|0|1786393326.563|99.558|3.111|405618688|487469056|sim_data_345e031ce91f1b82|__AUTOMETRIC__
__AUTOMETRIC__|0.1.2|27964|crew_log_2060b40d1f365b9f|0|1786393327.571|102.246|3.195|405295104|487137280|sim_data_345e031ce91f1b82|__AUTOMETRIC__
__AUTOMETRIC__|0.1.2|27964|crew_log_2060b40d1f365b9f|0|1786393328.579|99.197|3.100|405352448|487411712|sim_data_345e031ce91f1b82|__AUTOMETRIC__
__AUTOMETRIC__|0.1.2|27964|crew_log_2060b40d1f365b9f|0|1786393329.592|101.823|3.182|408195072|490262528|sim_data_345e031ce91f1b82|__AUTOMETRIC__
__AUTOMETRIC__|0.1.2|27964|crew_log_2060b40d1f365b9f|0|1786393330.605|98.679|3.084|408117248|489959424|sim_data_345e031ce91f1b82|__AUTOMETRIC__
__AUTOMETRIC__|0.1.2|27964|crew_log_2060b40d1f365b9f|0|1786393331.612|97.813|3.057|408170496|490229760|sim_data_345e031ce91f1b82|__AUTOMETRIC__
__AUTOMETRIC__|0.1.2|27964|crew_log_2060b40d1f365b9f|0|1786393332.620|102.238|3.195|410931200|492998656|sim_data_345e031ce91f1b82|__AUTOMETRIC__
__AUTOMETRIC__|0.1.2|27964|crew_log_2060b40d1f365b9f|0|1786393333.628|99.207|3.100|410894336|492953600|sim_data_345e031ce91f1b82|__AUTOMETRIC__
__AUTOMETRIC__|0.1.2|27964|crew_log_2060b40d1f365b9f|0|1786393334.640|97.286|3.040|832307200|914477056|sim_data_345e031ce91f1b82|__AUTOMETRIC__
__AUTOMETRIC__|0.1.2|27964|crew_log_2060b40d1f365b9f|0|1786393335.645|113.568|3.549|175144960|257355776|sim_data_345e031ce91f1b82|__AUTOMETRIC__
__AUTOMETRIC__|0.1.2|27964|crew_log_2060b40d1f365b9f|0|1786393336.648|99.688|3.115|277569536|359862272|sim_data_345e031ce91f1b82|__AUTOMETRIC__
__AUTOMETRIC__|0.1.2|27964|crew_log_2060b40d1f365b9f|0|1786393337.648|99.937|3.123|133099520|214827008|sim_data_345e031ce91f1b82|__AUTOMETRIC__
__AUTOMETRIC__|0.1.2|27964|crew_log_2060b40d1f365b9f|0|1786393338.660|98.856|3.089|128573440|209682432|sim_data_345e031ce91f1b82|__AUTOMETRIC__
__AUTOMETRIC__|0.1.2|27964|crew_log_2060b40d1f365b9f|0|1786393339.669|102.243|3.195|128294912|209350656|sim_data_345e031ce91f1b82|__AUTOMETRIC__
__AUTOMETRIC__|0.1.2|27964|crew_log_2060b40d1f365b9f|0|1786393340.679|98.995|3.094|131145728|212140032|sim_data_345e031ce91f1b82|__AUTOMETRIC__
__AUTOMETRIC__|0.1.2|27964|crew_log_2060b40d1f365b9f|0|1786393341.687|100.732|3.148|131162112|212156416|sim_data_345e031ce91f1b82|__AUTOMETRIC__
__AUTOMETRIC__|0.1.2|27964|crew_log_2060b40d1f365b9f|0|1786393342.687|99.972|3.124|134090752|215093248|sim_data_345e031ce91f1b82|__AUTOMETRIC__
__AUTOMETRIC__|0.1.2|27964|crew_log_2060b40d1f365b9f|0|1786393343.690|99.680|3.115|134017024|214827008|sim_data_345e031ce91f1b82|__AUTOMETRIC__
__AUTOMETRIC__|0.1.2|27964|crew_log_2060b40d1f365b9f|0|1786393344.693|99.721|3.116|134033408|215027712|sim_data_345e031ce91f1b82|__AUTOMETRIC__
__AUTOMETRIC__|0.1.2|27964|crew_log_2060b40d1f365b9f|0|1786393345.708|101.624|3.176|136740864|217550848|sim_data_345e031ce91f1b82|__AUTOMETRIC__
__AUTOMETRIC__|0.1.2|27964|crew_log_2060b40d1f365b9f|0|1786393346.721|100.306|3.135|136699904|217694208|sim_data_345e031ce91f1b82|__AUTOMETRIC__
__AUTOMETRIC__|0.1.2|27964|crew_log_2060b40d1f365b9f|0|1786393347.730|100.631|3.145|398200832|479080448|sim_data_345e031ce91f1b82|__AUTOMETRIC__
__AUTOMETRIC__|0.1.2|27964|crew_log_2060b40d1f365b9f|0|1786393348.734|98.029|3.063|1219211264|1300553728|sim_data_345e031ce91f1b82|__AUTOMETRIC__
__AUTOMETRIC__|0.1.2|27964|crew_log_2060b40d1f365b9f|0|1786393349.738|110.521|3.454|4189171712|4270682112|sim_data_345e031ce91f1b82|__AUTOMETRIC__
__AUTOMETRIC__|0.1.2|27964|crew_log_2060b40d1f365b9f|0|1786393350.751|101.796|3.181|4196155392|4276498432|sim_data_345e031ce91f1b82|__AUTOMETRIC__
__AUTOMETRIC__|0.1.2|27964|crew_log_2060b40d1f365b9f|0|1786393351.757|99.342|3.104|4194729984|4274642944|sim_data_345e031ce91f1b82|__AUTOMETRIC__
__AUTOMETRIC__|0.1.2|27964|crew_log_2060b40d1f365b9f|0|1786393352.769|95.726|2.991|4197670912|4277665792|sim_data_345e031ce91f1b82|__AUTOMETRIC__
__AUTOMETRIC__|0.1.2|27964|crew_log_2060b40d1f365b9f|0|1786393353.779|100.610|3.144|4197597184|4277592064|sim_data_345e031ce91f1b82|__AUTOMETRIC__
__AUTOMETRIC__|0.1.2|27964|crew_log_2060b40d1f365b9f|0|1786393354.788|100.598|3.144|4197621760|4277616640|sim_data_345e031ce91f1b82|__AUTOMETRIC__
__AUTOMETRIC__|0.1.2|27964|crew_log_2060b40d1f365b9f|0|1786393355.795|99.378|3.106|4200448000|4280451072|sim_data_345e031ce91f1b82|__AUTOMETRIC__
__AUTOMETRIC__|0.1.2|27964|crew_log_2060b40d1f365b9f|0|1786393356.808|100.221|3.132|4200361984|4280213504|sim_data_345e031ce91f1b82|__AUTOMETRIC__
__AUTOMETRIC__|0.1.2|27964|crew_log_2060b40d1f365b9f|0|1786393357.814|99.459|3.108|4200394752|4280389632|sim_data_345e031ce91f1b82|__AUTOMETRIC__
__AUTOMETRIC__|0.1.2|27964|crew_log_2060b40d1f365b9f|0|1786393358.829|101.589|3.175|4203208704|4283060224|sim_data_345e031ce91f1b82|__AUTOMETRIC__
__AUTOMETRIC__|0.1.2|27964|crew_log_2060b40d1f365b9f|0|1786393359.841|98.782|3.087|4203229184|4283224064|sim_data_345e031ce91f1b82|__AUTOMETRIC__
__AUTOMETRIC__|0.1.2|27964|crew_log_2060b40d1f365b9f|0|1786393360.856|100.084|3.128|49147904|129155072|sim_data_345e031ce91f1b82|__AUTOMETRIC__
__AUTOMETRIC__|0.1.2|27964|crew_log_2060b40d1f365b9f|0|1786393361.868|100.344|3.136|1242095616|1322512384|sim_data_345e031ce91f1b82|__AUTOMETRIC__
__AUTOMETRIC__|0.1.2|27964|crew_log_2060b40d1f365b9f|0|1786393362.870|109.126|3.410|4126236672|4206329856|sim_data_345e031ce91f1b82|__AUTOMETRIC__
__AUTOMETRIC__|0.1.2|27964|crew_log_2060b40d1f365b9f|0|1786393363.873|98.194|3.069|4021886976|4101410816|sim_data_345e031ce91f1b82|__AUTOMETRIC__
__AUTOMETRIC__|0.1.2|27964|crew_log_2060b40d1f365b9f|0|1786393364.880|100.849|3.152|4020969472|4099764224|sim_data_345e031ce91f1b82|__AUTOMETRIC__
__AUTOMETRIC__|0.1.2|27964|crew_log_2060b40d1f365b9f|0|1786393365.893|100.189|3.131|4020928512|4099870720|sim_data_345e031ce91f1b82|__AUTOMETRIC__
__AUTOMETRIC__|0.1.2|27964|crew_log_2060b40d1f365b9f|0|1786393366.898|101.072|3.158|4023906304|4102795264|sim_data_345e031ce91f1b82|__AUTOMETRIC__
__AUTOMETRIC__|0.1.2|27964|crew_log_2060b40d1f365b9f|0|1786393367.904|99.449|3.108|4023853056|4102733824|sim_data_345e031ce91f1b82|__AUTOMETRIC__
__AUTOMETRIC__|0.1.2|27964|crew_log_2060b40d1f365b9f|0|1786393368.914|100.557|3.142|4026753024|4105641984|sim_data_345e031ce91f1b82|__AUTOMETRIC__
__AUTOMETRIC__|0.1.2|27964|crew_log_2060b40d1f365b9f|0|1786393369.917|98.160|3.068|4026675200|4105412608|sim_data_345e031ce91f1b82|__AUTOMETRIC__
__AUTOMETRIC__|0.1.2|27964|crew_log_2060b40d1f365b9f|0|1786393370.920|99.660|3.114|4026695680|4105433088|sim_data_345e031ce91f1b82|__AUTOMETRIC__
__AUTOMETRIC__|0.1.2|27964|crew_log_2060b40d1f365b9f|0|1786393371.922|98.282|3.071|4029472768|4108361728|sim_data_345e031ce91f1b82|__AUTOMETRIC__
__AUTOMETRIC__|0.1.2|27964|crew_log_2060b40d1f365b9f|0|1786393372.928|97.792|3.056|4029431808|4108169216|sim_data_345e031ce91f1b82|__AUTOMETRIC__
__AUTOMETRIC__|0.1.2|27964|crew_log_2060b40d1f365b9f|0|1786393373.933|102.647|3.208|4029440000|4108320768|sim_data_345e031ce91f1b82|__AUTOMETRIC__
__AUTOMETRIC__|0.1.2|27964|crew_log_2060b40d1f365b9f|0|1786393374.939|99.365|3.105|769748992|848961536|sim_data_345e031ce91f1b82|__AUTOMETRIC__
__AUTOMETRIC__|0.1.2|27964|crew_log_2060b40d1f365b9f|0|1786393375.944|111.977|3.499|3763142656|3841937408|sim_data_345e031ce91f1b82|__AUTOMETRIC__
__AUTOMETRIC__|0.1.2|27964|crew_log_2060b40d1f365b9f|0|1786393376.944|101.552|3.174|3786592256|3865526272|sim_data_345e031ce91f1b82|__AUTOMETRIC__
__AUTOMETRIC__|0.1.2|27964|crew_log_2060b40d1f365b9f|0|1786393377.946|101.333|3.167|3786829824|3865763840|sim_data_345e031ce91f1b82|__AUTOMETRIC__
__AUTOMETRIC__|0.1.2|27964|crew_log_2060b40d1f365b9f|0|1786393378.951|99.560|3.111|3785547776|3863580672|sim_data_345e031ce91f1b82|__AUTOMETRIC__
__AUTOMETRIC__|0.1.2|27964|crew_log_2060b40d1f365b9f|0|1786393379.951|99.945|3.123|3788382208|3866361856|sim_data_345e031ce91f1b82|__AUTOMETRIC__
__AUTOMETRIC__|0.1.2|27964|crew_log_2060b40d1f365b9f|0|1786393380.953|99.845|3.120|3788320768|3866292224|sim_data_345e031ce91f1b82|__AUTOMETRIC__
__AUTOMETRIC__|0.1.2|27964|crew_log_2060b40d1f365b9f|0|1786393381.964|100.445|3.139|3791233024|3869212672|sim_data_345e031ce91f1b82|__AUTOMETRIC__
__AUTOMETRIC__|0.1.2|27964|crew_log_2060b40d1f365b9f|0|1786393382.978|100.140|3.129|3791138816|3868971008|sim_data_345e031ce91f1b82|__AUTOMETRIC__
__AUTOMETRIC__|0.1.2|27964|crew_log_2060b40d1f365b9f|0|1786393383.993|100.088|3.128|3791118336|3869089792|sim_data_345e031ce91f1b82|__AUTOMETRIC__
__AUTOMETRIC__|0.1.2|27964|crew_log_2060b40d1f365b9f|0|1786393384.993|98.426|3.076|3794079744|3872059392|sim_data_345e031ce91f1b82|__AUTOMETRIC__
__AUTOMETRIC__|0.1.2|27964|crew_log_2060b40d1f365b9f|0|1786393385.996|99.686|3.115|3794022400|3871854592|sim_data_345e031ce91f1b82|__AUTOMETRIC__
__AUTOMETRIC__|0.1.2|27964|crew_log_2060b40d1f365b9f|0|1786393387.011|100.099|3.128|3944652800|4022525952|sim_data_345e031ce91f1b82|__AUTOMETRIC__
__AUTOMETRIC__|0.1.2|27964|crew_log_2060b40d1f365b9f|0|1786393388.026|98.546|3.080|870797312|949239808|sim_data_345e031ce91f1b82|__AUTOMETRIC__
__AUTOMETRIC__|0.1.2|27964|crew_log_2060b40d1f365b9f|0|1786393389.040|98.599|3.081|1665077248|1744723968|sim_data_345e031ce91f1b82|__AUTOMETRIC__
__AUTOMETRIC__|0.1.2|27964|crew_log_2060b40d1f365b9f|0|1786393390.054|95.545|2.986|2039513088|2119536640|sim_data_345e031ce91f1b82|__AUTOMETRIC__
__AUTOMETRIC__|0.1.2|27964|crew_log_2060b40d1f365b9f|0|1786393391.059|101.010|3.157|2035372032|2114703360|sim_data_345e031ce91f1b82|__AUTOMETRIC__
__AUTOMETRIC__|0.1.2|27964|crew_log_2060b40d1f365b9f|0|1786393392.061|99.801|3.119|2035355648|2114686976|sim_data_345e031ce91f1b82|__AUTOMETRIC__
__AUTOMETRIC__|0.1.2|27964|crew_log_2060b40d1f365b9f|0|1786393393.068|100.849|3.152|2038411264|2117689344|sim_data_345e031ce91f1b82|__AUTOMETRIC__
__AUTOMETRIC__|0.1.2|27964|crew_log_2060b40d1f365b9f|0|1786393394.074|102.544|3.204|2038444032|2117722112|sim_data_345e031ce91f1b82|__AUTOMETRIC__
__AUTOMETRIC__|0.1.2|27964|crew_log_2060b40d1f365b9f|0|1786393395.080|99.443|3.108|2041278464|2120564736|sim_data_345e031ce91f1b82|__AUTOMETRIC__
__AUTOMETRIC__|0.1.2|27964|crew_log_2060b40d1f365b9f|0|1786393396.087|100.814|3.150|2041335808|2120622080|sim_data_345e031ce91f1b82|__AUTOMETRIC__
__AUTOMETRIC__|0.1.2|27964|crew_log_2060b40d1f365b9f|0|1786393397.092|99.479|3.109|2041376768|2120802304|sim_data_345e031ce91f1b82|__AUTOMETRIC__
__AUTOMETRIC__|0.1.2|27964|crew_log_2060b40d1f365b9f|0|1786393398.100|99.271|3.102|2044420096|2123862016|sim_data_345e031ce91f1b82|__AUTOMETRIC__
__AUTOMETRIC__|0.1.2|27964|crew_log_2060b40d1f365b9f|0|1786393399.104|101.070|3.158|2044317696|2123612160|sim_data_345e031ce91f1b82|__AUTOMETRIC__
__AUTOMETRIC__|0.1.2|27964|crew_log_2060b40d1f365b9f|0|1786393400.117|98.759|3.086|2047664128|2126979072|sim_data_345e031ce91f1b82|__AUTOMETRIC__
__AUTOMETRIC__|0.1.2|27964|crew_log_2060b40d1f365b9f|0|1786393401.120|109.002|3.406|1522286592|1601818624|sim_data_345e031ce91f1b82|__AUTOMETRIC__
__AUTOMETRIC__|0.1.2|27964|crew_log_2060b40d1f365b9f|0|1786393402.122|98.304|3.072|1892134912|1971482624|sim_data_345e031ce91f1b82|__AUTOMETRIC__
__AUTOMETRIC__|0.1.2|27964|crew_log_2060b40d1f365b9f|0|1786393403.128|99.428|3.107|1911910400|1991200768|sim_data_345e031ce91f1b82|__AUTOMETRIC__
__AUTOMETRIC__|0.1.2|27964|crew_log_2060b40d1f365b9f|0|1786393404.133|101.063|3.158|1910542336|1988763648|sim_data_345e031ce91f1b82|__AUTOMETRIC__
__AUTOMETRIC__|0.1.2|27964|crew_log_2060b40d1f365b9f|0|1786393405.135|99.773|3.118|1910493184|1988714496|sim_data_345e031ce91f1b82|__AUTOMETRIC__
__AUTOMETRIC__|0.1.2|27964|crew_log_2060b40d1f365b9f|0|1786393406.137|99.813|3.119|1913348096|1991512064|sim_data_345e031ce91f1b82|__AUTOMETRIC__
__AUTOMETRIC__|0.1.2|27964|crew_log_2060b40d1f365b9f|0|1786393407.151|98.564|3.080|1913372672|1991536640|sim_data_345e031ce91f1b82|__AUTOMETRIC__
__AUTOMETRIC__|0.1.2|27964|crew_log_2060b40d1f365b9f|0|1786393408.166|100.080|3.127|1916121088|1994293248|sim_data_345e031ce91f1b82|__AUTOMETRIC__
__AUTOMETRIC__|0.1.2|27964|crew_log_2060b40d1f365b9f|0|1786393409.173|99.317|3.104|1916067840|1994231808|sim_data_345e031ce91f1b82|__AUTOMETRIC__
__AUTOMETRIC__|0.1.2|27964|crew_log_2060b40d1f365b9f|0|1786393410.174|101.483|3.171|1916039168|1994203136|sim_data_345e031ce91f1b82|__AUTOMETRIC__
__AUTOMETRIC__|0.1.2|27964|crew_log_2060b40d1f365b9f|0|1786393411.174|99.942|3.123|1919008768|1997180928|sim_data_345e031ce91f1b82|__AUTOMETRIC__
__AUTOMETRIC__|0.1.2|27964|crew_log_2060b40d1f365b9f|0|1786393412.189|101.606|3.175|1918922752|1997086720|sim_data_345e031ce91f1b82|__AUTOMETRIC__
__AUTOMETRIC__|0.1.2|27964|crew_log_2060b40d1f365b9f|0|1786393413.194|101.125|3.160|1918947328|1997250560|sim_data_345e031ce91f1b82|__AUTOMETRIC__
__AUTOMETRIC__|0.1.2|27964|crew_log_2060b40d1f365b9f|0|1786393414.197|99.648|3.114|2088120320|2166398976|sim_data_345e031ce91f1b82|__AUTOMETRIC__
__AUTOMETRIC__|0.1.2|27964|crew_log_2060b40d1f365b9f|0|1786393415.201|107.443|3.358|1681002496|1759567872|sim_data_345e031ce91f1b82|__AUTOMETRIC__
__AUTOMETRIC__|0.1.2|27964|crew_log_2060b40d1f365b9f|0|1786393416.203|96.592|3.019|1746550784|1824784384|sim_data_345e031ce91f1b82|__AUTOMETRIC__
__AUTOMETRIC__|0.1.2|27964|crew_log_2060b40d1f365b9f|0|1786393417.215|100.386|3.137|1742184448|1819648000|sim_data_345e031ce91f1b82|__AUTOMETRIC__
__AUTOMETRIC__|0.1.2|27964|crew_log_2060b40d1f365b9f|0|1786393418.216|99.939|3.123|1742028800|1819549696|sim_data_345e031ce91f1b82|__AUTOMETRIC__
__AUTOMETRIC__|0.1.2|27964|crew_log_2060b40d1f365b9f|0|1786393419.224|99.180|3.099|1745031168|1822507008|sim_data_345e031ce91f1b82|__AUTOMETRIC__
__AUTOMETRIC__|0.1.2|27964|crew_log_2060b40d1f365b9f|0|1786393420.229|99.482|3.109|1744973824|1822298112|sim_data_345e031ce91f1b82|__AUTOMETRIC__
__AUTOMETRIC__|0.1.2|27964|crew_log_2060b40d1f365b9f|0|1786393421.245|98.494|3.078|1747877888|1825349632|sim_data_345e031ce91f1b82|__AUTOMETRIC__
__AUTOMETRIC__|0.1.2|27964|crew_log_2060b40d1f365b9f|0|1786393422.258|100.174|3.130|1747808256|1825267712|sim_data_345e031ce91f1b82|__AUTOMETRIC__
__AUTOMETRIC__|0.1.2|27964|crew_log_2060b40d1f365b9f|0|1786393423.265|99.385|3.106|1747812352|1825271808|sim_data_345e031ce91f1b82|__AUTOMETRIC__
__AUTOMETRIC__|0.1.2|27964|crew_log_2060b40d1f365b9f|0|1786393424.280|101.539|3.173|1750548480|1827868672|sim_data_345e031ce91f1b82|__AUTOMETRIC__
__AUTOMETRIC__|0.1.2|27964|crew_log_2060b40d1f365b9f|0|1786393425.284|99.645|3.114|1750540288|1827860480|sim_data_345e031ce91f1b82|__AUTOMETRIC__
__AUTOMETRIC__|0.1.2|27964|crew_log_2060b40d1f365b9f|0|1786393426.298|104.770|3.274|1711607808|1788952576|sim_data_345e031ce91f1b82|__AUTOMETRIC__
__AUTOMETRIC__|0.1.2|27964|crew_log_2060b40d1f365b9f|0|1786393427.304|108.749|3.398|1521356800|1598988288|sim_data_345e031ce91f1b82|__AUTOMETRIC__
__AUTOMETRIC__|0.1.2|27964|crew_log_2060b40d1f365b9f|0|1786393428.319|100.003|3.125|1601466368|1679781888|sim_data_345e031ce91f1b82|__AUTOMETRIC__
__AUTOMETRIC__|0.1.2|27964|crew_log_2060b40d1f365b9f|0|1786393429.334|97.011|3.032|1605718016|1683140608|sim_data_345e031ce91f1b82|__AUTOMETRIC__
__AUTOMETRIC__|0.1.2|27964|crew_log_2060b40d1f365b9f|0|1786393430.349|100.059|3.127|1604648960|1681174528|sim_data_345e031ce91f1b82|__AUTOMETRIC__
__AUTOMETRIC__|0.1.2|27964|crew_log_2060b40d1f365b9f|0|1786393431.354|99.525|3.110|1607589888|1684205568|sim_data_345e031ce91f1b82|__AUTOMETRIC__
__AUTOMETRIC__|0.1.2|27964|crew_log_2060b40d1f365b9f|0|1786393432.360|97.795|3.056|1607487488|1683955712|sim_data_345e031ce91f1b82|__AUTOMETRIC__
__AUTOMETRIC__|0.1.2|27964|crew_log_2060b40d1f365b9f|0|1786393433.366|102.501|3.203|1607487488|1684094976|sim_data_345e031ce91f1b82|__AUTOMETRIC__
__AUTOMETRIC__|0.1.2|27964|crew_log_2060b40d1f365b9f|0|1786393434.374|99.210|3.100|1610326016|1686794240|sim_data_345e031ce91f1b82|__AUTOMETRIC__
__AUTOMETRIC__|0.1.2|27964|crew_log_2060b40d1f365b9f|0|1786393435.380|100.993|3.156|1610330112|1686798336|sim_data_345e031ce91f1b82|__AUTOMETRIC__
__AUTOMETRIC__|0.1.2|27964|crew_log_2060b40d1f365b9f|0|1786393436.386|100.954|3.155|1613221888|1689837568|sim_data_345e031ce91f1b82|__AUTOMETRIC__
__AUTOMETRIC__|0.1.2|27964|crew_log_2060b40d1f365b9f|0|1786393437.387|99.934|3.123|1613086720|1689694208|sim_data_345e031ce91f1b82|__AUTOMETRIC__
__AUTOMETRIC__|0.1.2|27964|crew_log_2060b40d1f365b9f|0|1786393438.402|100.062|3.127|1613099008|1689706496|sim_data_345e031ce91f1b82|__AUTOMETRIC__
__AUTOMETRIC__|0.1.2|27964|crew_log_2060b40d1f365b9f|0|1786393439.405|98.158|3.067|2098618368|2175541248|sim_data_345e031ce91f1b82|__AUTOMETRIC__
__AUTOMETRIC__|0.1.2|27964|crew_log_2060b40d1f365b9f|0|1786393440.418|107.881|3.371|1515327488|1591885824|sim_data_345e031ce91f1b82|__AUTOMETRIC__
__AUTOMETRIC__|0.1.2|27964|crew_log_2060b40d1f365b9f|0|1786393441.424|101.008|3.157|1547235328|1624133632|sim_data_345e031ce91f1b82|__AUTOMETRIC__
__AUTOMETRIC__|0.1.2|27964|crew_log_2060b40d1f365b9f|0|1786393442.431|100.868|3.152|1543143424|1618980864|sim_data_345e031ce91f1b82|__AUTOMETRIC__
__AUTOMETRIC__|0.1.2|27964|crew_log_2060b40d1f365b9f|0|1786393443.436|99.475|3.109|1542807552|1618571264|sim_data_345e031ce91f1b82|__AUTOMETRIC__
__AUTOMETRIC__|0.1.2|27964|crew_log_2060b40d1f365b9f|0|1786393444.446|100.553|3.142|1545515008|1621082112|sim_data_345e031ce91f1b82|__AUTOMETRIC__
__AUTOMETRIC__|0.1.2|27964|crew_log_2060b40d1f365b9f|0|1786393445.460|98.656|3.083|1545576448|1621143552|sim_data_345e031ce91f1b82|__AUTOMETRIC__
__AUTOMETRIC__|0.1.2|27964|crew_log_2060b40d1f365b9f|0|1786393446.474|97.079|3.034|1545601024|1621168128|sim_data_345e031ce91f1b82|__AUTOMETRIC__
__AUTOMETRIC__|0.1.2|27964|crew_log_2060b40d1f365b9f|0|1786393447.479|102.568|3.205|1548587008|1624162304|sim_data_345e031ce91f1b82|__AUTOMETRIC__
__AUTOMETRIC__|0.1.2|27964|crew_log_2060b40d1f365b9f|0|1786393448.480|98.342|3.073|1548435456|1624002560|sim_data_345e031ce91f1b82|__AUTOMETRIC__
__AUTOMETRIC__|0.1.2|27964|crew_log_2060b40d1f365b9f|0|1786393449.482|99.814|3.119|1548435456|1624141824|sim_data_345e031ce91f1b82|__AUTOMETRIC__
__AUTOMETRIC__|0.1.2|27964|crew_log_2060b40d1f365b9f|0|1786393450.490|99.241|3.101|1551253504|1626959872|sim_data_345e031ce91f1b82|__AUTOMETRIC__
__AUTOMETRIC__|0.1.2|27964|crew_log_2060b40d1f365b9f|0|1786393451.497|100.843|3.151|1551253504|1626959872|sim_data_345e031ce91f1b82|__AUTOMETRIC__
__AUTOMETRIC__|0.1.2|27964|crew_log_2060b40d1f365b9f|0|1786393452.497|98.399|3.075|1551257600|1626824704|sim_data_345e031ce91f1b82|__AUTOMETRIC__
__AUTOMETRIC__|0.1.2|27964|crew_log_2060b40d1f365b9f|0|1786393453.503|99.426|3.107|2119757824|2195353600|sim_data_345e031ce91f1b82|__AUTOMETRIC__
__AUTOMETRIC__|0.1.2|27964|crew_log_2060b40d1f365b9f|0|1786393454.509|104.018|3.251|1406955520|1482809344|sim_data_345e031ce91f1b82|__AUTOMETRIC__
__AUTOMETRIC__|0.1.2|27964|crew_log_2060b40d1f365b9f|0|1786393455.514|101.065|3.158|1455120384|1530707968|sim_data_345e031ce91f1b82|__AUTOMETRIC__
__AUTOMETRIC__|0.1.2|27964|crew_log_2060b40d1f365b9f|0|1786393456.522|99.224|3.101|1450733568|1525510144|sim_data_345e031ce91f1b82|__AUTOMETRIC__
__AUTOMETRIC__|0.1.2|27964|crew_log_2060b40d1f365b9f|0|1786393457.528|99.437|3.107|1450618880|1525452800|sim_data_345e031ce91f1b82|__AUTOMETRIC__
__AUTOMETRIC__|0.1.2|27964|crew_log_2060b40d1f365b9f|0|1786393458.538|100.570|3.143|1453629440|1528414208|sim_data_345e031ce91f1b82|__AUTOMETRIC__
__AUTOMETRIC__|0.1.2|27964|crew_log_2060b40d1f365b9f|0|1786393459.541|96.578|3.018|1453477888|1528115200|sim_data_345e031ce91f1b82|__AUTOMETRIC__
__AUTOMETRIC__|0.1.2|27964|crew_log_2060b40d1f365b9f|0|1786393460.547|99.339|3.104|1453498368|1528274944|sim_data_345e031ce91f1b82|__AUTOMETRIC__
__AUTOMETRIC__|0.1.2|27964|crew_log_2060b40d1f365b9f|0|1786393461.549|101.385|3.168|1456328704|1530966016|sim_data_345e031ce91f1b82|__AUTOMETRIC__
__AUTOMETRIC__|0.1.2|27964|crew_log_2060b40d1f365b9f|0|1786393462.552|101.253|3.164|1456353280|1530990592|sim_data_345e031ce91f1b82|__AUTOMETRIC__
__AUTOMETRIC__|0.1.2|27964|crew_log_2060b40d1f365b9f|0|1786393463.565|98.711|3.085|1456340992|1530978304|sim_data_345e031ce91f1b82|__AUTOMETRIC__
__AUTOMETRIC__|0.1.2|27964|crew_log_2060b40d1f365b9f|0|1786393464.571|99.432|3.107|1459236864|1533882368|sim_data_345e031ce91f1b82|__AUTOMETRIC__
__AUTOMETRIC__|0.1.2|27964|crew_log_2060b40d1f365b9f|0|1786393465.574|99.692|3.115|1459113984|1533751296|sim_data_345e031ce91f1b82|__AUTOMETRIC__
__AUTOMETRIC__|0.1.2|27964|crew_log_2060b40d1f365b9f|0|1786393466.589|100.113|3.129|1459118080|1533755392|sim_data_345e031ce91f1b82|__AUTOMETRIC__
__AUTOMETRIC__|0.1.2|27964|crew_log_2060b40d1f365b9f|0|1786393467.589|96.797|3.025|2128420864|2203119616|sim_data_345e031ce91f1b82|__AUTOMETRIC__
__AUTOMETRIC__|0.1.2|27964|crew_log_2060b40d1f365b9f|0|1786393468.591|107.678|3.365|1362395136|1437327360|sim_data_345e031ce91f1b82|__AUTOMETRIC__
__AUTOMETRIC__|0.1.2|27964|crew_log_2060b40d1f365b9f|0|1786393469.597|99.346|3.105|1421729792|1496612864|sim_data_345e031ce91f1b82|__AUTOMETRIC__
__AUTOMETRIC__|0.1.2|27964|crew_log_2060b40d1f365b9f|0|1786393470.599|101.330|3.167|1418084352|1491996672|sim_data_345e031ce91f1b82|__AUTOMETRIC__
__AUTOMETRIC__|0.1.2|27964|crew_log_2060b40d1f365b9f|0|1786393471.610|102.095|3.190|1418006528|1491828736|sim_data_345e031ce91f1b82|__AUTOMETRIC__
__AUTOMETRIC__|0.1.2|27964|crew_log_2060b40d1f365b9f|0|1786393472.622|100.298|3.134|1420587008|1494351872|sim_data_345e031ce91f1b82|__AUTOMETRIC__
__AUTOMETRIC__|0.1.2|27964|crew_log_2060b40d1f365b9f|0|1786393473.633|100.423|3.138|1420681216|1494663168|sim_data_345e031ce91f1b82|__AUTOMETRIC__
__AUTOMETRIC__|0.1.2|27964|crew_log_2060b40d1f365b9f|0|1786393474.641|99.267|3.102|1420677120|1494659072|sim_data_345e031ce91f1b82|__AUTOMETRIC__
__AUTOMETRIC__|0.1.2|27964|crew_log_2060b40d1f365b9f|0|1786393475.652|102.019|3.188|1423421440|1497403392|sim_data_345e031ce91f1b82|__AUTOMETRIC__
__AUTOMETRIC__|0.1.2|27964|crew_log_2060b40d1f365b9f|0|1786393476.658|97.785|3.056|1423433728|1497415680|sim_data_345e031ce91f1b82|__AUTOMETRIC__
__AUTOMETRIC__|0.1.2|27964|crew_log_2060b40d1f365b9f|0|1786393477.670|100.427|3.138|1426325504|1500315648|sim_data_345e031ce91f1b82|__AUTOMETRIC__
__AUTOMETRIC__|0.1.2|27964|crew_log_2060b40d1f365b9f|0|1786393478.682|101.901|3.184|1426198528|1499963392|sim_data_345e031ce91f1b82|__AUTOMETRIC__
__AUTOMETRIC__|0.1.2|27964|crew_log_2060b40d1f365b9f|0|1786393479.689|100.828|3.151|1426210816|1500192768|sim_data_345e031ce91f1b82|__AUTOMETRIC__
__AUTOMETRIC__|0.1.2|27964|crew_log_2060b40d1f365b9f|0|1786393480.691|98.265|3.071|2121150464|2195398656|sim_data_345e031ce91f1b82|__AUTOMETRIC__
__AUTOMETRIC__|0.1.2|27964|crew_log_2060b40d1f365b9f|0|1786393481.706|101.561|3.174|1372700672|1446604800|sim_data_345e031ce91f1b82|__AUTOMETRIC__
__AUTOMETRIC__|0.1.2|27964|crew_log_2060b40d1f365b9f|0|1786393482.718|101.896|3.184|1385070592|1458171904|sim_data_345e031ce91f1b82|__AUTOMETRIC__
__AUTOMETRIC__|0.1.2|27964|crew_log_2060b40d1f365b9f|0|1786393483.719|99.872|3.121|1385275392|1458376704|sim_data_345e031ce91f1b82|__AUTOMETRIC__
__AUTOMETRIC__|0.1.2|27964|crew_log_2060b40d1f365b9f|0|1786393484.720|101.558|3.174|1384976384|1457733632|sim_data_345e031ce91f1b82|__AUTOMETRIC__
__AUTOMETRIC__|0.1.2|27964|crew_log_2060b40d1f365b9f|0|1786393485.726|100.936|3.154|1384792064|1457766400|sim_data_345e031ce91f1b82|__AUTOMETRIC__
__AUTOMETRIC__|0.1.2|27964|crew_log_2060b40d1f365b9f|0|1786393486.727|99.838|3.120|1387720704|1460420608|sim_data_345e031ce91f1b82|__AUTOMETRIC__
__AUTOMETRIC__|0.1.2|27964|crew_log_2060b40d1f365b9f|0|1786393487.739|95.748|2.992|1387520000|1460219904|sim_data_345e031ce91f1b82|__AUTOMETRIC__
__AUTOMETRIC__|0.1.2|27964|crew_log_2060b40d1f365b9f|0|1786393488.749|99.028|3.095|1387651072|1460350976|sim_data_345e031ce91f1b82|__AUTOMETRIC__
__AUTOMETRIC__|0.1.2|27964|crew_log_2060b40d1f365b9f|0|1786393489.763|100.188|3.131|1387732992|1460649984|sim_data_345e031ce91f1b82|__AUTOMETRIC__
__AUTOMETRIC__|0.1.2|27964|crew_log_2060b40d1f365b9f|0|1786393490.773|100.519|3.141|1390579712|1463279616|sim_data_345e031ce91f1b82|__AUTOMETRIC__
__AUTOMETRIC__|0.1.2|27964|crew_log_2060b40d1f365b9f|0|1786393491.777|99.617|3.113|1390587904|1463287808|sim_data_345e031ce91f1b82|__AUTOMETRIC__
__AUTOMETRIC__|0.1.2|27964|crew_log_2060b40d1f365b9f|0|1786393492.782|101.079|3.159|1390460928|1463377920|sim_data_345e031ce91f1b82|__AUTOMETRIC__
__AUTOMETRIC__|0.1.2|27964|crew_log_2060b40d1f365b9f|0|1786393493.783|99.902|3.122|1393508352|1466425344|sim_data_345e031ce91f1b82|__AUTOMETRIC__
__AUTOMETRIC__|0.1.2|27964|crew_log_2060b40d1f365b9f|0|1786393494.794|98.851|3.089|1393418240|1466118144|sim_data_345e031ce91f1b82|__AUTOMETRIC__
__AUTOMETRIC__|0.1.2|27964|crew_log_2060b40d1f365b9f|0|1786393495.807|100.334|3.135|1393405952|1466105856|sim_data_345e031ce91f1b82|__AUTOMETRIC__
__AUTOMETRIC__|0.1.2|27964|crew_log_2060b40d1f365b9f|0|1786393496.814|97.682|3.053|2131591168|2205065216|sim_data_345e031ce91f1b82|__AUTOMETRIC__
__AUTOMETRIC__|0.1.2|27964|crew_log_2060b40d1f365b9f|0|1786393497.822|111.606|3.488|1300307968|1373700096|sim_data_345e031ce91f1b82|__AUTOMETRIC__
__AUTOMETRIC__|0.1.2|27964|crew_log_2060b40d1f365b9f|0|1786393498.824|99.867|3.121|1321369600|1394593792|sim_data_345e031ce91f1b82|__AUTOMETRIC__
__AUTOMETRIC__|0.1.2|27964|crew_log_2060b40d1f365b9f|0|1786393499.834|102.049|3.189|1316495360|1388683264|sim_data_345e031ce91f1b82|__AUTOMETRIC__
__AUTOMETRIC__|0.1.2|27964|crew_log_2060b40d1f365b9f|0|1786393500.847|98.687|3.084|1316106240|1388064768|sim_data_345e031ce91f1b82|__AUTOMETRIC__
__AUTOMETRIC__|0.1.2|27964|crew_log_2060b40d1f365b9f|0|1786393501.862|101.625|3.176|1317875712|1389776896|sim_data_345e031ce91f1b82|__AUTOMETRIC__
__AUTOMETRIC__|0.1.2|27964|crew_log_2060b40d1f365b9f|0|1786393502.870|96.144|3.004|1318150144|1390051328|sim_data_345e031ce91f1b82|__AUTOMETRIC__
__AUTOMETRIC__|0.1.2|27964|crew_log_2060b40d1f365b9f|0|1786393503.882|97.292|3.040|1320992768|1392902144|sim_data_345e031ce91f1b82|__AUTOMETRIC__
__AUTOMETRIC__|0.1.2|27964|crew_log_2060b40d1f365b9f|0|1786393504.896|100.159|3.130|1320984576|1392885760|sim_data_345e031ce91f1b82|__AUTOMETRIC__
__AUTOMETRIC__|0.1.2|27964|crew_log_2060b40d1f365b9f|0|1786393505.910|101.702|3.178|1320730624|1392848896|sim_data_345e031ce91f1b82|__AUTOMETRIC__
__AUTOMETRIC__|0.1.2|27964|crew_log_2060b40d1f365b9f|0|1786393506.911|101.378|3.168|1323458560|1395359744|sim_data_345e031ce91f1b82|__AUTOMETRIC__
__AUTOMETRIC__|0.1.2|27964|crew_log_2060b40d1f365b9f|0|1786393507.913|99.819|3.119|1323724800|1395625984|sim_data_345e031ce91f1b82|__AUTOMETRIC__
__AUTOMETRIC__|0.1.2|27964|crew_log_2060b40d1f365b9f|0|1786393508.914|99.966|3.124|1684049920|1756000256|sim_data_345e031ce91f1b82|__AUTOMETRIC__
__AUTOMETRIC__|0.1.2|27964|crew_log_2060b40d1f365b9f|0|1786393509.915|98.320|3.072|2134704128|2207080448|sim_data_345e031ce91f1b82|__AUTOMETRIC__
__AUTOMETRIC__|0.1.2|27964|crew_log_2060b40d1f365b9f|0|1786393510.929|106.272|3.321|1293508608|1365860352|sim_data_345e031ce91f1b82|__AUTOMETRIC__
__AUTOMETRIC__|0.1.2|27964|crew_log_2060b40d1f365b9f|0|1786393511.933|99.618|3.113|1295880192|1367478272|sim_data_345e031ce91f1b82|__AUTOMETRIC__
__AUTOMETRIC__|0.1.2|27964|crew_log_2060b40d1f365b9f|0|1786393512.934|99.901|3.122|1292828672|1363910656|sim_data_345e031ce91f1b82|__AUTOMETRIC__
__AUTOMETRIC__|0.1.2|27964|crew_log_2060b40d1f365b9f|0|1786393513.938|101.205|3.163|1295638528|1366458368|sim_data_345e031ce91f1b82|__AUTOMETRIC__
__AUTOMETRIC__|0.1.2|27964|crew_log_2060b40d1f365b9f|0|1786393514.938|99.917|3.122|1295646720|1366466560|sim_data_345e031ce91f1b82|__AUTOMETRIC__
__AUTOMETRIC__|0.1.2|27964|crew_log_2060b40d1f365b9f|0|1786393515.953|101.671|3.177|1295634432|1366454272|sim_data_345e031ce91f1b82|__AUTOMETRIC__
__AUTOMETRIC__|0.1.2|27964|crew_log_2060b40d1f365b9f|0|1786393516.958|100.984|3.156|1295634432|1366454272|sim_data_345e031ce91f1b82|__AUTOMETRIC__
__AUTOMETRIC__|0.1.2|27964|crew_log_2060b40d1f365b9f|0|1786393517.963|102.656|3.208|1295634432|1366454272|sim_data_345e031ce91f1b82|__AUTOMETRIC__
__AUTOMETRIC__|0.1.2|27964|crew_log_2060b40d1f365b9f|0|1786393518.978|100.044|3.126|1298485248|1369305088|sim_data_345e031ce91f1b82|__AUTOMETRIC__
__AUTOMETRIC__|0.1.2|27964|crew_log_2060b40d1f365b9f|0|1786393519.989|97.375|3.043|1298522112|1369546752|sim_data_345e031ce91f1b82|__AUTOMETRIC__
__AUTOMETRIC__|0.1.2|27964|crew_log_2060b40d1f365b9f|0|1786393520.991|98.258|3.071|1301446656|1372483584|sim_data_345e031ce91f1b82|__AUTOMETRIC__
__AUTOMETRIC__|0.1.2|27964|crew_log_2060b40d1f365b9f|0|1786393521.994|96.625|3.020|1301340160|1372364800|sim_data_345e031ce91f1b82|__AUTOMETRIC__
__AUTOMETRIC__|0.1.2|27964|crew_log_2060b40d1f365b9f|0|1786393523.007|100.187|3.131|1301368832|1372393472|sim_data_345e031ce91f1b82|__AUTOMETRIC__
__AUTOMETRIC__|0.1.2|27964|crew_log_2060b40d1f365b9f|0|1786393524.011|99.671|3.115|1580019712|1651159040|sim_data_345e031ce91f1b82|__AUTOMETRIC__
__AUTOMETRIC__|0.1.2|27964|crew_log_2060b40d1f365b9f|0|1786393525.026|100.042|3.126|2106925056|2178338816|sim_data_345e031ce91f1b82|__AUTOMETRIC__
__AUTOMETRIC__|0.1.2|27964|crew_log_2060b40d1f365b9f|0|1786393526.029|105.958|3.311|1300688896|1372094464|sim_data_345e031ce91f1b82|__AUTOMETRIC__
__AUTOMETRIC__|0.1.2|27964|crew_log_2060b40d1f365b9f|0|1786393527.039|98.919|3.091|1318518784|1389084672|sim_data_345e031ce91f1b82|__AUTOMETRIC__
__AUTOMETRIC__|0.1.2|27964|crew_log_2060b40d1f365b9f|0|1786393528.054|100.123|3.129|1318772736|1389338624|sim_data_345e031ce91f1b82|__AUTOMETRIC__
__AUTOMETRIC__|0.1.2|27964|crew_log_2060b40d1f365b9f|0|1786393529.057|99.716|3.116|1315696640|1385799680|sim_data_345e031ce91f1b82|__AUTOMETRIC__
__AUTOMETRIC__|0.1.2|27964|crew_log_2060b40d1f365b9f|0|1786393530.061|99.525|3.110|1318551552|1388580864|sim_data_345e031ce91f1b82|__AUTOMETRIC__
__AUTOMETRIC__|0.1.2|27964|crew_log_2060b40d1f365b9f|0|1786393531.064|99.766|3.118|1318547456|1388384256|sim_data_345e031ce91f1b82|__AUTOMETRIC__
__AUTOMETRIC__|0.1.2|27964|crew_log_2060b40d1f365b9f|0|1786393532.066|101.388|3.168|1318559744|1388396544|sim_data_345e031ce91f1b82|__AUTOMETRIC__
__AUTOMETRIC__|0.1.2|27964|crew_log_2060b40d1f365b9f|0|1786393533.071|100.977|3.156|1321062400|1390899200|sim_data_345e031ce91f1b82|__AUTOMETRIC__
__AUTOMETRIC__|0.1.2|27964|crew_log_2060b40d1f365b9f|0|1786393534.079|99.270|3.102|1321287680|1391124480|sim_data_345e031ce91f1b82|__AUTOMETRIC__
__AUTOMETRIC__|0.1.2|27964|crew_log_2060b40d1f365b9f|0|1786393535.080|101.416|3.169|1321271296|1391108096|sim_data_345e031ce91f1b82|__AUTOMETRIC__
__AUTOMETRIC__|0.1.2|27964|crew_log_2060b40d1f365b9f|0|1786393536.087|100.917|3.154|1324109824|1393946624|sim_data_345e031ce91f1b82|__AUTOMETRIC__
__AUTOMETRIC__|0.1.2|27964|crew_log_2060b40d1f365b9f|0|1786393537.089|99.742|3.117|1324150784|1393987584|sim_data_345e031ce91f1b82|__AUTOMETRIC__
__AUTOMETRIC__|0.1.2|27964|crew_log_2060b40d1f365b9f|0|1786393538.095|99.451|3.108|1532596224|1602523136|sim_data_345e031ce91f1b82|__AUTOMETRIC__
__AUTOMETRIC__|0.1.2|27964|crew_log_2060b40d1f365b9f|0|1786393539.106|98.921|3.091|2145800192|2216316928|sim_data_345e031ce91f1b82|__AUTOMETRIC__
__AUTOMETRIC__|0.1.2|27964|crew_log_2060b40d1f365b9f|0|1786393540.120|107.789|3.368|1270444032|1341018112|sim_data_345e031ce91f1b82|__AUTOMETRIC__
__AUTOMETRIC__|0.1.2|27964|crew_log_2060b40d1f365b9f|0|1786393541.124|99.610|3.113|1274290176|1344040960|sim_data_345e031ce91f1b82|__AUTOMETRIC__
__AUTOMETRIC__|0.1.2|27964|crew_log_2060b40d1f365b9f|0|1786393542.127|101.227|3.163|1271652352|1340846080|sim_data_345e031ce91f1b82|__AUTOMETRIC__
__AUTOMETRIC__|0.1.2|27964|crew_log_2060b40d1f365b9f|0|1786393543.141|101.733|3.179|1274277888|1343217664|sim_data_345e031ce91f1b82|__AUTOMETRIC__
__AUTOMETRIC__|0.1.2|27964|crew_log_2060b40d1f365b9f|0|1786393544.144|99.761|3.118|1274277888|1343217664|sim_data_345e031ce91f1b82|__AUTOMETRIC__
__AUTOMETRIC__|0.1.2|27964|crew_log_2060b40d1f365b9f|0|1786393545.156|100.266|3.133|1277321216|1346465792|sim_data_345e031ce91f1b82|__AUTOMETRIC__
__AUTOMETRIC__|0.1.2|27964|crew_log_2060b40d1f365b9f|0|1786393546.169|101.845|3.183|1277255680|1346387968|sim_data_345e031ce91f1b82|__AUTOMETRIC__
__AUTOMETRIC__|0.1.2|27964|crew_log_2060b40d1f365b9f|0|1786393547.174|99.470|3.108|1277259776|1346392064|sim_data_345e031ce91f1b82|__AUTOMETRIC__
__AUTOMETRIC__|0.1.2|27964|crew_log_2060b40d1f365b9f|0|1786393548.177|101.295|3.165|1280028672|1349173248|sim_data_345e031ce91f1b82|__AUTOMETRIC__
__AUTOMETRIC__|0.1.2|27964|crew_log_2060b40d1f365b9f|0|1786393549.192|101.562|3.174|1280024576|1349156864|sim_data_345e031ce91f1b82|__AUTOMETRIC__
__AUTOMETRIC__|0.1.2|27964|crew_log_2060b40d1f365b9f|0|1786393550.196|101.218|3.163|1358454784|1427832832|sim_data_345e031ce91f1b82|__AUTOMETRIC__
__AUTOMETRIC__|0.1.2|27964|crew_log_2060b40d1f365b9f|0|1786393551.211|106.250|3.320|1625272320|1694814208|sim_data_345e031ce91f1b82|__AUTOMETRIC__
__AUTOMETRIC__|0.1.2|27964|crew_log_2060b40d1f365b9f|0|1786393552.215|102.715|3.210|1251065856|1320562688|sim_data_345e031ce91f1b82|__AUTOMETRIC__
__AUTOMETRIC__|0.1.2|27964|crew_log_2060b40d1f365b9f|0|1786393553.220|99.427|3.107|1270968320|1340284928|sim_data_345e031ce91f1b82|__AUTOMETRIC__
__AUTOMETRIC__|0.1.2|27964|crew_log_2060b40d1f365b9f|0|1786393554.234|101.728|3.179|1265532928|1333923840|sim_data_345e031ce91f1b82|__AUTOMETRIC__
__AUTOMETRIC__|0.1.2|27964|crew_log_2060b40d1f365b9f|0|1786393555.241|102.393|3.200|1264549888|1332940800|sim_data_345e031ce91f1b82|__AUTOMETRIC__
__AUTOMETRIC__|0.1.2|27964|crew_log_2060b40d1f365b9f|0|1786393556.246|99.508|3.110|1267339264|1335476224|sim_data_345e031ce91f1b82|__AUTOMETRIC__
__AUTOMETRIC__|0.1.2|27964|crew_log_2060b40d1f365b9f|0|1786393557.261|100.095|3.128|1267367936|1335697408|sim_data_345e031ce91f1b82|__AUTOMETRIC__
__AUTOMETRIC__|0.1.2|27964|crew_log_2060b40d1f365b9f|0|1786393558.266|99.498|3.109|1270128640|1338458112|sim_data_345e031ce91f1b82|__AUTOMETRIC__
__AUTOMETRIC__|0.1.2|27964|crew_log_2060b40d1f365b9f|0|1786393559.280|98.621|3.082|1270128640|1338265600|sim_data_345e031ce91f1b82|__AUTOMETRIC__
__AUTOMETRIC__|0.1.2|27964|crew_log_2060b40d1f365b9f|0|1786393560.283|101.274|3.165|1270136832|1338466304|sim_data_345e031ce91f1b82|__AUTOMETRIC__
__AUTOMETRIC__|0.1.2|27964|crew_log_2060b40d1f365b9f|0|1786393561.287|98.052|3.064|1273131008|1341468672|sim_data_345e031ce91f1b82|__AUTOMETRIC__
__AUTOMETRIC__|0.1.2|27964|crew_log_2060b40d1f365b9f|0|1786393562.294|99.283|3.103|1272991744|1341321216|sim_data_345e031ce91f1b82|__AUTOMETRIC__
__AUTOMETRIC__|0.1.2|27964|crew_log_2060b40d1f365b9f|0|1786393563.295|99.908|3.122|1272999936|1341329408|sim_data_345e031ce91f1b82|__AUTOMETRIC__
__AUTOMETRIC__|0.1.2|27964|crew_log_2060b40d1f365b9f|0|1786393564.299|97.971|3.062|2129903616|2198507520|sim_data_345e031ce91f1b82|__AUTOMETRIC__
__AUTOMETRIC__|0.1.2|27964|crew_log_2060b40d1f365b9f|0|1786393565.308|105.366|3.293|1308319744|1376780288|sim_data_345e031ce91f1b82|__AUTOMETRIC__
__AUTOMETRIC__|0.1.2|27964|crew_log_2060b40d1f365b9f|0|1786393566.310|101.318|3.166|1326256128|1394077696|sim_data_345e031ce91f1b82|__AUTOMETRIC__
__AUTOMETRIC__|0.1.2|27964|crew_log_2060b40d1f365b9f|0|1786393567.323|98.766|3.086|1324077056|1391329280|sim_data_345e031ce91f1b82|__AUTOMETRIC__
__AUTOMETRIC__|0.1.2|27964|crew_log_2060b40d1f365b9f|0|1786393568.331|99.181|3.099|1324146688|1391550464|sim_data_345e031ce91f1b82|__AUTOMETRIC__
__AUTOMETRIC__|0.1.2|27964|crew_log_2060b40d1f365b9f|0|1786393569.342|102.025|3.188|1327108096|1394466816|sim_data_345e031ce91f1b82|__AUTOMETRIC__
__AUTOMETRIC__|0.1.2|27964|crew_log_2060b40d1f365b9f|0|1786393570.343|99.861|3.121|1327034368|1394380800|sim_data_345e031ce91f1b82|__AUTOMETRIC__
__AUTOMETRIC__|0.1.2|27964|crew_log_2060b40d1f365b9f|0|1786393571.346|101.302|3.166|1329897472|1397256192|sim_data_345e031ce91f1b82|__AUTOMETRIC__
__AUTOMETRIC__|0.1.2|27964|crew_log_2060b40d1f365b9f|0|1786393572.346|101.505|3.172|1329582080|1396776960|sim_data_345e031ce91f1b82|__AUTOMETRIC__
__AUTOMETRIC__|0.1.2|27964|crew_log_2060b40d1f365b9f|0|1786393573.356|100.620|3.144|1329778688|1396973568|sim_data_345e031ce91f1b82|__AUTOMETRIC__
__AUTOMETRIC__|0.1.2|27964|crew_log_2060b40d1f365b9f|0|1786393574.359|99.659|3.114|1329799168|1397145600|sim_data_345e031ce91f1b82|__AUTOMETRIC__
__AUTOMETRIC__|0.1.2|27964|crew_log_2060b40d1f365b9f|0|1786393575.361|98.290|3.072|1332555776|1399750656|sim_data_345e031ce91f1b82|__AUTOMETRIC__
__AUTOMETRIC__|0.1.2|27964|crew_log_2060b40d1f365b9f|0|1786393576.365|101.115|3.160|1332596736|1399943168|sim_data_345e031ce91f1b82|__AUTOMETRIC__
__AUTOMETRIC__|0.1.2|27964|crew_log_2060b40d1f365b9f|0|1786393577.370|99.555|3.111|1707503616|1774911488|sim_data_345e031ce91f1b82|__AUTOMETRIC__
__AUTOMETRIC__|0.1.2|27964|crew_log_2060b40d1f365b9f|0|1786393578.385|100.056|3.127|2151055360|2218823680|sim_data_345e031ce91f1b82|__AUTOMETRIC__
__AUTOMETRIC__|0.1.2|27964|crew_log_2060b40d1f365b9f|0|1786393579.388|102.804|3.213|1351864320|1419378688|sim_data_345e031ce91f1b82|__AUTOMETRIC__
__AUTOMETRIC__|0.1.2|27964|crew_log_2060b40d1f365b9f|0|1786393580.392|101.170|3.162|1346338816|1413033984|sim_data_345e031ce91f1b82|__AUTOMETRIC__
__AUTOMETRIC__|0.1.2|27964|crew_log_2060b40d1f365b9f|0|1786393581.392|101.480|3.171|1343328256|1409626112|sim_data_345e031ce91f1b82|__AUTOMETRIC__
__AUTOMETRIC__|0.1.2|27964|crew_log_2060b40d1f365b9f|0|1786393582.397|101.115|3.160|1346150400|1412395008|sim_data_345e031ce91f1b82|__AUTOMETRIC__
__AUTOMETRIC__|0.1.2|27964|crew_log_2060b40d1f365b9f|0|1786393583.411|100.097|3.128|1346117632|1412354048|sim_data_345e031ce91f1b82|__AUTOMETRIC__
__AUTOMETRIC__|0.1.2|27964|crew_log_2060b40d1f365b9f|0|1786393584.423|98.887|3.090|1346170880|1412562944|sim_data_345e031ce91f1b82|__AUTOMETRIC__
__AUTOMETRIC__|0.1.2|27964|crew_log_2060b40d1f365b9f|0|1786393585.424|99.912|3.122|1349107712|1415507968|sim_data_345e031ce91f1b82|__AUTOMETRIC__
__AUTOMETRIC__|0.1.2|27964|crew_log_2060b40d1f365b9f|0|1786393586.438|101.673|3.177|1349005312|1415241728|sim_data_345e031ce91f1b82|__AUTOMETRIC__
__AUTOMETRIC__|0.1.2|27964|crew_log_2060b40d1f365b9f|0|1786393587.450|98.758|3.086|1349021696|1415409664|sim_data_345e031ce91f1b82|__AUTOMETRIC__
__AUTOMETRIC__|0.1.2|27964|crew_log_2060b40d1f365b9f|0|1786393588.454|99.678|3.115|1351843840|1418231808|sim_data_345e031ce91f1b82|__AUTOMETRIC__
__AUTOMETRIC__|0.1.2|27964|crew_log_2060b40d1f365b9f|0|1786393589.466|100.324|3.135|1351852032|1418240000|sim_data_345e031ce91f1b82|__AUTOMETRIC__
__AUTOMETRIC__|0.1.2|27964|crew_log_2060b40d1f365b9f|0|1786393590.479|97.138|3.036|1706528768|1772945408|sim_data_345e031ce91f1b82|__AUTOMETRIC__
__AUTOMETRIC__|0.1.2|27964|crew_log_2060b40d1f365b9f|0|1786393591.492|104.951|3.280|1243377664|1309417472|sim_data_345e031ce91f1b82|__AUTOMETRIC__
__AUTOMETRIC__|0.1.2|27964|crew_log_2060b40d1f365b9f|0|1786393592.497|97.971|3.062|1319796736|1386958848|sim_data_345e031ce91f1b82|__AUTOMETRIC__
__AUTOMETRIC__|0.1.2|27964|crew_log_2060b40d1f365b9f|0|1786393593.499|99.754|3.117|1318027264|1384460288|sim_data_345e031ce91f1b82|__AUTOMETRIC__
__AUTOMETRIC__|0.1.2|27964|crew_log_2060b40d1f365b9f|0|1786393594.505|99.412|3.107|1312759808|1378263040|sim_data_345e031ce91f1b82|__AUTOMETRIC__
__AUTOMETRIC__|0.1.2|27964|crew_log_2060b40d1f365b9f|0|1786393595.507|104.479|3.265|1315475456|1380929536|sim_data_345e031ce91f1b82|__AUTOMETRIC__
__AUTOMETRIC__|0.1.2|27964|crew_log_2060b40d1f365b9f|0|1786393596.522|100.086|3.128|1315409920|1380851712|sim_data_345e031ce91f1b82|__AUTOMETRIC__
__AUTOMETRIC__|0.1.2|27964|crew_log_2060b40d1f365b9f|0|1786393597.534|98.781|3.087|1315409920|1380851712|sim_data_345e031ce91f1b82|__AUTOMETRIC__
__AUTOMETRIC__|0.1.2|27964|crew_log_2060b40d1f365b9f|0|1786393598.542|99.181|3.099|1318113280|1383403520|sim_data_345e031ce91f1b82|__AUTOMETRIC__
__AUTOMETRIC__|0.1.2|27964|crew_log_2060b40d1f365b9f|0|1786393599.550|100.793|3.150|1318137856|1383579648|sim_data_345e031ce91f1b82|__AUTOMETRIC__
__AUTOMETRIC__|0.1.2|27964|crew_log_2060b40d1f365b9f|0|1786393600.563|100.294|3.134|1321037824|1386491904|sim_data_345e031ce91f1b82|__AUTOMETRIC__
__AUTOMETRIC__|0.1.2|27964|crew_log_2060b40d1f365b9f|0|1786393601.566|99.676|3.115|1320980480|1386422272|sim_data_345e031ce91f1b82|__AUTOMETRIC__
__AUTOMETRIC__|0.1.2|27964|crew_log_2060b40d1f365b9f|0|1786393602.566|99.995|3.125|1320976384|1386418176|sim_data_345e031ce91f1b82|__AUTOMETRIC__
__AUTOMETRIC__|0.1.2|27964|crew_log_2060b40d1f365b9f|0|1786393603.582|101.532|3.173|2133385216|2199183360|sim_data_345e031ce91f1b82|__AUTOMETRIC__
__AUTOMETRIC__|0.1.2|27964|crew_log_2060b40d1f365b9f|0|1786393604.583|98.271|3.071|2139860992|2205429760|sim_data_345e031ce91f1b82|__AUTOMETRIC__
__AUTOMETRIC__|0.1.2|27964|crew_log_2060b40d1f365b9f|0|1786393605.585|109.228|3.413|1379762176|1444909056|sim_data_345e031ce91f1b82|__AUTOMETRIC__
__AUTOMETRIC__|0.1.2|27964|crew_log_2060b40d1f365b9f|0|1786393606.596|100.406|3.138|1329561600|1394356224|sim_data_345e031ce91f1b82|__AUTOMETRIC__
__AUTOMETRIC__|0.1.2|27964|crew_log_2060b40d1f365b9f|0|1786393607.608|98.821|3.088|1328467968|1392893952|sim_data_345e031ce91f1b82|__AUTOMETRIC__
__AUTOMETRIC__|0.1.2|27964|crew_log_2060b40d1f365b9f|0|1786393608.614|100.957|3.155|1331318784|1395552256|sim_data_345e031ce91f1b82|__AUTOMETRIC__
__AUTOMETRIC__|0.1.2|27964|crew_log_2060b40d1f365b9f|0|1786393609.622|102.267|3.196|1331318784|1395683328|sim_data_345e031ce91f1b82|__AUTOMETRIC__
__AUTOMETRIC__|0.1.2|27964|crew_log_2060b40d1f365b9f|0|1786393610.625|96.656|3.021|1331331072|1395695616|sim_data_345e031ce91f1b82|__AUTOMETRIC__
__AUTOMETRIC__|0.1.2|27964|crew_log_2060b40d1f365b9f|0|1786393611.626|101.444|3.170|1334239232|1398611968|sim_data_345e031ce91f1b82|__AUTOMETRIC__
__AUTOMETRIC__|0.1.2|27964|crew_log_2060b40d1f365b9f|0|1786393612.630|101.122|3.160|1334190080|1398423552|sim_data_345e031ce91f1b82|__AUTOMETRIC__
__AUTOMETRIC__|0.1.2|27964|crew_log_2060b40d1f365b9f|0|1786393613.640|99.006|3.094|1336999936|1401339904|sim_data_345e031ce91f1b82|__AUTOMETRIC__
__AUTOMETRIC__|0.1.2|27964|crew_log_2060b40d1f365b9f|0|1786393614.649|97.611|3.050|1336905728|1401139200|sim_data_345e031ce91f1b82|__AUTOMETRIC__
__AUTOMETRIC__|0.1.2|27964|crew_log_2060b40d1f365b9f|0|1786393615.658|99.113|3.097|1336942592|1401266176|sim_data_345e031ce91f1b82|__AUTOMETRIC__
__AUTOMETRIC__|0.1.2|27964|crew_log_2060b40d1f365b9f|0|1786393616.665|100.832|3.151|1539338240|1603719168|sim_data_345e031ce91f1b82|__AUTOMETRIC__
__AUTOMETRIC__|0.1.2|27964|crew_log_2060b40d1f365b9f|0|1786393617.669|112.073|3.502|1118412800|1183055872|sim_data_345e031ce91f1b82|__AUTOMETRIC__
__AUTOMETRIC__|0.1.2|27964|crew_log_2060b40d1f365b9f|0|1786393618.683|100.170|3.130|1387364352|1452408832|sim_data_345e031ce91f1b82|__AUTOMETRIC__
__AUTOMETRIC__|0.1.2|27964|crew_log_2060b40d1f365b9f|0|1786393619.687|101.164|3.161|1296863232|1361588224|sim_data_345e031ce91f1b82|__AUTOMETRIC__
__AUTOMETRIC__|0.1.2|27964|crew_log_2060b40d1f365b9f|0|1786393620.692|101.012|3.157|1291288576|1355096064|sim_data_345e031ce91f1b82|__AUTOMETRIC__
__AUTOMETRIC__|0.1.2|27964|crew_log_2060b40d1f365b9f|0|1786393621.704|101.949|3.186|1293996032|1357635584|sim_data_345e031ce91f1b82|__AUTOMETRIC__
__AUTOMETRIC__|0.1.2|27964|crew_log_2060b40d1f365b9f|0|1786393622.713|100.597|3.144|1293934592|1357561856|sim_data_345e031ce91f1b82|__AUTOMETRIC__
__AUTOMETRIC__|0.1.2|27964|crew_log_2060b40d1f365b9f|0|1786393623.720|99.363|3.105|1293942784|1357570048|sim_data_345e031ce91f1b82|__AUTOMETRIC__
__AUTOMETRIC__|0.1.2|27964|crew_log_2060b40d1f365b9f|0|1786393624.734|101.632|3.176|1296687104|1360224256|sim_data_345e031ce91f1b82|__AUTOMETRIC__
__AUTOMETRIC__|0.1.2|27964|crew_log_2060b40d1f365b9f|0|1786393625.735|101.473|3.171|1296695296|1360322560|sim_data_345e031ce91f1b82|__AUTOMETRIC__
__AUTOMETRIC__|0.1.2|27964|crew_log_2060b40d1f365b9f|0|1786393626.740|102.665|3.208|1299582976|1363210240|sim_data_345e031ce91f1b82|__AUTOMETRIC__
__AUTOMETRIC__|0.1.2|27964|crew_log_2060b40d1f365b9f|0|1786393627.750|98.971|3.093|1299574784|1363202048|sim_data_345e031ce91f1b82|__AUTOMETRIC__
__AUTOMETRIC__|0.1.2|27964|crew_log_2060b40d1f365b9f|0|1786393628.756|99.448|3.108|1299570688|1363197952|sim_data_345e031ce91f1b82|__AUTOMETRIC__
__AUTOMETRIC__|0.1.2|27964|crew_log_2060b40d1f365b9f|0|1786393629.757|99.807|3.119|2114166784|2178211840|sim_data_345e031ce91f1b82|__AUTOMETRIC__
__AUTOMETRIC__|0.1.2|27964|crew_log_2060b40d1f365b9f|0|1786393630.764|107.061|3.346|1350250496|1414209536|sim_data_345e031ce91f1b82|__AUTOMETRIC__
__AUTOMETRIC__|0.1.2|27964|crew_log_2060b40d1f365b9f|0|1786393631.769|99.572|3.112|1371619328|1435152384|sim_data_345e031ce91f1b82|__AUTOMETRIC__
__AUTOMETRIC__|0.1.2|27964|crew_log_2060b40d1f365b9f|0|1786393632.778|99.104|3.097|1365602304|1428316160|sim_data_345e031ce91f1b82|__AUTOMETRIC__
__AUTOMETRIC__|0.1.2|27964|crew_log_2060b40d1f365b9f|0|1786393633.788|102.045|3.189|1365483520|1428115456|sim_data_345e031ce91f1b82|__AUTOMETRIC__
__AUTOMETRIC__|0.1.2|27964|crew_log_2060b40d1f365b9f|0|1786393634.791|96.592|3.019|1365479424|1428111360|sim_data_345e031ce91f1b82|__AUTOMETRIC__
__AUTOMETRIC__|0.1.2|27964|crew_log_2060b40d1f365b9f|0|1786393635.799|100.757|3.149|1368154112|1430728704|sim_data_345e031ce91f1b82|__AUTOMETRIC__
__AUTOMETRIC__|0.1.2|27964|crew_log_2060b40d1f365b9f|0|1786393636.800|98.362|3.074|1368367104|1430941696|sim_data_345e031ce91f1b82|__AUTOMETRIC__
__AUTOMETRIC__|0.1.2|27964|crew_log_2060b40d1f365b9f|0|1786393637.808|100.774|3.149|1368383488|1431040000|sim_data_345e031ce91f1b82|__AUTOMETRIC__
__AUTOMETRIC__|0.1.2|27964|crew_log_2060b40d1f365b9f|0|1786393638.808|99.967|3.124|1371262976|1433927680|sim_data_345e031ce91f1b82|__AUTOMETRIC__
__AUTOMETRIC__|0.1.2|27964|crew_log_2060b40d1f365b9f|0|1786393639.816|100.733|3.148|1371189248|1433763840|sim_data_345e031ce91f1b82|__AUTOMETRIC__
__AUTOMETRIC__|0.1.2|27964|crew_log_2060b40d1f365b9f|0|1786393640.819|102.821|3.213|1371197440|1433772032|sim_data_345e031ce91f1b82|__AUTOMETRIC__
__AUTOMETRIC__|0.1.2|27964|crew_log_2060b40d1f365b9f|0|1786393641.833|98.684|3.084|1374023680|1436606464|sim_data_345e031ce91f1b82|__AUTOMETRIC__
__AUTOMETRIC__|0.1.2|27964|crew_log_2060b40d1f365b9f|0|1786393642.846|101.743|3.179|1373917184|1436491776|sim_data_345e031ce91f1b82|__AUTOMETRIC__
__AUTOMETRIC__|0.1.2|27964|crew_log_2060b40d1f365b9f|0|1786393643.849|99.713|3.116|1373929472|1436504064|sim_data_345e031ce91f1b82|__AUTOMETRIC__
__AUTOMETRIC__|0.1.2|27964|crew_log_2060b40d1f365b9f|0|1786393644.852|101.249|3.164|1373929472|1436504064|sim_data_345e031ce91f1b82|__AUTOMETRIC__
__AUTOMETRIC__|0.1.2|27964|crew_log_2060b40d1f365b9f|0|1786393645.863|97.375|3.043|2130317312|2193346560|sim_data_345e031ce91f1b82|__AUTOMETRIC__
__AUTOMETRIC__|0.1.2|27964|crew_log_2060b40d1f365b9f|0|1786393646.868|104.189|3.256|1432178688|1495085056|sim_data_345e031ce91f1b82|__AUTOMETRIC__
__AUTOMETRIC__|0.1.2|27964|crew_log_2060b40d1f365b9f|0|1786393647.880|97.260|3.039|1451581440|1513566208|sim_data_345e031ce91f1b82|__AUTOMETRIC__
__AUTOMETRIC__|0.1.2|27964|crew_log_2060b40d1f365b9f|0|1786393648.890|99.035|3.095|1451786240|1513771008|sim_data_345e031ce91f1b82|__AUTOMETRIC__
__AUTOMETRIC__|0.1.2|27964|crew_log_2060b40d1f365b9f|0|1786393649.893|101.265|3.165|1450266624|1512067072|sim_data_345e031ce91f1b82|__AUTOMETRIC__
__AUTOMETRIC__|0.1.2|27964|crew_log_2060b40d1f365b9f|0|1786393650.905|100.302|3.134|1453146112|1514897408|sim_data_345e031ce91f1b82|__AUTOMETRIC__
__AUTOMETRIC__|0.1.2|27964|crew_log_2060b40d1f365b9f|0|1786393651.907|101.381|3.168|1453027328|1514688512|sim_data_345e031ce91f1b82|__AUTOMETRIC__
__AUTOMETRIC__|0.1.2|27964|crew_log_2060b40d1f365b9f|0|1786393652.915|100.773|3.149|1453023232|1514684416|sim_data_345e031ce91f1b82|__AUTOMETRIC__
__AUTOMETRIC__|0.1.2|27964|crew_log_2060b40d1f365b9f|0|1786393653.925|100.569|3.143|1455800320|1517461504|sim_data_345e031ce91f1b82|__AUTOMETRIC__
__AUTOMETRIC__|0.1.2|27964|crew_log_2060b40d1f365b9f|0|1786393654.936|100.434|3.139|1455865856|1517527040|sim_data_345e031ce91f1b82|__AUTOMETRIC__
__AUTOMETRIC__|0.1.2|27964|crew_log_2060b40d1f365b9f|0|1786393655.951|100.027|3.126|1455931392|1517674496|sim_data_345e031ce91f1b82|__AUTOMETRIC__
__AUTOMETRIC__|0.1.2|27964|crew_log_2060b40d1f365b9f|0|1786393656.960|100.746|3.148|1458851840|1520603136|sim_data_345e031ce91f1b82|__AUTOMETRIC__
__AUTOMETRIC__|0.1.2|27964|crew_log_2060b40d1f365b9f|0|1786393657.964|97.957|3.061|1458741248|1520484352|sim_data_345e031ce91f1b82|__AUTOMETRIC__
__AUTOMETRIC__|0.1.2|27964|crew_log_2060b40d1f365b9f|0|1786393658.976|98.878|3.090|1458774016|1520517120|sim_data_345e031ce91f1b82|__AUTOMETRIC__
__AUTOMETRIC__|0.1.2|27964|crew_log_2060b40d1f365b9f|0|1786393659.989|98.683|3.084|2148429824|2210361344|sim_data_345e031ce91f1b82|__AUTOMETRIC__
__AUTOMETRIC__|0.1.2|27964|crew_log_2060b40d1f365b9f|0|1786393660.997|105.466|3.296|1448456192|1510404096|sim_data_345e031ce91f1b82|__AUTOMETRIC__
__AUTOMETRIC__|0.1.2|27964|crew_log_2060b40d1f365b9f|0|1786393662.003|100.890|3.153|1467449344|1529987072|sim_data_345e031ce91f1b82|__AUTOMETRIC__
__AUTOMETRIC__|0.1.2|27964|crew_log_2060b40d1f365b9f|0|1786393663.005|98.295|3.072|1465257984|1527013376|sim_data_345e031ce91f1b82|__AUTOMETRIC__
__AUTOMETRIC__|0.1.2|27964|crew_log_2060b40d1f365b9f|0|1786393664.019|100.100|3.128|1468014592|1529765888|sim_data_345e031ce91f1b82|__AUTOMETRIC__
__AUTOMETRIC__|0.1.2|27964|crew_log_2060b40d1f365b9f|0|1786393665.034|101.622|3.176|1467887616|1529630720|sim_data_345e031ce91f1b82|__AUTOMETRIC__
__AUTOMETRIC__|0.1.2|27964|crew_log_2060b40d1f365b9f|0|1786393666.037|101.219|3.163|1467899904|1529643008|sim_data_345e031ce91f1b82|__AUTOMETRIC__
__AUTOMETRIC__|0.1.2|27964|crew_log_2060b40d1f365b9f|0|1786393667.051|98.666|3.083|1470914560|1532653568|sim_data_345e031ce91f1b82|__AUTOMETRIC__
__AUTOMETRIC__|0.1.2|27964|crew_log_2060b40d1f365b9f|0|1786393668.054|101.297|3.166|1470779392|1532510208|sim_data_345e031ce91f1b82|__AUTOMETRIC__
__AUTOMETRIC__|0.1.2|27964|crew_log_2060b40d1f365b9f|0|1786393669.066|98.750|3.086|1473712128|1535451136|sim_data_345e031ce91f1b82|__AUTOMETRIC__
__AUTOMETRIC__|0.1.2|27964|crew_log_2060b40d1f365b9f|0|1786393670.068|102.899|3.216|1473597440|1535328256|sim_data_345e031ce91f1b82|__AUTOMETRIC__
__AUTOMETRIC__|0.1.2|27964|crew_log_2060b40d1f365b9f|0|1786393671.074|99.448|3.108|1473634304|1535373312|sim_data_345e031ce91f1b82|__AUTOMETRIC__
