__AUTOMETRIC__|0.1.2|1765714|crew_log_02b1da162a6d6d18|0|1786979222.365|65.992|0.344|207499264|1736052736|estimate_plt_files_d1696ddb2e34defe|__AUTOMETRIC__
__AUTOMETRIC__|0.1.2|1765714|crew_log_02b1da162a6d6d18|0|1786979223.367|0.000|0.000|207499264|1736052736|estimate_plt_files_d1696ddb2e34defe|__AUTOMETRIC__
__AUTOMETRIC__|0.1.2|1765714|crew_log_02b1da162a6d6d18|0|1786979224.368|0.000|0.000|207499264|1736052736|estimate_plt_files_d1696ddb2e34defe|__AUTOMETRIC__
__AUTOMETRIC__|0.1.2|1765714|crew_log_02b1da162a6d6d18|0|1786979225.370|0.000|0.000|207499264|1736052736|estimate_plt_files_d1696ddb2e34defe|__AUTOMETRIC__
__AUTOMETRIC__|0.1.2|1765714|crew_log_02b1da162a6d6d18|0|1786979226.371|0.999|0.005|207499264|1736052736|estimate_plt_files_d1696ddb2e34defe|__AUTOMETRIC__
__AUTOMETRIC__|0.1.2|1765714|crew_log_02b1da162a6d6d18|0|1786979227.372|0.000|0.000|207499264|1736052736|estimate_plt_files_d1696ddb2e34defe|__AUTOMETRIC__
__AUTOMETRIC__|0.1.2|1765714|crew_log_02b1da162a6d6d18|0|1786979228.374|0.000|0.000|207499264|1736052736|estimate_plt_files_d1696ddb2e34defe|__AUTOMETRIC__
__AUTOMETRIC__|0.1.2|1765714|crew_log_02b1da162a6d6d18|0|1786979229.375|0.000|0.000|207499264|1736052736|estimate_plt_files_d1696ddb2e34defe|__AUTOMETRIC__
__AUTOMETRIC__|0.1.2|1765714|crew_log_02b1da162a6d6d18|0|1786979230.376|0.000|0.000|207499264|1736052736|estimate_plt_files_d1696ddb2e34defe|__AUTOMETRIC__
__AUTOMETRIC__|0.1.2|1765714|crew_log_02b1da162a6d6d18|0|1786979231.378|0.000|0.000|207499264|1736052736|estimate_plt_files_d1696ddb2e34defe|__AUTOMETRIC__
__AUTOMETRIC__|0.1.2|1765714|crew_log_02b1da162a6d6d18|0|1786979232.379|19.973|0.104|239300608|1769644032|estimate_plt_files_d1696ddb2e34defe|__AUTOMETRIC__
__AUTOMETRIC__|0.1.2|1765714|crew_log_02b1da162a6d6d18|0|1786979233.381|92.847|0.484|372535296|1909538816|estimate_plt_files_d1696ddb2e34defe|__AUTOMETRIC__
__AUTOMETRIC__|0.1.2|1765714|crew_log_02b1da162a6d6d18|0|1786979234.383|98.817|0.515|392982528|1936207872|estimate_plt_files_d1696ddb2e34defe|__AUTOMETRIC__
__AUTOMETRIC__|0.1.2|1765714|crew_log_02b1da162a6d6d18|0|1786979235.384|98.863|0.515|439603200|2114342912|estimate_plt_files_d1696ddb2e34defe|__AUTOMETRIC__
__AUTOMETRIC__|0.1.2|1765714|crew_log_02b1da162a6d6d18|0|1786979236.386|99.858|0.520|565432320|2239455232|estimate_plt_files_d1696ddb2e34defe|__AUTOMETRIC__
__AUTOMETRIC__|0.1.2|1765714|crew_log_02b1da162a6d6d18|0|1786979237.387|97.855|0.510|561070080|2301308928|estimate_plt_files_a76922c1fffaf0cc|__AUTOMETRIC__
__AUTOMETRIC__|0.1.2|1765714|crew_log_02b1da162a6d6d18|0|1786979238.389|98.851|0.515|615669760|2356879360|estimate_plt_files_a76922c1fffaf0cc|__AUTOMETRIC__
__AUTOMETRIC__|0.1.2|1765714|crew_log_02b1da162a6d6d18|0|1786979239.390|98.852|0.515|617242624|2357022720|estimate_plt_files_a76922c1fffaf0cc|__AUTOMETRIC__
__AUTOMETRIC__|0.1.2|1765714|crew_log_02b1da162a6d6d18|0|1786979240.392|98.815|0.515|617242624|2424131584|estimate_plt_files_75c94eae992285e6|__AUTOMETRIC__
__AUTOMETRIC__|0.1.2|1765714|crew_log_02b1da162a6d6d18|0|1786979241.394|99.845|0.520|635064320|2441953280|estimate_plt_files_75c94eae992285e6|__AUTOMETRIC__
__AUTOMETRIC__|0.1.2|1765714|crew_log_02b1da162a6d6d18|0|1786979242.395|98.851|0.515|635064320|2441953280|estimate_plt_files_75c94eae992285e6|__AUTOMETRIC__
__AUTOMETRIC__|0.1.2|1765714|crew_log_02b1da162a6d6d18|0|1786979243.397|98.856|0.515|635064320|2509062144|estimate_plt_files_5201bb545dd88bab|__AUTOMETRIC__
__AUTOMETRIC__|0.1.2|1765714|crew_log_02b1da162a6d6d18|0|1786979244.399|98.751|0.514|635064320|2509062144|estimate_plt_files_5201bb545dd88bab|__AUTOMETRIC__
__AUTOMETRIC__|0.1.2|1765714|crew_log_02b1da162a6d6d18|0|1786979245.401|99.801|0.520|635064320|2509062144|estimate_plt_files_5201bb545dd88bab|__AUTOMETRIC__
__AUTOMETRIC__|0.1.2|1765714|crew_log_02b1da162a6d6d18|0|1786979246.402|73.895|0.385|635064320|2577620992|__DEFAULT__|__AUTOMETRIC__
__AUTOMETRIC__|0.1.2|1765714|crew_log_02b1da162a6d6d18|0|1786979247.404|0.000|0.000|635064320|2577620992|__DEFAULT__|__AUTOMETRIC__
__AUTOMETRIC__|0.1.2|1765714|crew_log_02b1da162a6d6d18|0|1786979248.405|0.000|0.000|635064320|2577620992|__DEFAULT__|__AUTOMETRIC__
__AUTOMETRIC__|0.1.2|1765714|crew_log_02b1da162a6d6d18|0|1786979249.407|0.000|0.000|635064320|2577620992|__DEFAULT__|__AUTOMETRIC__
__AUTOMETRIC__|0.1.2|1765714|crew_log_02b1da162a6d6d18|0|1786979250.409|0.000|0.000|635064320|2577620992|__DEFAULT__|__AUTOMETRIC__
__AUTOMETRIC__|0.1.2|1765714|crew_log_02b1da162a6d6d18|0|1786979251.410|0.000|0.000|635064320|2577620992|__DEFAULT__|__AUTOMETRIC__
__AUTOMETRIC__|0.1.2|1765714|crew_log_02b1da162a6d6d18|0|1786979252.412|0.000|0.000|635064320|2577620992|__DEFAULT__|__AUTOMETRIC__
__AUTOMETRIC__|0.1.2|1765714|crew_log_02b1da162a6d6d18|0|1786979253.413|0.000|0.000|635064320|2577620992|__DEFAULT__|__AUTOMETRIC__
__AUTOMETRIC__|0.1.2|1765714|crew_log_02b1da162a6d6d18|0|1786979254.415|0.000|0.000|635064320|2577620992|__DEFAULT__|__AUTOMETRIC__
__AUTOMETRIC__|0.1.2|1765714|crew_log_02b1da162a6d6d18|0|1786979255.416|0.000|0.000|635064320|2577620992|__DEFAULT__|__AUTOMETRIC__
__AUTOMETRIC__|0.1.2|1765714|crew_log_02b1da162a6d6d18|0|1786979256.417|0.000|0.000|635064320|2577620992|__DEFAULT__|__AUTOMETRIC__
__AUTOMETRIC__|0.1.2|1765714|crew_log_02b1da162a6d6d18|0|1786979257.419|0.000|0.000|635064320|2577620992|__DEFAULT__|__AUTOMETRIC__
