__AUTOMETRIC__|0.1.2|1856|crew_log_695febd968aa1488|0|1786323911.883|46.720|2.920|147238912|173649920|sim_data_b8000ed69b204c49|__AUTOMETRIC__
__AUTOMETRIC__|0.1.2|1856|crew_log_695febd968aa1488|0|1786323912.897|78.609|4.913|157396992|183721984|sim_data_b8000ed69b204c49|__AUTOMETRIC__
__AUTOMETRIC__|0.1.2|1856|crew_log_695febd968aa1488|0|1786323913.907|71.163|4.448|218726400|244854784|sim_data_b8000ed69b204c49|__AUTOMETRIC__
__AUTOMETRIC__|0.1.2|1856|crew_log_695febd968aa1488|0|1786323914.918|80.398|5.025|223461376|249495552|sim_data_b8000ed69b204c49|__AUTOMETRIC__
__AUTOMETRIC__|0.1.2|1856|crew_log_695febd968aa1488|0|1786323915.926|91.404|5.713|246079488|272113664|sim_data_b8000ed69b204c49|__AUTOMETRIC__
__AUTOMETRIC__|0.1.2|1856|crew_log_695febd968aa1488|0|1786323916.936|82.050|5.128|376967168|409776128|sim_data_b8000ed69b204c49|__AUTOMETRIC__
__AUTOMETRIC__|0.1.2|1856|crew_log_695febd968aa1488|0|1786323917.948|46.277|2.892|406700032|438865920|sim_data_b8000ed69b204c49|__AUTOMETRIC__
__AUTOMETRIC__|0.1.2|1856|crew_log_695febd968aa1488|0|1786323918.959|24.749|1.547|419352576|448172032|sim_data_b8000ed69b204c49|__AUTOMETRIC__
__AUTOMETRIC__|0.1.2|1856|crew_log_695febd968aa1488|0|1786323919.973|4.622|0.289|423137280|452001792|sim_data_b8000ed69b204c49|__AUTOMETRIC__
__AUTOMETRIC__|0.1.2|1856|crew_log_695febd968aa1488|0|1786323920.983|137.650|8.603|477982720|501108736|sim_data_b8000ed69b204c49|__AUTOMETRIC__
__AUTOMETRIC__|0.1.2|1856|crew_log_695febd968aa1488|0|1786323921.987|101.196|6.325|538963968|561967104|sim_data_b8000ed69b204c49|__AUTOMETRIC__
__AUTOMETRIC__|0.1.2|1856|crew_log_695febd968aa1488|0|1786323922.999|100.318|6.270|623996928|646746112|sim_data_b8000ed69b204c49|__AUTOMETRIC__
__AUTOMETRIC__|0.1.2|1856|crew_log_695febd968aa1488|0|1786323924.006|99.281|6.205|763297792|786784256|sim_data_b8000ed69b204c49|__AUTOMETRIC__
__AUTOMETRIC__|0.1.2|1856|crew_log_695febd968aa1488|0|1786323925.015|100.665|6.292|919232512|942911488|sim_data_b8000ed69b204c49|__AUTOMETRIC__
__AUTOMETRIC__|0.1.2|1856|crew_log_695febd968aa1488|0|1786323926.027|98.792|6.175|1109585920|1134067712|sim_data_b8000ed69b204c49|__AUTOMETRIC__
__AUTOMETRIC__|0.1.2|1856|crew_log_695febd968aa1488|0|1786323927.041|100.248|6.265|1186701312|1210658816|sim_data_b8000ed69b204c49|__AUTOMETRIC__
__AUTOMETRIC__|0.1.2|1856|crew_log_695febd968aa1488|0|1786323928.053|98.766|6.173|1418317824|1442885632|sim_data_b8000ed69b204c49|__AUTOMETRIC__
__AUTOMETRIC__|0.1.2|1856|crew_log_695febd968aa1488|0|1786323929.063|95.922|5.995|1505992704|1529643008|sim_data_b8000ed69b204c49|__AUTOMETRIC__
__AUTOMETRIC__|0.1.2|1856|crew_log_695febd968aa1488|0|1786323930.069|99.362|6.210|1505992704|1529643008|sim_data_b8000ed69b204c49|__AUTOMETRIC__
__AUTOMETRIC__|0.1.2|1856|crew_log_695febd968aa1488|0|1786323931.071|99.856|6.241|1537441792|1560588288|sim_data_b8000ed69b204c49|__AUTOMETRIC__
__AUTOMETRIC__|0.1.2|1856|crew_log_695febd968aa1488|0|1786323932.081|99.032|6.189|1658929152|1682513920|sim_data_b8000ed69b204c49|__AUTOMETRIC__
__AUTOMETRIC__|0.1.2|1856|crew_log_695febd968aa1488|0|1786323933.088|99.300|6.206|1848135680|1872220160|sim_data_b8000ed69b204c49|__AUTOMETRIC__
__AUTOMETRIC__|0.1.2|1856|crew_log_695febd968aa1488|0|1786323934.094|97.859|6.116|1888067584|1912008704|sim_data_b8000ed69b204c49|__AUTOMETRIC__
__AUTOMETRIC__|0.1.2|1856|crew_log_695febd968aa1488|0|1786323935.105|100.445|6.278|1835630592|1859579904|sim_data_b8000ed69b204c49|__AUTOMETRIC__
__AUTOMETRIC__|0.1.2|1856|crew_log_695febd968aa1488|0|1786323936.117|75.641|4.728|1846808576|1869721600|sim_data_b8000ed69b204c49|__AUTOMETRIC__
__AUTOMETRIC__|0.1.2|1856|crew_log_695febd968aa1488|0|1786323937.121|99.614|6.226|1843519488|1866366976|sim_data_b8000ed69b204c49|__AUTOMETRIC__
__AUTOMETRIC__|0.1.2|1856|crew_log_695febd968aa1488|0|1786323938.127|97.817|6.114|1843572736|1866420224|sim_data_b8000ed69b204c49|__AUTOMETRIC__
__AUTOMETRIC__|0.1.2|1856|crew_log_695febd968aa1488|0|1786323939.142|97.039|6.065|1843294208|1866141696|sim_data_b8000ed69b204c49|__AUTOMETRIC__
__AUTOMETRIC__|0.1.2|1856|crew_log_695febd968aa1488|0|1786323940.149|94.607|5.913|1843277824|1866125312|sim_data_b8000ed69b204c49|__AUTOMETRIC__
__AUTOMETRIC__|0.1.2|1856|crew_log_695febd968aa1488|0|1786323941.151|96.643|6.040|1844170752|1866952704|sim_data_b8000ed69b204c49|__AUTOMETRIC__
__AUTOMETRIC__|0.1.2|1856|crew_log_695febd968aa1488|0|1786323942.163|98.881|6.180|1844170752|1866952704|sim_data_b8000ed69b204c49|__AUTOMETRIC__
__AUTOMETRIC__|0.1.2|1856|crew_log_695febd968aa1488|0|1786323943.171|96.069|6.004|1844170752|1866952704|sim_data_b8000ed69b204c49|__AUTOMETRIC__
__AUTOMETRIC__|0.1.2|1856|crew_log_695febd968aa1488|0|1786323944.183|100.366|6.273|1844170752|1866952704|sim_data_b8000ed69b204c49|__AUTOMETRIC__
__AUTOMETRIC__|0.1.2|1856|crew_log_695febd968aa1488|0|1786323945.195|98.793|6.175|1845121024|1867902976|sim_data_b8000ed69b204c49|__AUTOMETRIC__
__AUTOMETRIC__|0.1.2|1856|crew_log_695febd968aa1488|0|1786323946.201|99.470|6.217|1845186560|1867968512|sim_data_b8000ed69b204c49|__AUTOMETRIC__
__AUTOMETRIC__|0.1.2|1856|crew_log_695febd968aa1488|0|1786323947.205|97.999|6.125|1845121024|1867902976|sim_data_b8000ed69b204c49|__AUTOMETRIC__
__AUTOMETRIC__|0.1.2|1856|crew_log_695febd968aa1488|0|1786323948.209|99.629|6.227|1846042624|1868824576|sim_data_b8000ed69b204c49|__AUTOMETRIC__
__AUTOMETRIC__|0.1.2|1856|crew_log_695febd968aa1488|0|1786323949.220|101.973|6.373|1846009856|1868791808|sim_data_b8000ed69b204c49|__AUTOMETRIC__
__AUTOMETRIC__|0.1.2|1856|crew_log_695febd968aa1488|0|1786323950.223|99.760|6.235|1846075392|1868857344|sim_data_b8000ed69b204c49|__AUTOMETRIC__
__AUTOMETRIC__|0.1.2|1856|crew_log_695febd968aa1488|0|1786323951.236|100.199|6.262|1846009856|1868791808|sim_data_b8000ed69b204c49|__AUTOMETRIC__
__AUTOMETRIC__|0.1.2|1856|crew_log_695febd968aa1488|0|1786323952.248|100.400|6.275|1916665856|1939464192|sim_data_b8000ed69b204c49|__AUTOMETRIC__
__AUTOMETRIC__|0.1.2|1856|crew_log_695febd968aa1488|0|1786323953.255|102.416|6.401|1868374016|1891483648|sim_data_b8000ed69b204c49|__AUTOMETRIC__
__AUTOMETRIC__|0.1.2|1856|crew_log_695febd968aa1488|0|1786323954.267|100.355|6.272|1914576896|1937686528|sim_data_b8000ed69b204c49|__AUTOMETRIC__
__AUTOMETRIC__|0.1.2|1856|crew_log_695febd968aa1488|0|1786323955.279|100.329|6.271|1835413504|1858568192|sim_data_b8000ed69b204c49|__AUTOMETRIC__
__AUTOMETRIC__|0.1.2|1856|crew_log_695febd968aa1488|0|1786323956.287|99.199|6.200|1840709632|1864404992|sim_data_b8000ed69b204c49|__AUTOMETRIC__
__AUTOMETRIC__|0.1.2|1856|crew_log_695febd968aa1488|0|1786323957.299|101.876|6.367|2016006144|2039844864|sim_data_b8000ed69b204c49|__AUTOMETRIC__
__AUTOMETRIC__|0.1.2|1856|crew_log_695febd968aa1488|0|1786323958.303|79.385|4.962|2008145920|2031783936|sim_data_b8000ed69b204c49|__AUTOMETRIC__
__AUTOMETRIC__|0.1.2|1856|crew_log_695febd968aa1488|0|1786323959.316|100.268|6.267|2005897216|2028052480|sim_data_b8000ed69b204c49|__AUTOMETRIC__
__AUTOMETRIC__|0.1.2|1856|crew_log_695febd968aa1488|0|1786323960.327|100.431|6.277|2005524480|2027679744|sim_data_b8000ed69b204c49|__AUTOMETRIC__
__AUTOMETRIC__|0.1.2|1856|crew_log_695febd968aa1488|0|1786323961.340|100.330|6.271|2006466560|2028556288|sim_data_b8000ed69b204c49|__AUTOMETRIC__
__AUTOMETRIC__|0.1.2|1856|crew_log_695febd968aa1488|0|1786323962.350|97.404|6.088|2006433792|2028523520|sim_data_b8000ed69b204c49|__AUTOMETRIC__
__AUTOMETRIC__|0.1.2|1856|crew_log_695febd968aa1488|0|1786323963.361|100.437|6.277|2006433792|2028523520|sim_data_b8000ed69b204c49|__AUTOMETRIC__
__AUTOMETRIC__|0.1.2|1856|crew_log_695febd968aa1488|0|1786323964.374|100.288|6.268|2007322624|2029412352|sim_data_b8000ed69b204c49|__AUTOMETRIC__
__AUTOMETRIC__|0.1.2|1856|crew_log_695febd968aa1488|0|1786323965.387|100.264|6.266|2007388160|2029477888|sim_data_b8000ed69b204c49|__AUTOMETRIC__
__AUTOMETRIC__|0.1.2|1856|crew_log_695febd968aa1488|0|1786323966.397|98.986|6.187|2007388160|2029477888|sim_data_b8000ed69b204c49|__AUTOMETRIC__
__AUTOMETRIC__|0.1.2|1856|crew_log_695febd968aa1488|0|1786323967.408|100.449|6.278|2008199168|2030288896|sim_data_b8000ed69b204c49|__AUTOMETRIC__
__AUTOMETRIC__|0.1.2|1856|crew_log_695febd968aa1488|0|1786323968.411|96.625|6.039|2008260608|2030350336|sim_data_b8000ed69b204c49|__AUTOMETRIC__
__AUTOMETRIC__|0.1.2|1856|crew_log_695febd968aa1488|0|1786323969.426|100.054|6.253|2008215552|2030272512|sim_data_b8000ed69b204c49|__AUTOMETRIC__
__AUTOMETRIC__|0.1.2|1856|crew_log_695febd968aa1488|0|1786323970.438|103.493|6.468|1819250688|1841999872|sim_data_b8000ed69b204c49|__AUTOMETRIC__
__AUTOMETRIC__|0.1.2|1856|crew_log_695febd968aa1488|0|1786323971.453|103.134|6.446|1758851072|1781239808|sim_data_b8000ed69b204c49|__AUTOMETRIC__
__AUTOMETRIC__|0.1.2|1856|crew_log_695febd968aa1488|0|1786323972.466|100.222|6.264|1761705984|1784094720|sim_data_b8000ed69b204c49|__AUTOMETRIC__
__AUTOMETRIC__|0.1.2|1856|crew_log_695febd968aa1488|0|1786323973.479|100.221|6.264|1866027008|1888952320|sim_data_b8000ed69b204c49|__AUTOMETRIC__
__AUTOMETRIC__|0.1.2|1856|crew_log_695febd968aa1488|0|1786323974.480|99.970|6.248|1984253952|2007113728|sim_data_b8000ed69b204c49|__AUTOMETRIC__
__AUTOMETRIC__|0.1.2|1856|crew_log_695febd968aa1488|0|1786323975.493|98.731|6.171|2017685504|2040479744|sim_data_b8000ed69b204c49|__AUTOMETRIC__
__AUTOMETRIC__|0.1.2|1856|crew_log_695febd968aa1488|0|1786323976.503|80.403|5.025|2018590720|2041085952|sim_data_b8000ed69b204c49|__AUTOMETRIC__
__AUTOMETRIC__|0.1.2|1856|crew_log_695febd968aa1488|0|1786323977.517|98.649|6.166|2014646272|2036375552|sim_data_b8000ed69b204c49|__AUTOMETRIC__
__AUTOMETRIC__|0.1.2|1856|crew_log_695febd968aa1488|0|1786323978.530|100.261|6.266|2014658560|2036387840|sim_data_b8000ed69b204c49|__AUTOMETRIC__
__AUTOMETRIC__|0.1.2|1856|crew_log_695febd968aa1488|0|1786323979.545|100.014|6.251|2015444992|2036826112|sim_data_b8000ed69b204c49|__AUTOMETRIC__
__AUTOMETRIC__|0.1.2|1856|crew_log_695febd968aa1488|0|1786323980.549|99.667|6.229|2015387648|2036768768|sim_data_b8000ed69b204c49|__AUTOMETRIC__
__AUTOMETRIC__|0.1.2|1856|crew_log_695febd968aa1488|0|1786323981.555|99.361|6.210|2015383552|2036764672|sim_data_b8000ed69b204c49|__AUTOMETRIC__
__AUTOMETRIC__|0.1.2|1856|crew_log_695febd968aa1488|0|1786323982.560|99.521|6.220|2016178176|2037559296|sim_data_b8000ed69b204c49|__AUTOMETRIC__
__AUTOMETRIC__|0.1.2|1856|crew_log_695febd968aa1488|0|1786323983.572|97.218|6.076|2016243712|2037624832|sim_data_b8000ed69b204c49|__AUTOMETRIC__
__AUTOMETRIC__|0.1.2|1856|crew_log_695febd968aa1488|0|1786323984.578|99.441|6.215|2016247808|2037628928|sim_data_b8000ed69b204c49|__AUTOMETRIC__
__AUTOMETRIC__|0.1.2|1856|crew_log_695febd968aa1488|0|1786323985.587|99.063|6.191|2017226752|2038607872|sim_data_b8000ed69b204c49|__AUTOMETRIC__
__AUTOMETRIC__|0.1.2|1856|crew_log_695febd968aa1488|0|1786323986.602|98.562|6.160|2017189888|2038571008|sim_data_b8000ed69b204c49|__AUTOMETRIC__
__AUTOMETRIC__|0.1.2|1856|crew_log_695febd968aa1488|0|1786323987.607|99.499|6.219|2017193984|2038575104|sim_data_b8000ed69b204c49|__AUTOMETRIC__
__AUTOMETRIC__|0.1.2|1856|crew_log_695febd968aa1488|0|1786323988.614|99.326|6.208|2017124352|2038505472|sim_data_b8000ed69b204c49|__AUTOMETRIC__
__AUTOMETRIC__|0.1.2|1856|crew_log_695febd968aa1488|0|1786323989.627|100.229|6.264|2122244096|2143637504|sim_data_b8000ed69b204c49|__AUTOMETRIC__
__AUTOMETRIC__|0.1.2|1856|crew_log_695febd968aa1488|0|1786323990.635|111.603|6.975|1856086016|1877725184|sim_data_b8000ed69b204c49|__AUTOMETRIC__
__AUTOMETRIC__|0.1.2|1856|crew_log_695febd968aa1488|0|1786323991.645|99.004|6.188|1929691136|1951064064|sim_data_b8000ed69b204c49|__AUTOMETRIC__
__AUTOMETRIC__|0.1.2|1856|crew_log_695febd968aa1488|0|1786323992.652|104.024|6.502|1876434944|1898143744|sim_data_b8000ed69b204c49|__AUTOMETRIC__
__AUTOMETRIC__|0.1.2|1856|crew_log_695febd968aa1488|0|1786323993.657|99.461|6.216|1910124544|1931677696|sim_data_b8000ed69b204c49|__AUTOMETRIC__
__AUTOMETRIC__|0.1.2|1856|crew_log_695febd968aa1488|0|1786323994.657|99.995|6.250|1997705216|2019500032|sim_data_b8000ed69b204c49|__AUTOMETRIC__
__AUTOMETRIC__|0.1.2|1856|crew_log_695febd968aa1488|0|1786323995.669|100.411|6.276|2117771264|2139328512|sim_data_b8000ed69b204c49|__AUTOMETRIC__
__AUTOMETRIC__|0.1.2|1856|crew_log_695febd968aa1488|0|1786323996.680|103.522|6.470|2004992000|2026721280|sim_data_b8000ed69b204c49|__AUTOMETRIC__
__AUTOMETRIC__|0.1.2|1856|crew_log_695febd968aa1488|0|1786323997.693|98.735|6.171|2008965120|2030698496|sim_data_b8000ed69b204c49|__AUTOMETRIC__
__AUTOMETRIC__|0.1.2|1856|crew_log_695febd968aa1488|0|1786323998.704|72.644|4.540|2014883840|2035347456|sim_data_b8000ed69b204c49|__AUTOMETRIC__
__AUTOMETRIC__|0.1.2|1856|crew_log_695febd968aa1488|0|1786323999.717|100.189|6.262|2014531584|2035023872|sim_data_b8000ed69b204c49|__AUTOMETRIC__
__AUTOMETRIC__|0.1.2|1856|crew_log_695febd968aa1488|0|1786324000.732|100.039|6.252|2014531584|2035023872|sim_data_b8000ed69b204c49|__AUTOMETRIC__
__AUTOMETRIC__|0.1.2|1856|crew_log_695febd968aa1488|0|1786324001.747|100.145|6.259|2014547968|2035040256|sim_data_b8000ed69b204c49|__AUTOMETRIC__
__AUTOMETRIC__|0.1.2|1856|crew_log_695febd968aa1488|0|1786324002.758|97.359|6.085|2014539776|2035032064|sim_data_b8000ed69b204c49|__AUTOMETRIC__
__AUTOMETRIC__|0.1.2|1856|crew_log_695febd968aa1488|0|1786324003.764|99.334|6.208|2014543872|2035036160|sim_data_b8000ed69b204c49|__AUTOMETRIC__
__AUTOMETRIC__|0.1.2|1856|crew_log_695febd968aa1488|0|1786324004.776|98.894|6.181|2014564352|2035056640|sim_data_b8000ed69b204c49|__AUTOMETRIC__
__AUTOMETRIC__|0.1.2|1856|crew_log_695febd968aa1488|0|1786324005.788|98.797|6.175|2015518720|2035945472|sim_data_b8000ed69b204c49|__AUTOMETRIC__
__AUTOMETRIC__|0.1.2|1856|crew_log_695febd968aa1488|0|1786324006.799|97.298|6.081|2015444992|2035871744|sim_data_b8000ed69b204c49|__AUTOMETRIC__
__AUTOMETRIC__|0.1.2|1856|crew_log_695febd968aa1488|0|1786324007.812|100.312|6.270|2015444992|2035871744|sim_data_b8000ed69b204c49|__AUTOMETRIC__
__AUTOMETRIC__|0.1.2|1856|crew_log_695febd968aa1488|0|1786324008.825|100.292|6.268|2015444992|2035871744|sim_data_b8000ed69b204c49|__AUTOMETRIC__
__AUTOMETRIC__|0.1.2|1856|crew_log_695febd968aa1488|0|1786324009.835|100.488|6.281|2015444992|2035871744|sim_data_b8000ed69b204c49|__AUTOMETRIC__
__AUTOMETRIC__|0.1.2|1856|crew_log_695febd968aa1488|0|1786324010.846|98.943|6.184|2016456704|2036879360|sim_data_b8000ed69b204c49|__AUTOMETRIC__
__AUTOMETRIC__|0.1.2|1856|crew_log_695febd968aa1488|0|1786324011.855|100.695|6.293|2016399360|2036822016|sim_data_b8000ed69b204c49|__AUTOMETRIC__
__AUTOMETRIC__|0.1.2|1856|crew_log_695febd968aa1488|0|1786324012.866|98.913|6.182|2016399360|2036822016|sim_data_b8000ed69b204c49|__AUTOMETRIC__
__AUTOMETRIC__|0.1.2|1856|crew_log_695febd968aa1488|0|1786324013.878|98.745|6.172|2016391168|2036813824|sim_data_b8000ed69b204c49|__AUTOMETRIC__
__AUTOMETRIC__|0.1.2|1856|crew_log_695febd968aa1488|0|1786324014.886|99.236|6.202|2016399360|2036822016|sim_data_b8000ed69b204c49|__AUTOMETRIC__
__AUTOMETRIC__|0.1.2|1856|crew_log_695febd968aa1488|0|1786324015.893|97.794|6.112|2017361920|2037780480|sim_data_b8000ed69b204c49|__AUTOMETRIC__
__AUTOMETRIC__|0.1.2|1856|crew_log_695febd968aa1488|0|1786324016.895|99.809|6.238|2017304576|2037723136|sim_data_b8000ed69b204c49|__AUTOMETRIC__
__AUTOMETRIC__|0.1.2|1856|crew_log_695febd968aa1488|0|1786324017.903|99.161|6.198|2017308672|2037727232|sim_data_b8000ed69b204c49|__AUTOMETRIC__
__AUTOMETRIC__|0.1.2|1856|crew_log_695febd968aa1488|0|1786324018.916|97.188|6.074|2017300480|2037719040|sim_data_b8000ed69b204c49|__AUTOMETRIC__
__AUTOMETRIC__|0.1.2|1856|crew_log_695febd968aa1488|0|1786324019.929|95.642|5.978|2064015360|2084458496|sim_data_b8000ed69b204c49|__AUTOMETRIC__
__AUTOMETRIC__|0.1.2|1856|crew_log_695febd968aa1488|0|1786324020.935|97.789|6.112|2179878912|2200707072|sim_data_b8000ed69b204c49|__AUTOMETRIC__
__AUTOMETRIC__|0.1.2|1856|crew_log_695febd968aa1488|0|1786324021.944|99.110|6.194|2174812160|2195472384|sim_data_b8000ed69b204c49|__AUTOMETRIC__
__AUTOMETRIC__|0.1.2|1856|crew_log_695febd968aa1488|0|1786324022.952|99.285|6.205|2174963712|2195423232|sim_data_b8000ed69b204c49|__AUTOMETRIC__
__AUTOMETRIC__|0.1.2|1856|crew_log_695febd968aa1488|0|1786324023.954|102.845|6.428|2014068736|2034962432|sim_data_b8000ed69b204c49|__AUTOMETRIC__
__AUTOMETRIC__|0.1.2|1856|crew_log_695febd968aa1488|0|1786324024.967|98.790|6.174|2019500032|2040385536|sim_data_b8000ed69b204c49|__AUTOMETRIC__
__AUTOMETRIC__|0.1.2|1856|crew_log_695febd968aa1488|0|1786324025.979|100.329|6.271|2031992832|2052861952|sim_data_b8000ed69b204c49|__AUTOMETRIC__
__AUTOMETRIC__|0.1.2|1856|crew_log_695febd968aa1488|0|1786324026.992|75.580|4.724|2026053632|2046291968|sim_data_b8000ed69b204c49|__AUTOMETRIC__
__AUTOMETRIC__|0.1.2|1856|crew_log_695febd968aa1488|0|1786324028.006|100.153|6.260|2022711296|2042105856|sim_data_b8000ed69b204c49|__AUTOMETRIC__
__AUTOMETRIC__|0.1.2|1856|crew_log_695febd968aa1488|0|1786324029.016|100.516|6.282|2022117376|2041511936|sim_data_b8000ed69b204c49|__AUTOMETRIC__
__AUTOMETRIC__|0.1.2|1856|crew_log_695febd968aa1488|0|1786324030.029|100.296|6.269|2022051840|2041446400|sim_data_b8000ed69b204c49|__AUTOMETRIC__
__AUTOMETRIC__|0.1.2|1856|crew_log_695febd968aa1488|0|1786324031.029|99.942|6.246|2023112704|2042441728|sim_data_b8000ed69b204c49|__AUTOMETRIC__
__AUTOMETRIC__|0.1.2|1856|crew_log_695febd968aa1488|0|1786324032.043|100.176|6.261|2023038976|2042368000|sim_data_b8000ed69b204c49|__AUTOMETRIC__
