__AUTOMETRIC__|0.1.2|2440409|crew_log_591a4a6a93027e1f|0|1786907053.793|90.983|2.843|195674112|1851174912|sim_data_83af92d1ea4ca96e|__AUTOMETRIC__
__AUTOMETRIC__|0.1.2|2440409|crew_log_591a4a6a93027e1f|0|1786907054.795|27.953|0.874|214548480|1870413824|sim_data_83af92d1ea4ca96e|__AUTOMETRIC__
__AUTOMETRIC__|0.1.2|2440409|crew_log_591a4a6a93027e1f|0|1786907055.797|0.000|0.000|214548480|1870413824|sim_data_83af92d1ea4ca96e|__AUTOMETRIC__
__AUTOMETRIC__|0.1.2|2440409|crew_log_591a4a6a93027e1f|0|1786907056.798|0.000|0.000|214548480|1870413824|sim_data_83af92d1ea4ca96e|__AUTOMETRIC__
__AUTOMETRIC__|0.1.2|2440409|crew_log_591a4a6a93027e1f|0|1786907057.799|17.975|0.562|226459648|1882345472|sim_data_83af92d1ea4ca96e|__AUTOMETRIC__
__AUTOMETRIC__|0.1.2|2440409|crew_log_591a4a6a93027e1f|0|1786907058.801|98.856|3.089|331223040|1988603904|sim_data_83af92d1ea4ca96e|__AUTOMETRIC__
__AUTOMETRIC__|0.1.2|2440409|crew_log_591a4a6a93027e1f|0|1786907059.802|93.867|2.933|398594048|2063720448|sim_data_83af92d1ea4ca96e|__AUTOMETRIC__
__AUTOMETRIC__|0.1.2|2440409|crew_log_591a4a6a93027e1f|0|1786907060.804|100.839|3.151|585240576|2250342400|sim_data_83af92d1ea4ca96e|__AUTOMETRIC__
__AUTOMETRIC__|0.1.2|2440409|crew_log_591a4a6a93027e1f|0|1786907061.806|99.799|3.119|758517760|2423627776|sim_data_83af92d1ea4ca96e|__AUTOMETRIC__
__AUTOMETRIC__|0.1.2|2440409|crew_log_591a4a6a93027e1f|0|1786907062.808|98.836|3.089|945164288|2610294784|sim_data_83af92d1ea4ca96e|__AUTOMETRIC__
__AUTOMETRIC__|0.1.2|2440409|crew_log_591a4a6a93027e1f|0|1786907063.809|97.844|3.058|1093799936|2759073792|sim_data_83af92d1ea4ca96e|__AUTOMETRIC__
__AUTOMETRIC__|0.1.2|2440409|crew_log_591a4a6a93027e1f|0|1786907064.811|98.865|3.090|1171918848|2837131264|sim_data_83af92d1ea4ca96e|__AUTOMETRIC__
__AUTOMETRIC__|0.1.2|2440409|crew_log_591a4a6a93027e1f|0|1786907065.812|100.851|3.152|1438781440|3103879168|sim_data_83af92d1ea4ca96e|__AUTOMETRIC__
__AUTOMETRIC__|0.1.2|2440409|crew_log_591a4a6a93027e1f|0|1786907066.813|98.869|3.090|1522405376|3187515392|sim_data_83af92d1ea4ca96e|__AUTOMETRIC__
__AUTOMETRIC__|0.1.2|2440409|crew_log_591a4a6a93027e1f|0|1786907067.815|98.879|3.090|1761218560|3426373632|sim_data_83af92d1ea4ca96e|__AUTOMETRIC__
__AUTOMETRIC__|0.1.2|2440409|crew_log_591a4a6a93027e1f|0|1786907068.816|99.872|3.121|1868697600|3533729792|sim_data_83af92d1ea4ca96e|__AUTOMETRIC__
__AUTOMETRIC__|0.1.2|2440409|crew_log_591a4a6a93027e1f|0|1786907069.817|99.850|3.120|2148143104|3813187584|sim_data_83af92d1ea4ca96e|__AUTOMETRIC__
__AUTOMETRIC__|0.1.2|2440409|crew_log_591a4a6a93027e1f|0|1786907070.819|99.846|3.120|2148143104|3813187584|sim_data_83af92d1ea4ca96e|__AUTOMETRIC__
__AUTOMETRIC__|0.1.2|2440409|crew_log_591a4a6a93027e1f|0|1786907071.821|99.773|3.118|2532970496|4198014976|sim_data_83af92d1ea4ca96e|__AUTOMETRIC__
__AUTOMETRIC__|0.1.2|2440409|crew_log_591a4a6a93027e1f|0|1786907072.823|99.846|3.120|2612137984|4277207040|sim_data_83af92d1ea4ca96e|__AUTOMETRIC__
__AUTOMETRIC__|0.1.2|2440409|crew_log_591a4a6a93027e1f|0|1786907073.825|98.827|3.088|2669023232|4334194688|sim_data_83af92d1ea4ca96e|__AUTOMETRIC__
__AUTOMETRIC__|0.1.2|2440409|crew_log_591a4a6a93027e1f|0|1786907074.826|99.844|3.120|3083997184|4749058048|sim_data_83af92d1ea4ca96e|__AUTOMETRIC__
__AUTOMETRIC__|0.1.2|2440409|crew_log_591a4a6a93027e1f|0|1786907075.828|99.823|3.119|3169456128|4834459648|sim_data_83af92d1ea4ca96e|__AUTOMETRIC__
__AUTOMETRIC__|0.1.2|2440409|crew_log_591a4a6a93027e1f|0|1786907076.829|99.861|3.121|3169456128|4834459648|sim_data_83af92d1ea4ca96e|__AUTOMETRIC__
__AUTOMETRIC__|0.1.2|2440409|crew_log_591a4a6a93027e1f|0|1786907077.831|99.863|3.121|3499495424|5164564480|sim_data_83af92d1ea4ca96e|__AUTOMETRIC__
__AUTOMETRIC__|0.1.2|2440409|crew_log_591a4a6a93027e1f|0|1786907078.832|99.866|3.121|3837923328|5502914560|sim_data_83af92d1ea4ca96e|__AUTOMETRIC__
__AUTOMETRIC__|0.1.2|2440409|crew_log_591a4a6a93027e1f|0|1786907079.834|99.823|3.119|3837923328|5502914560|sim_data_83af92d1ea4ca96e|__AUTOMETRIC__
__AUTOMETRIC__|0.1.2|2440409|crew_log_591a4a6a93027e1f|0|1786907080.835|98.848|3.089|3837923328|5502914560|sim_data_83af92d1ea4ca96e|__AUTOMETRIC__
__AUTOMETRIC__|0.1.2|2440409|crew_log_591a4a6a93027e1f|0|1786907081.837|99.803|3.119|4162457600|5827444736|sim_data_83af92d1ea4ca96e|__AUTOMETRIC__
__AUTOMETRIC__|0.1.2|2440409|crew_log_591a4a6a93027e1f|0|1786907082.839|99.872|3.121|4577431552|6242467840|sim_data_83af92d1ea4ca96e|__AUTOMETRIC__
__AUTOMETRIC__|0.1.2|2440409|crew_log_591a4a6a93027e1f|0|1786907083.840|99.829|3.120|4640083968|6305189888|sim_data_83af92d1ea4ca96e|__AUTOMETRIC__
__AUTOMETRIC__|0.1.2|2440409|crew_log_591a4a6a93027e1f|0|1786907084.842|99.873|3.121|4640083968|6305189888|sim_data_83af92d1ea4ca96e|__AUTOMETRIC__
