__AUTOMETRIC__|0.1.2|2440437|crew_log_54b49b557ec6f486|0|1786907057.206|90.990|2.843|178675712|1767444480|sim_data_501796ab98789225|__AUTOMETRIC__
__AUTOMETRIC__|0.1.2|2440437|crew_log_54b49b557ec6f486|0|1786907058.207|32.957|1.030|214327296|1803198464|sim_data_501796ab98789225|__AUTOMETRIC__
__AUTOMETRIC__|0.1.2|2440437|crew_log_54b49b557ec6f486|0|1786907059.208|0.000|0.000|214327296|1803198464|sim_data_501796ab98789225|__AUTOMETRIC__
__AUTOMETRIC__|0.1.2|2440437|crew_log_54b49b557ec6f486|0|1786907060.209|0.999|0.031|214327296|1803198464|sim_data_501796ab98789225|__AUTOMETRIC__
__AUTOMETRIC__|0.1.2|2440437|crew_log_54b49b557ec6f486|0|1786907061.210|0.000|0.000|214327296|1803198464|sim_data_501796ab98789225|__AUTOMETRIC__
__AUTOMETRIC__|0.1.2|2440437|crew_log_54b49b557ec6f486|0|1786907062.212|0.000|0.000|214327296|1803198464|sim_data_501796ab98789225|__AUTOMETRIC__
__AUTOMETRIC__|0.1.2|2440437|crew_log_54b49b557ec6f486|0|1786907063.213|0.000|0.000|214327296|1803198464|sim_data_501796ab98789225|__AUTOMETRIC__
__AUTOMETRIC__|0.1.2|2440437|crew_log_54b49b557ec6f486|0|1786907064.214|0.000|0.000|214327296|1803198464|sim_data_501796ab98789225|__AUTOMETRIC__
__AUTOMETRIC__|0.1.2|2440437|crew_log_54b49b557ec6f486|0|1786907065.217|0.997|0.031|214327296|1803198464|sim_data_501796ab98789225|__AUTOMETRIC__
__AUTOMETRIC__|0.1.2|2440437|crew_log_54b49b557ec6f486|0|1786907066.219|0.000|0.000|214327296|1803198464|sim_data_501796ab98789225|__AUTOMETRIC__
__AUTOMETRIC__|0.1.2|2440437|crew_log_54b49b557ec6f486|0|1786907067.220|0.000|0.000|214327296|1803198464|sim_data_501796ab98789225|__AUTOMETRIC__
__AUTOMETRIC__|0.1.2|2440437|crew_log_54b49b557ec6f486|0|1786907068.221|60.928|1.904|253861888|1844187136|sim_data_501796ab98789225|__AUTOMETRIC__
__AUTOMETRIC__|0.1.2|2440437|crew_log_54b49b557ec6f486|0|1786907069.223|96.840|3.026|370253824|1967546368|sim_data_501796ab98789225|__AUTOMETRIC__
__AUTOMETRIC__|0.1.2|2440437|crew_log_54b49b557ec6f486|0|1786907070.224|96.896|3.028|479830016|2077728768|sim_data_501796ab98789225|__AUTOMETRIC__
__AUTOMETRIC__|0.1.2|2440437|crew_log_54b49b557ec6f486|0|1786907071.225|99.847|3.120|603037696|2201018368|sim_data_501796ab98789225|__AUTOMETRIC__
__AUTOMETRIC__|0.1.2|2440437|crew_log_54b49b557ec6f486|0|1786907072.227|99.863|3.121|758751232|2356539392|sim_data_501796ab98789225|__AUTOMETRIC__
__AUTOMETRIC__|0.1.2|2440437|crew_log_54b49b557ec6f486|0|1786907073.228|99.883|3.121|945397760|2543181824|sim_data_501796ab98789225|__AUTOMETRIC__
__AUTOMETRIC__|0.1.2|2440437|crew_log_54b49b557ec6f486|0|1786907074.229|96.860|3.027|1170579456|2768318464|sim_data_501796ab98789225|__AUTOMETRIC__
__AUTOMETRIC__|0.1.2|2440437|crew_log_54b49b557ec6f486|0|1786907075.231|98.861|3.089|1172152320|2769960960|sim_data_501796ab98789225|__AUTOMETRIC__
__AUTOMETRIC__|0.1.2|2440437|crew_log_54b49b557ec6f486|0|1786907076.232|99.841|3.120|1438752768|3036729344|sim_data_501796ab98789225|__AUTOMETRIC__
__AUTOMETRIC__|0.1.2|2440437|crew_log_54b49b557ec6f486|0|1786907077.234|99.841|3.120|1469161472|3066925056|sim_data_501796ab98789225|__AUTOMETRIC__
__AUTOMETRIC__|0.1.2|2440437|crew_log_54b49b557ec6f486|0|1786907078.235|98.846|3.089|1761452032|3359227904|sim_data_501796ab98789225|__AUTOMETRIC__
__AUTOMETRIC__|0.1.2|2440437|crew_log_54b49b557ec6f486|0|1786907079.237|99.826|3.120|1761452032|3359227904|sim_data_501796ab98789225|__AUTOMETRIC__
__AUTOMETRIC__|0.1.2|2440437|crew_log_54b49b557ec6f486|0|1786907080.239|99.851|3.120|2148114432|3746033664|sim_data_501796ab98789225|__AUTOMETRIC__
__AUTOMETRIC__|0.1.2|2440437|crew_log_54b49b557ec6f486|0|1786907081.240|99.847|3.120|2148114432|3746033664|sim_data_501796ab98789225|__AUTOMETRIC__
__AUTOMETRIC__|0.1.2|2440437|crew_log_54b49b557ec6f486|0|1786907082.242|99.853|3.120|2349441024|3947188224|sim_data_501796ab98789225|__AUTOMETRIC__
__AUTOMETRIC__|0.1.2|2440437|crew_log_54b49b557ec6f486|0|1786907083.243|98.825|3.088|2612371456|4210196480|sim_data_501796ab98789225|__AUTOMETRIC__
__AUTOMETRIC__|0.1.2|2440437|crew_log_54b49b557ec6f486|0|1786907084.245|99.841|3.120|2612371456|4210196480|sim_data_501796ab98789225|__AUTOMETRIC__
__AUTOMETRIC__|0.1.2|2440437|crew_log_54b49b557ec6f486|0|1786907085.247|99.854|3.120|2830999552|4428996608|sim_data_501796ab98789225|__AUTOMETRIC__
