__AUTOMETRIC__|0.1.2|1892|crew_log_0393eb66bc96380a|0|1786319313.261|66.579|4.161|145551360|171118592|compiled_brms_models_2641456c87e4c710|__AUTOMETRIC__
__AUTOMETRIC__|0.1.2|1892|crew_log_0393eb66bc96380a|0|1786319314.275|0.000|0.000|145596416|171126784|compiled_brms_models_2641456c87e4c710|__AUTOMETRIC__
__AUTOMETRIC__|0.1.2|1892|crew_log_0393eb66bc96380a|0|1786320890.790|0.029|0.002|167124992|192552960|compiled_brms_models_2641456c87e4c710|__AUTOMETRIC__
__AUTOMETRIC__|0.1.2|1892|crew_log_0393eb66bc96380a|0|1786320891.798|57.322|3.583|179986432|205049856|compiled_brms_models_2641456c87e4c710|__AUTOMETRIC__
__AUTOMETRIC__|0.1.2|1892|crew_log_0393eb66bc96380a|0|1786320892.812|55.481|3.468|219279360|244412416|compiled_brms_models_2641456c87e4c710|__AUTOMETRIC__
__AUTOMETRIC__|0.1.2|1892|crew_log_0393eb66bc96380a|0|1786320893.821|26.326|1.645|219754496|244748288|compiled_brms_models_2641456c87e4c710|__AUTOMETRIC__
__AUTOMETRIC__|0.1.2|1892|crew_log_0393eb66bc96380a|0|1786320894.832|0.000|0.000|219525120|244518912|compiled_brms_models_2641456c87e4c710|__AUTOMETRIC__
__AUTOMETRIC__|0.1.2|1892|crew_log_0393eb66bc96380a|0|1786320895.843|0.000|0.000|219525120|244518912|compiled_brms_models_2641456c87e4c710|__AUTOMETRIC__
__AUTOMETRIC__|0.1.2|1892|crew_log_0393eb66bc96380a|0|1786320896.858|0.000|0.000|219525120|244518912|compiled_brms_models_2641456c87e4c710|__AUTOMETRIC__
__AUTOMETRIC__|0.1.2|1892|crew_log_0393eb66bc96380a|0|1786320897.871|0.000|0.000|219525120|244518912|compiled_brms_models_2641456c87e4c710|__AUTOMETRIC__
__AUTOMETRIC__|0.1.2|1892|crew_log_0393eb66bc96380a|0|1786320898.880|0.000|0.000|219525120|244518912|compiled_brms_models_2641456c87e4c710|__AUTOMETRIC__
__AUTOMETRIC__|0.1.2|1892|crew_log_0393eb66bc96380a|0|1786320899.891|1.546|0.097|219525120|244518912|compiled_brms_models_2641456c87e4c710|__AUTOMETRIC__
__AUTOMETRIC__|0.1.2|1892|crew_log_0393eb66bc96380a|0|1786320900.902|1.546|0.097|219525120|244518912|compiled_brms_models_2641456c87e4c710|__AUTOMETRIC__
__AUTOMETRIC__|0.1.2|1892|crew_log_0393eb66bc96380a|0|1786320901.915|0.000|0.000|219525120|244518912|compiled_brms_models_2641456c87e4c710|__AUTOMETRIC__
__AUTOMETRIC__|0.1.2|1892|crew_log_0393eb66bc96380a|0|1786320902.928|0.000|0.000|219533312|244527104|compiled_brms_models_2641456c87e4c710|__AUTOMETRIC__
__AUTOMETRIC__|0.1.2|1892|crew_log_0393eb66bc96380a|0|1786320903.940|66.392|4.149|224444416|249401344|compiled_brms_models_2641456c87e4c710|__AUTOMETRIC__
__AUTOMETRIC__|0.1.2|1892|crew_log_0393eb66bc96380a|0|1786320904.950|100.593|6.287|271048704|296001536|compiled_brms_models_2641456c87e4c710|__AUTOMETRIC__
__AUTOMETRIC__|0.1.2|1892|crew_log_0393eb66bc96380a|0|1786320905.959|95.965|5.998|395829248|427569152|compiled_brms_models_2641456c87e4c710|__AUTOMETRIC__
__AUTOMETRIC__|0.1.2|1892|crew_log_0393eb66bc96380a|0|1786320906.966|97.743|6.109|418889728|450023424|compiled_brms_models_2641456c87e4c710|__AUTOMETRIC__
__AUTOMETRIC__|0.1.2|1892|crew_log_0393eb66bc96380a|0|1786320907.977|100.483|6.280|416751616|447856640|compiled_brms_models_2641456c87e4c710|__AUTOMETRIC__
__AUTOMETRIC__|0.1.2|1892|crew_log_0393eb66bc96380a|0|1786320908.984|119.469|7.467|510279680|534228992|compiled_brms_models_2641456c87e4c710|__AUTOMETRIC__
__AUTOMETRIC__|0.1.2|1892|crew_log_0393eb66bc96380a|0|1786320909.994|151.625|9.477|518123520|538238976|compiled_brms_models_2641456c87e4c710|__AUTOMETRIC__
__AUTOMETRIC__|0.1.2|1892|crew_log_0393eb66bc96380a|0|1786321014.100|9.280|0.580|537604096|557174784|compiled_brms_models_2641456c87e4c710|__AUTOMETRIC__
__AUTOMETRIC__|0.1.2|1892|crew_log_0393eb66bc96380a|0|1786321015.111|83.428|5.214|613814272|632922112|compiled_brms_models_2641456c87e4c710|__AUTOMETRIC__
__AUTOMETRIC__|0.1.2|1892|crew_log_0393eb66bc96380a|0|1786321016.121|100.609|6.288|650555392|669569024|compiled_brms_models_2641456c87e4c710|__AUTOMETRIC__
__AUTOMETRIC__|0.1.2|1892|crew_log_0393eb66bc96380a|0|1786321017.133|98.828|6.177|659042304|678252544|compiled_brms_models_236274e391787aa4|__AUTOMETRIC__
__AUTOMETRIC__|0.1.2|1892|crew_log_0393eb66bc96380a|0|1786321105.121|18.490|1.156|675635200|694452224|compiled_brms_models_236274e391787aa4|__AUTOMETRIC__
__AUTOMETRIC__|0.1.2|1892|crew_log_0393eb66bc96380a|0|1786321106.135|97.054|6.066|687366144|705740800|compiled_brms_models_236274e391787aa4|__AUTOMETRIC__
__AUTOMETRIC__|0.1.2|1892|crew_log_0393eb66bc96380a|0|1786321107.135|28.122|1.758|682233856|699994112|__DEFAULT__|__AUTOMETRIC__
__AUTOMETRIC__|0.1.2|1892|crew_log_0393eb66bc96380a|0|1786321108.144|0.000|0.000|682233856|699994112|__DEFAULT__|__AUTOMETRIC__
__AUTOMETRIC__|0.1.2|1892|crew_log_0393eb66bc96380a|0|1786321109.156|0.000|0.000|681545728|699244544|__DEFAULT__|__AUTOMETRIC__
__AUTOMETRIC__|0.1.2|1892|crew_log_0393eb66bc96380a|0|1786321110.168|0.000|0.000|681545728|699244544|__DEFAULT__|__AUTOMETRIC__
__AUTOMETRIC__|0.1.2|1892|crew_log_0393eb66bc96380a|0|1786321111.179|0.000|0.000|681545728|699244544|__DEFAULT__|__AUTOMETRIC__
__AUTOMETRIC__|0.1.2|1892|crew_log_0393eb66bc96380a|0|1786321112.194|0.000|0.000|681545728|699244544|__DEFAULT__|__AUTOMETRIC__
__AUTOMETRIC__|0.1.2|1892|crew_log_0393eb66bc96380a|0|1786321113.205|0.000|0.000|681545728|699244544|__DEFAULT__|__AUTOMETRIC__
__AUTOMETRIC__|0.1.2|1892|crew_log_0393eb66bc96380a|0|1786321114.217|0.000|0.000|681545728|699244544|__DEFAULT__|__AUTOMETRIC__
__AUTOMETRIC__|0.1.2|1892|crew_log_0393eb66bc96380a|0|1786321115.232|0.000|0.000|681545728|699244544|__DEFAULT__|__AUTOMETRIC__
__AUTOMETRIC__|0.1.2|1892|crew_log_0393eb66bc96380a|0|1786321116.233|0.000|0.000|681545728|699244544|__DEFAULT__|__AUTOMETRIC__
__AUTOMETRIC__|0.1.2|1892|crew_log_0393eb66bc96380a|0|1786321117.249|0.000|0.000|681545728|699244544|__DEFAULT__|__AUTOMETRIC__
__AUTOMETRIC__|0.1.2|1892|crew_log_0393eb66bc96380a|0|1786321118.261|0.000|0.000|681545728|699244544|__DEFAULT__|__AUTOMETRIC__
__AUTOMETRIC__|0.1.2|1892|crew_log_0393eb66bc96380a|0|1786321119.272|0.000|0.000|681545728|699244544|__DEFAULT__|__AUTOMETRIC__
__AUTOMETRIC__|0.1.2|1892|crew_log_0393eb66bc96380a|0|1786321120.286|3.082|0.193|681545728|699244544|__DEFAULT__|__AUTOMETRIC__
__AUTOMETRIC__|0.1.2|1892|crew_log_0393eb66bc96380a|0|1786321121.286|0.000|0.000|681545728|699244544|__DEFAULT__|__AUTOMETRIC__
__AUTOMETRIC__|0.1.2|1892|crew_log_0393eb66bc96380a|0|1786321122.300|0.000|0.000|681545728|699244544|__DEFAULT__|__AUTOMETRIC__
__AUTOMETRIC__|0.1.2|1892|crew_log_0393eb66bc96380a|0|1786321123.315|0.000|0.000|681545728|699244544|__DEFAULT__|__AUTOMETRIC__
__AUTOMETRIC__|0.1.2|1892|crew_log_0393eb66bc96380a|0|1786321124.331|0.000|0.000|681545728|699244544|__DEFAULT__|__AUTOMETRIC__
__AUTOMETRIC__|0.1.2|1892|crew_log_0393eb66bc96380a|0|1786321125.345|0.000|0.000|681545728|699244544|__DEFAULT__|__AUTOMETRIC__
__AUTOMETRIC__|0.1.2|1892|crew_log_0393eb66bc96380a|0|1786321126.360|0.000|0.000|681545728|699244544|__DEFAULT__|__AUTOMETRIC__
__AUTOMETRIC__|0.1.2|1892|crew_log_0393eb66bc96380a|0|1786321127.375|0.000|0.000|681545728|699244544|__DEFAULT__|__AUTOMETRIC__
__AUTOMETRIC__|0.1.2|1892|crew_log_0393eb66bc96380a|0|1786321128.376|0.000|0.000|681545728|699244544|__DEFAULT__|__AUTOMETRIC__
__AUTOMETRIC__|0.1.2|1892|crew_log_0393eb66bc96380a|0|1786321129.376|0.000|0.000|681545728|699244544|__DEFAULT__|__AUTOMETRIC__
__AUTOMETRIC__|0.1.2|1892|crew_log_0393eb66bc96380a|0|1786321130.392|0.000|0.000|681545728|699244544|__DEFAULT__|__AUTOMETRIC__
__AUTOMETRIC__|0.1.2|1892|crew_log_0393eb66bc96380a|0|1786321131.408|0.000|0.000|681529344|699211776|__DEFAULT__|__AUTOMETRIC__
__AUTOMETRIC__|0.1.2|1892|crew_log_0393eb66bc96380a|0|1786321132.421|0.000|0.000|681529344|699211776|__DEFAULT__|__AUTOMETRIC__
__AUTOMETRIC__|0.1.2|1892|crew_log_0393eb66bc96380a|0|1786321133.434|0.000|0.000|681529344|699211776|__DEFAULT__|__AUTOMETRIC__
__AUTOMETRIC__|0.1.2|1892|crew_log_0393eb66bc96380a|0|1786321134.449|0.000|0.000|681529344|699211776|__DEFAULT__|__AUTOMETRIC__
__AUTOMETRIC__|0.1.2|1892|crew_log_0393eb66bc96380a|0|1786321135.463|0.000|0.000|681529344|699211776|__DEFAULT__|__AUTOMETRIC__
__AUTOMETRIC__|0.1.2|1892|crew_log_0393eb66bc96380a|0|1786321136.479|0.000|0.000|681529344|699211776|__DEFAULT__|__AUTOMETRIC__
__AUTOMETRIC__|0.1.2|1892|crew_log_0393eb66bc96380a|0|1786321137.491|1.543|0.096|681529344|699211776|__DEFAULT__|__AUTOMETRIC__
__AUTOMETRIC__|0.1.2|1892|crew_log_0393eb66bc96380a|0|1786321138.507|0.000|0.000|681529344|699211776|__DEFAULT__|__AUTOMETRIC__
__AUTOMETRIC__|0.1.2|1892|crew_log_0393eb66bc96380a|0|1786321139.509|0.000|0.000|681529344|699211776|__DEFAULT__|__AUTOMETRIC__
__AUTOMETRIC__|0.1.2|1892|crew_log_0393eb66bc96380a|0|1786321140.510|0.000|0.000|681529344|699211776|__DEFAULT__|__AUTOMETRIC__
__AUTOMETRIC__|0.1.2|1892|crew_log_0393eb66bc96380a|0|1786321141.523|0.000|0.000|681529344|699211776|__DEFAULT__|__AUTOMETRIC__
__AUTOMETRIC__|0.1.2|1892|crew_log_0393eb66bc96380a|0|1786321142.538|0.000|0.000|681529344|699211776|__DEFAULT__|__AUTOMETRIC__
__AUTOMETRIC__|0.1.2|1892|crew_log_0393eb66bc96380a|0|1786321143.553|0.000|0.000|681529344|699211776|__DEFAULT__|__AUTOMETRIC__
__AUTOMETRIC__|0.1.2|1892|crew_log_0393eb66bc96380a|0|1786321144.566|3.085|0.193|681529344|699211776|__DEFAULT__|__AUTOMETRIC__
__AUTOMETRIC__|0.1.2|1892|crew_log_0393eb66bc96380a|0|1786321145.580|0.000|0.000|681529344|699211776|__DEFAULT__|__AUTOMETRIC__
__AUTOMETRIC__|0.1.2|1892|crew_log_0393eb66bc96380a|0|1786321146.581|0.000|0.000|681529344|699211776|__DEFAULT__|__AUTOMETRIC__
__AUTOMETRIC__|0.1.2|1892|crew_log_0393eb66bc96380a|0|1786321147.594|0.000|0.000|681529344|699211776|__DEFAULT__|__AUTOMETRIC__
__AUTOMETRIC__|0.1.2|1892|crew_log_0393eb66bc96380a|0|1786321148.606|0.000|0.000|681529344|699211776|__DEFAULT__|__AUTOMETRIC__
__AUTOMETRIC__|0.1.2|1892|crew_log_0393eb66bc96380a|0|1786321149.621|0.000|0.000|681529344|699211776|__DEFAULT__|__AUTOMETRIC__
__AUTOMETRIC__|0.1.2|1892|crew_log_0393eb66bc96380a|0|1786321150.637|0.000|0.000|681529344|699211776|__DEFAULT__|__AUTOMETRIC__
__AUTOMETRIC__|0.1.2|1892|crew_log_0393eb66bc96380a|0|1786321151.651|0.000|0.000|681529344|699211776|__DEFAULT__|__AUTOMETRIC__
__AUTOMETRIC__|0.1.2|1892|crew_log_0393eb66bc96380a|0|1786321152.665|0.000|0.000|681529344|699211776|__DEFAULT__|__AUTOMETRIC__
__AUTOMETRIC__|0.1.2|1892|crew_log_0393eb66bc96380a|0|1786321153.680|0.000|0.000|681529344|699211776|__DEFAULT__|__AUTOMETRIC__
__AUTOMETRIC__|0.1.2|1892|crew_log_0393eb66bc96380a|0|1786321154.693|0.000|0.000|681529344|699211776|__DEFAULT__|__AUTOMETRIC__
__AUTOMETRIC__|0.1.2|1892|crew_log_0393eb66bc96380a|0|1786321155.706|0.000|0.000|681529344|699211776|__DEFAULT__|__AUTOMETRIC__
__AUTOMETRIC__|0.1.2|1892|crew_log_0393eb66bc96380a|0|1786321156.719|0.000|0.000|681529344|699211776|__DEFAULT__|__AUTOMETRIC__
__AUTOMETRIC__|0.1.2|1892|crew_log_0393eb66bc96380a|0|1786321157.734|0.000|0.000|681529344|699211776|__DEFAULT__|__AUTOMETRIC__
__AUTOMETRIC__|0.1.2|1892|crew_log_0393eb66bc96380a|0|1786321158.749|0.000|0.000|681529344|699211776|__DEFAULT__|__AUTOMETRIC__
__AUTOMETRIC__|0.1.2|1892|crew_log_0393eb66bc96380a|0|1786321159.751|0.000|0.000|681529344|699211776|__DEFAULT__|__AUTOMETRIC__
__AUTOMETRIC__|0.1.2|1892|crew_log_0393eb66bc96380a|0|1786321160.765|0.000|0.000|681529344|699211776|__DEFAULT__|__AUTOMETRIC__
__AUTOMETRIC__|0.1.2|1892|crew_log_0393eb66bc96380a|0|1786321161.766|0.000|0.000|681529344|699211776|__DEFAULT__|__AUTOMETRIC__
__AUTOMETRIC__|0.1.2|1892|crew_log_0393eb66bc96380a|0|1786321162.780|0.000|0.000|681529344|699211776|__DEFAULT__|__AUTOMETRIC__
__AUTOMETRIC__|0.1.2|1892|crew_log_0393eb66bc96380a|0|1786321163.795|0.000|0.000|681529344|699211776|__DEFAULT__|__AUTOMETRIC__
__AUTOMETRIC__|0.1.2|1892|crew_log_0393eb66bc96380a|0|1786321164.809|0.000|0.000|681529344|699211776|__DEFAULT__|__AUTOMETRIC__
__AUTOMETRIC__|0.1.2|1892|crew_log_0393eb66bc96380a|0|1786321165.822|0.000|0.000|681529344|699211776|__DEFAULT__|__AUTOMETRIC__
__AUTOMETRIC__|0.1.2|1892|crew_log_0393eb66bc96380a|0|1786321166.834|0.000|0.000|681529344|699211776|__DEFAULT__|__AUTOMETRIC__
__AUTOMETRIC__|0.1.2|1892|crew_log_0393eb66bc96380a|0|1786321167.835|1.561|0.098|681529344|699211776|__DEFAULT__|__AUTOMETRIC__
__AUTOMETRIC__|0.1.2|1892|crew_log_0393eb66bc96380a|0|1786321168.847|0.000|0.000|681529344|699211776|__DEFAULT__|__AUTOMETRIC__
__AUTOMETRIC__|0.1.2|1892|crew_log_0393eb66bc96380a|0|1786321169.858|0.000|0.000|681529344|699211776|__DEFAULT__|__AUTOMETRIC__
__AUTOMETRIC__|0.1.2|1892|crew_log_0393eb66bc96380a|0|1786321170.872|0.000|0.000|681529344|699211776|__DEFAULT__|__AUTOMETRIC__
__AUTOMETRIC__|0.1.2|1892|crew_log_0393eb66bc96380a|0|1786321171.884|0.000|0.000|681529344|699211776|__DEFAULT__|__AUTOMETRIC__
__AUTOMETRIC__|0.1.2|1892|crew_log_0393eb66bc96380a|0|1786321172.897|0.000|0.000|681529344|699211776|__DEFAULT__|__AUTOMETRIC__
__AUTOMETRIC__|0.1.2|1892|crew_log_0393eb66bc96380a|0|1786321173.911|0.000|0.000|681529344|699211776|__DEFAULT__|__AUTOMETRIC__
__AUTOMETRIC__|0.1.2|1892|crew_log_0393eb66bc96380a|0|1786321174.926|1.540|0.096|681529344|699211776|__DEFAULT__|__AUTOMETRIC__
__AUTOMETRIC__|0.1.2|1892|crew_log_0393eb66bc96380a|0|1786321175.942|0.000|0.000|681529344|699211776|__DEFAULT__|__AUTOMETRIC__
__AUTOMETRIC__|0.1.2|1892|crew_log_0393eb66bc96380a|0|1786321176.955|0.000|0.000|681529344|699211776|__DEFAULT__|__AUTOMETRIC__
__AUTOMETRIC__|0.1.2|1892|crew_log_0393eb66bc96380a|0|1786321177.970|0.000|0.000|681529344|699211776|__DEFAULT__|__AUTOMETRIC__
__AUTOMETRIC__|0.1.2|1892|crew_log_0393eb66bc96380a|0|1786321178.984|0.000|0.000|681529344|699211776|__DEFAULT__|__AUTOMETRIC__
__AUTOMETRIC__|0.1.2|1892|crew_log_0393eb66bc96380a|0|1786321179.998|0.000|0.000|681529344|699211776|__DEFAULT__|__AUTOMETRIC__
__AUTOMETRIC__|0.1.2|1892|crew_log_0393eb66bc96380a|0|1786321181.013|0.000|0.000|681529344|699211776|__DEFAULT__|__AUTOMETRIC__
__AUTOMETRIC__|0.1.2|1892|crew_log_0393eb66bc96380a|0|1786321182.014|0.000|0.000|681533440|699215872|__DEFAULT__|__AUTOMETRIC__
__AUTOMETRIC__|0.1.2|1892|crew_log_0393eb66bc96380a|0|1786321183.028|0.000|0.000|681529344|699211776|__DEFAULT__|__AUTOMETRIC__
__AUTOMETRIC__|0.1.2|1892|crew_log_0393eb66bc96380a|0|1786321184.042|1.541|0.096|681529344|699211776|__DEFAULT__|__AUTOMETRIC__
__AUTOMETRIC__|0.1.2|1892|crew_log_0393eb66bc96380a|0|1786321185.044|0.000|0.000|681709568|699293696|__DEFAULT__|__AUTOMETRIC__
__AUTOMETRIC__|0.1.2|1892|crew_log_0393eb66bc96380a|0|1786321186.059|0.000|0.000|681705472|699289600|__DEFAULT__|__AUTOMETRIC__
__AUTOMETRIC__|0.1.2|1892|crew_log_0393eb66bc96380a|0|1786321187.073|0.000|0.000|681705472|699289600|__DEFAULT__|__AUTOMETRIC__
__AUTOMETRIC__|0.1.2|1892|crew_log_0393eb66bc96380a|0|1786321188.085|0.000|0.000|681705472|699289600|__DEFAULT__|__AUTOMETRIC__
__AUTOMETRIC__|0.1.2|1892|crew_log_0393eb66bc96380a|0|1786321189.099|0.000|0.000|681705472|699289600|__DEFAULT__|__AUTOMETRIC__
__AUTOMETRIC__|0.1.2|1892|crew_log_0393eb66bc96380a|0|1786321190.114|0.000|0.000|681705472|699289600|__DEFAULT__|__AUTOMETRIC__
__AUTOMETRIC__|0.1.2|1892|crew_log_0393eb66bc96380a|0|1786321191.126|0.000|0.000|681705472|699289600|__DEFAULT__|__AUTOMETRIC__
__AUTOMETRIC__|0.1.2|1892|crew_log_0393eb66bc96380a|0|1786321192.137|0.000|0.000|681705472|699289600|__DEFAULT__|__AUTOMETRIC__
__AUTOMETRIC__|0.1.2|1892|crew_log_0393eb66bc96380a|0|1786321193.147|0.000|0.000|681705472|699289600|__DEFAULT__|__AUTOMETRIC__
__AUTOMETRIC__|0.1.2|1892|crew_log_0393eb66bc96380a|0|1786321194.161|0.000|0.000|681705472|699289600|__DEFAULT__|__AUTOMETRIC__
__AUTOMETRIC__|0.1.2|1892|crew_log_0393eb66bc96380a|0|1786321195.176|1.539|0.096|681705472|699289600|__DEFAULT__|__AUTOMETRIC__
__AUTOMETRIC__|0.1.2|1892|crew_log_0393eb66bc96380a|0|1786321196.191|1.540|0.096|681709568|699293696|__DEFAULT__|__AUTOMETRIC__
__AUTOMETRIC__|0.1.2|1892|crew_log_0393eb66bc96380a|0|1786321197.206|0.000|0.000|681705472|699289600|__DEFAULT__|__AUTOMETRIC__
__AUTOMETRIC__|0.1.2|1892|crew_log_0393eb66bc96380a|0|1786321198.220|0.000|0.000|681705472|699289600|__DEFAULT__|__AUTOMETRIC__
__AUTOMETRIC__|0.1.2|1892|crew_log_0393eb66bc96380a|0|1786321199.222|0.000|0.000|681709568|699293696|__DEFAULT__|__AUTOMETRIC__
__AUTOMETRIC__|0.1.2|1892|crew_log_0393eb66bc96380a|0|1786321200.236|0.000|0.000|681705472|699289600|__DEFAULT__|__AUTOMETRIC__
__AUTOMETRIC__|0.1.2|1892|crew_log_0393eb66bc96380a|0|1786321201.249|0.000|0.000|681705472|699289600|__DEFAULT__|__AUTOMETRIC__
__AUTOMETRIC__|0.1.2|1892|crew_log_0393eb66bc96380a|0|1786321202.263|0.000|0.000|681705472|699289600|__DEFAULT__|__AUTOMETRIC__
__AUTOMETRIC__|0.1.2|1892|crew_log_0393eb66bc96380a|0|1786321203.277|0.000|0.000|681705472|699289600|__DEFAULT__|__AUTOMETRIC__
__AUTOMETRIC__|0.1.2|1892|crew_log_0393eb66bc96380a|0|1786321204.291|0.000|0.000|681705472|699289600|__DEFAULT__|__AUTOMETRIC__
__AUTOMETRIC__|0.1.2|1892|crew_log_0393eb66bc96380a|0|1786321205.291|0.000|0.000|681705472|699289600|__DEFAULT__|__AUTOMETRIC__
__AUTOMETRIC__|0.1.2|1892|crew_log_0393eb66bc96380a|0|1786321206.303|0.000|0.000|681705472|699289600|__DEFAULT__|__AUTOMETRIC__
__AUTOMETRIC__|0.1.2|1892|crew_log_0393eb66bc96380a|0|1786321207.318|3.080|0.192|681705472|699289600|__DEFAULT__|__AUTOMETRIC__
__AUTOMETRIC__|0.1.2|1892|crew_log_0393eb66bc96380a|0|1786321208.333|1.539|0.096|681705472|699289600|__DEFAULT__|__AUTOMETRIC__
__AUTOMETRIC__|0.1.2|1892|crew_log_0393eb66bc96380a|0|1786321209.334|0.000|0.000|681705472|699289600|__DEFAULT__|__AUTOMETRIC__
__AUTOMETRIC__|0.1.2|1892|crew_log_0393eb66bc96380a|0|1786321210.349|0.000|0.000|681705472|699289600|__DEFAULT__|__AUTOMETRIC__
__AUTOMETRIC__|0.1.2|1892|crew_log_0393eb66bc96380a|0|1786321211.362|1.542|0.096|681705472|699289600|__DEFAULT__|__AUTOMETRIC__
__AUTOMETRIC__|0.1.2|1892|crew_log_0393eb66bc96380a|0|1786321212.376|0.000|0.000|681705472|699289600|__DEFAULT__|__AUTOMETRIC__
__AUTOMETRIC__|0.1.2|1892|crew_log_0393eb66bc96380a|0|1786321213.390|0.000|0.000|681705472|699289600|__DEFAULT__|__AUTOMETRIC__
__AUTOMETRIC__|0.1.2|1892|crew_log_0393eb66bc96380a|0|1786321214.403|0.000|0.000|681705472|699289600|__DEFAULT__|__AUTOMETRIC__
__AUTOMETRIC__|0.1.2|1892|crew_log_0393eb66bc96380a|0|1786321215.416|0.000|0.000|681705472|699289600|__DEFAULT__|__AUTOMETRIC__
__AUTOMETRIC__|0.1.2|1892|crew_log_0393eb66bc96380a|0|1786321216.430|0.000|0.000|681705472|699289600|__DEFAULT__|__AUTOMETRIC__
__AUTOMETRIC__|0.1.2|1892|crew_log_0393eb66bc96380a|0|1786321217.445|0.000|0.000|681705472|699289600|__DEFAULT__|__AUTOMETRIC__
__AUTOMETRIC__|0.1.2|1892|crew_log_0393eb66bc96380a|0|1786321218.456|0.000|0.000|681705472|699289600|__DEFAULT__|__AUTOMETRIC__
__AUTOMETRIC__|0.1.2|1892|crew_log_0393eb66bc96380a|0|1786321219.468|0.000|0.000|681705472|699289600|__DEFAULT__|__AUTOMETRIC__
__AUTOMETRIC__|0.1.2|1892|crew_log_0393eb66bc96380a|0|1786321220.482|0.000|0.000|681705472|699289600|__DEFAULT__|__AUTOMETRIC__
__AUTOMETRIC__|0.1.2|1892|crew_log_0393eb66bc96380a|0|1786321221.484|0.000|0.000|681705472|699289600|__DEFAULT__|__AUTOMETRIC__
__AUTOMETRIC__|0.1.2|1892|crew_log_0393eb66bc96380a|0|1786321222.499|0.000|0.000|681705472|699289600|__DEFAULT__|__AUTOMETRIC__
__AUTOMETRIC__|0.1.2|1892|crew_log_0393eb66bc96380a|0|1786321223.500|0.000|0.000|681705472|699289600|__DEFAULT__|__AUTOMETRIC__
__AUTOMETRIC__|0.1.2|1892|crew_log_0393eb66bc96380a|0|1786321224.514|0.000|0.000|681705472|699289600|__DEFAULT__|__AUTOMETRIC__
__AUTOMETRIC__|0.1.2|1892|crew_log_0393eb66bc96380a|0|1786321225.525|0.000|0.000|681705472|699289600|__DEFAULT__|__AUTOMETRIC__
__AUTOMETRIC__|0.1.2|1892|crew_log_0393eb66bc96380a|0|1786321226.537|0.000|0.000|681705472|699289600|__DEFAULT__|__AUTOMETRIC__
__AUTOMETRIC__|0.1.2|1892|crew_log_0393eb66bc96380a|0|1786321227.550|1.541|0.096|681705472|699289600|__DEFAULT__|__AUTOMETRIC__
__AUTOMETRIC__|0.1.2|1892|crew_log_0393eb66bc96380a|0|1786321228.562|0.000|0.000|681705472|699289600|__DEFAULT__|__AUTOMETRIC__
__AUTOMETRIC__|0.1.2|1892|crew_log_0393eb66bc96380a|0|1786321229.576|0.000|0.000|681705472|699289600|__DEFAULT__|__AUTOMETRIC__
__AUTOMETRIC__|0.1.2|1892|crew_log_0393eb66bc96380a|0|1786321230.589|0.000|0.000|681705472|699289600|__DEFAULT__|__AUTOMETRIC__
__AUTOMETRIC__|0.1.2|1892|crew_log_0393eb66bc96380a|0|1786321231.590|0.000|0.000|681705472|699289600|__DEFAULT__|__AUTOMETRIC__
__AUTOMETRIC__|0.1.2|1892|crew_log_0393eb66bc96380a|0|1786321232.605|0.000|0.000|681705472|699289600|__DEFAULT__|__AUTOMETRIC__
__AUTOMETRIC__|0.1.2|1892|crew_log_0393eb66bc96380a|0|1786321233.621|0.000|0.000|681705472|699289600|__DEFAULT__|__AUTOMETRIC__
__AUTOMETRIC__|0.1.2|1892|crew_log_0393eb66bc96380a|0|1786321234.634|0.000|0.000|681705472|699289600|__DEFAULT__|__AUTOMETRIC__
__AUTOMETRIC__|0.1.2|1892|crew_log_0393eb66bc96380a|0|1786321235.649|0.000|0.000|681705472|699289600|__DEFAULT__|__AUTOMETRIC__
__AUTOMETRIC__|0.1.2|1892|crew_log_0393eb66bc96380a|0|1786321236.662|0.000|0.000|681705472|699289600|__DEFAULT__|__AUTOMETRIC__
__AUTOMETRIC__|0.1.2|1892|crew_log_0393eb66bc96380a|0|1786321237.677|3.079|0.192|681705472|699289600|__DEFAULT__|__AUTOMETRIC__
__AUTOMETRIC__|0.1.2|1892|crew_log_0393eb66bc96380a|0|1786321238.691|1.541|0.096|681705472|699289600|__DEFAULT__|__AUTOMETRIC__
__AUTOMETRIC__|0.1.2|1892|crew_log_0393eb66bc96380a|0|1786321239.705|0.000|0.000|681705472|699289600|__DEFAULT__|__AUTOMETRIC__
__AUTOMETRIC__|0.1.2|1892|crew_log_0393eb66bc96380a|0|1786321240.718|0.000|0.000|681705472|699289600|__DEFAULT__|__AUTOMETRIC__
__AUTOMETRIC__|0.1.2|1892|crew_log_0393eb66bc96380a|0|1786321241.730|0.000|0.000|681705472|699289600|__DEFAULT__|__AUTOMETRIC__
__AUTOMETRIC__|0.1.2|1892|crew_log_0393eb66bc96380a|0|1786321242.744|0.000|0.000|681705472|699289600|__DEFAULT__|__AUTOMETRIC__
__AUTOMETRIC__|0.1.2|1892|crew_log_0393eb66bc96380a|0|1786321243.760|0.000|0.000|681705472|699289600|__DEFAULT__|__AUTOMETRIC__
__AUTOMETRIC__|0.1.2|1892|crew_log_0393eb66bc96380a|0|1786321244.773|0.000|0.000|681705472|699289600|__DEFAULT__|__AUTOMETRIC__
__AUTOMETRIC__|0.1.2|1892|crew_log_0393eb66bc96380a|0|1786321245.788|0.000|0.000|681705472|699289600|__DEFAULT__|__AUTOMETRIC__
__AUTOMETRIC__|0.1.2|1892|crew_log_0393eb66bc96380a|0|1786321246.801|0.000|0.000|681705472|699289600|__DEFAULT__|__AUTOMETRIC__
__AUTOMETRIC__|0.1.2|1892|crew_log_0393eb66bc96380a|0|1786321247.814|0.000|0.000|681705472|699289600|__DEFAULT__|__AUTOMETRIC__
__AUTOMETRIC__|0.1.2|1892|crew_log_0393eb66bc96380a|0|1786321248.826|0.000|0.000|681705472|699289600|__DEFAULT__|__AUTOMETRIC__
__AUTOMETRIC__|0.1.2|1892|crew_log_0393eb66bc96380a|0|1786321249.842|0.000|0.000|681705472|699289600|__DEFAULT__|__AUTOMETRIC__
__AUTOMETRIC__|0.1.2|1892|crew_log_0393eb66bc96380a|0|1786321250.844|0.000|0.000|681705472|699289600|__DEFAULT__|__AUTOMETRIC__
__AUTOMETRIC__|0.1.2|1892|crew_log_0393eb66bc96380a|0|1786321251.858|0.000|0.000|681705472|699289600|__DEFAULT__|__AUTOMETRIC__
__AUTOMETRIC__|0.1.2|1892|crew_log_0393eb66bc96380a|0|1786321252.870|0.000|0.000|681705472|699289600|__DEFAULT__|__AUTOMETRIC__
__AUTOMETRIC__|0.1.2|1892|crew_log_0393eb66bc96380a|0|1786321253.881|0.000|0.000|681705472|699289600|__DEFAULT__|__AUTOMETRIC__
__AUTOMETRIC__|0.1.2|1892|crew_log_0393eb66bc96380a|0|1786321254.895|1.542|0.096|681705472|699289600|__DEFAULT__|__AUTOMETRIC__
__AUTOMETRIC__|0.1.2|1892|crew_log_0393eb66bc96380a|0|1786321255.910|0.000|0.000|681705472|699289600|__DEFAULT__|__AUTOMETRIC__
__AUTOMETRIC__|0.1.2|1892|crew_log_0393eb66bc96380a|0|1786321256.925|0.000|0.000|681705472|699289600|__DEFAULT__|__AUTOMETRIC__
__AUTOMETRIC__|0.1.2|1892|crew_log_0393eb66bc96380a|0|1786321257.938|0.000|0.000|681705472|699289600|__DEFAULT__|__AUTOMETRIC__
__AUTOMETRIC__|0.1.2|1892|crew_log_0393eb66bc96380a|0|1786321258.951|0.000|0.000|681705472|699289600|__DEFAULT__|__AUTOMETRIC__
__AUTOMETRIC__|0.1.2|1892|crew_log_0393eb66bc96380a|0|1786321259.965|0.000|0.000|681705472|699289600|__DEFAULT__|__AUTOMETRIC__
__AUTOMETRIC__|0.1.2|1892|crew_log_0393eb66bc96380a|0|1786321260.966|0.000|0.000|681705472|699289600|__DEFAULT__|__AUTOMETRIC__
__AUTOMETRIC__|0.1.2|1892|crew_log_0393eb66bc96380a|0|1786321261.980|0.000|0.000|681705472|699289600|__DEFAULT__|__AUTOMETRIC__
__AUTOMETRIC__|0.1.2|1892|crew_log_0393eb66bc96380a|0|1786321262.994|0.000|0.000|681705472|699289600|__DEFAULT__|__AUTOMETRIC__
__AUTOMETRIC__|0.1.2|1892|crew_log_0393eb66bc96380a|0|1786321264.009|0.000|0.000|681705472|699289600|__DEFAULT__|__AUTOMETRIC__
__AUTOMETRIC__|0.1.2|1892|crew_log_0393eb66bc96380a|0|1786321265.009|0.000|0.000|681668608|699219968|__DEFAULT__|__AUTOMETRIC__
__AUTOMETRIC__|0.1.2|1892|crew_log_0393eb66bc96380a|0|1786321266.024|0.000|0.000|681664512|699215872|__DEFAULT__|__AUTOMETRIC__
__AUTOMETRIC__|0.1.2|1892|crew_log_0393eb66bc96380a|0|1786321267.025|0.000|0.000|681664512|699215872|__DEFAULT__|__AUTOMETRIC__
__AUTOMETRIC__|0.1.2|1892|crew_log_0393eb66bc96380a|0|1786321268.038|0.000|0.000|681664512|699215872|__DEFAULT__|__AUTOMETRIC__
__AUTOMETRIC__|0.1.2|1892|crew_log_0393eb66bc96380a|0|1786321269.051|0.000|0.000|681664512|699215872|__DEFAULT__|__AUTOMETRIC__
__AUTOMETRIC__|0.1.2|1892|crew_log_0393eb66bc96380a|0|1786321270.066|0.000|0.000|681664512|699215872|__DEFAULT__|__AUTOMETRIC__
__AUTOMETRIC__|0.1.2|1892|crew_log_0393eb66bc96380a|0|1786321271.067|0.000|0.000|681664512|699215872|__DEFAULT__|__AUTOMETRIC__
__AUTOMETRIC__|0.1.2|1892|crew_log_0393eb66bc96380a|0|1786321272.081|0.000|0.000|681664512|699215872|__DEFAULT__|__AUTOMETRIC__
__AUTOMETRIC__|0.1.2|1892|crew_log_0393eb66bc96380a|0|1786321273.094|0.000|0.000|681664512|699215872|__DEFAULT__|__AUTOMETRIC__
__AUTOMETRIC__|0.1.2|1892|crew_log_0393eb66bc96380a|0|1786321274.106|0.000|0.000|681664512|699215872|__DEFAULT__|__AUTOMETRIC__
__AUTOMETRIC__|0.1.2|1892|crew_log_0393eb66bc96380a|0|1786321275.121|0.000|0.000|681664512|699215872|__DEFAULT__|__AUTOMETRIC__
__AUTOMETRIC__|0.1.2|1892|crew_log_0393eb66bc96380a|0|1786321276.135|0.000|0.000|681664512|699215872|__DEFAULT__|__AUTOMETRIC__
__AUTOMETRIC__|0.1.2|1892|crew_log_0393eb66bc96380a|0|1786321277.146|0.000|0.000|681664512|699215872|__DEFAULT__|__AUTOMETRIC__
__AUTOMETRIC__|0.1.2|1892|crew_log_0393eb66bc96380a|0|1786321278.160|1.542|0.096|681664512|699215872|__DEFAULT__|__AUTOMETRIC__
__AUTOMETRIC__|0.1.2|1892|crew_log_0393eb66bc96380a|0|1786321279.174|0.000|0.000|681664512|699215872|__DEFAULT__|__AUTOMETRIC__
__AUTOMETRIC__|0.1.2|1892|crew_log_0393eb66bc96380a|0|1786321280.174|0.000|0.000|681668608|699219968|__DEFAULT__|__AUTOMETRIC__
__AUTOMETRIC__|0.1.2|1892|crew_log_0393eb66bc96380a|0|1786321281.190|0.000|0.000|681664512|699215872|__DEFAULT__|__AUTOMETRIC__
__AUTOMETRIC__|0.1.2|1892|crew_log_0393eb66bc96380a|0|1786321282.203|0.000|0.000|681664512|699215872|__DEFAULT__|__AUTOMETRIC__
__AUTOMETRIC__|0.1.2|1892|crew_log_0393eb66bc96380a|0|1786321283.218|0.000|0.000|681664512|699215872|__DEFAULT__|__AUTOMETRIC__
__AUTOMETRIC__|0.1.2|1892|crew_log_0393eb66bc96380a|0|1786321284.233|0.000|0.000|681664512|699215872|__DEFAULT__|__AUTOMETRIC__
__AUTOMETRIC__|0.1.2|1892|crew_log_0393eb66bc96380a|0|1786321285.245|0.000|0.000|681664512|699215872|__DEFAULT__|__AUTOMETRIC__
__AUTOMETRIC__|0.1.2|1892|crew_log_0393eb66bc96380a|0|1786321286.260|0.000|0.000|681664512|699215872|__DEFAULT__|__AUTOMETRIC__
__AUTOMETRIC__|0.1.2|1892|crew_log_0393eb66bc96380a|0|1786321287.273|0.000|0.000|681664512|699215872|__DEFAULT__|__AUTOMETRIC__
__AUTOMETRIC__|0.1.2|1892|crew_log_0393eb66bc96380a|0|1786321288.288|0.000|0.000|681664512|699215872|__DEFAULT__|__AUTOMETRIC__
__AUTOMETRIC__|0.1.2|1892|crew_log_0393eb66bc96380a|0|1786321289.304|0.000|0.000|681664512|699215872|__DEFAULT__|__AUTOMETRIC__
__AUTOMETRIC__|0.1.2|1892|crew_log_0393eb66bc96380a|0|1786321290.304|0.000|0.000|681664512|699215872|__DEFAULT__|__AUTOMETRIC__
__AUTOMETRIC__|0.1.2|1892|crew_log_0393eb66bc96380a|0|1786321291.320|0.000|0.000|681664512|699215872|__DEFAULT__|__AUTOMETRIC__
__AUTOMETRIC__|0.1.2|1892|crew_log_0393eb66bc96380a|0|1786321292.333|0.000|0.000|681664512|699215872|__DEFAULT__|__AUTOMETRIC__
__AUTOMETRIC__|0.1.2|1892|crew_log_0393eb66bc96380a|0|1786321293.347|1.541|0.096|681664512|699215872|__DEFAULT__|__AUTOMETRIC__
__AUTOMETRIC__|0.1.2|1892|crew_log_0393eb66bc96380a|0|1786321294.363|0.000|0.000|681664512|699215872|__DEFAULT__|__AUTOMETRIC__
__AUTOMETRIC__|0.1.2|1892|crew_log_0393eb66bc96380a|0|1786321295.378|0.000|0.000|681664512|699215872|__DEFAULT__|__AUTOMETRIC__
__AUTOMETRIC__|0.1.2|1892|crew_log_0393eb66bc96380a|0|1786321296.394|0.000|0.000|681664512|699215872|__DEFAULT__|__AUTOMETRIC__
__AUTOMETRIC__|0.1.2|1892|crew_log_0393eb66bc96380a|0|1786321297.407|0.000|0.000|681668608|699219968|__DEFAULT__|__AUTOMETRIC__
__AUTOMETRIC__|0.1.2|1892|crew_log_0393eb66bc96380a|0|1786321298.422|0.000|0.000|681664512|699215872|__DEFAULT__|__AUTOMETRIC__
__AUTOMETRIC__|0.1.2|1892|crew_log_0393eb66bc96380a|0|1786321299.436|0.000|0.000|681664512|699215872|__DEFAULT__|__AUTOMETRIC__
__AUTOMETRIC__|0.1.2|1892|crew_log_0393eb66bc96380a|0|1786321300.450|0.000|0.000|681664512|699215872|__DEFAULT__|__AUTOMETRIC__
__AUTOMETRIC__|0.1.2|1892|crew_log_0393eb66bc96380a|0|1786321301.451|0.000|0.000|681664512|699215872|__DEFAULT__|__AUTOMETRIC__
__AUTOMETRIC__|0.1.2|1892|crew_log_0393eb66bc96380a|0|1786321302.465|0.000|0.000|681664512|699215872|__DEFAULT__|__AUTOMETRIC__
__AUTOMETRIC__|0.1.2|1892|crew_log_0393eb66bc96380a|0|1786321303.480|0.000|0.000|681664512|699215872|__DEFAULT__|__AUTOMETRIC__
__AUTOMETRIC__|0.1.2|1892|crew_log_0393eb66bc96380a|0|1786321304.494|0.000|0.000|681664512|699215872|__DEFAULT__|__AUTOMETRIC__
__AUTOMETRIC__|0.1.2|1892|crew_log_0393eb66bc96380a|0|1786321305.510|0.000|0.000|681664512|699215872|__DEFAULT__|__AUTOMETRIC__
__AUTOMETRIC__|0.1.2|1892|crew_log_0393eb66bc96380a|0|1786321306.523|0.000|0.000|681664512|699215872|__DEFAULT__|__AUTOMETRIC__
__AUTOMETRIC__|0.1.2|1892|crew_log_0393eb66bc96380a|0|1786321307.538|0.000|0.000|681664512|699215872|__DEFAULT__|__AUTOMETRIC__
__AUTOMETRIC__|0.1.2|1892|crew_log_0393eb66bc96380a|0|1786321308.539|0.000|0.000|681668608|699219968|__DEFAULT__|__AUTOMETRIC__
__AUTOMETRIC__|0.1.2|1892|crew_log_0393eb66bc96380a|0|1786321309.551|0.000|0.000|681664512|699215872|__DEFAULT__|__AUTOMETRIC__
__AUTOMETRIC__|0.1.2|1892|crew_log_0393eb66bc96380a|0|1786321310.565|0.000|0.000|681664512|699215872|__DEFAULT__|__AUTOMETRIC__
__AUTOMETRIC__|0.1.2|1892|crew_log_0393eb66bc96380a|0|1786321311.578|0.000|0.000|681664512|699215872|__DEFAULT__|__AUTOMETRIC__
__AUTOMETRIC__|0.1.2|1892|crew_log_0393eb66bc96380a|0|1786321312.593|0.000|0.000|681664512|699215872|__DEFAULT__|__AUTOMETRIC__
__AUTOMETRIC__|0.1.2|1892|crew_log_0393eb66bc96380a|0|1786321313.609|0.000|0.000|681664512|699215872|__DEFAULT__|__AUTOMETRIC__
__AUTOMETRIC__|0.1.2|1892|crew_log_0393eb66bc96380a|0|1786321314.622|0.000|0.000|681664512|699215872|__DEFAULT__|__AUTOMETRIC__
__AUTOMETRIC__|0.1.2|1892|crew_log_0393eb66bc96380a|0|1786321315.636|0.000|0.000|681664512|699215872|__DEFAULT__|__AUTOMETRIC__
__AUTOMETRIC__|0.1.2|1892|crew_log_0393eb66bc96380a|0|1786321316.651|0.000|0.000|681664512|699215872|__DEFAULT__|__AUTOMETRIC__
__AUTOMETRIC__|0.1.2|1892|crew_log_0393eb66bc96380a|0|1786321317.666|0.000|0.000|681664512|699215872|__DEFAULT__|__AUTOMETRIC__
__AUTOMETRIC__|0.1.2|1892|crew_log_0393eb66bc96380a|0|1786321318.681|0.000|0.000|681664512|699215872|__DEFAULT__|__AUTOMETRIC__
__AUTOMETRIC__|0.1.2|1892|crew_log_0393eb66bc96380a|0|1786321319.693|0.000|0.000|681664512|699215872|__DEFAULT__|__AUTOMETRIC__
__AUTOMETRIC__|0.1.2|1892|crew_log_0393eb66bc96380a|0|1786321320.705|0.000|0.000|681664512|699215872|__DEFAULT__|__AUTOMETRIC__
__AUTOMETRIC__|0.1.2|1892|crew_log_0393eb66bc96380a|0|1786321321.706|0.000|0.000|681664512|699215872|__DEFAULT__|__AUTOMETRIC__
__AUTOMETRIC__|0.1.2|1892|crew_log_0393eb66bc96380a|0|1786321322.720|0.000|0.000|681664512|699215872|__DEFAULT__|__AUTOMETRIC__
__AUTOMETRIC__|0.1.2|1892|crew_log_0393eb66bc96380a|0|1786321323.734|0.000|0.000|681664512|699215872|__DEFAULT__|__AUTOMETRIC__
__AUTOMETRIC__|0.1.2|1892|crew_log_0393eb66bc96380a|0|1786321324.748|0.000|0.000|681664512|699215872|__DEFAULT__|__AUTOMETRIC__
__AUTOMETRIC__|0.1.2|1892|crew_log_0393eb66bc96380a|0|1786321325.749|0.000|0.000|681664512|699215872|__DEFAULT__|__AUTOMETRIC__
__AUTOMETRIC__|0.1.2|1892|crew_log_0393eb66bc96380a|0|1786321326.764|0.000|0.000|681664512|699215872|__DEFAULT__|__AUTOMETRIC__
__AUTOMETRIC__|0.1.2|1892|crew_log_0393eb66bc96380a|0|1786321327.777|0.000|0.000|681664512|699215872|__DEFAULT__|__AUTOMETRIC__
__AUTOMETRIC__|0.1.2|1892|crew_log_0393eb66bc96380a|0|1786321328.790|0.000|0.000|681664512|699215872|__DEFAULT__|__AUTOMETRIC__
__AUTOMETRIC__|0.1.2|1892|crew_log_0393eb66bc96380a|0|1786321329.805|0.000|0.000|681664512|699215872|__DEFAULT__|__AUTOMETRIC__
__AUTOMETRIC__|0.1.2|1892|crew_log_0393eb66bc96380a|0|1786321330.819|0.000|0.000|681668608|699219968|__DEFAULT__|__AUTOMETRIC__
__AUTOMETRIC__|0.1.2|1892|crew_log_0393eb66bc96380a|0|1786321331.834|1.539|0.096|681664512|699215872|__DEFAULT__|__AUTOMETRIC__
__AUTOMETRIC__|0.1.2|1892|crew_log_0393eb66bc96380a|0|1786321332.847|1.543|0.096|681664512|699215872|__DEFAULT__|__AUTOMETRIC__
__AUTOMETRIC__|0.1.2|1892|crew_log_0393eb66bc96380a|0|1786321333.863|0.000|0.000|681664512|699215872|__DEFAULT__|__AUTOMETRIC__
__AUTOMETRIC__|0.1.2|1892|crew_log_0393eb66bc96380a|0|1786321334.877|0.000|0.000|681664512|699215872|__DEFAULT__|__AUTOMETRIC__
__AUTOMETRIC__|0.1.2|1892|crew_log_0393eb66bc96380a|0|1786321335.890|0.000|0.000|681664512|699215872|__DEFAULT__|__AUTOMETRIC__
__AUTOMETRIC__|0.1.2|1892|crew_log_0393eb66bc96380a|0|1786321336.904|0.000|0.000|681664512|699215872|__DEFAULT__|__AUTOMETRIC__
__AUTOMETRIC__|0.1.2|1892|crew_log_0393eb66bc96380a|0|1786321337.904|0.000|0.000|681664512|699215872|__DEFAULT__|__AUTOMETRIC__
__AUTOMETRIC__|0.1.2|1892|crew_log_0393eb66bc96380a|0|1786321338.918|0.000|0.000|681664512|699215872|__DEFAULT__|__AUTOMETRIC__
__AUTOMETRIC__|0.1.2|1892|crew_log_0393eb66bc96380a|0|1786321339.934|0.000|0.000|681664512|699215872|__DEFAULT__|__AUTOMETRIC__
__AUTOMETRIC__|0.1.2|1892|crew_log_0393eb66bc96380a|0|1786321340.936|0.000|0.000|681664512|699215872|__DEFAULT__|__AUTOMETRIC__
__AUTOMETRIC__|0.1.2|1892|crew_log_0393eb66bc96380a|0|1786321341.948|0.000|0.000|681664512|699215872|__DEFAULT__|__AUTOMETRIC__
__AUTOMETRIC__|0.1.2|1892|crew_log_0393eb66bc96380a|0|1786321342.962|0.000|0.000|681664512|699215872|__DEFAULT__|__AUTOMETRIC__
__AUTOMETRIC__|0.1.2|1892|crew_log_0393eb66bc96380a|0|1786321343.976|0.000|0.000|681664512|699215872|__DEFAULT__|__AUTOMETRIC__
__AUTOMETRIC__|0.1.2|1892|crew_log_0393eb66bc96380a|0|1786321344.991|0.000|0.000|681664512|699215872|__DEFAULT__|__AUTOMETRIC__
__AUTOMETRIC__|0.1.2|1892|crew_log_0393eb66bc96380a|0|1786321346.003|0.000|0.000|681664512|699215872|__DEFAULT__|__AUTOMETRIC__
__AUTOMETRIC__|0.1.2|1892|crew_log_0393eb66bc96380a|0|1786321347.018|0.000|0.000|681664512|699215872|__DEFAULT__|__AUTOMETRIC__
__AUTOMETRIC__|0.1.2|1892|crew_log_0393eb66bc96380a|0|1786321348.031|0.000|0.000|681664512|699215872|__DEFAULT__|__AUTOMETRIC__
__AUTOMETRIC__|0.1.2|1892|crew_log_0393eb66bc96380a|0|1786321349.046|0.000|0.000|681664512|699215872|__DEFAULT__|__AUTOMETRIC__
__AUTOMETRIC__|0.1.2|1892|crew_log_0393eb66bc96380a|0|1786321350.062|0.000|0.000|681664512|699215872|__DEFAULT__|__AUTOMETRIC__
__AUTOMETRIC__|0.1.2|1892|crew_log_0393eb66bc96380a|0|1786321351.077|0.000|0.000|681664512|699215872|__DEFAULT__|__AUTOMETRIC__
__AUTOMETRIC__|0.1.2|1892|crew_log_0393eb66bc96380a|0|1786321352.091|0.000|0.000|681664512|699215872|__DEFAULT__|__AUTOMETRIC__
__AUTOMETRIC__|0.1.2|1892|crew_log_0393eb66bc96380a|0|1786321353.105|0.000|0.000|681664512|699215872|__DEFAULT__|__AUTOMETRIC__
__AUTOMETRIC__|0.1.2|1892|crew_log_0393eb66bc96380a|0|1786321354.117|0.000|0.000|681664512|699215872|__DEFAULT__|__AUTOMETRIC__
__AUTOMETRIC__|0.1.2|1892|crew_log_0393eb66bc96380a|0|1786321355.131|0.000|0.000|681664512|699215872|__DEFAULT__|__AUTOMETRIC__
__AUTOMETRIC__|0.1.2|1892|crew_log_0393eb66bc96380a|0|1786321356.143|1.545|0.097|681664512|699215872|__DEFAULT__|__AUTOMETRIC__
__AUTOMETRIC__|0.1.2|1892|crew_log_0393eb66bc96380a|0|1786321357.155|0.000|0.000|681664512|699215872|__DEFAULT__|__AUTOMETRIC__
__AUTOMETRIC__|0.1.2|1892|crew_log_0393eb66bc96380a|0|1786321358.170|0.000|0.000|681664512|699215872|__DEFAULT__|__AUTOMETRIC__
__AUTOMETRIC__|0.1.2|1892|crew_log_0393eb66bc96380a|0|1786321359.185|0.000|0.000|681664512|699215872|__DEFAULT__|__AUTOMETRIC__
__AUTOMETRIC__|0.1.2|1892|crew_log_0393eb66bc96380a|0|1786321360.199|0.000|0.000|681664512|699215872|__DEFAULT__|__AUTOMETRIC__
__AUTOMETRIC__|0.1.2|1892|crew_log_0393eb66bc96380a|0|1786321361.213|0.000|0.000|681664512|699215872|__DEFAULT__|__AUTOMETRIC__
__AUTOMETRIC__|0.1.2|1892|crew_log_0393eb66bc96380a|0|1786321362.227|0.000|0.000|681668608|699219968|__DEFAULT__|__AUTOMETRIC__
__AUTOMETRIC__|0.1.2|1892|crew_log_0393eb66bc96380a|0|1786321363.242|0.000|0.000|681664512|699215872|__DEFAULT__|__AUTOMETRIC__
__AUTOMETRIC__|0.1.2|1892|crew_log_0393eb66bc96380a|0|1786321364.258|0.000|0.000|681664512|699215872|__DEFAULT__|__AUTOMETRIC__
__AUTOMETRIC__|0.1.2|1892|crew_log_0393eb66bc96380a|0|1786321365.271|0.000|0.000|681664512|699215872|__DEFAULT__|__AUTOMETRIC__
__AUTOMETRIC__|0.1.2|1892|crew_log_0393eb66bc96380a|0|1786321366.272|0.000|0.000|681664512|699215872|__DEFAULT__|__AUTOMETRIC__
__AUTOMETRIC__|0.1.2|1892|crew_log_0393eb66bc96380a|0|1786321367.285|1.541|0.096|681664512|699215872|__DEFAULT__|__AUTOMETRIC__
__AUTOMETRIC__|0.1.2|1892|crew_log_0393eb66bc96380a|0|1786321368.301|0.000|0.000|681664512|699215872|__DEFAULT__|__AUTOMETRIC__
__AUTOMETRIC__|0.1.2|1892|crew_log_0393eb66bc96380a|0|1786321369.315|0.000|0.000|681664512|699215872|__DEFAULT__|__AUTOMETRIC__
__AUTOMETRIC__|0.1.2|1892|crew_log_0393eb66bc96380a|0|1786321370.315|0.000|0.000|681664512|699215872|__DEFAULT__|__AUTOMETRIC__
__AUTOMETRIC__|0.1.2|1892|crew_log_0393eb66bc96380a|0|1786321371.328|0.000|0.000|681664512|699215872|__DEFAULT__|__AUTOMETRIC__
__AUTOMETRIC__|0.1.2|1892|crew_log_0393eb66bc96380a|0|1786321372.329|0.000|0.000|681664512|699215872|__DEFAULT__|__AUTOMETRIC__
__AUTOMETRIC__|0.1.2|1892|crew_log_0393eb66bc96380a|0|1786321373.343|0.000|0.000|681664512|699215872|__DEFAULT__|__AUTOMETRIC__
__AUTOMETRIC__|0.1.2|1892|crew_log_0393eb66bc96380a|0|1786321374.357|0.000|0.000|681664512|699215872|__DEFAULT__|__AUTOMETRIC__
__AUTOMETRIC__|0.1.2|1892|crew_log_0393eb66bc96380a|0|1786321375.369|0.000|0.000|681664512|699215872|__DEFAULT__|__AUTOMETRIC__
__AUTOMETRIC__|0.1.2|1892|crew_log_0393eb66bc96380a|0|1786321376.386|0.000|0.000|681664512|699215872|__DEFAULT__|__AUTOMETRIC__
__AUTOMETRIC__|0.1.2|1892|crew_log_0393eb66bc96380a|0|1786321377.399|0.000|0.000|681664512|699215872|__DEFAULT__|__AUTOMETRIC__
__AUTOMETRIC__|0.1.2|1892|crew_log_0393eb66bc96380a|0|1786321378.414|0.000|0.000|681664512|699215872|__DEFAULT__|__AUTOMETRIC__
__AUTOMETRIC__|0.1.2|1892|crew_log_0393eb66bc96380a|0|1786321379.427|0.000|0.000|681664512|699215872|__DEFAULT__|__AUTOMETRIC__
__AUTOMETRIC__|0.1.2|1892|crew_log_0393eb66bc96380a|0|1786321380.440|0.000|0.000|681664512|699215872|__DEFAULT__|__AUTOMETRIC__
__AUTOMETRIC__|0.1.2|1892|crew_log_0393eb66bc96380a|0|1786321381.454|0.000|0.000|681664512|699215872|__DEFAULT__|__AUTOMETRIC__
__AUTOMETRIC__|0.1.2|1892|crew_log_0393eb66bc96380a|0|1786321382.455|0.000|0.000|681664512|699215872|__DEFAULT__|__AUTOMETRIC__
__AUTOMETRIC__|0.1.2|1892|crew_log_0393eb66bc96380a|0|1786321383.469|0.000|0.000|681664512|699215872|__DEFAULT__|__AUTOMETRIC__
__AUTOMETRIC__|0.1.2|1892|crew_log_0393eb66bc96380a|0|1786321384.482|0.000|0.000|681664512|699215872|__DEFAULT__|__AUTOMETRIC__
__AUTOMETRIC__|0.1.2|1892|crew_log_0393eb66bc96380a|0|1786321385.495|0.000|0.000|681664512|699215872|__DEFAULT__|__AUTOMETRIC__
__AUTOMETRIC__|0.1.2|1892|crew_log_0393eb66bc96380a|0|1786321386.508|0.000|0.000|681664512|699215872|__DEFAULT__|__AUTOMETRIC__
__AUTOMETRIC__|0.1.2|1892|crew_log_0393eb66bc96380a|0|1786321387.523|0.000|0.000|681664512|699215872|__DEFAULT__|__AUTOMETRIC__
__AUTOMETRIC__|0.1.2|1892|crew_log_0393eb66bc96380a|0|1786321388.537|0.000|0.000|681664512|699215872|__DEFAULT__|__AUTOMETRIC__
__AUTOMETRIC__|0.1.2|1892|crew_log_0393eb66bc96380a|0|1786321389.550|1.542|0.096|681664512|699215872|__DEFAULT__|__AUTOMETRIC__
__AUTOMETRIC__|0.1.2|1892|crew_log_0393eb66bc96380a|0|1786321390.565|0.000|0.000|681664512|699215872|__DEFAULT__|__AUTOMETRIC__
__AUTOMETRIC__|0.1.2|1892|crew_log_0393eb66bc96380a|0|1786321391.577|0.000|0.000|681664512|699215872|__DEFAULT__|__AUTOMETRIC__
__AUTOMETRIC__|0.1.2|1892|crew_log_0393eb66bc96380a|0|1786321392.593|0.000|0.000|681664512|699215872|__DEFAULT__|__AUTOMETRIC__
__AUTOMETRIC__|0.1.2|1892|crew_log_0393eb66bc96380a|0|1786321393.594|0.000|0.000|681664512|699215872|__DEFAULT__|__AUTOMETRIC__
__AUTOMETRIC__|0.1.2|1892|crew_log_0393eb66bc96380a|0|1786321394.607|0.000|0.000|681664512|699215872|__DEFAULT__|__AUTOMETRIC__
__AUTOMETRIC__|0.1.2|1892|crew_log_0393eb66bc96380a|0|1786321395.621|0.000|0.000|681664512|699215872|__DEFAULT__|__AUTOMETRIC__
__AUTOMETRIC__|0.1.2|1892|crew_log_0393eb66bc96380a|0|1786321396.637|0.000|0.000|681664512|699215872|__DEFAULT__|__AUTOMETRIC__
__AUTOMETRIC__|0.1.2|1892|crew_log_0393eb66bc96380a|0|1786321397.650|0.000|0.000|681664512|699215872|__DEFAULT__|__AUTOMETRIC__
__AUTOMETRIC__|0.1.2|1892|crew_log_0393eb66bc96380a|0|1786321398.665|0.000|0.000|681664512|699215872|__DEFAULT__|__AUTOMETRIC__
__AUTOMETRIC__|0.1.2|1892|crew_log_0393eb66bc96380a|0|1786321399.680|0.000|0.000|681664512|699215872|__DEFAULT__|__AUTOMETRIC__
__AUTOMETRIC__|0.1.2|1892|crew_log_0393eb66bc96380a|0|1786321400.694|0.000|0.000|681664512|699215872|__DEFAULT__|__AUTOMETRIC__
__AUTOMETRIC__|0.1.2|1892|crew_log_0393eb66bc96380a|0|1786321401.707|0.000|0.000|681668608|699219968|__DEFAULT__|__AUTOMETRIC__
__AUTOMETRIC__|0.1.2|1892|crew_log_0393eb66bc96380a|0|1786321402.721|0.000|0.000|681664512|699215872|__DEFAULT__|__AUTOMETRIC__
__AUTOMETRIC__|0.1.2|1892|crew_log_0393eb66bc96380a|0|1786321403.736|0.000|0.000|681664512|699215872|__DEFAULT__|__AUTOMETRIC__
__AUTOMETRIC__|0.1.2|1892|crew_log_0393eb66bc96380a|0|1786321404.747|0.000|0.000|681664512|699215872|__DEFAULT__|__AUTOMETRIC__
__AUTOMETRIC__|0.1.2|1892|crew_log_0393eb66bc96380a|0|1786321405.759|0.000|0.000|681664512|699215872|__DEFAULT__|__AUTOMETRIC__
