__AUTOMETRIC__|0.1.2|29544|crew_log_cc0b2e5348ee98ef|0|1786327222.370|100.675|6.292|173948928|200126464|sim_data_345e031ce91f1b82|__AUTOMETRIC__
__AUTOMETRIC__|0.1.2|29544|crew_log_cc0b2e5348ee98ef|0|1786327223.382|66.337|4.146|220413952|246476800|sim_data_345e031ce91f1b82|__AUTOMETRIC__
__AUTOMETRIC__|0.1.2|29544|crew_log_cc0b2e5348ee98ef|0|1786327224.391|100.707|6.294|266285056|292499456|sim_data_345e031ce91f1b82|__AUTOMETRIC__
__AUTOMETRIC__|0.1.2|29544|crew_log_cc0b2e5348ee98ef|0|1786327225.401|98.964|6.185|375644160|408477696|sim_data_345e031ce91f1b82|__AUTOMETRIC__
__AUTOMETRIC__|0.1.2|29544|crew_log_cc0b2e5348ee98ef|0|1786327226.415|120.286|7.518|482512896|505073664|sim_data_345e031ce91f1b82|__AUTOMETRIC__
__AUTOMETRIC__|0.1.2|29544|crew_log_cc0b2e5348ee98ef|0|1786327227.425|99.018|6.189|539533312|562331648|sim_data_345e031ce91f1b82|__AUTOMETRIC__
__AUTOMETRIC__|0.1.2|29544|crew_log_cc0b2e5348ee98ef|0|1786327228.439|100.156|6.260|665305088|688054272|sim_data_345e031ce91f1b82|__AUTOMETRIC__
__AUTOMETRIC__|0.1.2|29544|crew_log_cc0b2e5348ee98ef|0|1786327229.444|102.550|6.409|899657728|923258880|sim_data_345e031ce91f1b82|__AUTOMETRIC__
__AUTOMETRIC__|0.1.2|29544|crew_log_cc0b2e5348ee98ef|0|1786327230.452|99.215|6.201|1101238272|1125273600|sim_data_345e031ce91f1b82|__AUTOMETRIC__
__AUTOMETRIC__|0.1.2|29544|crew_log_cc0b2e5348ee98ef|0|1786327231.465|100.259|6.266|1243090944|1267150848|sim_data_345e031ce91f1b82|__AUTOMETRIC__
__AUTOMETRIC__|0.1.2|29544|crew_log_cc0b2e5348ee98ef|0|1786327232.479|100.179|6.261|1481871360|1505964032|sim_data_345e031ce91f1b82|__AUTOMETRIC__
__AUTOMETRIC__|0.1.2|29544|crew_log_cc0b2e5348ee98ef|0|1786327233.488|100.671|6.292|1489027072|1512382464|sim_data_345e031ce91f1b82|__AUTOMETRIC__
__AUTOMETRIC__|0.1.2|29544|crew_log_cc0b2e5348ee98ef|0|1786327234.494|100.956|6.310|1552080896|1575100416|sim_data_345e031ce91f1b82|__AUTOMETRIC__
__AUTOMETRIC__|0.1.2|29544|crew_log_cc0b2e5348ee98ef|0|1786327235.497|99.700|6.231|1760989184|1784471552|sim_data_345e031ce91f1b82|__AUTOMETRIC__
__AUTOMETRIC__|0.1.2|29544|crew_log_cc0b2e5348ee98ef|0|1786327236.506|97.537|6.096|1835065344|1858985984|sim_data_345e031ce91f1b82|__AUTOMETRIC__
__AUTOMETRIC__|0.1.2|29544|crew_log_cc0b2e5348ee98ef|0|1786327237.508|102.909|6.432|1845968896|1869885440|sim_data_345e031ce91f1b82|__AUTOMETRIC__
__AUTOMETRIC__|0.1.2|29544|crew_log_cc0b2e5348ee98ef|0|1786327238.512|76.240|4.765|1858400256|1881415680|sim_data_345e031ce91f1b82|__AUTOMETRIC__
__AUTOMETRIC__|0.1.2|29544|crew_log_cc0b2e5348ee98ef|0|1786327239.519|99.302|6.206|1855148032|1877860352|sim_data_345e031ce91f1b82|__AUTOMETRIC__
__AUTOMETRIC__|0.1.2|29544|crew_log_cc0b2e5348ee98ef|0|1786327240.532|100.298|6.269|1854709760|1877422080|sim_data_345e031ce91f1b82|__AUTOMETRIC__
__AUTOMETRIC__|0.1.2|29544|crew_log_cc0b2e5348ee98ef|0|1786327241.545|98.719|6.170|1854717952|1877430272|sim_data_345e031ce91f1b82|__AUTOMETRIC__
__AUTOMETRIC__|0.1.2|29544|crew_log_cc0b2e5348ee98ef|0|1786327242.554|99.116|6.195|1854709760|1877422080|sim_data_345e031ce91f1b82|__AUTOMETRIC__
__AUTOMETRIC__|0.1.2|29544|crew_log_cc0b2e5348ee98ef|0|1786327243.555|98.337|6.146|1854701568|1877413888|sim_data_345e031ce91f1b82|__AUTOMETRIC__
__AUTOMETRIC__|0.1.2|29544|crew_log_cc0b2e5348ee98ef|0|1786327244.570|100.098|6.256|1854709760|1877422080|sim_data_345e031ce91f1b82|__AUTOMETRIC__
__AUTOMETRIC__|0.1.2|29544|crew_log_cc0b2e5348ee98ef|0|1786327245.577|97.681|6.105|1854705664|1877417984|sim_data_345e031ce91f1b82|__AUTOMETRIC__
__AUTOMETRIC__|0.1.2|29544|crew_log_cc0b2e5348ee98ef|0|1786327246.587|100.585|6.287|1855721472|1878368256|sim_data_345e031ce91f1b82|__AUTOMETRIC__
__AUTOMETRIC__|0.1.2|29544|crew_log_cc0b2e5348ee98ef|0|1786327247.600|98.749|6.172|1855643648|1878290432|sim_data_345e031ce91f1b82|__AUTOMETRIC__
__AUTOMETRIC__|0.1.2|29544|crew_log_cc0b2e5348ee98ef|0|1786327248.602|102.853|6.428|1855643648|1878290432|sim_data_345e031ce91f1b82|__AUTOMETRIC__
__AUTOMETRIC__|0.1.2|29544|crew_log_cc0b2e5348ee98ef|0|1786327249.609|99.368|6.211|1855647744|1878294528|sim_data_345e031ce91f1b82|__AUTOMETRIC__
__AUTOMETRIC__|0.1.2|29544|crew_log_cc0b2e5348ee98ef|0|1786327250.617|102.229|6.389|1855639552|1878286336|sim_data_345e031ce91f1b82|__AUTOMETRIC__
__AUTOMETRIC__|0.1.2|29544|crew_log_cc0b2e5348ee98ef|0|1786327251.630|98.753|6.172|1855647744|1878294528|sim_data_345e031ce91f1b82|__AUTOMETRIC__
__AUTOMETRIC__|0.1.2|29544|crew_log_cc0b2e5348ee98ef|0|1786327252.633|99.756|6.235|1855643648|1878290432|sim_data_345e031ce91f1b82|__AUTOMETRIC__
__AUTOMETRIC__|0.1.2|29544|crew_log_cc0b2e5348ee98ef|0|1786327253.633|96.833|6.052|1855643648|1878290432|sim_data_345e031ce91f1b82|__AUTOMETRIC__
__AUTOMETRIC__|0.1.2|29544|crew_log_cc0b2e5348ee98ef|0|1786327254.646|98.752|6.172|1855647744|1878294528|sim_data_345e031ce91f1b82|__AUTOMETRIC__
__AUTOMETRIC__|0.1.2|29544|crew_log_cc0b2e5348ee98ef|0|1786327255.658|100.354|6.272|1856606208|1879252992|sim_data_345e031ce91f1b82|__AUTOMETRIC__
__AUTOMETRIC__|0.1.2|29544|crew_log_cc0b2e5348ee98ef|0|1786327256.671|98.692|6.168|1856598016|1879244800|sim_data_345e031ce91f1b82|__AUTOMETRIC__
__AUTOMETRIC__|0.1.2|29544|crew_log_cc0b2e5348ee98ef|0|1786327257.684|100.271|6.267|1856610304|1879257088|sim_data_345e031ce91f1b82|__AUTOMETRIC__
__AUTOMETRIC__|0.1.2|29544|crew_log_cc0b2e5348ee98ef|0|1786327258.698|100.189|6.262|1856602112|1879248896|sim_data_345e031ce91f1b82|__AUTOMETRIC__
__AUTOMETRIC__|0.1.2|29544|crew_log_cc0b2e5348ee98ef|0|1786327259.699|99.868|6.242|1856602112|1879248896|sim_data_345e031ce91f1b82|__AUTOMETRIC__
__AUTOMETRIC__|0.1.2|29544|crew_log_cc0b2e5348ee98ef|0|1786327260.713|100.098|6.256|1856602112|1879248896|sim_data_345e031ce91f1b82|__AUTOMETRIC__
__AUTOMETRIC__|0.1.2|29544|crew_log_cc0b2e5348ee98ef|0|1786327261.727|100.191|6.262|1856602112|1879248896|sim_data_345e031ce91f1b82|__AUTOMETRIC__
__AUTOMETRIC__|0.1.2|29544|crew_log_cc0b2e5348ee98ef|0|1786327262.740|98.718|6.170|1856602112|1879248896|sim_data_345e031ce91f1b82|__AUTOMETRIC__
__AUTOMETRIC__|0.1.2|29544|crew_log_cc0b2e5348ee98ef|0|1786327263.754|101.668|6.354|1857507328|1880154112|sim_data_345e031ce91f1b82|__AUTOMETRIC__
__AUTOMETRIC__|0.1.2|29544|crew_log_cc0b2e5348ee98ef|0|1786327264.761|100.916|6.307|1857503232|1880150016|sim_data_345e031ce91f1b82|__AUTOMETRIC__
__AUTOMETRIC__|0.1.2|29544|crew_log_cc0b2e5348ee98ef|0|1786327265.773|100.311|6.269|1857503232|1880150016|sim_data_345e031ce91f1b82|__AUTOMETRIC__
__AUTOMETRIC__|0.1.2|29544|crew_log_cc0b2e5348ee98ef|0|1786327266.787|97.087|6.068|1857503232|1880150016|sim_data_345e031ce91f1b82|__AUTOMETRIC__
__AUTOMETRIC__|0.1.2|29544|crew_log_cc0b2e5348ee98ef|0|1786327267.801|101.732|6.358|1857503232|1880150016|sim_data_345e031ce91f1b82|__AUTOMETRIC__
__AUTOMETRIC__|0.1.2|29544|crew_log_cc0b2e5348ee98ef|0|1786327268.801|99.965|6.248|1857511424|1880158208|sim_data_345e031ce91f1b82|__AUTOMETRIC__
__AUTOMETRIC__|0.1.2|29544|crew_log_cc0b2e5348ee98ef|0|1786327269.813|100.405|6.275|1857503232|1880150016|sim_data_345e031ce91f1b82|__AUTOMETRIC__
__AUTOMETRIC__|0.1.2|29544|crew_log_cc0b2e5348ee98ef|0|1786327270.826|100.294|6.268|1962868736|1985572864|sim_data_345e031ce91f1b82|__AUTOMETRIC__
__AUTOMETRIC__|0.1.2|29544|crew_log_cc0b2e5348ee98ef|0|1786327271.837|100.409|6.276|1996476416|2019467264|sim_data_345e031ce91f1b82|__AUTOMETRIC__
__AUTOMETRIC__|0.1.2|29544|crew_log_cc0b2e5348ee98ef|0|1786327272.851|101.743|6.359|1921265664|1944190976|sim_data_345e031ce91f1b82|__AUTOMETRIC__
__AUTOMETRIC__|0.1.2|29544|crew_log_cc0b2e5348ee98ef|0|1786327273.866|100.024|6.252|1853693952|1877221376|sim_data_345e031ce91f1b82|__AUTOMETRIC__
__AUTOMETRIC__|0.1.2|29544|crew_log_cc0b2e5348ee98ef|0|1786327274.877|100.414|6.276|1880629248|1904050176|sim_data_345e031ce91f1b82|__AUTOMETRIC__
__AUTOMETRIC__|0.1.2|29544|crew_log_cc0b2e5348ee98ef|0|1786327275.878|93.712|5.857|2025930752|2049523712|sim_data_345e031ce91f1b82|__AUTOMETRIC__
__AUTOMETRIC__|0.1.2|29544|crew_log_cc0b2e5348ee98ef|0|1786327276.893|89.297|5.581|2001600512|2023837696|sim_data_345e031ce91f1b82|__AUTOMETRIC__
__AUTOMETRIC__|0.1.2|29544|crew_log_cc0b2e5348ee98ef|0|1786327277.908|101.615|6.351|2000613376|2022735872|sim_data_345e031ce91f1b82|__AUTOMETRIC__
__AUTOMETRIC__|0.1.2|29544|crew_log_cc0b2e5348ee98ef|0|1786327278.920|100.339|6.271|2000560128|2022567936|sim_data_345e031ce91f1b82|__AUTOMETRIC__
__AUTOMETRIC__|0.1.2|29544|crew_log_cc0b2e5348ee98ef|0|1786327279.935|100.060|6.254|2000560128|2022567936|sim_data_345e031ce91f1b82|__AUTOMETRIC__
__AUTOMETRIC__|0.1.2|29544|crew_log_cc0b2e5348ee98ef|0|1786327280.948|98.730|6.171|2000515072|2022490112|sim_data_345e031ce91f1b82|__AUTOMETRIC__
__AUTOMETRIC__|0.1.2|29544|crew_log_cc0b2e5348ee98ef|0|1786327281.954|99.315|6.207|2001403904|2023313408|sim_data_345e031ce91f1b82|__AUTOMETRIC__
__AUTOMETRIC__|0.1.2|29544|crew_log_cc0b2e5348ee98ef|0|1786327282.968|101.735|6.358|2001391616|2023301120|sim_data_345e031ce91f1b82|__AUTOMETRIC__
__AUTOMETRIC__|0.1.2|29544|crew_log_cc0b2e5348ee98ef|0|1786327283.984|101.546|6.347|2001391616|2023301120|sim_data_345e031ce91f1b82|__AUTOMETRIC__
__AUTOMETRIC__|0.1.2|29544|crew_log_cc0b2e5348ee98ef|0|1786327284.995|100.444|6.278|2001391616|2023301120|sim_data_345e031ce91f1b82|__AUTOMETRIC__
__AUTOMETRIC__|0.1.2|29544|crew_log_cc0b2e5348ee98ef|0|1786327286.007|98.819|6.176|2001391616|2023301120|sim_data_345e031ce91f1b82|__AUTOMETRIC__
__AUTOMETRIC__|0.1.2|29544|crew_log_cc0b2e5348ee98ef|0|1786327287.016|99.078|6.192|2002370560|2024275968|sim_data_345e031ce91f1b82|__AUTOMETRIC__
__AUTOMETRIC__|0.1.2|29544|crew_log_cc0b2e5348ee98ef|0|1786327288.031|100.112|6.257|2002370560|2024275968|sim_data_345e031ce91f1b82|__AUTOMETRIC__
__AUTOMETRIC__|0.1.2|29544|crew_log_cc0b2e5348ee98ef|0|1786327289.044|98.675|6.167|2002370560|2024275968|sim_data_345e031ce91f1b82|__AUTOMETRIC__
__AUTOMETRIC__|0.1.2|29544|crew_log_cc0b2e5348ee98ef|0|1786327290.045|98.348|6.147|2002370560|2024275968|sim_data_345e031ce91f1b82|__AUTOMETRIC__
__AUTOMETRIC__|0.1.2|29544|crew_log_cc0b2e5348ee98ef|0|1786327291.059|100.152|6.259|2002370560|2024275968|sim_data_345e031ce91f1b82|__AUTOMETRIC__
__AUTOMETRIC__|0.1.2|29544|crew_log_cc0b2e5348ee98ef|0|1786327292.074|100.087|6.255|2002370560|2024275968|sim_data_345e031ce91f1b82|__AUTOMETRIC__
__AUTOMETRIC__|0.1.2|29544|crew_log_cc0b2e5348ee98ef|0|1786327293.076|98.257|6.141|2003296256|2025197568|sim_data_345e031ce91f1b82|__AUTOMETRIC__
__AUTOMETRIC__|0.1.2|29544|crew_log_cc0b2e5348ee98ef|0|1786327294.085|99.042|6.190|2003296256|2025197568|sim_data_345e031ce91f1b82|__AUTOMETRIC__
__AUTOMETRIC__|0.1.2|29544|crew_log_cc0b2e5348ee98ef|0|1786327295.095|100.546|6.284|2003296256|2025197568|sim_data_345e031ce91f1b82|__AUTOMETRIC__
__AUTOMETRIC__|0.1.2|29544|crew_log_cc0b2e5348ee98ef|0|1786327296.104|100.650|6.291|2003296256|2025197568|sim_data_345e031ce91f1b82|__AUTOMETRIC__
__AUTOMETRIC__|0.1.2|29544|crew_log_cc0b2e5348ee98ef|0|1786327297.117|98.756|6.172|2003296256|2025197568|sim_data_345e031ce91f1b82|__AUTOMETRIC__
__AUTOMETRIC__|0.1.2|29544|crew_log_cc0b2e5348ee98ef|0|1786327298.128|100.449|6.278|2081808384|2103783424|sim_data_345e031ce91f1b82|__AUTOMETRIC__
__AUTOMETRIC__|0.1.2|29544|crew_log_cc0b2e5348ee98ef|0|1786327299.143|106.181|6.636|1841565696|1863778304|sim_data_345e031ce91f1b82|__AUTOMETRIC__
__AUTOMETRIC__|0.1.2|29544|crew_log_cc0b2e5348ee98ef|0|1786327300.153|103.677|6.480|1753534464|1775706112|sim_data_345e031ce91f1b82|__AUTOMETRIC__
__AUTOMETRIC__|0.1.2|29544|crew_log_cc0b2e5348ee98ef|0|1786327301.154|99.970|6.248|1798111232|1820823552|sim_data_345e031ce91f1b82|__AUTOMETRIC__
__AUTOMETRIC__|0.1.2|29544|crew_log_cc0b2e5348ee98ef|0|1786327302.164|100.503|6.281|1943699456|1966583808|sim_data_345e031ce91f1b82|__AUTOMETRIC__
__AUTOMETRIC__|0.1.2|29544|crew_log_cc0b2e5348ee98ef|0|1786327303.180|98.480|6.155|2017255424|2039582720|sim_data_345e031ce91f1b82|__AUTOMETRIC__
__AUTOMETRIC__|0.1.2|29544|crew_log_cc0b2e5348ee98ef|0|1786327304.189|82.005|5.125|2017460224|2039164928|sim_data_345e031ce91f1b82|__AUTOMETRIC__
__AUTOMETRIC__|0.1.2|29544|crew_log_cc0b2e5348ee98ef|0|1786327305.197|100.784|6.299|2013020160|2034167808|sim_data_345e031ce91f1b82|__AUTOMETRIC__
__AUTOMETRIC__|0.1.2|29544|crew_log_cc0b2e5348ee98ef|0|1786327306.206|97.564|6.098|2012872704|2034020352|sim_data_345e031ce91f1b82|__AUTOMETRIC__
__AUTOMETRIC__|0.1.2|29544|crew_log_cc0b2e5348ee98ef|0|1786327307.219|100.277|6.267|2013720576|2034802688|sim_data_345e031ce91f1b82|__AUTOMETRIC__
__AUTOMETRIC__|0.1.2|29544|crew_log_cc0b2e5348ee98ef|0|1786327308.231|100.313|6.270|2013581312|2034663424|sim_data_345e031ce91f1b82|__AUTOMETRIC__
__AUTOMETRIC__|0.1.2|29544|crew_log_cc0b2e5348ee98ef|0|1786327309.236|99.509|6.219|2013646848|2034728960|sim_data_345e031ce91f1b82|__AUTOMETRIC__
__AUTOMETRIC__|0.1.2|29544|crew_log_cc0b2e5348ee98ef|0|1786327310.249|100.292|6.268|2013646848|2034728960|sim_data_345e031ce91f1b82|__AUTOMETRIC__
__AUTOMETRIC__|0.1.2|29544|crew_log_cc0b2e5348ee98ef|0|1786327311.264|98.517|6.157|2014441472|2035523584|sim_data_345e031ce91f1b82|__AUTOMETRIC__
__AUTOMETRIC__|0.1.2|29544|crew_log_cc0b2e5348ee98ef|0|1786327312.267|98.180|6.136|2014507008|2035589120|sim_data_345e031ce91f1b82|__AUTOMETRIC__
__AUTOMETRIC__|0.1.2|29544|crew_log_cc0b2e5348ee98ef|0|1786327313.282|100.049|6.253|2014507008|2035589120|sim_data_345e031ce91f1b82|__AUTOMETRIC__
__AUTOMETRIC__|0.1.2|29544|crew_log_cc0b2e5348ee98ef|0|1786327314.291|99.042|6.190|2015399936|2036482048|sim_data_345e031ce91f1b82|__AUTOMETRIC__
__AUTOMETRIC__|0.1.2|29544|crew_log_cc0b2e5348ee98ef|0|1786327315.296|99.494|6.218|2015465472|2036547584|sim_data_345e031ce91f1b82|__AUTOMETRIC__
__AUTOMETRIC__|0.1.2|29544|crew_log_cc0b2e5348ee98ef|0|1786327316.302|99.427|6.214|2015399936|2036482048|sim_data_345e031ce91f1b82|__AUTOMETRIC__
__AUTOMETRIC__|0.1.2|29544|crew_log_cc0b2e5348ee98ef|0|1786327317.315|100.270|6.267|2084765696|2105847808|sim_data_345e031ce91f1b82|__AUTOMETRIC__
__AUTOMETRIC__|0.1.2|29544|crew_log_cc0b2e5348ee98ef|0|1786327318.329|101.684|6.355|1856192512|1877680128|sim_data_345e031ce91f1b82|__AUTOMETRIC__
__AUTOMETRIC__|0.1.2|29544|crew_log_cc0b2e5348ee98ef|0|1786327319.337|102.357|6.397|1839157248|1860337664|sim_data_345e031ce91f1b82|__AUTOMETRIC__
__AUTOMETRIC__|0.1.2|29544|crew_log_cc0b2e5348ee98ef|0|1786327320.350|98.739|6.171|1864400896|1885696000|sim_data_345e031ce91f1b82|__AUTOMETRIC__
__AUTOMETRIC__|0.1.2|29544|crew_log_cc0b2e5348ee98ef|0|1786327321.362|101.835|6.365|1973739520|1995251712|sim_data_345e031ce91f1b82|__AUTOMETRIC__
__AUTOMETRIC__|0.1.2|29544|crew_log_cc0b2e5348ee98ef|0|1786327322.374|100.390|6.274|2087575552|2108862464|sim_data_345e031ce91f1b82|__AUTOMETRIC__
__AUTOMETRIC__|0.1.2|29544|crew_log_cc0b2e5348ee98ef|0|1786327323.387|101.779|6.361|2015436800|2036695040|sim_data_345e031ce91f1b82|__AUTOMETRIC__
__AUTOMETRIC__|0.1.2|29544|crew_log_cc0b2e5348ee98ef|0|1786327324.402|80.046|5.003|2015240192|2035318784|sim_data_345e031ce91f1b82|__AUTOMETRIC__
__AUTOMETRIC__|0.1.2|29544|crew_log_cc0b2e5348ee98ef|0|1786327325.414|100.404|6.275|2014642176|2034720768|sim_data_345e031ce91f1b82|__AUTOMETRIC__
__AUTOMETRIC__|0.1.2|29544|crew_log_cc0b2e5348ee98ef|0|1786327326.428|98.581|6.161|2014646272|2034724864|sim_data_345e031ce91f1b82|__AUTOMETRIC__
__AUTOMETRIC__|0.1.2|29544|crew_log_cc0b2e5348ee98ef|0|1786327327.441|98.761|6.173|2014642176|2034720768|sim_data_345e031ce91f1b82|__AUTOMETRIC__
__AUTOMETRIC__|0.1.2|29544|crew_log_cc0b2e5348ee98ef|0|1786327328.451|98.928|6.183|2015674368|2035687424|sim_data_345e031ce91f1b82|__AUTOMETRIC__
__AUTOMETRIC__|0.1.2|29544|crew_log_cc0b2e5348ee98ef|0|1786327329.464|100.275|6.267|2015612928|2035625984|sim_data_345e031ce91f1b82|__AUTOMETRIC__
__AUTOMETRIC__|0.1.2|29544|crew_log_cc0b2e5348ee98ef|0|1786327330.478|100.205|6.263|2015617024|2035630080|sim_data_345e031ce91f1b82|__AUTOMETRIC__
__AUTOMETRIC__|0.1.2|29544|crew_log_cc0b2e5348ee98ef|0|1786327331.488|97.434|6.090|2015612928|2035625984|sim_data_345e031ce91f1b82|__AUTOMETRIC__
__AUTOMETRIC__|0.1.2|29544|crew_log_cc0b2e5348ee98ef|0|1786327332.502|98.653|6.166|2016579584|2036592640|sim_data_345e031ce91f1b82|__AUTOMETRIC__
__AUTOMETRIC__|0.1.2|29544|crew_log_cc0b2e5348ee98ef|0|1786327333.515|100.284|6.268|2016530432|2036543488|sim_data_345e031ce91f1b82|__AUTOMETRIC__
__AUTOMETRIC__|0.1.2|29544|crew_log_cc0b2e5348ee98ef|0|1786327334.528|100.173|6.261|2016530432|2036543488|sim_data_345e031ce91f1b82|__AUTOMETRIC__
__AUTOMETRIC__|0.1.2|29544|crew_log_cc0b2e5348ee98ef|0|1786327335.541|100.283|6.268|2016530432|2036543488|sim_data_345e031ce91f1b82|__AUTOMETRIC__
__AUTOMETRIC__|0.1.2|29544|crew_log_cc0b2e5348ee98ef|0|1786327336.555|100.209|6.263|2016530432|2036543488|sim_data_345e031ce91f1b82|__AUTOMETRIC__
__AUTOMETRIC__|0.1.2|29544|crew_log_cc0b2e5348ee98ef|0|1786327337.568|98.727|6.170|2017419264|2037432320|sim_data_345e031ce91f1b82|__AUTOMETRIC__
__AUTOMETRIC__|0.1.2|29544|crew_log_cc0b2e5348ee98ef|0|1786327338.578|100.533|6.283|2017411072|2037424128|sim_data_345e031ce91f1b82|__AUTOMETRIC__
__AUTOMETRIC__|0.1.2|29544|crew_log_cc0b2e5348ee98ef|0|1786327339.593|101.589|6.349|2017411072|2037424128|sim_data_345e031ce91f1b82|__AUTOMETRIC__
__AUTOMETRIC__|0.1.2|29544|crew_log_cc0b2e5348ee98ef|0|1786327340.608|101.601|6.350|2017411072|2037424128|sim_data_345e031ce91f1b82|__AUTOMETRIC__
__AUTOMETRIC__|0.1.2|29544|crew_log_cc0b2e5348ee98ef|0|1786327341.622|100.130|6.258|2136412160|2156445696|sim_data_345e031ce91f1b82|__AUTOMETRIC__
__AUTOMETRIC__|0.1.2|29544|crew_log_cc0b2e5348ee98ef|0|1786327342.623|101.495|6.343|2176389120|2196946944|sim_data_345e031ce91f1b82|__AUTOMETRIC__
__AUTOMETRIC__|0.1.2|29544|crew_log_cc0b2e5348ee98ef|0|1786327343.635|101.904|6.369|2021158912|2041372672|sim_data_345e031ce91f1b82|__AUTOMETRIC__
__AUTOMETRIC__|0.1.2|29544|crew_log_cc0b2e5348ee98ef|0|1786327344.648|98.727|6.170|2026799104|2047172608|sim_data_345e031ce91f1b82|__AUTOMETRIC__
__AUTOMETRIC__|0.1.2|29544|crew_log_cc0b2e5348ee98ef|0|1786327345.659|100.410|6.276|2035474432|2056146944|sim_data_345e031ce91f1b82|__AUTOMETRIC__
__AUTOMETRIC__|0.1.2|29544|crew_log_cc0b2e5348ee98ef|0|1786327346.674|89.308|5.582|2028793856|2049740800|sim_data_345e031ce91f1b82|__AUTOMETRIC__
__AUTOMETRIC__|0.1.2|29544|crew_log_cc0b2e5348ee98ef|0|1786327347.687|95.604|5.975|2023702528|2043785216|sim_data_345e031ce91f1b82|__AUTOMETRIC__
__AUTOMETRIC__|0.1.2|29544|crew_log_cc0b2e5348ee98ef|0|1786327348.699|100.405|6.275|2022772736|2042040320|sim_data_345e031ce91f1b82|__AUTOMETRIC__
__AUTOMETRIC__|0.1.2|29544|crew_log_cc0b2e5348ee98ef|0|1786327349.711|98.850|6.178|2022772736|2042040320|sim_data_345e031ce91f1b82|__AUTOMETRIC__
__AUTOMETRIC__|0.1.2|29544|crew_log_cc0b2e5348ee98ef|0|1786327350.724|98.645|6.165|2022772736|2042040320|sim_data_345e031ce91f1b82|__AUTOMETRIC__
__AUTOMETRIC__|0.1.2|29544|crew_log_cc0b2e5348ee98ef|0|1786327351.738|100.214|6.263|2022772736|2042040320|sim_data_345e031ce91f1b82|__AUTOMETRIC__
__AUTOMETRIC__|0.1.2|29544|crew_log_cc0b2e5348ee98ef|0|1786327352.738|96.816|6.051|2022772736|2042040320|sim_data_345e031ce91f1b82|__AUTOMETRIC__
