__AUTOMETRIC__|0.1.2|2155207|crew_log_b08ebf8b99fcf559|0|1786749435.233|66.992|0.349|208146432|2826559488|sim_data_341798b7487bf001|__AUTOMETRIC__
__AUTOMETRIC__|0.1.2|2155207|crew_log_b08ebf8b99fcf559|0|1786749436.235|5.990|0.031|208146432|2826596352|sim_data_341798b7487bf001|__AUTOMETRIC__
__AUTOMETRIC__|0.1.2|2155207|crew_log_b08ebf8b99fcf559|0|1786749437.237|90.835|0.473|367431680|2994937856|sim_data_341798b7487bf001|__AUTOMETRIC__
__AUTOMETRIC__|0.1.2|2155207|crew_log_b08ebf8b99fcf559|0|1786749438.238|97.878|0.510|565612544|3194818560|sim_data_341798b7487bf001|__AUTOMETRIC__
__AUTOMETRIC__|0.1.2|2155207|crew_log_b08ebf8b99fcf559|0|1786749439.239|99.864|0.520|751210496|3379982336|sim_data_341798b7487bf001|__AUTOMETRIC__
__AUTOMETRIC__|0.1.2|2155207|crew_log_b08ebf8b99fcf559|0|1786749440.241|98.860|0.515|976130048|3605327872|sim_data_341798b7487bf001|__AUTOMETRIC__
__AUTOMETRIC__|0.1.2|2155207|crew_log_b08ebf8b99fcf559|0|1786749441.242|97.868|0.510|1164873728|3793473536|sim_data_341798b7487bf001|__AUTOMETRIC__
__AUTOMETRIC__|0.1.2|2155207|crew_log_b08ebf8b99fcf559|0|1786749442.243|99.853|0.520|1432260608|4060082176|sim_data_341798b7487bf001|__AUTOMETRIC__
__AUTOMETRIC__|0.1.2|2155207|crew_log_b08ebf8b99fcf559|0|1786749443.245|99.826|0.520|1745260544|4373114880|sim_data_341798b7487bf001|__AUTOMETRIC__
__AUTOMETRIC__|0.1.2|2155207|crew_log_b08ebf8b99fcf559|0|1786749444.247|98.843|0.515|1754697728|4382674944|sim_data_341798b7487bf001|__AUTOMETRIC__
__AUTOMETRIC__|0.1.2|2155207|crew_log_b08ebf8b99fcf559|0|1786749445.248|99.885|0.520|2141622272|4769497088|sim_data_341798b7487bf001|__AUTOMETRIC__
__AUTOMETRIC__|0.1.2|2155207|crew_log_b08ebf8b99fcf559|0|1786749446.249|99.883|0.520|2141622272|4769497088|sim_data_341798b7487bf001|__AUTOMETRIC__
__AUTOMETRIC__|0.1.2|2155207|crew_log_b08ebf8b99fcf559|0|1786749447.250|98.885|0.515|2605617152|5233549312|sim_data_341798b7487bf001|__AUTOMETRIC__
__AUTOMETRIC__|0.1.2|2155207|crew_log_b08ebf8b99fcf559|0|1786749448.252|99.868|0.520|2605617152|5233549312|sim_data_341798b7487bf001|__AUTOMETRIC__
__AUTOMETRIC__|0.1.2|2155207|crew_log_b08ebf8b99fcf559|0|1786749449.253|99.840|0.520|3132526592|5760749568|sim_data_341798b7487bf001|__AUTOMETRIC__
__AUTOMETRIC__|0.1.2|2155207|crew_log_b08ebf8b99fcf559|0|1786749450.254|99.881|0.520|3162411008|5790674944|sim_data_341798b7487bf001|__AUTOMETRIC__
__AUTOMETRIC__|0.1.2|2155207|crew_log_b08ebf8b99fcf559|0|1786749451.255|99.895|0.520|3239481344|5868015616|sim_data_341798b7487bf001|__AUTOMETRIC__
__AUTOMETRIC__|0.1.2|2155207|crew_log_b08ebf8b99fcf559|0|1786749452.256|98.890|0.515|3830878208|6459281408|sim_data_341798b7487bf001|__AUTOMETRIC__
__AUTOMETRIC__|0.1.2|2155207|crew_log_b08ebf8b99fcf559|0|1786749453.258|99.874|0.520|3830878208|6459281408|sim_data_341798b7487bf001|__AUTOMETRIC__
__AUTOMETRIC__|0.1.2|2155207|crew_log_b08ebf8b99fcf559|0|1786749454.259|98.897|0.515|3830878208|6459281408|sim_data_341798b7487bf001|__AUTOMETRIC__
__AUTOMETRIC__|0.1.2|2155207|crew_log_b08ebf8b99fcf559|0|1786749455.260|99.873|0.520|4494626816|7122427904|sim_data_341798b7487bf001|__AUTOMETRIC__
__AUTOMETRIC__|0.1.2|2155207|crew_log_b08ebf8b99fcf559|0|1786749456.262|99.824|0.520|4633038848|7261405184|sim_data_341798b7487bf001|__AUTOMETRIC__
__AUTOMETRIC__|0.1.2|2155207|crew_log_b08ebf8b99fcf559|0|1786749457.263|99.888|0.520|4633038848|7261405184|sim_data_341798b7487bf001|__AUTOMETRIC__
__AUTOMETRIC__|0.1.2|2155207|crew_log_b08ebf8b99fcf559|0|1786749458.264|98.901|0.515|4739993600|7368409088|sim_data_341798b7487bf001|__AUTOMETRIC__
__AUTOMETRIC__|0.1.2|2155207|crew_log_b08ebf8b99fcf559|0|1786749459.265|100.881|0.525|5443063808|8071573504|sim_data_341798b7487bf001|__AUTOMETRIC__
__AUTOMETRIC__|0.1.2|2155207|crew_log_b08ebf8b99fcf559|0|1786749460.266|98.882|0.515|5595631616|8224063488|sim_data_341798b7487bf001|__AUTOMETRIC__
__AUTOMETRIC__|0.1.2|2155207|crew_log_b08ebf8b99fcf559|0|1786749461.267|99.885|0.520|5595631616|8224063488|sim_data_341798b7487bf001|__AUTOMETRIC__
__AUTOMETRIC__|0.1.2|2155207|crew_log_b08ebf8b99fcf559|0|1786749462.269|99.885|0.520|5595631616|8224063488|sim_data_341798b7487bf001|__AUTOMETRIC__
__AUTOMETRIC__|0.1.2|2155207|crew_log_b08ebf8b99fcf559|0|1786749463.270|98.895|0.515|6237360128|8865595392|sim_data_341798b7487bf001|__AUTOMETRIC__
__AUTOMETRIC__|0.1.2|2155207|crew_log_b08ebf8b99fcf559|0|1786749464.271|99.893|0.520|6750113792|9379147776|sim_data_341798b7487bf001|__AUTOMETRIC__
__AUTOMETRIC__|0.1.2|2155207|crew_log_b08ebf8b99fcf559|0|1786749465.272|99.889|0.520|6750113792|9379147776|sim_data_341798b7487bf001|__AUTOMETRIC__
__AUTOMETRIC__|0.1.2|2155207|crew_log_b08ebf8b99fcf559|0|1786749466.273|99.889|0.520|6750113792|9379147776|sim_data_341798b7487bf001|__AUTOMETRIC__
__AUTOMETRIC__|0.1.2|2155207|crew_log_b08ebf8b99fcf559|0|1786749467.274|98.882|0.515|6750113792|9379147776|sim_data_341798b7487bf001|__AUTOMETRIC__
__AUTOMETRIC__|0.1.2|2155207|crew_log_b08ebf8b99fcf559|0|1786749468.275|99.883|0.520|7110299648|9739354112|sim_data_341798b7487bf001|__AUTOMETRIC__
__AUTOMETRIC__|0.1.2|2155207|crew_log_b08ebf8b99fcf559|0|1786749469.276|98.894|0.515|7818088448|10446520320|sim_data_341798b7487bf001|__AUTOMETRIC__
__AUTOMETRIC__|0.1.2|2155207|crew_log_b08ebf8b99fcf559|0|1786749470.278|100.885|0.525|8137379840|10765352960|sim_data_341798b7487bf001|__AUTOMETRIC__
__AUTOMETRIC__|0.1.2|2155207|crew_log_b08ebf8b99fcf559|0|1786749471.279|99.876|0.520|8137379840|10765352960|sim_data_341798b7487bf001|__AUTOMETRIC__
__AUTOMETRIC__|0.1.2|2155207|crew_log_b08ebf8b99fcf559|0|1786749472.280|98.885|0.515|8137379840|10765352960|sim_data_341798b7487bf001|__AUTOMETRIC__
__AUTOMETRIC__|0.1.2|2155207|crew_log_b08ebf8b99fcf559|0|1786749473.282|99.802|0.520|8137379840|10765352960|sim_data_341798b7487bf001|__AUTOMETRIC__
__AUTOMETRIC__|0.1.2|2155207|crew_log_b08ebf8b99fcf559|0|1786749474.283|99.887|0.520|8137379840|10765352960|sim_data_341798b7487bf001|__AUTOMETRIC__
__AUTOMETRIC__|0.1.2|2155207|crew_log_b08ebf8b99fcf559|0|1786749475.285|99.854|0.520|8755515392|11383296000|sim_data_341798b7487bf001|__AUTOMETRIC__
__AUTOMETRIC__|0.1.2|2155207|crew_log_b08ebf8b99fcf559|0|1786749476.287|98.789|0.515|9458585600|12086587392|sim_data_341798b7487bf001|__AUTOMETRIC__
__AUTOMETRIC__|0.1.2|2155207|crew_log_b08ebf8b99fcf559|0|1786749477.288|100.859|0.525|9799897088|12428865536|sim_data_341798b7487bf001|__AUTOMETRIC__
__AUTOMETRIC__|0.1.2|2155207|crew_log_b08ebf8b99fcf559|0|1786749478.289|98.878|0.515|9799897088|12428865536|sim_data_341798b7487bf001|__AUTOMETRIC__
__AUTOMETRIC__|0.1.2|2155207|crew_log_b08ebf8b99fcf559|0|1786749479.290|99.882|0.520|9799897088|12428865536|sim_data_341798b7487bf001|__AUTOMETRIC__
__AUTOMETRIC__|0.1.2|2155207|crew_log_b08ebf8b99fcf559|0|1786749480.292|99.870|0.520|9799897088|12428865536|sim_data_341798b7487bf001|__AUTOMETRIC__
__AUTOMETRIC__|0.1.2|2155207|crew_log_b08ebf8b99fcf559|0|1786749481.293|99.891|0.520|9799897088|12428865536|sim_data_341798b7487bf001|__AUTOMETRIC__
__AUTOMETRIC__|0.1.2|2155207|crew_log_b08ebf8b99fcf559|0|1786749482.294|98.862|0.515|9856520192|12484341760|sim_data_341798b7487bf001|__AUTOMETRIC__
__AUTOMETRIC__|0.1.2|2155207|crew_log_b08ebf8b99fcf559|0|1786749483.295|99.886|0.520|10540716032|13169676288|sim_data_341798b7487bf001|__AUTOMETRIC__
__AUTOMETRIC__|0.1.2|2155207|crew_log_b08ebf8b99fcf559|0|1786749484.298|98.755|0.514|11220193280|13848719360|sim_data_341798b7487bf001|__AUTOMETRIC__
__AUTOMETRIC__|0.1.2|2155207|crew_log_b08ebf8b99fcf559|0|1786749485.299|100.889|0.525|11795861504|14424985600|sim_data_341798b7487bf001|__AUTOMETRIC__
__AUTOMETRIC__|0.1.2|2155207|crew_log_b08ebf8b99fcf559|0|1786749486.300|98.896|0.515|11795861504|14425120768|sim_data_341798b7487bf001|__AUTOMETRIC__
__AUTOMETRIC__|0.1.2|2155207|crew_log_b08ebf8b99fcf559|0|1786749487.302|99.838|0.520|11795861504|14425120768|sim_data_341798b7487bf001|__AUTOMETRIC__
__AUTOMETRIC__|0.1.2|2155207|crew_log_b08ebf8b99fcf559|0|1786749488.303|99.881|0.520|11795861504|14425120768|sim_data_341798b7487bf001|__AUTOMETRIC__
__AUTOMETRIC__|0.1.2|2155207|crew_log_b08ebf8b99fcf559|0|1786749489.304|99.894|0.520|11795861504|14425120768|sim_data_341798b7487bf001|__AUTOMETRIC__
__AUTOMETRIC__|0.1.2|2155207|crew_log_b08ebf8b99fcf559|0|1786749490.305|98.864|0.515|11795861504|14425120768|sim_data_341798b7487bf001|__AUTOMETRIC__
__AUTOMETRIC__|0.1.2|2155207|crew_log_b08ebf8b99fcf559|0|1786749491.307|99.874|0.520|11795861504|14425120768|sim_data_341798b7487bf001|__AUTOMETRIC__
__AUTOMETRIC__|0.1.2|2155207|crew_log_b08ebf8b99fcf559|0|1786749492.308|98.854|0.515|12349509632|14977544192|sim_data_341798b7487bf001|__AUTOMETRIC__
__AUTOMETRIC__|0.1.2|2155207|crew_log_b08ebf8b99fcf559|0|1786749493.309|99.877|0.520|13039996928|15668559872|sim_data_341798b7487bf001|__AUTOMETRIC__
__AUTOMETRIC__|0.1.2|2155207|crew_log_b08ebf8b99fcf559|0|1786749494.311|99.866|0.520|13741494272|16370593792|sim_data_341798b7487bf001|__AUTOMETRIC__
__AUTOMETRIC__|0.1.2|2155207|crew_log_b08ebf8b99fcf559|0|1786749495.312|99.862|0.520|14191333376|16820465664|sim_data_341798b7487bf001|__AUTOMETRIC__
__AUTOMETRIC__|0.1.2|2155207|crew_log_b08ebf8b99fcf559|0|1786749496.313|99.873|0.520|14192906240|16820600832|sim_data_341798b7487bf001|__AUTOMETRIC__
__AUTOMETRIC__|0.1.2|2155207|crew_log_b08ebf8b99fcf559|0|1786749497.315|99.831|0.520|14192906240|16820600832|sim_data_341798b7487bf001|__AUTOMETRIC__
__AUTOMETRIC__|0.1.2|2155207|crew_log_b08ebf8b99fcf559|0|1786749498.316|99.869|0.520|14192906240|16820600832|sim_data_341798b7487bf001|__AUTOMETRIC__
__AUTOMETRIC__|0.1.2|2155207|crew_log_b08ebf8b99fcf559|0|1786749499.317|98.880|0.515|14192906240|16820600832|sim_data_341798b7487bf001|__AUTOMETRIC__
__AUTOMETRIC__|0.1.2|2155207|crew_log_b08ebf8b99fcf559|0|1786749500.319|99.866|0.520|14192906240|16820600832|sim_data_341798b7487bf001|__AUTOMETRIC__
__AUTOMETRIC__|0.1.2|2155207|crew_log_b08ebf8b99fcf559|0|1786749501.320|99.874|0.520|14192906240|16820600832|sim_data_341798b7487bf001|__AUTOMETRIC__
__AUTOMETRIC__|0.1.2|2155207|crew_log_b08ebf8b99fcf559|0|1786749502.322|98.853|0.515|14192906240|16820600832|sim_data_341798b7487bf001|__AUTOMETRIC__
__AUTOMETRIC__|0.1.2|2155207|crew_log_b08ebf8b99fcf559|0|1786749503.323|99.889|0.520|14595559424|17223725056|sim_data_341798b7487bf001|__AUTOMETRIC__
__AUTOMETRIC__|0.1.2|2155207|crew_log_b08ebf8b99fcf559|0|1786749504.324|99.880|0.520|15293911040|17922060288|sim_data_341798b7487bf001|__AUTOMETRIC__
__AUTOMETRIC__|0.1.2|2155207|crew_log_b08ebf8b99fcf559|0|1786749505.325|98.851|0.515|15993835520|18622865408|sim_data_341798b7487bf001|__AUTOMETRIC__
__AUTOMETRIC__|0.1.2|2155207|crew_log_b08ebf8b99fcf559|0|1786749506.327|99.874|0.520|16693760000|19322634240|sim_data_341798b7487bf001|__AUTOMETRIC__
__AUTOMETRIC__|0.1.2|2155207|crew_log_b08ebf8b99fcf559|0|1786749507.328|99.817|0.520|17066528768|19695443968|sim_data_341798b7487bf001|__AUTOMETRIC__
__AUTOMETRIC__|0.1.2|2155207|crew_log_b08ebf8b99fcf559|0|1786749508.330|99.879|0.520|17066528768|19695443968|sim_data_341798b7487bf001|__AUTOMETRIC__
__AUTOMETRIC__|0.1.2|2155207|crew_log_b08ebf8b99fcf559|0|1786749509.332|99.759|0.520|17066528768|19695443968|sim_data_341798b7487bf001|__AUTOMETRIC__
__AUTOMETRIC__|0.1.2|2155207|crew_log_b08ebf8b99fcf559|0|1786749510.333|98.885|0.515|17066528768|19695443968|sim_data_341798b7487bf001|__AUTOMETRIC__
__AUTOMETRIC__|0.1.2|2155207|crew_log_b08ebf8b99fcf559|0|1786749511.334|99.885|0.520|17066528768|19695443968|sim_data_341798b7487bf001|__AUTOMETRIC__
__AUTOMETRIC__|0.1.2|2155207|crew_log_b08ebf8b99fcf559|0|1786749512.336|99.860|0.520|17066528768|19695443968|sim_data_341798b7487bf001|__AUTOMETRIC__
__AUTOMETRIC__|0.1.2|2155207|crew_log_b08ebf8b99fcf559|0|1786749513.337|99.890|0.520|17066528768|19695443968|sim_data_341798b7487bf001|__AUTOMETRIC__
__AUTOMETRIC__|0.1.2|2155207|crew_log_b08ebf8b99fcf559|0|1786749514.338|98.878|0.515|17066528768|19695443968|sim_data_341798b7487bf001|__AUTOMETRIC__
__AUTOMETRIC__|0.1.2|2155207|crew_log_b08ebf8b99fcf559|0|1786749515.339|99.879|0.520|17066528768|19695443968|sim_data_341798b7487bf001|__AUTOMETRIC__
__AUTOMETRIC__|0.1.2|2155207|crew_log_b08ebf8b99fcf559|0|1786749516.340|99.886|0.520|17530523648|20159741952|sim_data_341798b7487bf001|__AUTOMETRIC__
__AUTOMETRIC__|0.1.2|2155207|crew_log_b08ebf8b99fcf559|0|1786749517.342|98.834|0.515|18238312448|20867543040|sim_data_341798b7487bf001|__AUTOMETRIC__
__AUTOMETRIC__|0.1.2|2155207|crew_log_b08ebf8b99fcf559|0|1786749518.343|99.895|0.520|18939809792|21568065536|sim_data_341798b7487bf001|__AUTOMETRIC__
__AUTOMETRIC__|0.1.2|2155207|crew_log_b08ebf8b99fcf559|0|1786749519.344|99.882|0.520|19644452864|22272937984|sim_data_341798b7487bf001|__AUTOMETRIC__
__AUTOMETRIC__|0.1.2|2155207|crew_log_b08ebf8b99fcf559|0|1786749520.345|99.888|0.520|20342804480|22971555840|sim_data_341798b7487bf001|__AUTOMETRIC__
__AUTOMETRIC__|0.1.2|2155207|crew_log_b08ebf8b99fcf559|0|1786749521.347|98.878|0.515|20515819520|23144853504|sim_data_341798b7487bf001|__AUTOMETRIC__
__AUTOMETRIC__|0.1.2|2155207|crew_log_b08ebf8b99fcf559|0|1786749522.348|99.851|0.520|20515819520|23144853504|sim_data_341798b7487bf001|__AUTOMETRIC__
__AUTOMETRIC__|0.1.2|2155207|crew_log_b08ebf8b99fcf559|0|1786749523.349|99.887|0.520|20515819520|23144853504|sim_data_341798b7487bf001|__AUTOMETRIC__
__AUTOMETRIC__|0.1.2|2155207|crew_log_b08ebf8b99fcf559|0|1786749524.351|99.869|0.520|20515819520|23144853504|sim_data_341798b7487bf001|__AUTOMETRIC__
__AUTOMETRIC__|0.1.2|2155207|crew_log_b08ebf8b99fcf559|0|1786749525.352|98.888|0.515|20515819520|23144853504|sim_data_341798b7487bf001|__AUTOMETRIC__
__AUTOMETRIC__|0.1.2|2155207|crew_log_b08ebf8b99fcf559|0|1786749526.353|99.881|0.520|20515819520|23144853504|sim_data_341798b7487bf001|__AUTOMETRIC__
__AUTOMETRIC__|0.1.2|2155207|crew_log_b08ebf8b99fcf559|0|1786749527.355|99.775|0.520|20515819520|23144853504|sim_data_341798b7487bf001|__AUTOMETRIC__
__AUTOMETRIC__|0.1.2|2155207|crew_log_b08ebf8b99fcf559|0|1786749528.356|99.892|0.520|20515819520|23144853504|sim_data_341798b7487bf001|__AUTOMETRIC__
__AUTOMETRIC__|0.1.2|2155207|crew_log_b08ebf8b99fcf559|0|1786749529.357|98.888|0.515|20515819520|23144853504|sim_data_341798b7487bf001|__AUTOMETRIC__
__AUTOMETRIC__|0.1.2|2155207|crew_log_b08ebf8b99fcf559|0|1786749530.359|99.808|0.520|20515819520|23144853504|sim_data_341798b7487bf001|__AUTOMETRIC__
__AUTOMETRIC__|0.1.2|2155207|crew_log_b08ebf8b99fcf559|0|1786749531.361|99.885|0.520|20515819520|23144853504|sim_data_341798b7487bf001|__AUTOMETRIC__
__AUTOMETRIC__|0.1.2|2155207|crew_log_b08ebf8b99fcf559|0|1786749532.362|99.864|0.520|21144965120|23773728768|sim_data_341798b7487bf001|__AUTOMETRIC__
