__AUTOMETRIC__|0.1.2|18484|crew_log_02cedfdbf43f747c|0|1786327223.414|10.887|0.680|119894016|146653184|__DEFAULT__|__AUTOMETRIC__
__AUTOMETRIC__|0.1.2|18484|crew_log_02cedfdbf43f747c|0|1786327224.422|0.000|0.000|119930880|146661376|__DEFAULT__|__AUTOMETRIC__
__AUTOMETRIC__|0.1.2|18484|crew_log_02cedfdbf43f747c|0|1786327225.433|0.000|0.000|119832576|146563072|__DEFAULT__|__AUTOMETRIC__
__AUTOMETRIC__|0.1.2|18484|crew_log_02cedfdbf43f747c|0|1786327226.446|0.000|0.000|119832576|146563072|__DEFAULT__|__AUTOMETRIC__
__AUTOMETRIC__|0.1.2|18484|crew_log_02cedfdbf43f747c|0|1786327227.456|0.000|0.000|119832576|146563072|__DEFAULT__|__AUTOMETRIC__
__AUTOMETRIC__|0.1.2|18484|crew_log_02cedfdbf43f747c|0|1786327228.471|0.000|0.000|119824384|146554880|__DEFAULT__|__AUTOMETRIC__
__AUTOMETRIC__|0.1.2|18484|crew_log_02cedfdbf43f747c|0|1786327229.476|0.000|0.000|119824384|146554880|__DEFAULT__|__AUTOMETRIC__
__AUTOMETRIC__|0.1.2|18484|crew_log_02cedfdbf43f747c|0|1786327230.484|0.000|0.000|119832576|146563072|__DEFAULT__|__AUTOMETRIC__
__AUTOMETRIC__|0.1.2|18484|crew_log_02cedfdbf43f747c|0|1786327231.497|0.000|0.000|119824384|146554880|__DEFAULT__|__AUTOMETRIC__
__AUTOMETRIC__|0.1.2|18484|crew_log_02cedfdbf43f747c|0|1786327232.510|0.000|0.000|119832576|146563072|__DEFAULT__|__AUTOMETRIC__
__AUTOMETRIC__|0.1.2|18484|crew_log_02cedfdbf43f747c|0|1786327233.519|0.000|0.000|119824384|146554880|__DEFAULT__|__AUTOMETRIC__
__AUTOMETRIC__|0.1.2|18484|crew_log_02cedfdbf43f747c|0|1786327234.525|0.000|0.000|119832576|146563072|__DEFAULT__|__AUTOMETRIC__
__AUTOMETRIC__|0.1.2|18484|crew_log_02cedfdbf43f747c|0|1786327235.528|0.000|0.000|119832576|146563072|__DEFAULT__|__AUTOMETRIC__
__AUTOMETRIC__|0.1.2|18484|crew_log_02cedfdbf43f747c|0|1786327236.538|0.000|0.000|119832576|146563072|__DEFAULT__|__AUTOMETRIC__
__AUTOMETRIC__|0.1.2|18484|crew_log_02cedfdbf43f747c|0|1786327237.540|0.000|0.000|119832576|146563072|__DEFAULT__|__AUTOMETRIC__
__AUTOMETRIC__|0.1.2|18484|crew_log_02cedfdbf43f747c|0|1786327238.543|0.000|0.000|119824384|146554880|__DEFAULT__|__AUTOMETRIC__
__AUTOMETRIC__|0.1.2|18484|crew_log_02cedfdbf43f747c|0|1786327239.551|0.000|0.000|119832576|146563072|__DEFAULT__|__AUTOMETRIC__
__AUTOMETRIC__|0.1.2|18484|crew_log_02cedfdbf43f747c|0|1786327240.564|0.000|0.000|119832576|146563072|__DEFAULT__|__AUTOMETRIC__
__AUTOMETRIC__|0.1.2|18484|crew_log_02cedfdbf43f747c|0|1786327241.577|0.000|0.000|119832576|146563072|__DEFAULT__|__AUTOMETRIC__
__AUTOMETRIC__|0.1.2|18484|crew_log_02cedfdbf43f747c|0|1786327242.586|0.000|0.000|119824384|146554880|__DEFAULT__|__AUTOMETRIC__
__AUTOMETRIC__|0.1.2|18484|crew_log_02cedfdbf43f747c|0|1786327243.586|0.000|0.000|119824384|146554880|__DEFAULT__|__AUTOMETRIC__
__AUTOMETRIC__|0.1.2|18484|crew_log_02cedfdbf43f747c|0|1786327244.601|0.000|0.000|119832576|146563072|__DEFAULT__|__AUTOMETRIC__
__AUTOMETRIC__|0.1.2|18484|crew_log_02cedfdbf43f747c|0|1786327245.609|0.000|0.000|119832576|146563072|__DEFAULT__|__AUTOMETRIC__
__AUTOMETRIC__|0.1.2|18484|crew_log_02cedfdbf43f747c|0|1786327246.618|0.000|0.000|119832576|146563072|__DEFAULT__|__AUTOMETRIC__
__AUTOMETRIC__|0.1.2|18484|crew_log_02cedfdbf43f747c|0|1786327247.632|0.000|0.000|119824384|146554880|__DEFAULT__|__AUTOMETRIC__
__AUTOMETRIC__|0.1.2|18484|crew_log_02cedfdbf43f747c|0|1786327248.633|0.000|0.000|119832576|146563072|__DEFAULT__|__AUTOMETRIC__
__AUTOMETRIC__|0.1.2|18484|crew_log_02cedfdbf43f747c|0|1786327249.640|0.000|0.000|119832576|146563072|__DEFAULT__|__AUTOMETRIC__
__AUTOMETRIC__|0.1.2|18484|crew_log_02cedfdbf43f747c|0|1786327250.649|0.000|0.000|119832576|146563072|__DEFAULT__|__AUTOMETRIC__
__AUTOMETRIC__|0.1.2|18484|crew_log_02cedfdbf43f747c|0|1786327251.662|0.000|0.000|119832576|146563072|__DEFAULT__|__AUTOMETRIC__
__AUTOMETRIC__|0.1.2|18484|crew_log_02cedfdbf43f747c|0|1786327252.665|0.000|0.000|119832576|146563072|__DEFAULT__|__AUTOMETRIC__
__AUTOMETRIC__|0.1.2|18484|crew_log_02cedfdbf43f747c|0|1786327253.665|0.000|0.000|119832576|146563072|__DEFAULT__|__AUTOMETRIC__
__AUTOMETRIC__|0.1.2|18484|crew_log_02cedfdbf43f747c|0|1786327254.678|0.000|0.000|119832576|146563072|__DEFAULT__|__AUTOMETRIC__
__AUTOMETRIC__|0.1.2|18484|crew_log_02cedfdbf43f747c|0|1786327255.689|1.545|0.097|119832576|146563072|__DEFAULT__|__AUTOMETRIC__
__AUTOMETRIC__|0.1.2|18484|crew_log_02cedfdbf43f747c|0|1786327256.703|0.000|0.000|119836672|146563072|__DEFAULT__|__AUTOMETRIC__
__AUTOMETRIC__|0.1.2|18484|crew_log_02cedfdbf43f747c|0|1786327257.715|0.000|0.000|119828480|146554880|__DEFAULT__|__AUTOMETRIC__
__AUTOMETRIC__|0.1.2|18484|crew_log_02cedfdbf43f747c|0|1786327258.729|0.000|0.000|119828480|146554880|__DEFAULT__|__AUTOMETRIC__
__AUTOMETRIC__|0.1.2|18484|crew_log_02cedfdbf43f747c|0|1786327259.731|0.000|0.000|119836672|146563072|__DEFAULT__|__AUTOMETRIC__
__AUTOMETRIC__|0.1.2|18484|crew_log_02cedfdbf43f747c|0|1786327260.745|0.000|0.000|119836672|146563072|__DEFAULT__|__AUTOMETRIC__
__AUTOMETRIC__|0.1.2|18484|crew_log_02cedfdbf43f747c|0|1786327261.759|0.000|0.000|119836672|146563072|__DEFAULT__|__AUTOMETRIC__
__AUTOMETRIC__|0.1.2|18484|crew_log_02cedfdbf43f747c|0|1786327262.772|0.000|0.000|119828480|146554880|__DEFAULT__|__AUTOMETRIC__
__AUTOMETRIC__|0.1.2|18484|crew_log_02cedfdbf43f747c|0|1786327263.786|1.541|0.096|119828480|146554880|__DEFAULT__|__AUTOMETRIC__
__AUTOMETRIC__|0.1.2|18484|crew_log_02cedfdbf43f747c|0|1786327264.792|0.000|0.000|119836672|146563072|__DEFAULT__|__AUTOMETRIC__
__AUTOMETRIC__|0.1.2|18484|crew_log_02cedfdbf43f747c|0|1786327265.805|0.000|0.000|119836672|146563072|__DEFAULT__|__AUTOMETRIC__
__AUTOMETRIC__|0.1.2|18484|crew_log_02cedfdbf43f747c|0|1786327266.819|0.000|0.000|119828480|146554880|__DEFAULT__|__AUTOMETRIC__
__AUTOMETRIC__|0.1.2|18484|crew_log_02cedfdbf43f747c|0|1786327267.833|0.000|0.000|119828480|146554880|__DEFAULT__|__AUTOMETRIC__
__AUTOMETRIC__|0.1.2|18484|crew_log_02cedfdbf43f747c|0|1786327268.833|0.000|0.000|119836672|146563072|__DEFAULT__|__AUTOMETRIC__
__AUTOMETRIC__|0.1.2|18484|crew_log_02cedfdbf43f747c|0|1786327269.845|0.000|0.000|119828480|146554880|__DEFAULT__|__AUTOMETRIC__
__AUTOMETRIC__|0.1.2|18484|crew_log_02cedfdbf43f747c|0|1786327270.857|0.000|0.000|119836672|146563072|__DEFAULT__|__AUTOMETRIC__
__AUTOMETRIC__|0.1.2|18484|crew_log_02cedfdbf43f747c|0|1786327271.869|0.000|0.000|119836672|146563072|__DEFAULT__|__AUTOMETRIC__
__AUTOMETRIC__|0.1.2|18484|crew_log_02cedfdbf43f747c|0|1786327272.882|0.000|0.000|119828480|146554880|__DEFAULT__|__AUTOMETRIC__
__AUTOMETRIC__|0.1.2|18484|crew_log_02cedfdbf43f747c|0|1786327273.898|0.000|0.000|119836672|146563072|__DEFAULT__|__AUTOMETRIC__
__AUTOMETRIC__|0.1.2|18484|crew_log_02cedfdbf43f747c|0|1786327274.910|0.000|0.000|119836672|146563072|__DEFAULT__|__AUTOMETRIC__
__AUTOMETRIC__|0.1.2|18484|crew_log_02cedfdbf43f747c|0|1786327275.925|0.000|0.000|119836672|146563072|__DEFAULT__|__AUTOMETRIC__
__AUTOMETRIC__|0.1.2|18484|crew_log_02cedfdbf43f747c|0|1786327276.940|0.000|0.000|119836672|146563072|__DEFAULT__|__AUTOMETRIC__
__AUTOMETRIC__|0.1.2|18484|crew_log_02cedfdbf43f747c|0|1786327277.955|0.000|0.000|119828480|146554880|__DEFAULT__|__AUTOMETRIC__
__AUTOMETRIC__|0.1.2|18484|crew_log_02cedfdbf43f747c|0|1786327278.967|0.000|0.000|119828480|146554880|__DEFAULT__|__AUTOMETRIC__
__AUTOMETRIC__|0.1.2|18484|crew_log_02cedfdbf43f747c|0|1786327279.982|0.000|0.000|119836672|146563072|__DEFAULT__|__AUTOMETRIC__
__AUTOMETRIC__|0.1.2|18484|crew_log_02cedfdbf43f747c|0|1786327280.993|0.000|0.000|119799808|146493440|__DEFAULT__|__AUTOMETRIC__
__AUTOMETRIC__|0.1.2|18484|crew_log_02cedfdbf43f747c|0|1786327282.001|0.000|0.000|119791616|146485248|__DEFAULT__|__AUTOMETRIC__
__AUTOMETRIC__|0.1.2|18484|crew_log_02cedfdbf43f747c|0|1786327283.015|0.000|0.000|119799808|146493440|__DEFAULT__|__AUTOMETRIC__
__AUTOMETRIC__|0.1.2|18484|crew_log_02cedfdbf43f747c|0|1786327284.015|0.000|0.000|119791616|146485248|__DEFAULT__|__AUTOMETRIC__
__AUTOMETRIC__|0.1.2|18484|crew_log_02cedfdbf43f747c|0|1786327285.025|0.000|0.000|119799808|146493440|__DEFAULT__|__AUTOMETRIC__
__AUTOMETRIC__|0.1.2|18484|crew_log_02cedfdbf43f747c|0|1786327286.038|0.000|0.000|119791616|146485248|__DEFAULT__|__AUTOMETRIC__
__AUTOMETRIC__|0.1.2|18484|crew_log_02cedfdbf43f747c|0|1786327287.048|0.000|0.000|119799808|146493440|__DEFAULT__|__AUTOMETRIC__
__AUTOMETRIC__|0.1.2|18484|crew_log_02cedfdbf43f747c|0|1786327288.062|0.000|0.000|119791616|146485248|__DEFAULT__|__AUTOMETRIC__
__AUTOMETRIC__|0.1.2|18484|crew_log_02cedfdbf43f747c|0|1786327289.076|0.000|0.000|119791616|146485248|__DEFAULT__|__AUTOMETRIC__
__AUTOMETRIC__|0.1.2|18484|crew_log_02cedfdbf43f747c|0|1786327290.076|0.000|0.000|119799808|146493440|__DEFAULT__|__AUTOMETRIC__
__AUTOMETRIC__|0.1.2|18484|crew_log_02cedfdbf43f747c|0|1786327291.091|0.000|0.000|119799808|146493440|__DEFAULT__|__AUTOMETRIC__
__AUTOMETRIC__|0.1.2|18484|crew_log_02cedfdbf43f747c|0|1786327292.104|0.000|0.000|119799808|146493440|__DEFAULT__|__AUTOMETRIC__
__AUTOMETRIC__|0.1.2|18484|crew_log_02cedfdbf43f747c|0|1786327293.107|0.000|0.000|119799808|146493440|__DEFAULT__|__AUTOMETRIC__
__AUTOMETRIC__|0.1.2|18484|crew_log_02cedfdbf43f747c|0|1786327294.117|0.000|0.000|119791616|146485248|__DEFAULT__|__AUTOMETRIC__
__AUTOMETRIC__|0.1.2|18484|crew_log_02cedfdbf43f747c|0|1786327295.127|0.000|0.000|119791616|146485248|__DEFAULT__|__AUTOMETRIC__
__AUTOMETRIC__|0.1.2|18484|crew_log_02cedfdbf43f747c|0|1786327296.136|0.000|0.000|119799808|146493440|__DEFAULT__|__AUTOMETRIC__
__AUTOMETRIC__|0.1.2|18484|crew_log_02cedfdbf43f747c|0|1786327297.149|0.000|0.000|119799808|146493440|__DEFAULT__|__AUTOMETRIC__
__AUTOMETRIC__|0.1.2|18484|crew_log_02cedfdbf43f747c|0|1786327298.160|0.000|0.000|119791616|146485248|__DEFAULT__|__AUTOMETRIC__
__AUTOMETRIC__|0.1.2|18484|crew_log_02cedfdbf43f747c|0|1786327299.175|0.000|0.000|119799808|146493440|__DEFAULT__|__AUTOMETRIC__
__AUTOMETRIC__|0.1.2|18484|crew_log_02cedfdbf43f747c|0|1786327300.185|0.000|0.000|119799808|146493440|__DEFAULT__|__AUTOMETRIC__
__AUTOMETRIC__|0.1.2|18484|crew_log_02cedfdbf43f747c|0|1786327301.199|0.000|0.000|119799808|146493440|__DEFAULT__|__AUTOMETRIC__
__AUTOMETRIC__|0.1.2|18484|crew_log_02cedfdbf43f747c|0|1786327302.212|0.000|0.000|119799808|146493440|__DEFAULT__|__AUTOMETRIC__
__AUTOMETRIC__|0.1.2|18484|crew_log_02cedfdbf43f747c|0|1786327303.226|0.000|0.000|119799808|146493440|__DEFAULT__|__AUTOMETRIC__
__AUTOMETRIC__|0.1.2|18484|crew_log_02cedfdbf43f747c|0|1786327304.235|0.000|0.000|119791616|146485248|__DEFAULT__|__AUTOMETRIC__
__AUTOMETRIC__|0.1.2|18484|crew_log_02cedfdbf43f747c|0|1786327305.243|0.000|0.000|119799808|146493440|__DEFAULT__|__AUTOMETRIC__
__AUTOMETRIC__|0.1.2|18484|crew_log_02cedfdbf43f747c|0|1786327306.253|0.000|0.000|119791616|146485248|__DEFAULT__|__AUTOMETRIC__
__AUTOMETRIC__|0.1.2|18484|crew_log_02cedfdbf43f747c|0|1786327307.264|0.000|0.000|119791616|146485248|__DEFAULT__|__AUTOMETRIC__
__AUTOMETRIC__|0.1.2|18484|crew_log_02cedfdbf43f747c|0|1786327308.279|0.000|0.000|119799808|146493440|__DEFAULT__|__AUTOMETRIC__
__AUTOMETRIC__|0.1.2|18484|crew_log_02cedfdbf43f747c|0|1786327309.284|0.000|0.000|119799808|146493440|__DEFAULT__|__AUTOMETRIC__
__AUTOMETRIC__|0.1.2|18484|crew_log_02cedfdbf43f747c|0|1786327310.297|0.000|0.000|119799808|146493440|__DEFAULT__|__AUTOMETRIC__
__AUTOMETRIC__|0.1.2|18484|crew_log_02cedfdbf43f747c|0|1786327311.310|0.000|0.000|119791616|146485248|__DEFAULT__|__AUTOMETRIC__
__AUTOMETRIC__|0.1.2|18484|crew_log_02cedfdbf43f747c|0|1786327312.312|0.000|0.000|119799808|146493440|__DEFAULT__|__AUTOMETRIC__
__AUTOMETRIC__|0.1.2|18484|crew_log_02cedfdbf43f747c|0|1786327313.314|0.000|0.000|119791616|146485248|__DEFAULT__|__AUTOMETRIC__
__AUTOMETRIC__|0.1.2|18484|crew_log_02cedfdbf43f747c|0|1786327314.323|0.000|0.000|119799808|146493440|__DEFAULT__|__AUTOMETRIC__
__AUTOMETRIC__|0.1.2|18484|crew_log_02cedfdbf43f747c|0|1786327315.327|0.000|0.000|119799808|146493440|__DEFAULT__|__AUTOMETRIC__
__AUTOMETRIC__|0.1.2|18484|crew_log_02cedfdbf43f747c|0|1786327316.334|0.000|0.000|119799808|146493440|__DEFAULT__|__AUTOMETRIC__
__AUTOMETRIC__|0.1.2|18484|crew_log_02cedfdbf43f747c|0|1786327317.347|0.000|0.000|119799808|146493440|__DEFAULT__|__AUTOMETRIC__
__AUTOMETRIC__|0.1.2|18484|crew_log_02cedfdbf43f747c|0|1786327318.360|0.000|0.000|119799808|146493440|__DEFAULT__|__AUTOMETRIC__
__AUTOMETRIC__|0.1.2|18484|crew_log_02cedfdbf43f747c|0|1786327319.368|0.000|0.000|119799808|146493440|__DEFAULT__|__AUTOMETRIC__
__AUTOMETRIC__|0.1.2|18484|crew_log_02cedfdbf43f747c|0|1786327320.381|0.000|0.000|119799808|146493440|__DEFAULT__|__AUTOMETRIC__
__AUTOMETRIC__|0.1.2|18484|crew_log_02cedfdbf43f747c|0|1786327321.394|3.087|0.193|119791616|146485248|__DEFAULT__|__AUTOMETRIC__
__AUTOMETRIC__|0.1.2|18484|crew_log_02cedfdbf43f747c|0|1786327322.405|0.000|0.000|119791616|146485248|__DEFAULT__|__AUTOMETRIC__
__AUTOMETRIC__|0.1.2|18484|crew_log_02cedfdbf43f747c|0|1786327323.419|0.000|0.000|119791616|146485248|__DEFAULT__|__AUTOMETRIC__
__AUTOMETRIC__|0.1.2|18484|crew_log_02cedfdbf43f747c|0|1786327324.434|0.000|0.000|119791616|146485248|__DEFAULT__|__AUTOMETRIC__
__AUTOMETRIC__|0.1.2|18484|crew_log_02cedfdbf43f747c|0|1786327325.446|0.000|0.000|119791616|146485248|__DEFAULT__|__AUTOMETRIC__
__AUTOMETRIC__|0.1.2|18484|crew_log_02cedfdbf43f747c|0|1786327326.460|0.000|0.000|119791616|146485248|__DEFAULT__|__AUTOMETRIC__
__AUTOMETRIC__|0.1.2|18484|crew_log_02cedfdbf43f747c|0|1786327327.473|0.000|0.000|119791616|146485248|__DEFAULT__|__AUTOMETRIC__
__AUTOMETRIC__|0.1.2|18484|crew_log_02cedfdbf43f747c|0|1786327328.483|0.000|0.000|119799808|146493440|__DEFAULT__|__AUTOMETRIC__
__AUTOMETRIC__|0.1.2|18484|crew_log_02cedfdbf43f747c|0|1786327329.496|0.000|0.000|119799808|146493440|__DEFAULT__|__AUTOMETRIC__
__AUTOMETRIC__|0.1.2|18484|crew_log_02cedfdbf43f747c|0|1786327330.509|0.000|0.000|119799808|146493440|__DEFAULT__|__AUTOMETRIC__
__AUTOMETRIC__|0.1.2|18484|crew_log_02cedfdbf43f747c|0|1786327331.520|0.000|0.000|119799808|146493440|__DEFAULT__|__AUTOMETRIC__
__AUTOMETRIC__|0.1.2|18484|crew_log_02cedfdbf43f747c|0|1786327332.534|0.000|0.000|119791616|146485248|__DEFAULT__|__AUTOMETRIC__
__AUTOMETRIC__|0.1.2|18484|crew_log_02cedfdbf43f747c|0|1786327333.546|0.000|0.000|119791616|146485248|__DEFAULT__|__AUTOMETRIC__
__AUTOMETRIC__|0.1.2|18484|crew_log_02cedfdbf43f747c|0|1786327334.560|0.000|0.000|119799808|146493440|__DEFAULT__|__AUTOMETRIC__
__AUTOMETRIC__|0.1.2|18484|crew_log_02cedfdbf43f747c|0|1786327335.573|0.000|0.000|119799808|146493440|__DEFAULT__|__AUTOMETRIC__
__AUTOMETRIC__|0.1.2|18484|crew_log_02cedfdbf43f747c|0|1786327336.587|0.000|0.000|119799808|146493440|__DEFAULT__|__AUTOMETRIC__
__AUTOMETRIC__|0.1.2|18484|crew_log_02cedfdbf43f747c|0|1786327337.598|0.000|0.000|119799808|146493440|__DEFAULT__|__AUTOMETRIC__
__AUTOMETRIC__|0.1.2|18484|crew_log_02cedfdbf43f747c|0|1786327338.609|0.000|0.000|119799808|146493440|__DEFAULT__|__AUTOMETRIC__
__AUTOMETRIC__|0.1.2|18484|crew_log_02cedfdbf43f747c|0|1786327339.624|0.000|0.000|119799808|146493440|__DEFAULT__|__AUTOMETRIC__
__AUTOMETRIC__|0.1.2|18484|crew_log_02cedfdbf43f747c|0|1786327340.640|0.000|0.000|119791616|146485248|__DEFAULT__|__AUTOMETRIC__
__AUTOMETRIC__|0.1.2|18484|crew_log_02cedfdbf43f747c|0|1786327341.654|0.000|0.000|119799808|146493440|__DEFAULT__|__AUTOMETRIC__
__AUTOMETRIC__|0.1.2|18484|crew_log_02cedfdbf43f747c|0|1786327342.655|0.000|0.000|119799808|146493440|__DEFAULT__|__AUTOMETRIC__
__AUTOMETRIC__|0.1.2|18484|crew_log_02cedfdbf43f747c|0|1786327343.666|0.000|0.000|119799808|146493440|__DEFAULT__|__AUTOMETRIC__
__AUTOMETRIC__|0.1.2|18484|crew_log_02cedfdbf43f747c|0|1786327344.679|0.000|0.000|119791616|146485248|__DEFAULT__|__AUTOMETRIC__
__AUTOMETRIC__|0.1.2|18484|crew_log_02cedfdbf43f747c|0|1786327345.691|0.000|0.000|119791616|146485248|__DEFAULT__|__AUTOMETRIC__
__AUTOMETRIC__|0.1.2|18484|crew_log_02cedfdbf43f747c|0|1786327346.706|0.000|0.000|119799808|146493440|__DEFAULT__|__AUTOMETRIC__
__AUTOMETRIC__|0.1.2|18484|crew_log_02cedfdbf43f747c|0|1786327347.719|0.000|0.000|119799808|146493440|__DEFAULT__|__AUTOMETRIC__
__AUTOMETRIC__|0.1.2|18484|crew_log_02cedfdbf43f747c|0|1786327348.731|0.000|0.000|119791616|146485248|__DEFAULT__|__AUTOMETRIC__
__AUTOMETRIC__|0.1.2|18484|crew_log_02cedfdbf43f747c|0|1786327349.742|0.000|0.000|119791616|146485248|__DEFAULT__|__AUTOMETRIC__
__AUTOMETRIC__|0.1.2|18484|crew_log_02cedfdbf43f747c|0|1786327350.756|0.000|0.000|119791616|146485248|__DEFAULT__|__AUTOMETRIC__
__AUTOMETRIC__|0.1.2|18484|crew_log_02cedfdbf43f747c|0|1786327351.770|3.084|0.193|119799808|146493440|__DEFAULT__|__AUTOMETRIC__
__AUTOMETRIC__|0.1.2|18484|crew_log_02cedfdbf43f747c|0|1786327352.770|0.000|0.000|119799808|146493440|__DEFAULT__|__AUTOMETRIC__
