__AUTOMETRIC__|0.1.2|2155825|crew_log_34794f910b563a4a|0|1786749777.863|63.993|0.333|206557184|2893942784|sim_data_345e031ce91f1b82|__AUTOMETRIC__
__AUTOMETRIC__|0.1.2|2155825|crew_log_34794f910b563a4a|0|1786749778.866|0.000|0.000|206557184|2893942784|sim_data_345e031ce91f1b82|__AUTOMETRIC__
__AUTOMETRIC__|0.1.2|2155825|crew_log_34794f910b563a4a|0|1786749779.867|0.000|0.000|206557184|2893942784|sim_data_345e031ce91f1b82|__AUTOMETRIC__
__AUTOMETRIC__|0.1.2|2155825|crew_log_34794f910b563a4a|0|1786749780.869|0.998|0.005|206557184|2893942784|sim_data_345e031ce91f1b82|__AUTOMETRIC__
__AUTOMETRIC__|0.1.2|2155825|crew_log_34794f910b563a4a|0|1786749781.870|0.000|0.000|206557184|2893942784|sim_data_345e031ce91f1b82|__AUTOMETRIC__
__AUTOMETRIC__|0.1.2|2155825|crew_log_34794f910b563a4a|0|1786749782.871|0.000|0.000|206557184|2893942784|sim_data_345e031ce91f1b82|__AUTOMETRIC__
__AUTOMETRIC__|0.1.2|2155825|crew_log_34794f910b563a4a|0|1786749783.873|0.000|0.000|206557184|2893942784|sim_data_345e031ce91f1b82|__AUTOMETRIC__
__AUTOMETRIC__|0.1.2|2155825|crew_log_34794f910b563a4a|0|1786749784.875|0.000|0.000|206557184|2893942784|sim_data_345e031ce91f1b82|__AUTOMETRIC__
__AUTOMETRIC__|0.1.2|2155825|crew_log_34794f910b563a4a|0|1786749785.876|0.000|0.000|206557184|2893942784|sim_data_345e031ce91f1b82|__AUTOMETRIC__
__AUTOMETRIC__|0.1.2|2155825|crew_log_34794f910b563a4a|0|1786749786.878|0.000|0.000|206557184|2893942784|sim_data_345e031ce91f1b82|__AUTOMETRIC__
__AUTOMETRIC__|0.1.2|2155825|crew_log_34794f910b563a4a|0|1786749787.879|23.969|0.125|249208832|2935873536|sim_data_345e031ce91f1b82|__AUTOMETRIC__
__AUTOMETRIC__|0.1.2|2155825|crew_log_34794f910b563a4a|0|1786749788.881|93.852|0.489|391032832|3086159872|sim_data_345e031ce91f1b82|__AUTOMETRIC__
__AUTOMETRIC__|0.1.2|2155825|crew_log_34794f910b563a4a|0|1786749789.882|99.882|0.520|595505152|3291582464|sim_data_345e031ce91f1b82|__AUTOMETRIC__
__AUTOMETRIC__|0.1.2|2155825|crew_log_34794f910b563a4a|0|1786749790.883|99.885|0.520|751218688|3447209984|sim_data_345e031ce91f1b82|__AUTOMETRIC__
__AUTOMETRIC__|0.1.2|2155825|crew_log_34794f910b563a4a|0|1786749791.884|98.872|0.515|1017032704|3712458752|sim_data_345e031ce91f1b82|__AUTOMETRIC__
__AUTOMETRIC__|0.1.2|2155825|crew_log_34794f910b563a4a|0|1786749792.886|98.846|0.515|1164881920|3860590592|sim_data_345e031ce91f1b82|__AUTOMETRIC__
__AUTOMETRIC__|0.1.2|2155825|crew_log_34794f910b563a4a|0|1786749793.887|98.864|0.515|1430695936|4127342592|sim_data_345e031ce91f1b82|__AUTOMETRIC__
__AUTOMETRIC__|0.1.2|2155825|crew_log_34794f910b563a4a|0|1786749794.889|98.818|0.515|1754705920|4449849344|sim_data_345e031ce91f1b82|__AUTOMETRIC__
__AUTOMETRIC__|0.1.2|2155825|crew_log_34794f910b563a4a|0|1786749795.891|100.844|0.525|1814474752|4510261248|sim_data_345e031ce91f1b82|__AUTOMETRIC__
__AUTOMETRIC__|0.1.2|2155825|crew_log_34794f910b563a4a|0|1786749796.892|98.856|0.515|2140057600|4836683776|sim_data_345e031ce91f1b82|__AUTOMETRIC__
__AUTOMETRIC__|0.1.2|2155825|crew_log_34794f910b563a4a|0|1786749797.894|99.844|0.520|2262740992|4958171136|sim_data_345e031ce91f1b82|__AUTOMETRIC__
__AUTOMETRIC__|0.1.2|2155825|crew_log_34794f910b563a4a|0|1786749798.895|99.840|0.520|2605625344|5300817920|sim_data_345e031ce91f1b82|__AUTOMETRIC__
__AUTOMETRIC__|0.1.2|2155825|crew_log_34794f910b563a4a|0|1786749799.896|99.871|0.520|2605625344|5300817920|sim_data_345e031ce91f1b82|__AUTOMETRIC__
__AUTOMETRIC__|0.1.2|2155825|crew_log_34794f910b563a4a|0|1786749800.898|99.865|0.520|3162419200|5858004992|sim_data_345e031ce91f1b82|__AUTOMETRIC__
__AUTOMETRIC__|0.1.2|2155825|crew_log_34794f910b563a4a|0|1786749801.899|98.878|0.515|3162419200|5858004992|sim_data_345e031ce91f1b82|__AUTOMETRIC__
__AUTOMETRIC__|0.1.2|2155825|crew_log_34794f910b563a4a|0|1786749802.901|99.820|0.520|3332288512|6028558336|sim_data_345e031ce91f1b82|__AUTOMETRIC__
__AUTOMETRIC__|0.1.2|2155825|crew_log_34794f910b563a4a|0|1786749803.902|98.885|0.515|3830886400|6526668800|sim_data_345e031ce91f1b82|__AUTOMETRIC__
__AUTOMETRIC__|0.1.2|2155825|crew_log_34794f910b563a4a|0|1786749804.904|99.843|0.520|3830886400|6526668800|sim_data_345e031ce91f1b82|__AUTOMETRIC__
__AUTOMETRIC__|0.1.2|2155825|crew_log_34794f910b563a4a|0|1786749805.905|99.880|0.520|3830886400|6526668800|sim_data_345e031ce91f1b82|__AUTOMETRIC__
__AUTOMETRIC__|0.1.2|2155825|crew_log_34794f910b563a4a|0|1786749806.906|100.888|0.525|4516655104|7212662784|sim_data_345e031ce91f1b82|__AUTOMETRIC__
__AUTOMETRIC__|0.1.2|2155825|crew_log_34794f910b563a4a|0|1786749807.907|97.887|0.510|4633047040|7328792576|sim_data_345e031ce91f1b82|__AUTOMETRIC__
__AUTOMETRIC__|0.1.2|2155825|crew_log_34794f910b563a4a|0|1786749808.908|99.864|0.520|4633047040|7328792576|sim_data_345e031ce91f1b82|__AUTOMETRIC__
__AUTOMETRIC__|0.1.2|2155825|crew_log_34794f910b563a4a|0|1786749809.910|99.876|0.520|4751011840|7446573056|sim_data_345e031ce91f1b82|__AUTOMETRIC__
__AUTOMETRIC__|0.1.2|2155825|crew_log_34794f910b563a4a|0|1786749810.911|99.875|0.520|5441499136|8137736192|sim_data_345e031ce91f1b82|__AUTOMETRIC__
__AUTOMETRIC__|0.1.2|2155825|crew_log_34794f910b563a4a|0|1786749811.912|99.875|0.520|5595639808|8291467264|sim_data_345e031ce91f1b82|__AUTOMETRIC__
__AUTOMETRIC__|0.1.2|2155825|crew_log_34794f910b563a4a|0|1786749812.914|99.842|0.520|5595639808|8291467264|sim_data_345e031ce91f1b82|__AUTOMETRIC__
__AUTOMETRIC__|0.1.2|2155825|crew_log_34794f910b563a4a|0|1786749813.915|99.877|0.520|5595639808|8291467264|sim_data_345e031ce91f1b82|__AUTOMETRIC__
__AUTOMETRIC__|0.1.2|2155825|crew_log_34794f910b563a4a|0|1786749814.917|99.829|0.520|6198046720|8894103552|sim_data_345e031ce91f1b82|__AUTOMETRIC__
__AUTOMETRIC__|0.1.2|2155825|crew_log_34794f910b563a4a|0|1786749815.918|98.866|0.515|6750121984|9446666240|sim_data_345e031ce91f1b82|__AUTOMETRIC__
__AUTOMETRIC__|0.1.2|2155825|crew_log_34794f910b563a4a|0|1786749816.919|99.875|0.520|6750121984|9446666240|sim_data_345e031ce91f1b82|__AUTOMETRIC__
__AUTOMETRIC__|0.1.2|2155825|crew_log_34794f910b563a4a|0|1786749817.920|99.885|0.520|6750121984|9446666240|sim_data_345e031ce91f1b82|__AUTOMETRIC__
__AUTOMETRIC__|0.1.2|2155825|crew_log_34794f910b563a4a|0|1786749818.922|99.825|0.520|6750121984|9446666240|sim_data_345e031ce91f1b82|__AUTOMETRIC__
__AUTOMETRIC__|0.1.2|2155825|crew_log_34794f910b563a4a|0|1786749819.924|98.794|0.515|7047393280|9743884288|sim_data_345e031ce91f1b82|__AUTOMETRIC__
__AUTOMETRIC__|0.1.2|2155825|crew_log_34794f910b563a4a|0|1786749820.927|99.767|0.520|7744172032|10440257536|sim_data_345e031ce91f1b82|__AUTOMETRIC__
__AUTOMETRIC__|0.1.2|2155825|crew_log_34794f910b563a4a|0|1786749821.928|98.881|0.515|8137388032|10833014784|sim_data_345e031ce91f1b82|__AUTOMETRIC__
__AUTOMETRIC__|0.1.2|2155825|crew_log_34794f910b563a4a|0|1786749822.930|99.810|0.520|8137388032|10833014784|sim_data_345e031ce91f1b82|__AUTOMETRIC__
__AUTOMETRIC__|0.1.2|2155825|crew_log_34794f910b563a4a|0|1786749823.932|99.784|0.520|8137388032|10833014784|sim_data_345e031ce91f1b82|__AUTOMETRIC__
__AUTOMETRIC__|0.1.2|2155825|crew_log_34794f910b563a4a|0|1786749824.933|99.852|0.520|8137388032|10833014784|sim_data_345e031ce91f1b82|__AUTOMETRIC__
__AUTOMETRIC__|0.1.2|2155825|crew_log_34794f910b563a4a|0|1786749825.934|99.886|0.520|8137388032|10833014784|sim_data_345e031ce91f1b82|__AUTOMETRIC__
__AUTOMETRIC__|0.1.2|2155825|crew_log_34794f910b563a4a|0|1786749826.936|98.897|0.515|8719347712|11414720512|sim_data_345e031ce91f1b82|__AUTOMETRIC__
__AUTOMETRIC__|0.1.2|2155825|crew_log_34794f910b563a4a|0|1786749827.937|99.895|0.520|9405116416|12101001216|sim_data_345e031ce91f1b82|__AUTOMETRIC__
__AUTOMETRIC__|0.1.2|2155825|crew_log_34794f910b563a4a|0|1786749828.941|99.597|0.519|9801478144|12496674816|sim_data_345e031ce91f1b82|__AUTOMETRIC__
__AUTOMETRIC__|0.1.2|2155825|crew_log_34794f910b563a4a|0|1786749829.942|99.904|0.520|9801478144|12496674816|sim_data_345e031ce91f1b82|__AUTOMETRIC__
__AUTOMETRIC__|0.1.2|2155825|crew_log_34794f910b563a4a|0|1786749830.943|99.883|0.520|9801478144|12496674816|sim_data_345e031ce91f1b82|__AUTOMETRIC__
__AUTOMETRIC__|0.1.2|2155825|crew_log_34794f910b563a4a|0|1786749831.944|98.858|0.515|9801478144|12496674816|sim_data_345e031ce91f1b82|__AUTOMETRIC__
__AUTOMETRIC__|0.1.2|2155825|crew_log_34794f910b563a4a|0|1786749832.946|99.827|0.520|9801478144|12496674816|sim_data_345e031ce91f1b82|__AUTOMETRIC__
__AUTOMETRIC__|0.1.2|2155825|crew_log_34794f910b563a4a|0|1786749833.947|99.876|0.520|9891131392|12586328064|sim_data_345e031ce91f1b82|__AUTOMETRIC__
__AUTOMETRIC__|0.1.2|2155825|crew_log_34794f910b563a4a|0|1786749834.949|99.843|0.520|10578472960|13273690112|sim_data_345e031ce91f1b82|__AUTOMETRIC__
__AUTOMETRIC__|0.1.2|2155825|crew_log_34794f910b563a4a|0|1786749835.950|99.878|0.520|11265814528|13962280960|sim_data_345e031ce91f1b82|__AUTOMETRIC__
__AUTOMETRIC__|0.1.2|2155825|crew_log_34794f910b563a4a|0|1786749836.951|98.872|0.515|11797442560|14492893184|sim_data_345e031ce91f1b82|__AUTOMETRIC__
__AUTOMETRIC__|0.1.2|2155825|crew_log_34794f910b563a4a|0|1786749837.952|99.877|0.520|11797442560|14493028352|sim_data_345e031ce91f1b82|__AUTOMETRIC__
__AUTOMETRIC__|0.1.2|2155825|crew_log_34794f910b563a4a|0|1786749838.954|99.865|0.520|11797442560|14493028352|sim_data_345e031ce91f1b82|__AUTOMETRIC__
__AUTOMETRIC__|0.1.2|2155825|crew_log_34794f910b563a4a|0|1786749839.955|98.893|0.515|11797442560|14493028352|sim_data_345e031ce91f1b82|__AUTOMETRIC__
__AUTOMETRIC__|0.1.2|2155825|crew_log_34794f910b563a4a|0|1786749840.957|99.840|0.520|11797442560|14493028352|sim_data_345e031ce91f1b82|__AUTOMETRIC__
__AUTOMETRIC__|0.1.2|2155825|crew_log_34794f910b563a4a|0|1786749841.958|99.893|0.520|11797442560|14493028352|sim_data_345e031ce91f1b82|__AUTOMETRIC__
__AUTOMETRIC__|0.1.2|2155825|crew_log_34794f910b563a4a|0|1786749842.959|99.837|0.520|11797442560|14493028352|sim_data_345e031ce91f1b82|__AUTOMETRIC__
__AUTOMETRIC__|0.1.2|2155825|crew_log_34794f910b563a4a|0|1786749843.961|99.865|0.520|12393558016|15089233920|sim_data_345e031ce91f1b82|__AUTOMETRIC__
__AUTOMETRIC__|0.1.2|2155825|crew_log_34794f910b563a4a|0|1786749844.962|99.855|0.520|13098201088|15793999872|sim_data_345e031ce91f1b82|__AUTOMETRIC__
__AUTOMETRIC__|0.1.2|2155825|crew_log_34794f910b563a4a|0|1786749845.964|98.825|0.515|13785542656|16481140736|sim_data_345e031ce91f1b82|__AUTOMETRIC__
__AUTOMETRIC__|0.1.2|2155825|crew_log_34794f910b563a4a|0|1786749846.965|99.883|0.520|14192914432|16888745984|sim_data_345e031ce91f1b82|__AUTOMETRIC__
__AUTOMETRIC__|0.1.2|2155825|crew_log_34794f910b563a4a|0|1786749847.966|98.873|0.515|14192914432|16888745984|sim_data_345e031ce91f1b82|__AUTOMETRIC__
__AUTOMETRIC__|0.1.2|2155825|crew_log_34794f910b563a4a|0|1786749848.968|99.865|0.520|14192914432|16888745984|sim_data_345e031ce91f1b82|__AUTOMETRIC__
__AUTOMETRIC__|0.1.2|2155825|crew_log_34794f910b563a4a|0|1786749849.969|100.874|0.525|14192914432|16888745984|sim_data_345e031ce91f1b82|__AUTOMETRIC__
__AUTOMETRIC__|0.1.2|2155825|crew_log_34794f910b563a4a|0|1786749850.970|99.881|0.520|14192914432|16888745984|sim_data_345e031ce91f1b82|__AUTOMETRIC__
__AUTOMETRIC__|0.1.2|2155825|crew_log_34794f910b563a4a|0|1786749851.971|98.891|0.515|14192914432|16888745984|sim_data_345e031ce91f1b82|__AUTOMETRIC__
__AUTOMETRIC__|0.1.2|2155825|crew_log_34794f910b563a4a|0|1786749852.973|99.860|0.520|14192914432|16888745984|sim_data_345e031ce91f1b82|__AUTOMETRIC__
__AUTOMETRIC__|0.1.2|2155825|crew_log_34794f910b563a4a|0|1786749853.974|99.901|0.520|14192914432|16888745984|sim_data_345e031ce91f1b82|__AUTOMETRIC__
__AUTOMETRIC__|0.1.2|2155825|crew_log_34794f910b563a4a|0|1786749854.975|98.856|0.515|14649044992|17344405504|sim_data_345e031ce91f1b82|__AUTOMETRIC__
__AUTOMETRIC__|0.1.2|2155825|crew_log_34794f910b563a4a|0|1786749855.976|99.876|0.520|15325376512|18021031936|sim_data_345e031ce91f1b82|__AUTOMETRIC__
__AUTOMETRIC__|0.1.2|2155825|crew_log_34794f910b563a4a|0|1786749856.977|98.881|0.515|16006426624|18702422016|sim_data_345e031ce91f1b82|__AUTOMETRIC__
__AUTOMETRIC__|0.1.2|2155825|crew_log_34794f910b563a4a|0|1786749857.979|99.879|0.520|16715788288|19411324928|sim_data_345e031ce91f1b82|__AUTOMETRIC__
__AUTOMETRIC__|0.1.2|2155825|crew_log_34794f910b563a4a|0|1786749858.980|99.872|0.520|17068109824|19763630080|sim_data_345e031ce91f1b82|__AUTOMETRIC__
__AUTOMETRIC__|0.1.2|2155825|crew_log_34794f910b563a4a|0|1786749859.981|99.861|0.520|17068109824|19763630080|sim_data_345e031ce91f1b82|__AUTOMETRIC__
__AUTOMETRIC__|0.1.2|2155825|crew_log_34794f910b563a4a|0|1786749860.982|99.889|0.520|17068109824|19763630080|sim_data_345e031ce91f1b82|__AUTOMETRIC__
__AUTOMETRIC__|0.1.2|2155825|crew_log_34794f910b563a4a|0|1786749861.984|99.876|0.520|17068109824|19763630080|sim_data_345e031ce91f1b82|__AUTOMETRIC__
__AUTOMETRIC__|0.1.2|2155825|crew_log_34794f910b563a4a|0|1786749862.985|98.846|0.515|17068109824|19763630080|sim_data_345e031ce91f1b82|__AUTOMETRIC__
__AUTOMETRIC__|0.1.2|2155825|crew_log_34794f910b563a4a|0|1786749863.987|99.790|0.520|17068109824|19763630080|sim_data_345e031ce91f1b82|__AUTOMETRIC__
__AUTOMETRIC__|0.1.2|2155825|crew_log_34794f910b563a4a|0|1786749864.989|99.842|0.520|17068109824|19763630080|sim_data_345e031ce91f1b82|__AUTOMETRIC__
__AUTOMETRIC__|0.1.2|2155825|crew_log_34794f910b563a4a|0|1786749865.990|99.886|0.520|17068109824|19763630080|sim_data_345e031ce91f1b82|__AUTOMETRIC__
__AUTOMETRIC__|0.1.2|2155825|crew_log_34794f910b563a4a|0|1786749866.991|98.874|0.515|17068109824|19763630080|sim_data_345e031ce91f1b82|__AUTOMETRIC__
__AUTOMETRIC__|0.1.2|2155825|crew_log_34794f910b563a4a|0|1786749867.993|98.881|0.515|17612320768|20308058112|sim_data_345e031ce91f1b82|__AUTOMETRIC__
__AUTOMETRIC__|0.1.2|2155825|crew_log_34794f910b563a4a|0|1786749868.994|99.869|0.520|18282360832|20979077120|sim_data_345e031ce91f1b82|__AUTOMETRIC__
__AUTOMETRIC__|0.1.2|2155825|crew_log_34794f910b563a4a|0|1786749869.995|99.880|0.520|18964983808|21661143040|sim_data_345e031ce91f1b82|__AUTOMETRIC__
__AUTOMETRIC__|0.1.2|2155825|crew_log_34794f910b563a4a|0|1786749870.996|99.893|0.520|19636596736|22331994112|sim_data_345e031ce91f1b82|__AUTOMETRIC__
__AUTOMETRIC__|0.1.2|2155825|crew_log_34794f910b563a4a|0|1786749871.999|98.718|0.514|20331802624|23027965952|sim_data_345e031ce91f1b82|__AUTOMETRIC__
__AUTOMETRIC__|0.1.2|2155825|crew_log_34794f910b563a4a|0|1786749873.000|99.858|0.520|20517400576|23213334528|sim_data_345e031ce91f1b82|__AUTOMETRIC__
__AUTOMETRIC__|0.1.2|2155825|crew_log_34794f910b563a4a|0|1786749874.002|99.890|0.520|20517400576|23213334528|sim_data_345e031ce91f1b82|__AUTOMETRIC__
__AUTOMETRIC__|0.1.2|2155825|crew_log_34794f910b563a4a|0|1786749875.003|98.871|0.515|20517400576|23280443392|sim_data_345e031ce91f1b82|__AUTOMETRIC__
