__AUTOMETRIC__|0.1.2|21704|crew_log_c6d70b8c063c3610|0|1786318602.575|100.181|6.261|171831296|197300224|gen_data_c1c0841eb5d178ed|__AUTOMETRIC__
__AUTOMETRIC__|0.1.2|21704|crew_log_c6d70b8c063c3610|0|1786318603.585|99.017|6.189|270843904|295985152|gen_data_c1c0841eb5d178ed|__AUTOMETRIC__
__AUTOMETRIC__|0.1.2|21704|crew_log_c6d70b8c063c3610|0|1786318604.588|101.246|6.328|403537920|435253248|gen_data_c1c0841eb5d178ed|__AUTOMETRIC__
__AUTOMETRIC__|0.1.2|21704|crew_log_c6d70b8c063c3610|0|1786318605.598|99.025|6.189|404910080|438161408|gen_data_c1c0841eb5d178ed|__AUTOMETRIC__
__AUTOMETRIC__|0.1.2|21704|crew_log_c6d70b8c063c3610|0|1786318606.601|101.265|6.329|397180928|430206976|gen_data_c1c0841eb5d178ed|__AUTOMETRIC__
__AUTOMETRIC__|0.1.2|21704|crew_log_c6d70b8c063c3610|0|1786318607.616|100.046|6.253|397078528|430059520|gen_data_c1c0841eb5d178ed|__AUTOMETRIC__
__AUTOMETRIC__|0.1.2|21704|crew_log_c6d70b8c063c3610|0|1786318608.618|99.834|6.240|396804096|429768704|gen_data_c1c0841eb5d178ed|__AUTOMETRIC__
__AUTOMETRIC__|0.1.2|21704|crew_log_c6d70b8c063c3610|0|1786318609.621|99.709|6.232|396853248|429817856|gen_data_c1c0841eb5d178ed|__AUTOMETRIC__
__AUTOMETRIC__|0.1.2|21704|crew_log_c6d70b8c063c3610|0|1786318610.636|100.066|6.254|396832768|429797376|gen_data_c1c0841eb5d178ed|__AUTOMETRIC__
__AUTOMETRIC__|0.1.2|21704|crew_log_c6d70b8c063c3610|0|1786318611.649|100.180|6.261|396931072|429887488|gen_data_c1c0841eb5d178ed|__AUTOMETRIC__
__AUTOMETRIC__|0.1.2|21704|crew_log_c6d70b8c063c3610|0|1786318612.660|97.444|6.090|396337152|429293568|gen_data_c1c0841eb5d178ed|__AUTOMETRIC__
__AUTOMETRIC__|0.1.2|21704|crew_log_c6d70b8c063c3610|0|1786318613.667|99.267|6.204|396386304|429314048|gen_data_c1c0841eb5d178ed|__AUTOMETRIC__
__AUTOMETRIC__|0.1.2|21704|crew_log_c6d70b8c063c3610|0|1786318614.670|99.686|6.230|396398592|429326336|gen_data_c1c0841eb5d178ed|__AUTOMETRIC__
__AUTOMETRIC__|0.1.2|21704|crew_log_c6d70b8c063c3610|0|1786318615.685|97.009|6.063|396369920|429297664|gen_data_c1c0841eb5d178ed|__AUTOMETRIC__
__AUTOMETRIC__|0.1.2|21704|crew_log_c6d70b8c063c3610|0|1786318616.694|99.119|6.195|396398592|429326336|gen_data_c1c0841eb5d178ed|__AUTOMETRIC__
__AUTOMETRIC__|0.1.2|21704|crew_log_c6d70b8c063c3610|0|1786318617.708|101.680|6.355|396402688|429330432|gen_data_c1c0841eb5d178ed|__AUTOMETRIC__
__AUTOMETRIC__|0.1.2|21704|crew_log_c6d70b8c063c3610|0|1786318618.712|99.590|6.224|396595200|429522944|gen_data_c1c0841eb5d178ed|__AUTOMETRIC__
__AUTOMETRIC__|0.1.2|21704|crew_log_c6d70b8c063c3610|0|1786318619.725|98.742|6.171|396169216|429101056|gen_data_c1c0841eb5d178ed|__AUTOMETRIC__
__AUTOMETRIC__|0.1.2|21704|crew_log_c6d70b8c063c3610|0|1786318620.726|101.441|6.340|396169216|429101056|gen_data_c1c0841eb5d178ed|__AUTOMETRIC__
__AUTOMETRIC__|0.1.2|21704|crew_log_c6d70b8c063c3610|0|1786318621.733|99.345|6.209|396099584|429031424|gen_data_c1c0841eb5d178ed|__AUTOMETRIC__
__AUTOMETRIC__|0.1.2|21704|crew_log_c6d70b8c063c3610|0|1786318622.746|98.628|6.164|396169216|429101056|gen_data_c1c0841eb5d178ed|__AUTOMETRIC__
__AUTOMETRIC__|0.1.2|21704|crew_log_c6d70b8c063c3610|0|1786318623.749|99.764|6.235|396300288|429289472|gen_data_c1c0841eb5d178ed|__AUTOMETRIC__
__AUTOMETRIC__|0.1.2|21704|crew_log_c6d70b8c063c3610|0|1786318624.762|100.220|6.264|396312576|429289472|gen_data_c1c0841eb5d178ed|__AUTOMETRIC__
__AUTOMETRIC__|0.1.2|21704|crew_log_c6d70b8c063c3610|0|1786318625.770|99.240|6.202|396312576|429277184|gen_data_c1c0841eb5d178ed|__AUTOMETRIC__
__AUTOMETRIC__|0.1.2|21704|crew_log_c6d70b8c063c3610|0|1786318626.780|99.004|6.188|396312576|429277184|gen_data_c1c0841eb5d178ed|__AUTOMETRIC__
__AUTOMETRIC__|0.1.2|21704|crew_log_c6d70b8c063c3610|0|1786318627.788|97.650|6.103|396328960|429293568|gen_data_c1c0841eb5d178ed|__AUTOMETRIC__
__AUTOMETRIC__|0.1.2|21704|crew_log_c6d70b8c063c3610|0|1786318628.801|100.235|6.265|396328960|429293568|gen_data_c1c0841eb5d178ed|__AUTOMETRIC__
__AUTOMETRIC__|0.1.2|21704|crew_log_c6d70b8c063c3610|0|1786318629.811|100.534|6.283|396316672|429281280|gen_data_c1c0841eb5d178ed|__AUTOMETRIC__
__AUTOMETRIC__|0.1.2|21704|crew_log_c6d70b8c063c3610|0|1786318630.819|100.771|6.298|396337152|429293568|gen_data_c1c0841eb5d178ed|__AUTOMETRIC__
__AUTOMETRIC__|0.1.2|21704|crew_log_c6d70b8c063c3610|0|1786318631.821|98.236|6.140|396349440|429293568|gen_data_c1c0841eb5d178ed|__AUTOMETRIC__
__AUTOMETRIC__|0.1.2|21704|crew_log_c6d70b8c063c3610|0|1786318632.825|98.082|6.130|396369920|429301760|gen_data_c1c0841eb5d178ed|__AUTOMETRIC__
__AUTOMETRIC__|0.1.2|21704|crew_log_c6d70b8c063c3610|0|1786318633.832|99.270|6.204|396402688|429346816|gen_data_c1c0841eb5d178ed|__AUTOMETRIC__
__AUTOMETRIC__|0.1.2|21704|crew_log_c6d70b8c063c3610|0|1786318634.835|102.865|6.429|396103680|429068288|gen_data_c1c0841eb5d178ed|__AUTOMETRIC__
__AUTOMETRIC__|0.1.2|21704|crew_log_c6d70b8c063c3610|0|1786318635.839|99.570|6.223|396103680|429068288|gen_data_c1c0841eb5d178ed|__AUTOMETRIC__
